[console-log] mirroring output to /home/pi-v3/YOR-v3-try/artifacts/wholebody_logs/yor_20260824_133819.log
[yor] posture-fix: stiffen_joint7=True (scale=3x), refresh_target=True, redundancy_resolution=dls_projector (dls_damping=0.05)
[yor] null-space: swivel_weight=1 (gain=1, target=latched-from-pose), continuity_weight=0, manipulability=False
[YOR] base: drive command scale 2.0 (from base_pid_stock.json)
[PicoLift] Opening serial /dev/serial/by-id/usb-FTDI_FT232R_USB_UART_BG02XPI5-if00-port0 @ 115200...
[PicoLift] Serial open OK
[YOR] base PID: syncing swerve gains
[YOR] base PID: /home/pi-v3/YOR-v3-try/config/base_pid_stock.json, PID slot 0
[YOR] base PID:   already-set FL drive (CAN 1): p=0.20000000298023224, i=0.0, d=0.10000000149011612, velocity_ff=0.0, output_min=-1.0, output_max=1.0
[LIFT] tors: 29.276 V
[YOR] base PID:   already-set RL drive (CAN 2): p=0.20000000298023224, i=0.0, d=0.10000000149011612, velocity_ff=0.0, output_min=-1.0, output_max=1.0
[YOR] base PID:   already-set RR drive (CAN 3): p=0.20000000298023224, i=0.0, d=0.10000000149011612, velocity_ff=0.0, output_min=-1.0, output_max=1.0
[YOR] base PID:   already-set FR drive (CAN 4): p=0.20000000298023224, i=0.0, d=0.10000000149011612, velocity_ff=0.0, output_min=-1.0, output_max=1.0
[YOR] base PID:   already-set FL steering (CAN 5): p=2.0, i=0.0, d=0.009999999776482582, velocity_ff=0.0, output_min=-1.0, output_max=1.0
[YOR] base PID:   already-set RL steering (CAN 6): p=2.0, i=0.0, d=0.009999999776482582, velocity_ff=0.0, output_min=-1.0, output_max=1.0
[YOR] base PID:   already-set RR steering (CAN 7): p=2.0, i=0.0, d=0.009999999776482582, velocity_ff=0.0, output_min=-1.0, output_max=1.0
[YOR] base PID:   already-set FR steering (CAN 8): p=2.0, i=0.0, d=0.009999999776482582, velocity_ff=0.0, output_min=-1.0, output_max=1.0
[YOR] base PID: 8 controller(s) already commissioned, 0 written, 0 problem(s)
[YOR] base PID: 0.1s
[YOR] base config: idle_mode=0 ctrl_type=MIXED [('FL drive', 1), ('FL steering', 3), ('FR drive', 1), ('FR steering', 3), ('RL drive', 1), ('RL steering', 3), ('RR drive', 1), ('RR steering', 3)]
[YOR] base config: velocity_cf=MIXED [('FL drive', 0.000846326001919806), ('FL steering', 1.0), ('FR drive', 0.000846326001919806), ('FR steering', 1.0), ('RL drive', 0.000846326001919806), ('RL steering', 1.0), ('RR drive', 0.000846326001919806), ('RR steering', 1.0)] position_cf=1.0 (drive_command_scale=2.0)
[YOR] base: locked at zero velocity for startup homing
[YOR] lift: waiting for controller to be ready...
[LIFT] Lift controller ready.
[PicoLift] controller reset — height invalidated, needs home
[LIFT] Capabilities: lift_velocity_v1
[PicoLift] firmware capabilities: lift_velocity_v1
[LIFT] Python commands: up, down, stop, home, vel <signed mm/s>
[LIFT] Optional commands: up 200, down 200, status, power on, power off
[LIFT] Height: unknown (run home)
[LIFT] V_Compute: 29.331 V
[LIFT] V_Motors: 29.267 V
[YOR] lift: homing at startup; waiting up to 30s
[PicoLift] sent 'home'
[PicoLift] sent 'status'
[PicoLift] sent 'status'
[LIFT] Homing UP...
[LIFT] V_Compute: 29.339 V
[LIFT] V_Motors: 29.249 V
[LIFT] Height: unknown (run home)
[LIFT] Upper limit: clear
[LIFT] Lower limit: clear
[LIFT] Motion: UP
[LIFT] Velocity: 0.00 mm/s
[LIFT] Capabilities: lift_velocity_v1
[PicoLift] firmware capabilities: lift_velocity_v1
[LIFT] Height: unknown (run home)
[LIFT] Upper limit: clear
[LIFT] Lower limit: clear
[LIFT] Motion: UP
[LIFT] Velocity: 0.00 mm/s
[LIFT] Capabilities: lift_velocity_v1
[PicoLift] firmware capabilities: lift_velocity_v1
[LIFT] Height: unknown (run home)
[LIFT] Height: unknown (run home)
[LIFT] Height: unknown (run home)
[LIFT] Height: unknown (run home)
[LIFT] Height: unknown (run home)
[LIFT] Height: unknown (run home)
[LIFT] Height: unknown (run home)
[LIFT] Height: unknown (run home)
[LIFT] Height: unknown (run home)
[LIFT] Height: unknown (run home)
[LIFT] Height: unknown (run home)
[LIFT] Height: unknown (run home)
[LIFT] Height: unknown (run home)
[LIFT] Height: unknown (run home)
[LIFT] Height: unknown (run home)
[LIFT] Height: unknown (run home)
[LIFT] Height: unknown (run home)
[PicoLift] sent 'status'
[LIFT] Height: unknown (run home)
[LIFT] Upper limit: clear
[LIFT] Lower limit: clear
[LIFT] Motion: UP
[LIFT] Velocity: 0.00 mm/s
[LIFT] Capabilities: lift_velocity_v1
[PicoLift] firmware capabilities: lift_velocity_v1
[LIFT] Height: unknown (run home)
[LIFT] V_Compute: 29.324 V
[LIFT] V_Motors: 29.277 V
[LIFT] Height: unknown (run home)
[LIFT] Height: unknown (run home)
[LIFT] Height: unknown (run home)
[LIFT] Height: unknown (run home)
[LIFT] Height: unknown (run home)
[LIFT] Height: unknown (run home)
[LIFT] Height: unknown (run home)
[LIFT] Height: unknown (run home)
[LIFT] Height: unknown (run home)
[LIFT] Height: unknown (run home)
[LIFT] Height: unknown (run home)
[LIFT] Height: unknown (run home)
[LIFT] Height: unknown (run home)
[LIFT] Height: unknown (run home)
[LIFT] Height: unknown (run home)
[LIFT] Height: unknown (run home)
[LIFT] Height: unknown (run home)
[LIFT] Height: unknown (run home)
[PicoLift] sent 'status'
[LIFT] Upper limit: clear
[LIFT] Lower limit: clear
[LIFT] Motion: UP
[LIFT] Velocity: 0.00 mm/s
[LIFT] Capabilities: lift_velocity_v1
[PicoLift] firmware capabilities: lift_velocity_v1
[LIFT] Height: unknown (run home)
[LIFT] V_Compute: 29.337 V
[LIFT] V_Motors: 29.239 V
[LIFT] Height: unknown (run home)
[LIFT] Height: unknown (run home)
[LIFT] Height: unknown (run home)
[LIFT] Height: unknown (run home)
[LIFT] Height: unknown (run home)
[LIFT] Height: unknown (run home)
[LIFT] Height: unknown (run home)
[LIFT] Height: unknown (run home)
[LIFT] Height: unknown (run home)
[LIFT] Height: unknown (run home)
[LIFT] Height: unknown (run home)
[LIFT] Height: unknown (run home)
[LIFT] Height: unknown (run home)
[LIFT] Height: unknown (run home)
[LIFT] Height: unknown (run home)
[LIFT] Height: unknown (run home)
[LIFT] Height: unknown (run home)
[LIFT] Height: unknown (run home)
[PicoLift] sent 'status'
[LIFT] Upper limit: clear
[LIFT] Lower limit: clear
[LIFT] Motion: UP
[LIFT] Velocity: 0.00 mm/s
[LIFT] Capabilities: lift_velocity_v1
[PicoLift] firmware capabilities: lift_velocity_v1
[LIFT] Height: unknown (run home)
[LIFT] V_Compute: 29.324 V
[LIFT] V_Motors: 29.269 V
[LIFT] Height: unknown (run home)
[LIFT] Height: unknown (run home)
[LIFT] Height: unknown (run home)
[LIFT] Height: unknown (run home)
[LIFT] Height: unknown (run home)
[LIFT] Height: unknown (run home)
[LIFT] Height: unknown (run home)
[LIFT] Height: unknown (run home)
[LIFT] Height: unknown (run home)
[LIFT] Height: unknown (run home)
[LIFT] Height: unknown (run home)
[LIFT] Height: unknown (run home)
[LIFT] Height: unknown (run home)
[LIFT] Height: unknown (run home)
[LIFT] Height: unknown (run home)
[LIFT] Height: unknown (run home)
[LIFT] Height: unknown (run home)
[LIFT] Height: unknown (run home)
[PicoLift] sent 'status'
[LIFT] Upper limit: clear
[LIFT] Lower limit: clear
[LIFT] Motion: UP
[LIFT] Velocity: 0.00 mm/s
[LIFT] Capabilities: lift_velocity_v1
[PicoLift] firmware capabilities: lift_velocity_v1
[LIFT] Height: unknown (run home)
[LIFT] V_Compute: 29.343 V
[LIFT] V_Motors: 29.244 V
[LIFT] Height: unknown (run home)
[LIFT] Height: unknown (run home)
[LIFT] Height: unknown (run home)
[LIFT] Height: unknown (run home)
[LIFT] Height: unknown (run home)
[LIFT] Height: unknown (run home)
[LIFT] Height: unknown (run home)
[LIFT] Height: unknown (run home)
[LIFT] Height: unknown (run home)
[LIFT] Height: unknown (run home)
[LIFT] Height: unknown (run home)
[LIFT] Height: unknown (run home)
[LIFT] Height: unknown (run home)
[LIFT] Height: unknown (run home)
[LIFT] Height: unknown (run home)
[LIFT] Height: unknown (run home)
[LIFT] Height: unknown (run home)
[LIFT] Height: unknown (run home)
[PicoLift] sent 'status'
[LIFT] Upper limit: clear
[LIFT] Lower limit: clear
[LIFT] Motion: UP
[LIFT] Velocity: 0.00 mm/s
[LIFT] Capabilities: lift_velocity_v1
[PicoLift] firmware capabilities: lift_velocity_v1
[LIFT] Height: unknown (run home)
[LIFT] V_Compute: 29.344 V
[LIFT] V_Motors: 29.267 V
[LIFT] Height: unknown (run home)
[LIFT] Height: unknown (run home)
[LIFT] Height: unknown (run home)
[LIFT] Height: unknown (run home)
[LIFT] Height: unknown (run home)
[LIFT] Height: unknown (run home)
[LIFT] Height: unknown (run home)
[LIFT] Height: unknown (run home)
[LIFT] Height: unknown (run home)
[LIFT] Height: unknown (run home)
[LIFT] Height: unknown (run home)
[LIFT] Height: unknown (run home)
[LIFT] Height: unknown (run home)
[LIFT] Height: unknown (run home)
[LIFT] Height: unknown (run home)
[LIFT] Height: unknown (run home)
[LIFT] Height: unknown (run home)
[LIFT] Height: unknown (run home)
[PicoLift] sent 'status'
[LIFT] Upper limit: clear
[LIFT] Lower limit: clear
[LIFT] Motion: UP
[LIFT] Velocity: 0.00 mm/s
[LIFT] Capabilities: lift_velocity_v1
[PicoLift] firmware capabilities: lift_velocity_v1
[LIFT] Height: unknown (run home)
[LIFT] V_Compute: 29.341 V
[LIFT] V_Motors: 29.249 V
[LIFT] Height: unknown (run home)
[LIFT] Height: unknown (run home)
[LIFT] Height: unknown (run home)
[LIFT] Height: unknown (run home)
[LIFT] Height: unknown (run home)
[LIFT] Height: unknown (run home)
[LIFT] Height: unknown (run home)
[LIFT] Height: unknown (run home)
[LIFT] Height: unknown (run home)
[LIFT] Height: unknown (run home)
[LIFT] Height: unknown (run home)
[LIFT] Height: unknown (run home)
[LIFT] Height: unknown (run home)
[LIFT] Height: unknown (run home)
[LIFT] Height: unknown (run home)
[LIFT] Height: unknown (run home)
[LIFT] Height: unknown (run home)
[LIFT] Height: unknown (run home)
[PicoLift] sent 'status'
[LIFT] Upper limit: clear
[LIFT] Lower limit: clear
[LIFT] Motion: UP
[LIFT] Velocity: 0.00 mm/s
[LIFT] Capabilities: lift_velocity_v1
[PicoLift] firmware capabilities: lift_velocity_v1
[LIFT] Height: unknown (run home)
[LIFT] V_Compute: 29.334 V
[LIFT] V_Motors: 29.256 V
[LIFT] Height: unknown (run home)
[LIFT] Height: unknown (run home)
[LIFT] Height: unknown (run home)
[LIFT] Height: unknown (run home)
[LIFT] Height: unknown (run home)
[LIFT] Height: unknown (run home)
[LIFT] Height: unknown (run home)
[LIFT] Height: unknown (run home)
[LIFT] Height: unknown (run home)
[LIFT] Height: unknown (run home)
[LIFT] Height: unknown (run home)
[LIFT] Height: unknown (run home)
[LIFT] Height: unknown (run home)
[LIFT] Height: unknown (run home)
[LIFT] Height: unknown (run home)
[LIFT] Height: unknown (run home)
[LIFT] Height: unknown (run home)
[LIFT] Height: unknown (run home)
[PicoLift] sent 'status'
[LIFT] Upper limit: clear
[LIFT] Lower limit: clear
[LIFT] Motion: UP
[LIFT] Velocity: 0.00 mm/s
[LIFT] Capabilities: lift_velocity_v1
[PicoLift] firmware capabilities: lift_velocity_v1
[LIFT] Height: unknown (run home)
[LIFT] V_Compute: 29.359 V
[LIFT] V_Motors: 29.272 V
[LIFT] Height: unknown (run home)
[LIFT] Height: unknown (run home)
[LIFT] Height: unknown (run home)
[LIFT] Height: unknown (run home)
[LIFT] Height: unknown (run home)
[LIFT] Height: unknown (run home)
[LIFT] Height: unknown (run home)
[LIFT] Height: unknown (run home)
[LIFT] Height: unknown (run home)
[LIFT] Height: unknown (run home)
[LIFT] Height: unknown (run home)
[LIFT] Height: unknown (run home)
[LIFT] Height: unknown (run home)
[LIFT] Height: unknown (run home)
[LIFT] Height: unknown (run home)
[LIFT] Height: unknown (run home)
[LIFT] Height: unknown (run home)
[LIFT] Height: unknown (run home)
[PicoLift] sent 'status'
[LIFT] Upper limit: clear
[LIFT] Lower limit: clear
[LIFT] Motion: UP
[LIFT] Velocity: 0.00 mm/s
[LIFT] Capabilities: lift_velocity_v1
[PicoLift] firmware capabilities: lift_velocity_v1
[LIFT] Height: unknown (run home)
[LIFT] V_Compute: 29.324 V
[LIFT] V_Motors: 29.231 V
[LIFT] Height: unknown (run home)
[LIFT] Height: unknown (run home)
[LIFT] Height: unknown (run home)
[LIFT] Height: unknown (run home)
[LIFT] Height: unknown (run home)
[LIFT] Height: unknown (run home)
[LIFT] Height: unknown (run home)
[LIFT] Height: unknown (run home)
[LIFT] Height: unknown (run home)
[LIFT] Height: unknown (run home)
[LIFT] Height: unknown (run home)
[LIFT] Height: unknown (run home)
[LIFT] Height: unknown (run home)
[LIFT] Height: unknown (run home)
[LIFT] Height: unknown (run home)
[LIFT] Height: unknown (run home)
[LIFT] Height: unknown (run home)
[LIFT] Height: unknown (run home)
[PicoLift] sent 'status'
[LIFT] Upper limit: clear
[LIFT] Lower limit: clear
[LIFT] Motion: UP
[LIFT] Velocity: 0.00 mm/s
[LIFT] Capabilities: lift_velocity_v1
[PicoLift] firmware capabilities: lift_velocity_v1
[LIFT] Height: unknown (run home)
[LIFT] V_Compute: 29.319 V
[LIFT] V_Motors: 29.271 V
[LIFT] Height: unknown (run home)
[LIFT] Height: unknown (run home)
[LIFT] Height: unknown (run home)
[LIFT] Height: unknown (run home)
[LIFT] Height: unknown (run home)
[LIFT] Height: unknown (run home)
[LIFT] Height: unknown (run home)
[LIFT] Height: unknown (run home)
[LIFT] Height: unknown (run home)
[LIFT] Height: unknown (run home)
[LIFT] Height: unknown (run home)
[LIFT] Height: unknown (run home)
[LIFT] Height: unknown (run home)
[LIFT] Height: unknown (run home)
[LIFT] Height: unknown (run home)
[LIFT] Height: unknown (run home)
[LIFT] Height: unknown (run home)
[LIFT] Height: unknown (run home)
[PicoLift] sent 'status'
[LIFT] Upper limit: clear
[LIFT] Lower limit: clear
[LIFT] Motion: UP
[LIFT] Velocity: 0.00 mm/s
[LIFT] Capabilities: lift_velocity_v1
[PicoLift] firmware capabilities: lift_velocity_v1
[LIFT] Height: unknown (run home)
[LIFT] V_Compute: 29.322 V
[LIFT] V_Motors: 29.256 V
[LIFT] Height: unknown (run home)
[LIFT] Height: unknown (run home)
[LIFT] Height: unknown (run home)
[LIFT] Height: unknown (run home)
[LIFT] Height: unknown (run home)
[LIFT] Height: unknown (run home)
[LIFT] Height: unknown (run home)
[LIFT] Height: unknown (run home)
[LIFT] Height: unknown (run home)
[LIFT] Height: unknown (run home)
[LIFT] Height: unknown (run home)
[LIFT] Height: unknown (run home)
[LIFT] Height: unknown (run home)
[LIFT] Height: unknown (run home)
[LIFT] Height: unknown (run home)
[LIFT] Height: unknown (run home)
[LIFT] Height: unknown (run home)
[LIFT] Height: unknown (run home)
[PicoLift] sent 'status'
[LIFT] Upper limit: clear
[LIFT] Lower limit: clear
[LIFT] Motion: UP
[LIFT] Velocity: 0.00 mm/s
[LIFT] Capabilities: lift_velocity_v1
[PicoLift] firmware capabilities: lift_velocity_v1
[LIFT] Height: unknown (run home)
[LIFT] V_Compute: 29.333 V
[LIFT] V_Motors: 29.261 V
[LIFT] Height: unknown (run home)
[LIFT] Height: unknown (run home)
[LIFT] Height: unknown (run home)
[LIFT] Height: unknown (run home)
[LIFT] Height: unknown (run home)
[LIFT] Height: unknown (run home)
[LIFT] Height: unknown (run home)
[LIFT] Height: unknown (run home)
[LIFT] Height: unknown (run home)
[LIFT] Height: unknown (run home)
[LIFT] Height: unknown (run home)
[LIFT] Height: unknown (run home)
[LIFT] Height: unknown (run home)
[LIFT] Height: unknown (run home)
[LIFT] Height: unknown (run home)
[LIFT] Height: unknown (run home)
[LIFT] Height: unknown (run home)
[LIFT] Height: unknown (run home)
[PicoLift] sent 'status'
[LIFT] Height: unknown (run home)
[LIFT] Upper limit: clear
[LIFT] Lower limit: clear
[LIFT] Motion: UP
[LIFT] Velocity: 0.00 mm/s
[LIFT] Capabilities: lift_velocity_v1
[PicoLift] firmware capabilities: lift_velocity_v1
[LIFT] Height: unknown (run home)
[LIFT] V_Compute: 29.333 V
[LIFT] V_Motors: 29.253 V
[LIFT] Height: unknown (run home)
[LIFT] Height: unknown (run home)
[LIFT] Height: unknown (run home)
[LIFT] Height: unknown (run home)
[LIFT] Height: unknown (run home)
[LIFT] Height: unknown (run home)
[LIFT] Height: unknown (run home)
[LIFT] Height: unknown (run home)
[LIFT] Height: unknown (run home)
[LIFT] Height: unknown (run home)
[LIFT] Height: unknown (run home)
[LIFT] Height: unknown (run home)
[LIFT] Height: unknown (run home)
[LIFT] Height: unknown (run home)
[LIFT] Height: unknown (run home)
[LIFT] Height: unknown (run home)
[LIFT] Height: unknown (run home)
[PicoLift] sent 'status'
[LIFT] Height: unknown (run home)
[LIFT] Upper limit: clear
[LIFT] Lower limit: clear
[LIFT] Motion: UP
[LIFT] Velocity: 0.00 mm/s
[LIFT] Capabilities: lift_velocity_v1
[PicoLift] firmware capabilities: lift_velocity_v1
[LIFT] Height: unknown (run home)
[LIFT] V_Compute: 29.337 V
[LIFT] V_Motors: 29.246 V
[LIFT] Height: unknown (run home)
[LIFT] Height: unknown (run home)
[LIFT] Height: unknown (run home)
[LIFT] Height: unknown (run home)
[LIFT] Height: unknown (run home)
[LIFT] Height: unknown (run home)
[LIFT] Height: unknown (run home)
[LIFT] Height: unknown (run home)
[LIFT] Height: unknown (run home)
[LIFT] Height: unknown (run home)
[LIFT] Height: unknown (run home)
[LIFT] Height: unknown (run home)
[LIFT] Height: unknown (run home)
[LIFT] Height: unknown (run home)
[LIFT] Height: unknown (run home)
[LIFT] Height: unknown (run home)
[LIFT] Height: unknown (run home)
[PicoLift] sent 'status'
[LIFT] Height: unknown (run home)
[LIFT] Upper limit: clear
[LIFT] Lower limit: clear
[LIFT] Motion: UP
[LIFT] Velocity: 0.00 mm/s
[LIFT] Capabilities: lift_velocity_v1
[PicoLift] firmware capabilities: lift_velocity_v1
[LIFT] Height: unknown (run home)
[LIFT] V_Compute: 29.339 V
[LIFT] V_Motors: 29.251 V
[LIFT] Height: unknown (run home)
[LIFT] Height: unknown (run home)
[LIFT] Height: unknown (run home)
[LIFT] Height: unknown (run home)
[LIFT] Height: unknown (run home)
[LIFT] Height: unknown (run home)
[LIFT] Height: unknown (run home)
[LIFT] Height: unknown (run home)
[LIFT] Height: unknown (run home)
[LIFT] Height: unknown (run home)
[LIFT] Height: unknown (run home)
[LIFT] Height: unknown (run home)
[LIFT] Height: unknown (run home)
[LIFT] Height: unknown (run home)
[LIFT] Height: unknown (run home)
[LIFT] Height: unknown (run home)
[LIFT] Height: unknown (run home)
[PicoLift] sent 'status'
[LIFT] Height: unknown (run home)
[LIFT] Upper limit: clear
[LIFT] Lower limit: clear
[LIFT] Motion: UP
[LIFT] Velocity: 0.00 mm/s
[LIFT] Capabilities: lift_velocity_v1
[PicoLift] firmware capabilities: lift_velocity_v1
[LIFT] Height: unknown (run home)
[LIFT] V_Compute: 29.327 V
[LIFT] V_Motors: 29.236 V
[LIFT] Height: unknown (run home)
[LIFT] Height: unknown (run home)
[LIFT] Height: unknown (run home)
[LIFT] Height: unknown (run home)
[LIFT] Height: unknown (run home)
[LIFT] Height: unknown (run home)
[LIFT] Height: unknown (run home)
[LIFT] Height: unknown (run home)
[LIFT] Height: unknown (run home)
[LIFT] Height: unknown (run home)
[LIFT] Height: unknown (run home)
[LIFT] Height: unknown (run home)
[LIFT] Height: unknown (run home)
[LIFT] Height: unknown (run home)
[LIFT] Height: unknown (run home)
[LIFT] Height: unknown (run home)
[LIFT] Height: unknown (run home)
[PicoLift] sent 'status'
[LIFT] Height: unknown (run home)
[LIFT] Upper limit: clear
[LIFT] Lower limit: clear
[LIFT] Motion: UP
[LIFT] Velocity: 0.00 mm/s
[LIFT] Capabilities: lift_velocity_v1
[PicoLift] firmware capabilities: lift_velocity_v1
[LIFT] Height: unknown (run home)
[LIFT] V_Compute: 29.333 V
[LIFT] V_Motors: 29.240 V
[LIFT] Height: unknown (run home)
[LIFT] Height: unknown (run home)
[LIFT] Height: unknown (run home)
[LIFT] Height: unknown (run home)
[LIFT] Height: unknown (run home)
[LIFT] Height: unknown (run home)
[LIFT] Height: unknown (run home)
[LIFT] Height: unknown (run home)
[LIFT] Height: unknown (run home)
[LIFT] Height: unknown (run home)
[LIFT] Height: unknown (run home)
[LIFT] Height: unknown (run home)
[LIFT] Height: unknown (run home)
[LIFT] Height: unknown (run home)
[LIFT] Height: unknown (run home)
[LIFT] Height: unknown (run home)
[LIFT] Height: unknown (run home)
[PicoLift] sent 'status'
[LIFT] Height: unknown (run home)
[LIFT] Upper limit: clear
[LIFT] Lower limit: clear
[LIFT] Motion: UP
[LIFT] Velocity: 0.00 mm/s
[LIFT] Capabilities: lift_velocity_v1
[PicoLift] firmware capabilities: lift_velocity_v1
[LIFT] Height: unknown (run home)
[LIFT] V_Compute: 29.325 V
[LIFT] V_Motors: 29.237 V
[LIFT] Height: unknown (run home)
[LIFT] Height: unknown (run home)
[LIFT] Height: unknown (run home)
[LIFT] Height: unknown (run home)
[LIFT] Height: unknown (run home)
[LIFT] Height: unknown (run home)
[LIFT] Height: unknown (run home)
[LIFT] Height: unknown (run home)
[LIFT] Height: unknown (run home)
[LIFT] Height: unknown (run home)
[LIFT] Height: unknown (run home)
[LIFT] Height: unknown (run home)
[LIFT] Height: unknown (run home)
[LIFT] Height: unknown (run home)
[LIFT] Height: unknown (run home)
[LIFT] Height: unknown (run home)
[LIFT] Height: unknown (run home)
[PicoLift] sent 'status'
[LIFT] Height: unknown (run home)
[LIFT] Upper limit: clear
[LIFT] Lower limit: clear
[LIFT] Motion: UP
[LIFT] Velocity: 0.00 mm/s
[LIFT] Capabilities: lift_velocity_v1
[PicoLift] firmware capabilities: lift_velocity_v1
[LIFT] Height: unknown (run home)
[LIFT] V_Compute: 29.316 V
[LIFT] V_Motors: 29.251 V
[LIFT] Height: unknown (run home)
[LIFT] Height: unknown (run home)
[LIFT] Height: unknown (run home)
[LIFT] Height: unknown (run home)
[LIFT] Height: unknown (run home)
[LIFT] Height: unknown (run home)
[LIFT] Height: unknown (run home)
[LIFT] Height: unknown (run home)
[LIFT] Height: unknown (run home)
[LIFT] Height: unknown (run home)
[LIFT] Height: unknown (run home)
[LIFT] Height: unknown (run home)
[LIFT] Height: unknown (run home)
[LIFT] Height: unknown (run home)
[LIFT] Height: unknown (run home)
[LIFT] Height: unknown (run home)
[LIFT] Height: unknown (run home)
[PicoLift] sent 'status'
[LIFT] Height: unknown (run home)
[LIFT] Upper limit: clear
[LIFT] Lower limit: clear
[LIFT] Motion: UP
[LIFT] Velocity: 0.00 mm/s
[LIFT] Capabilities: lift_velocity_v1
[PicoLift] firmware capabilities: lift_velocity_v1
[LIFT] Height: unknown (run home)
[LIFT] V_Compute: 29.316 V
[LIFT] V_Motors: 29.270 V
[LIFT] Height: unknown (run home)
[LIFT] Height: unknown (run home)
[LIFT] Height: unknown (run home)
[LIFT] Height: unknown (run home)
[LIFT] Height: unknown (run home)
[LIFT] Height: unknown (run home)
[LIFT] Height: unknown (run home)
[LIFT] Height: unknown (run home)
[LIFT] Height: unknown (run home)
[LIFT] Height: unknown (run home)
[LIFT] Height: unknown (run home)
[LIFT] Height: unknown (run home)
[LIFT] Height: unknown (run home)
[LIFT] Height: unknown (run home)
[LIFT] Height: unknown (run home)
[LIFT] Height: unknown (run home)
[LIFT] Height: unknown (run home)
[PicoLift] sent 'status'
[LIFT] Height: unknown (run home)
[LIFT] Upper limit: clear
[LIFT] Lower limit: clear
[LIFT] Motion: UP
[LIFT] Velocity: 0.00 mm/s
[LIFT] Capabilities: lift_velocity_v1
[PicoLift] firmware capabilities: lift_velocity_v1
[LIFT] Height: unknown (run home)
[LIFT] V_Compute: 29.341 V
[LIFT] V_Motors: 29.234 V
[LIFT] Height: unknown (run home)
[LIFT] Height: unknown (run home)
[LIFT] Height: unknown (run home)
[LIFT] Height: unknown (run home)
[LIFT] Height: unknown (run home)
[LIFT] Height: unknown (run home)
[LIFT] Height: unknown (run home)
[LIFT] Height: unknown (run home)
[LIFT] Height: unknown (run home)
[LIFT] Height: unknown (run home)
[LIFT] Height: unknown (run home)
[LIFT] Height: unknown (run home)
[LIFT] Height: unknown (run home)
[LIFT] Height: unknown (run home)
[LIFT] Height: unknown (run home)
[LIFT] Height: unknown (run home)
[LIFT] Height: unknown (run home)
[PicoLift] sent 'status'
[LIFT] Height: unknown (run home)
[LIFT] Upper limit: clear
[LIFT] Lower limit: clear
[LIFT] Motion: UP
[LIFT] Velocity: 0.00 mm/s
[LIFT] Capabilities: lift_velocity_v1
[PicoLift] firmware capabilities: lift_velocity_v1
[LIFT] Height: unknown (run home)
[LIFT] V_Compute: 29.316 V
[LIFT] V_Motors: 29.241 V
[LIFT] Height: unknown (run home)
[LIFT] Height: unknown (run home)
[LIFT] Height: unknown (run home)
[LIFT] Height: unknown (run home)
[LIFT] Height: unknown (run home)
[LIFT] Height: unknown (run home)
[LIFT] Height: unknown (run home)
[LIFT] Height: unknown (run home)
[LIFT] Height: unknown (run home)
[LIFT] Height: unknown (run home)
[LIFT] Height: unknown (run home)
[LIFT] Height: unknown (run home)
[LIFT] Height: unknown (run home)
[LIFT] Height: unknown (run home)
[LIFT] Height: unknown (run home)
[LIFT] Height: unknown (run home)
[LIFT] Height: unknown (run home)
[PicoLift] sent 'status'
[LIFT] Height: unknown (run home)
[LIFT] Upper limit: clear
[LIFT] Lower limit: clear
[LIFT] Motion: UP
[LIFT] Velocity: 0.00 mm/s
[LIFT] Capabilities: lift_velocity_v1
[PicoLift] firmware capabilities: lift_velocity_v1
[LIFT] Height: unknown (run home)
[LIFT] V_Compute: 29.336 V
[LIFT] V_Motors: 29.240 V
[LIFT] Height: unknown (run home)
[LIFT] Height: unknown (run home)
[LIFT] Height: unknown (run home)
[LIFT] Height: unknown (run home)
[LIFT] Height: unknown (run home)
[LIFT] Height: unknown (run home)
[LIFT] Height: unknown (run home)
[LIFT] Height: unknown (run home)
[LIFT] Height: unknown (run home)
[LIFT] Height: unknown (run home)
[LIFT] Height: unknown (run home)
[LIFT] Height: unknown (run home)
[LIFT] Height: unknown (run home)
[LIFT] Height: unknown (run home)
[LIFT] Height: unknown (run home)
[LIFT] Height: unknown (run home)
[LIFT] Height: unknown (run home)
[PicoLift] sent 'status'
[LIFT] Height: unknown (run home)
[LIFT] Upper limit: clear
[LIFT] Lower limit: clear
[LIFT] Motion: UP
[LIFT] Velocity: 0.00 mm/s
[LIFT] Capabilities: lift_velocity_v1
[PicoLift] firmware capabilities: lift_velocity_v1
[LIFT] Height: unknown (run home)
[LIFT] V_Compute: 29.331 V
[LIFT] V_Motors: 29.261 V
[LIFT] Height: unknown (run home)
[LIFT] Height: unknown (run home)
[LIFT] Height: unknown (run home)
[LIFT] Height: unknown (run home)
[LIFT] Height: unknown (run home)
[LIFT] Height: unknown (run home)
[LIFT] Height: unknown (run home)
[LIFT] Height: unknown (run home)
[LIFT] Height: unknown (run home)
[LIFT] Height: unknown (run home)
[LIFT] Height: unknown (run home)
[LIFT] Height: unknown (run home)
[LIFT] Height: unknown (run home)
[LIFT] Height: unknown (run home)
[LIFT] Height: unknown (run home)
[LIFT] Height: unknown (run home)
[LIFT] Height: unknown (run home)
[LIFT] Height: unknown (run home)
[PicoLift] sent 'status'
[LIFT] Upper limit: clear
[LIFT] Lower limit: clear
[LIFT] Motion: UP
[LIFT] Velocity: 0.00 mm/s
[LIFT] Capabilities: lift_velocity_v1
[PicoLift] firmware capabilities: lift_velocity_v1
[LIFT] Height: unknown (run home)
[LIFT] V_Compute: 29.335 V
[LIFT] V_Motors: 29.255 V
[LIFT] Height: unknown (run home)
[LIFT] Height: unknown (run home)
[LIFT] Height: unknown (run home)
[LIFT] Height: unknown (run home)
[LIFT] Height: unknown (run home)
[LIFT] Height: unknown (run home)
[LIFT] Height: unknown (run home)
[LIFT] Height: unknown (run home)
[LIFT] Height: unknown (run home)
[LIFT] Height: unknown (run home)
[LIFT] Height: unknown (run home)
[LIFT] Home complete.
[PicoLift] sent 'status'
[PicoLift] sent 'status'
[YOR] lift: home complete at 0.9 m
[YOR] lift: moving to 450 mm from zero
[PicoLift] sent 'down 450.00'
[LIFT] Upper limit: ACTIVE
[LIFT] Lower limit: clear
[LIFT] Motion: IDLE
[LIFT] Velocity: 0.00 mm/s
[LIFT] Capabilities: lift_velocity_v1
[PicoLift] firmware capabilities: lift_velocity_v1
[LIFT] Upper limit: ACTIVE
[LIFT] Lower limit: clear
[LIFT] Motion: IDLE
[LIFT] Velocity: 0.00 mm/s
[LIFT] Capabilities: lift_velocity_v1
[PicoLift] firmware capabilities: lift_velocity_v1
[LIFT] V_Compute: 29.336 V
[LIFT] V_Motors: 29.270 V
[LIFT] Moving DOWN 450.00 mm
[LIFT] V_Compute: 29.337 V
[LIFT] V_Motors: 29.237 V
[LIFT] V_Compute: 29.330 V
[LIFT] V_Motors: 29.269 V
[LIFT] V_Compute: 29.335 V
[LIFT] V_Motors: 29.269 V
[LIFT] V_Compute: 29.334 V
[LIFT] V_Motors: 29.282 V
[LIFT] V_Compute: 29.341 V
[LIFT] V_Motors: 29.263 V
[LIFT] V_Compute: 29.329 V
[LIFT] V_Motors: 29.240 V
[LIFT] V_Compute: 29.344 V
[LIFT] V_Motors: 29.257 V
[LIFT] V_Compute: 29.330 V
[LIFT] V_Motors: 29.267 V
[LIFT] V_Compute: 29.321 V
[LIFT] V_Motors: 29.251 V
[LIFT] V_Compute: 29.329 V
[LIFT] V_Motors: 29.254 V
[LIFT] V_Compute: 29.330 V
[LIFT] V_Motors: 29.263 V
[LIFT] V_Compute: 29.327 V
[LIFT] V_Motors: 29.250 V
[LIFT] V_Compute: 29.339 V
[LIFT] V_Motors: 29.264 V
[LIFT] V_Compute: 29.327 V
[LIFT] V_Motors: 29.265 V
[LIFT] V_Compute: 29.340 V
[LIFT] V_Motors: 29.269 V
[LIFT] V_Compute: 29.329 V
[LIFT] V_Motors: 29.250 V
[LIFT] V_Compute: 29.329 V
[LIFT] V_Motors: 29.263 V
[LIFT] V_Compute: 29.334 V
[LIFT] V_Motors: 29.261 V
[PicoLift] sent 'stop'
[YOR] lift: startup position 0.45175 m
[LIFT] Motion stopped by user.
[LIFT] V_Compute: 29.331 V
[LIFT] V_Motors: 29.274 V
[LIFT] V_Compute: 29.334 V
[LIFT] V_Motors: 29.274 V
[LIFT] V_Compute: 29.331 V
[LIFT] V_Motors: 29.276 V
[LIFT] V_Compute: 29.334 V
[LIFT] V_Motors: 29.263 V
[LIFT] V_Compute: 29.331 V
[LIFT] V_Motors: 29.250 V
[LIFT] V_Compute: 29.336 V
[LIFT] V_Motors: 29.246 V
[LIFT] V_Compute: 29.330 V
[LIFT] V_Motors: 29.249 V
[LIFT] V_Compute: 29.331 V
[LIFT] V_Motors: 29.249 V
[LIFT] V_Compute: 29.336 V
[LIFT] V_Motors: 29.244 V
[LIFT] V_Compute: 29.336 V
[LIFT] V_Motors: 29.240 V
[LIFT] V_Compute: 29.340 V
[LIFT] V_Motors: 29.243 V
[LIFT] V_Compute: 29.340 V
[LIFT] V_Motors: 29.243 V
[LIFT] V_Compute: 29.333 V
[LIFT] V_Motors: 29.236 V
[LIFT] V_Compute: 29.333 V
[LIFT] V_Motors: 29.241 V
[LIFT] V_Compute: 29.329 V
[LIFT] V_Motors: 29.240 V
[LIFT] V_Compute: 29.335 V
[LIFT] V_Motors: 29.232 V
[LIFT] V_Compute: 29.327 V
[LIFT] V_Motors: 29.240 V
[LIFT] V_Compute: 29.334 V
[LIFT] V_Motors: 29.237 V
[LIFT] V_Compute: 29.329 V
[LIFT] V_Motors: 29.235 V
[LIFT] V_Compute: 29.335 V
[LIFT] V_Motors: 29.239 V
[LIFT] V_Compute: 29.333 V
[LIFT] V_Motors: 29.235 V
[LIFT] V_Compute: 29.349 V
[LIFT] V_Motors: 29.235 V
[LIFT] V_Compute: 29.310 V
[LIFT] V_Motors: 29.236 V
[LIFT] V_Compute: 29.316 V
[LIFT] V_Motors: 29.234 V
[LIFT] V_Compute: 29.314 V
[LIFT] V_Motors: 29.237 V
[LIFT] V_Compute: 29.319 V
[LIFT] V_Motors: 29.234 V
[LIFT] V_Compute: 29.317 V
[LIFT] V_Motors: 29.231 V
[LIFT] V_Compute: 29.306 V
[LIFT] V_Motors: 29.231 V
[LIFT] V_Compute: 29.309 V
[LIFT] V_Motors: 29.232 V
[LIFT] V_Compute: 29.312 V
[LIFT] V_Motors: 29.239 V
[LIFT] V_Compute: 29.316 V
[LIFT] V_Motors: 29.236 V
[LIFT] V_Compute: 29.311 V
[LIFT] V_Motors: 29.232 V
[LIFT] V_Compute: 29.311 V
[LIFT] V_Motors: 29.232 V
[LIFT] V_Compute: 29.311 V
[LIFT] V_Motors: 29.234 V
[LIFT] V_Compute: 29.312 V
[LIFT] V_Motors: 29.237 V
[LIFT] V_Compute: 29.312 V
[LIFT] V_Motors: 29.234 V
[LIFT] V_Compute: 29.306 V
[LIFT] V_Motors: 29.230 V
[LIFT] V_Compute: 29.311 V
[LIFT] V_Motors: 29.230 V
[LIFT] V_Compute: 29.311 V
[LIFT] V_Motors: 29.236 V
[LIFT] V_Compute: 29.314 V
[LIFT] V_Motors: 29.235 V
[LIFT] V_Compute: 29.311 V
[LIFT] V_Motors: 29.235 V
[LIFT] V_Compute: 29.311 V
[LIFT] V_Motors: 29.236 V
[LIFT] V_Compute: 29.309 V
[LIFT] V_Motors: 29.232 V
[LIFT] V_Compute: 29.314 V
[LIFT] V_Motors: 29.234 V
[LIFT] V_Compute: 29.306 V
[LIFT] V_Motors: 29.234 V
[LIFT] V_Compute: 29.304 V
[LIFT] V_Motors: 29.231 V
[LIFT] V_Compute: 29.302 V
[LIFT] V_Motors: 29.231 V
[LIFT] V_Compute: 29.310 V
[LIFT] V_Motors: 29.230 V
[LIFT] V_Compute: 29.302 V
[LIFT] V_Motors: 29.232 V
[LIFT] V_Compute: 29.304 V
[LIFT] V_Motors: 29.234 V
[LIFT] V_Compute: 29.306 V
[LIFT] V_Motors: 29.229 V
[LIFT] V_Compute: 29.302 V
[LIFT] V_Motors: 29.230 V
[LIFT] V_Compute: 29.305 V
[LIFT] V_Motors: 29.235 V
[LIFT] V_Compute: 29.306 V
[LIFT] V_Motors: 29.229 V
[LIFT] V_Compute: 29.308 V
[LIFT] V_Motors: 29.230 V
[LIFT] V_Compute: 29.304 V
[LIFT] V_Motors: 29.230 V
[LIFT] V_Compute: 29.310 V
[LIFT] V_Motors: 29.230 V
[LIFT] V_Compute: 29.308 V
[LIFT] V_Motors: 29.234 V
[LIFT] V_Compute: 29.309 V
[LIFT] V_Motors: 29.231 V
[LIFT] V_Compute: 29.310 V
[LIFT] V_Motors: 29.232 V
[LIFT] V_Compute: 29.308 V
[LIFT] V_Motors: 29.229 V
[LIFT] V_Compute: 29.301 V
[LIFT] V_Motors: 29.221 V
Warning: YOR already initialized
[LIFT] V_Compute: 29.306 V
[LIFT] V_Motors: 29.231 V
[LIFT] V_Compute: 29.305 V
[LIFT] V_Motors: 29.230 V
[LIFT] V_Compute: 29.308 V
[LIFT] V_Motors: 29.224 V
[LIFT] V_Compute: 29.304 V
[LIFT] V_Motors: 29.230 V
[LIFT] V_Compute: 29.298 V
[LIFT] V_Motors: 29.228 V
[LIFT] V_Compute: 29.302 V
[LIFT] V_Motors: 29.229 V
[LIFT] V_Compute: 29.305 V
[LIFT] V_Motors: 29.228 V
[LIFT] V_Compute: 29.300 V
[LIFT] V_Motors: 29.229 V
[LIFT] V_Compute: 29.302 V
[LIFT] V_Motors: 29.225 V
[LIFT] V_Compute: 29.306 V
[LIFT] V_Motors: 29.230 V
[LIFT] V_Compute: 29.299 V
[LIFT] V_Motors: 29.225 V
[LIFT] V_Compute: 29.308 V
[LIFT] V_Motors: 29.230 V
[LIFT] V_Compute: 29.308 V
[LIFT] V_Motors: 29.228 V
[LIFT] V_Compute: 29.309 V
[LIFT] V_Motors: 29.230 V
[LIFT] V_Compute: 29.305 V
[LIFT] V_Motors: 29.228 V
[LIFT] V_Compute: 29.308 V
[LIFT] V_Motors: 29.224 V
[LIFT] V_Compute: 29.306 V
[LIFT] V_Motors: 29.214 V
[LIFT] V_Compute: 29.301 V
[LIFT] V_Motors: 29.209 V
[LIFT] V_Compute: 29.300 V
[LIFT] V_Motors: 29.197 V
[LIFT] V_Compute: 29.305 V
[LIFT] V_Motors: 29.212 V
[LIFT] V_Compute: 29.302 V
[LIFT] V_Motors: 29.191 V
[LIFT] V_Compute: 29.301 V
[LIFT] V_Motors: 29.159 V
[LIFT] V_Compute: 29.299 V
[LIFT] V_Motors: 29.173 V
[LIFT] V_Compute: 29.302 V
[LIFT] V_Motors: 29.218 V
[LIFT] V_Compute: 29.304 V
[LIFT] V_Motors: 29.199 V
[LIFT] V_Compute: 29.299 V
[LIFT] V_Motors: 29.215 V
[LIFT] V_Compute: 29.305 V
[LIFT] V_Motors: 29.199 V
[LIFT] V_Compute: 29.304 V
[LIFT] V_Motors: 29.215 V
[LIFT] V_Compute: 29.302 V
[LIFT] V_Motors: 29.208 V
[LIFT] V_Compute: 29.294 V
[LIFT] V_Motors: 29.202 V
[LIFT] V_Compute: 29.308 V
[LIFT] V_Motors: 29.209 V
[LIFT] V_Compute: 29.301 V
[LIFT] V_Motors: 29.221 V
[LIFT] V_Compute: 29.302 V
[LIFT] V_Motors: 29.222 V
[LIFT] V_Compute: 29.304 V
[LIFT] V_Motors: 29.192 V
[LIFT] V_Compute: 29.300 V
[LIFT] V_Motors: 29.186 V
[LIFT] V_Compute: 29.304 V
[LIFT] V_Motors: 29.191 V
[LIFT] V_Compute: 29.292 V
[LIFT] V_Motors: 29.161 V
[LIFT] V_Compute: 29.302 V
[LIFT] V_Motors: 29.157 V
[LIFT] V_Compute: 29.304 V
[LIFT] V_Motors: 29.173 V
[LIFT] V_Compute: 29.306 V
[LIFT] V_Motors: 29.171 V
[LIFT] V_Compute: 29.301 V
[LIFT] V_Motors: 29.160 V
[LIFT] V_Compute: 29.305 V
[LIFT] V_Motors: 29.154 V
[LIFT] V_Compute: 29.299 V
[LIFT] V_Motors: 29.163 V
[LIFT] V_Compute: 29.304 V
[LIFT] V_Motors: 29.165 V
[LIFT] V_Compute: 29.298 V
[LIFT] V_Motors: 29.167 V
[LIFT] V_Compute: 29.304 V
[LIFT] V_Motors: 29.167 V
[LIFT] V_Compute: 29.295 V
[LIFT] V_Motors: 29.164 V
[LIFT] V_Compute: 29.306 V
[LIFT] V_Motors: 29.157 V
[LIFT] V_Compute: 29.296 V
[LIFT] V_Motors: 29.155 V
[LIFT] V_Compute: 29.305 V
[LIFT] V_Motors: 29.164 V
[LIFT] V_Compute: 29.309 V
[LIFT] V_Motors: 29.167 V
[LIFT] V_Compute: 29.304 V
[LIFT] V_Motors: 29.163 V
[LIFT] V_Compute: 29.294 V
[LIFT] V_Motors: 29.152 V
[LIFT] V_Compute: 29.301 V
[LIFT] V_Motors: 29.165 V
[LIFT] V_Compute: 29.299 V
[LIFT] V_Motors: 29.169 V
[LIFT] V_Compute: 29.300 V
[LIFT] V_Motors: 29.166 V
[LIFT] V_Compute: 29.292 V
[LIFT] V_Motors: 29.149 V
[LIFT] V_Compute: 29.296 V
[LIFT] V_Motors: 29.167 V
[LIFT] V_Compute: 29.294 V
[LIFT] V_Motors: 29.160 V
[LIFT] V_Compute: 29.300 V
[LIFT] V_Motors: 29.150 V
[LIFT] V_Compute: 29.289 V
[LIFT] V_Motors: 29.151 V
[LIFT] V_Compute: 29.300 V
[LIFT] V_Motors: 29.159 V
[LIFT] V_Compute: 29.308 V
[LIFT] V_Motors: 29.146 V
[LIFT] V_Compute: 29.300 V
[LIFT] V_Motors: 29.160 V
[LIFT] V_Compute: 29.299 V
[LIFT] V_Motors: 29.159 V
[LIFT] V_Compute: 29.301 V
[LIFT] V_Motors: 29.165 V
[LIFT] V_Compute: 29.296 V
[LIFT] V_Motors: 29.165 V
[LIFT] V_Compute: 29.295 V
[LIFT] V_Motors: 29.164 V
[LIFT] V_Compute: 29.300 V
[LIFT] V_Motors: 29.147 V
[LIFT] V_Compute: 29.300 V
[LIFT] V_Motors: 29.179 V
[LIFT] V_Compute: 29.290 V
[LIFT] V_Motors: 29.151 V
[LIFT] V_Compute: 29.299 V
[LIFT] V_Motors: 29.151 V
[LIFT] V_Compute: 29.298 V
[LIFT] V_Motors: 29.142 V
[LIFT] V_Compute: 29.295 V
[LIFT] V_Motors: 29.138 V
[LIFT] V_Compute: 29.300 V
[LIFT] V_Motors: 29.154 V
[LIFT] V_Compute: 29.302 V
[LIFT] V_Motors: 29.147 V
[LIFT] V_Compute: 29.299 V
[LIFT] V_Motors: 29.141 V
[LIFT] V_Compute: 29.296 V
[LIFT] V_Motors: 29.149 V
[LIFT] V_Compute: 29.298 V
[LIFT] V_Motors: 29.144 V
[LIFT] V_Compute: 29.291 V
[LIFT] V_Motors: 29.157 V
[LIFT] V_Compute: 29.296 V
[LIFT] V_Motors: 29.146 V
[LIFT] V_Compute: 29.295 V
[LIFT] V_Motors: 29.138 V
[LIFT] V_Compute: 29.289 V
[LIFT] V_Motors: 29.141 V
[LIFT] V_Compute: 29.290 V
[LIFT] V_Motors: 29.139 V
[LIFT] V_Compute: 29.305 V
[LIFT] V_Motors: 29.142 V
[LIFT] V_Compute: 29.296 V
[LIFT] V_Motors: 29.152 V
[LIFT] V_Compute: 29.295 V
[LIFT] V_Motors: 29.152 V
[LIFT] V_Compute: 29.296 V
[LIFT] V_Motors: 29.151 V
[LIFT] V_Compute: 29.291 V
[LIFT] V_Motors: 29.139 V
[LIFT] V_Compute: 29.299 V
[LIFT] V_Motors: 29.144 V
[LIFT] V_Compute: 29.296 V
[LIFT] V_Motors: 29.149 V
[LIFT] V_Compute: 29.298 V
[LIFT] V_Motors: 29.155 V
[LIFT] V_Compute: 29.291 V
[LIFT] V_Motors: 29.145 V
[LIFT] V_Compute: 29.292 V
[LIFT] V_Motors: 29.156 V
[LIFT] V_Compute: 29.298 V
[LIFT] V_Motors: 29.151 V
[LIFT] V_Compute: 29.296 V
[LIFT] V_Motors: 29.165 V
[LIFT] V_Compute: 29.294 V
[LIFT] V_Motors: 29.146 V
[LIFT] V_Compute: 29.296 V
[LIFT] V_Motors: 29.151 V
[LIFT] V_Compute: 29.300 V
[LIFT] V_Motors: 29.152 V
[LIFT] V_Compute: 29.296 V
[LIFT] V_Motors: 29.140 V
[LIFT] V_Compute: 29.289 V
[LIFT] V_Motors: 29.140 V
[LIFT] V_Compute: 29.296 V
[LIFT] V_Motors: 29.135 V
[LIFT] V_Compute: 29.299 V
[LIFT] V_Motors: 29.144 V
[LIFT] V_Compute: 29.299 V
[LIFT] V_Motors: 29.150 V
[LIFT] V_Compute: 29.298 V
[LIFT] V_Motors: 29.145 V
[LIFT] V_Compute: 29.298 V
[LIFT] V_Motors: 29.141 V
[LIFT] V_Compute: 29.291 V
[LIFT] V_Motors: 29.154 V
[LIFT] V_Compute: 29.294 V
[LIFT] V_Motors: 29.145 V
[LIFT] V_Compute: 29.298 V
[LIFT] V_Motors: 29.144 V
[LIFT] V_Compute: 29.294 V
[LIFT] V_Motors: 29.132 V
[LIFT] V_Compute: 29.294 V
[LIFT] V_Motors: 29.135 V
[LIFT] V_Compute: 29.295 V
[LIFT] V_Motors: 29.151 V
[LIFT] V_Compute: 29.294 V
[LIFT] V_Motors: 29.152 V
[LIFT] V_Compute: 29.294 V
[LIFT] V_Motors: 29.145 V
[LIFT] V_Compute: 29.291 V
[LIFT] V_Motors: 29.159 V
[LIFT] V_Compute: 29.299 V
[LIFT] V_Motors: 29.136 V
[LIFT] V_Compute: 29.300 V
[LIFT] V_Motors: 29.138 V
[LIFT] V_Compute: 29.294 V
[LIFT] V_Motors: 29.176 V
[LIFT] V_Compute: 29.290 V
[LIFT] V_Motors: 29.122 V
[LIFT] V_Compute: 29.299 V
[LIFT] V_Motors: 29.146 V
[LIFT] V_Compute: 29.294 V
[LIFT] V_Motors: 29.176 V
[LIFT] V_Compute: 29.294 V
[LIFT] V_Motors: 29.186 V
[LIFT] V_Compute: 29.295 V
[LIFT] V_Motors: 29.186 V
[LIFT] V_Compute: 29.305 V
[LIFT] V_Motors: 29.186 V
[LIFT] V_Compute: 29.299 V
[LIFT] V_Motors: 29.184 V
[LIFT] V_Compute: 29.298 V
[LIFT] V_Motors: 29.186 V
[LIFT] V_Compute: 29.294 V
[LIFT] V_Motors: 29.187 V
[LIFT] V_Compute: 29.295 V
[LIFT] V_Motors: 29.191 V
[LIFT] V_Compute: 29.282 V
[LIFT] V_Motors: 29.183 V
[LIFT] V_Compute: 29.301 V
[LIFT] V_Motors: 29.190 V
[LIFT] V_Compute: 29.289 V
[LIFT] V_Motors: 29.190 V
[LIFT] V_Compute: 29.291 V
[LIFT] V_Motors: 29.189 V
[LIFT] V_Compute: 29.292 V
[LIFT] V_Motors: 29.195 V
[LIFT] V_Compute: 29.295 V
[LIFT] V_Motors: 29.192 V
[LIFT] V_Compute: 29.294 V
[LIFT] V_Motors: 29.194 V
[LIFT] V_Compute: 29.292 V
[LIFT] V_Motors: 29.195 V
[LIFT] V_Compute: 29.292 V
[LIFT] V_Motors: 29.189 V
[LIFT] V_Compute: 29.292 V
[LIFT] V_Motors: 29.192 V
[LIFT] V_Compute: 29.296 V
[LIFT] V_Motors: 29.191 V
[LIFT] V_Compute: 29.291 V
[LIFT] V_Motors: 29.194 V
[LIFT] V_Compute: 29.292 V
[LIFT] V_Motors: 29.194 V
[LIFT] V_Compute: 29.292 V
[LIFT] V_Motors: 29.195 V
[LIFT] V_Compute: 29.296 V
[LIFT] V_Motors: 29.170 V
[LIFT] V_Compute: 29.292 V
[LIFT] V_Motors: 29.163 V
[LIFT] V_Compute: 29.292 V
[LIFT] V_Motors: 29.173 V
[LIFT] V_Compute: 29.295 V
[LIFT] V_Motors: 29.164 V
[LIFT] V_Compute: 29.294 V
[LIFT] V_Motors: 29.160 V
[LIFT] V_Compute: 29.292 V
[LIFT] V_Motors: 29.164 V
[LIFT] V_Compute: 29.286 V
[LIFT] V_Motors: 29.192 V
[LIFT] V_Compute: 29.296 V
[LIFT] V_Motors: 29.187 V
[LIFT] V_Compute: 29.294 V
[LIFT] V_Motors: 29.192 V
[LIFT] V_Compute: 29.286 V
[LIFT] V_Motors: 29.192 V
[LIFT] V_Compute: 29.286 V
[LIFT] V_Motors: 29.191 V
[LIFT] V_Compute: 29.294 V
[LIFT] V_Motors: 29.191 V
[LIFT] V_Compute: 29.289 V
[LIFT] V_Motors: 29.192 V
[LIFT] V_Compute: 29.291 V
[LIFT] V_Motors: 29.199 V
[LIFT] V_Compute: 29.290 V
[LIFT] V_Motors: 29.194 V
[LIFT] V_Compute: 29.294 V
[LIFT] V_Motors: 29.195 V
[LIFT] V_Compute: 29.294 V
[LIFT] V_Motors: 29.194 V
[LIFT] V_Compute: 29.290 V
[LIFT] V_Motors: 29.192 V
[LIFT] V_Compute: 29.288 V
[LIFT] V_Motors: 29.197 V
[LIFT] V_Compute: 29.296 V
[LIFT] V_Motors: 29.196 V
[LIFT] V_Compute: 29.285 V
[LIFT] V_Motors: 29.194 V
[LIFT] V_Compute: 29.291 V
[LIFT] V_Motors: 29.191 V
[LIFT] V_Compute: 29.290 V
[LIFT] V_Motors: 29.189 V
[LIFT] V_Compute: 29.290 V
[LIFT] V_Motors: 29.191 V
[LIFT] V_Compute: 29.288 V
[LIFT] V_Motors: 29.191 V
[LIFT] V_Compute: 29.289 V
[LIFT] V_Motors: 29.196 V
[LIFT] V_Compute: 29.288 V
[LIFT] V_Motors: 29.191 V
[LIFT] V_Compute: 29.288 V
[LIFT] V_Motors: 29.196 V
[LIFT] V_Compute: 29.285 V
[LIFT] V_Motors: 29.195 V
[LIFT] V_Compute: 29.290 V
[LIFT] V_Motors: 29.190 V
[LIFT] V_Compute: 29.291 V
[LIFT] V_Motors: 29.191 V
[LIFT] V_Compute: 29.279 V
[LIFT] V_Motors: 29.192 V
[LIFT] V_Compute: 29.290 V
[LIFT] V_Motors: 29.195 V
[LIFT] V_Compute: 29.288 V
[LIFT] V_Motors: 29.196 V
[LIFT] V_Compute: 29.290 V
[LIFT] V_Motors: 29.194 V
[LIFT] V_Compute: 29.291 V
[LIFT] V_Motors: 29.195 V
[LIFT] V_Compute: 29.289 V
[LIFT] V_Motors: 29.194 V
[LIFT] V_Compute: 29.289 V
[LIFT] V_Motors: 29.194 V
[LIFT] V_Compute: 29.290 V
[LIFT] V_Motors: 29.195 V
[LIFT] V_Compute: 29.292 V
[LIFT] V_Motors: 29.194 V
[LIFT] V_Compute: 29.289 V
[LIFT] V_Motors: 29.196 V
[LIFT] V_Compute: 29.289 V
[LIFT] V_Motors: 29.197 V
[LIFT] V_Compute: 29.290 V
[LIFT] V_Motors: 29.195 V
[LIFT] V_Compute: 29.288 V
[LIFT] V_Motors: 29.197 V
[LIFT] V_Compute: 29.292 V
[LIFT] V_Motors: 29.192 V
[LIFT] V_Compute: 29.290 V
[LIFT] V_Motors: 29.194 V
[LIFT] V_Compute: 29.292 V
[LIFT] V_Motors: 29.192 V
[LIFT] V_Compute: 29.291 V
[LIFT] V_Motors: 29.195 V
[LIFT] V_Compute: 29.290 V
[LIFT] V_Motors: 29.195 V
[LIFT] V_Compute: 29.290 V
[LIFT] V_Motors: 29.192 V
[LIFT] V_Compute: 29.288 V
[LIFT] V_Motors: 29.196 V
[LIFT] V_Compute: 29.294 V
[LIFT] V_Motors: 29.194 V
[LIFT] V_Compute: 29.291 V
[LIFT] V_Motors: 29.196 V
[LIFT] V_Compute: 29.285 V
[LIFT] V_Motors: 29.192 V
[LIFT] V_Compute: 29.290 V
[LIFT] V_Motors: 29.197 V
[LIFT] V_Compute: 29.281 V
[LIFT] V_Motors: 29.189 V
[LIFT] V_Compute: 29.288 V
[LIFT] V_Motors: 29.192 V
[LIFT] V_Compute: 29.288 V
[LIFT] V_Motors: 29.190 V
[LIFT] V_Compute: 29.284 V
[LIFT] V_Motors: 29.191 V
[LIFT] V_Compute: 29.289 V
[LIFT] V_Motors: 29.191 V
[LIFT] V_Compute: 29.291 V
[LIFT] V_Motors: 29.194 V
[LIFT] V_Compute: 29.290 V
[LIFT] V_Motors: 29.190 V
[LIFT] V_Compute: 29.288 V
[LIFT] V_Motors: 29.190 V
[LIFT] V_Compute: 29.289 V
[LIFT] V_Motors: 29.194 V
[LIFT] V_Compute: 29.286 V
[LIFT] V_Motors: 29.192 V
[LIFT] V_Compute: 29.284 V
[LIFT] V_Motors: 29.196 V
[LIFT] V_Compute: 29.280 V
[LIFT] V_Motors: 29.192 V
[LIFT] V_Compute: 29.288 V
[LIFT] V_Motors: 29.191 V
[LIFT] V_Compute: 29.292 V
[LIFT] V_Motors: 29.192 V
[LIFT] V_Compute: 29.292 V
[LIFT] V_Motors: 29.191 V
[LIFT] V_Compute: 29.285 V
[LIFT] V_Motors: 29.194 V
[LIFT] V_Compute: 29.291 V
[LIFT] V_Motors: 29.194 V
[LIFT] V_Compute: 29.288 V
[LIFT] V_Motors: 29.195 V
[LIFT] V_Compute: 29.285 V
[LIFT] V_Motors: 29.192 V
[LIFT] V_Compute: 29.282 V
[LIFT] V_Motors: 29.191 V
[LIFT] V_Compute: 29.288 V
[LIFT] V_Motors: 29.191 V
[LIFT] V_Compute: 29.288 V
[LIFT] V_Motors: 29.192 V
[LIFT] V_Compute: 29.282 V
[LIFT] V_Motors: 29.194 V
[LIFT] V_Compute: 29.286 V
[LIFT] V_Motors: 29.195 V
[LIFT] V_Compute: 29.286 V
[LIFT] V_Motors: 29.192 V
[LIFT] V_Compute: 29.282 V
[LIFT] V_Motors: 29.187 V
[LIFT] V_Compute: 29.280 V
[LIFT] V_Motors: 29.190 V
[LIFT] V_Compute: 29.284 V
[LIFT] V_Motors: 29.194 V
[LIFT] V_Compute: 29.282 V
[LIFT] V_Motors: 29.187 V
[LIFT] V_Compute: 29.281 V
[LIFT] V_Motors: 29.183 V
[LIFT] V_Compute: 29.289 V
[LIFT] V_Motors: 29.194 V
[LIFT] V_Compute: 29.284 V
[LIFT] V_Motors: 29.189 V
[LIFT] V_Compute: 29.286 V
[LIFT] V_Motors: 29.194 V
[LIFT] V_Compute: 29.285 V
[LIFT] V_Motors: 29.192 V
[LIFT] V_Compute: 29.288 V
[LIFT] V_Motors: 29.195 V
[LIFT] V_Compute: 29.282 V
[LIFT] V_Motors: 29.190 V
[LIFT] V_Compute: 29.284 V
[LIFT] V_Motors: 29.194 V
[LIFT] V_Compute: 29.272 V
[LIFT] V_Motors: 29.192 V
[LIFT] V_Compute: 29.286 V
[LIFT] V_Motors: 29.190 V
[LIFT] V_Compute: 29.279 V
[LIFT] V_Motors: 29.191 V
[LIFT] V_Compute: 29.288 V
[LIFT] V_Motors: 29.191 V
[LIFT] V_Compute: 29.285 V
[LIFT] V_Motors: 29.192 V
[LIFT] V_Compute: 29.291 V
[LIFT] V_Motors: 29.191 V
[LIFT] V_Compute: 29.282 V
[LIFT] V_Motors: 29.191 V
[LIFT] V_Compute: 29.284 V
[LIFT] V_Motors: 29.189 V
[LIFT] V_Compute: 29.284 V
[LIFT] V_Motors: 29.190 V
[LIFT] V_Compute: 29.292 V
[LIFT] V_Motors: 29.190 V
[LIFT] V_Compute: 29.286 V
[LIFT] V_Motors: 29.191 V
[LIFT] V_Compute: 29.285 V
[LIFT] V_Motors: 29.191 V
[LIFT] V_Compute: 29.280 V
[LIFT] V_Motors: 29.184 V
[LIFT] V_Compute: 29.285 V
[LIFT] V_Motors: 29.191 V
[LIFT] V_Compute: 29.284 V
[LIFT] V_Motors: 29.191 V
[LIFT] V_Compute: 29.286 V
[LIFT] V_Motors: 29.196 V
[LIFT] V_Compute: 29.288 V
[LIFT] V_Motors: 29.192 V
[LIFT] V_Compute: 29.285 V
[LIFT] V_Motors: 29.191 V
[LIFT] V_Compute: 29.282 V
[LIFT] V_Motors: 29.191 V
[LIFT] V_Compute: 29.284 V
[LIFT] V_Motors: 29.192 V
[LIFT] V_Compute: 29.288 V
[LIFT] V_Motors: 29.189 V
[LIFT] V_Compute: 29.285 V
[LIFT] V_Motors: 29.187 V
[LIFT] V_Compute: 29.285 V
[LIFT] V_Motors: 29.191 V
[LIFT] V_Compute: 29.281 V
[LIFT] V_Motors: 29.191 V
[LIFT] V_Compute: 29.280 V
[LIFT] V_Motors: 29.187 V
[LIFT] V_Compute: 29.282 V
[LIFT] V_Motors: 29.192 V
[LIFT] V_Compute: 29.276 V
[LIFT] V_Motors: 29.187 V
[LIFT] V_Compute: 29.281 V
[LIFT] V_Motors: 29.187 V
[LIFT] V_Compute: 29.282 V
[LIFT] V_Motors: 29.192 V
[LIFT] V_Compute: 29.286 V
[LIFT] V_Motors: 29.192 V
[LIFT] V_Compute: 29.285 V
[LIFT] V_Motors: 29.189 V
[LIFT] V_Compute: 29.286 V
[LIFT] V_Motors: 29.190 V
[LIFT] V_Compute: 29.279 V
[LIFT] V_Motors: 29.187 V
[LIFT] V_Compute: 29.289 V
[LIFT] V_Motors: 29.191 V
[LIFT] V_Compute: 29.282 V
[LIFT] V_Motors: 29.191 V
[LIFT] V_Compute: 29.281 V
[LIFT] V_Motors: 29.192 V
[LIFT] V_Compute: 29.280 V
[LIFT] V_Motors: 29.186 V
[LIFT] V_Compute: 29.282 V
[LIFT] V_Motors: 29.190 V
[LIFT] V_Compute: 29.288 V
[LIFT] V_Motors: 29.184 V
[LIFT] V_Compute: 29.289 V
[LIFT] V_Motors: 29.191 V
[LIFT] V_Compute: 29.279 V
[LIFT] V_Motors: 29.192 V
[LIFT] V_Compute: 29.286 V
[LIFT] V_Motors: 29.189 V
[LIFT] V_Compute: 29.281 V
[LIFT] V_Motors: 29.189 V
[LIFT] V_Compute: 29.286 V
[LIFT] V_Motors: 29.191 V
[LIFT] V_Compute: 29.276 V
[LIFT] V_Motors: 29.189 V
[LIFT] V_Compute: 29.280 V
[LIFT] V_Motors: 29.184 V
[LIFT] V_Compute: 29.284 V
[LIFT] V_Motors: 29.192 V
[LIFT] V_Compute: 29.284 V
[LIFT] V_Motors: 29.187 V
[LIFT] V_Compute: 29.277 V
[LIFT] V_Motors: 29.187 V
[LIFT] V_Compute: 29.288 V
[LIFT] V_Motors: 29.190 V
[LIFT] V_Compute: 29.286 V
[LIFT] V_Motors: 29.189 V
[LIFT] V_Compute: 29.275 V
[LIFT] V_Motors: 29.189 V
[LIFT] V_Compute: 29.280 V
[LIFT] V_Motors: 29.186 V
[LIFT] V_Compute: 29.285 V
[LIFT] V_Motors: 29.191 V
[LIFT] V_Compute: 29.282 V
[LIFT] V_Motors: 29.186 V
[LIFT] V_Compute: 29.279 V
[LIFT] V_Motors: 29.190 V
[LIFT] V_Compute: 29.282 V
[LIFT] V_Motors: 29.191 V
[LIFT] V_Compute: 29.285 V
[LIFT] V_Motors: 29.189 V
[LIFT] V_Compute: 29.282 V
[LIFT] V_Motors: 29.190 V
[LIFT] V_Compute: 29.281 V
[LIFT] V_Motors: 29.190 V
[LIFT] V_Compute: 29.280 V
[LIFT] V_Motors: 29.190 V
[LIFT] V_Compute: 29.279 V
[LIFT] V_Motors: 29.186 V
[LIFT] V_Compute: 29.284 V
[LIFT] V_Motors: 29.189 V
[LIFT] V_Compute: 29.282 V
[LIFT] V_Motors: 29.190 V
[LIFT] V_Compute: 29.277 V
[LIFT] V_Motors: 29.190 V
[LIFT] V_Compute: 29.282 V
[LIFT] V_Motors: 29.186 V
[LIFT] V_Compute: 29.280 V
[LIFT] V_Motors: 29.187 V
[LIFT] V_Compute: 29.282 V
[LIFT] V_Motors: 29.187 V
[LIFT] V_Compute: 29.286 V
[LIFT] V_Motors: 29.187 V
[LIFT] V_Compute: 29.284 V
[LIFT] V_Motors: 29.189 V
[LIFT] V_Compute: 29.284 V
[LIFT] V_Motors: 29.190 V
[LIFT] V_Compute: 29.280 V
[LIFT] V_Motors: 29.184 V
[LIFT] V_Compute: 29.281 V
[LIFT] V_Motors: 29.180 V
[LIFT] V_Compute: 29.282 V
[LIFT] V_Motors: 29.190 V
[LIFT] V_Compute: 29.286 V
[LIFT] V_Motors: 29.192 V
[LIFT] V_Compute: 29.280 V
[LIFT] V_Motors: 29.185 V
[LIFT] V_Compute: 29.285 V
[LIFT] V_Motors: 29.186 V
[LIFT] V_Compute: 29.277 V
[LIFT] V_Motors: 29.190 V
[LIFT] V_Compute: 29.279 V
[LIFT] V_Motors: 29.187 V
[LIFT] V_Compute: 29.277 V
[LIFT] V_Motors: 29.185 V
[LIFT] V_Compute: 29.280 V
[LIFT] V_Motors: 29.186 V
[LIFT] V_Compute: 29.282 V
[LIFT] V_Motors: 29.184 V
[LIFT] V_Compute: 29.284 V
[LIFT] V_Motors: 29.184 V
[LIFT] V_Compute: 29.281 V
[LIFT] V_Motors: 29.189 V
[LIFT] V_Compute: 29.282 V
[LIFT] V_Motors: 29.186 V
[LIFT] V_Compute: 29.282 V
[LIFT] V_Motors: 29.187 V
[LIFT] V_Compute: 29.279 V
[LIFT] V_Motors: 29.186 V
[LIFT] V_Compute: 29.284 V
[LIFT] V_Motors: 29.187 V
[LIFT] V_Compute: 29.279 V
[LIFT] V_Motors: 29.187 V
[LIFT] V_Compute: 29.280 V
[LIFT] V_Motors: 29.185 V
[LIFT] V_Compute: 29.279 V
[LIFT] V_Motors: 29.187 V
[LIFT] V_Compute: 29.286 V
[LIFT] V_Motors: 29.187 V
[LIFT] V_Compute: 29.281 V
[LIFT] V_Motors: 29.183 V
[LIFT] V_Compute: 29.275 V
[LIFT] V_Motors: 29.186 V
[LIFT] V_Compute: 29.280 V
[LIFT] V_Motors: 29.185 V
[LIFT] V_Compute: 29.280 V
[LIFT] V_Motors: 29.186 V
[LIFT] V_Compute: 29.276 V
[LIFT] V_Motors: 29.185 V
[LIFT] V_Compute: 29.271 V
[LIFT] V_Motors: 29.181 V
[LIFT] V_Compute: 29.282 V
[LIFT] V_Motors: 29.190 V
[LIFT] V_Compute: 29.271 V
[LIFT] V_Motors: 29.189 V
[LIFT] V_Compute: 29.276 V
[LIFT] V_Motors: 29.187 V
[LIFT] V_Compute: 29.277 V
[LIFT] V_Motors: 29.184 V
[LIFT] V_Compute: 29.276 V
[LIFT] V_Motors: 29.180 V
[LIFT] V_Compute: 29.270 V
[LIFT] V_Motors: 29.184 V
[LIFT] V_Compute: 29.284 V
[LIFT] V_Motors: 29.190 V
[LIFT] V_Compute: 29.280 V
[LIFT] V_Motors: 29.186 V
[LIFT] V_Compute: 29.276 V
[LIFT] V_Motors: 29.175 V
[LIFT] V_Compute: 29.279 V
[LIFT] V_Motors: 29.186 V
[LIFT] V_Compute: 29.284 V
[LIFT] V_Motors: 29.187 V
[LIFT] V_Compute: 29.275 V
[LIFT] V_Motors: 29.185 V
[LIFT] V_Compute: 29.284 V
[LIFT] V_Motors: 29.180 V
[LIFT] V_Compute: 29.269 V
[LIFT] V_Motors: 29.179 V
[LIFT] V_Compute: 29.277 V
[LIFT] V_Motors: 29.185 V
[LIFT] V_Compute: 29.275 V
[LIFT] V_Motors: 29.183 V
[LIFT] V_Compute: 29.275 V
[LIFT] V_Motors: 29.185 V
[LIFT] V_Compute: 29.267 V
[LIFT] V_Motors: 29.184 V
[LIFT] V_Compute: 29.280 V
[LIFT] V_Motors: 29.190 V
[LIFT] V_Compute: 29.276 V
[LIFT] V_Motors: 29.185 V
[LIFT] V_Compute: 29.279 V
[LIFT] V_Motors: 29.186 V
[LIFT] V_Compute: 29.274 V
[LIFT] V_Motors: 29.185 V
[LIFT] V_Compute: 29.280 V
[LIFT] V_Motors: 29.181 V
[LIFT] V_Compute: 29.272 V
[LIFT] V_Motors: 29.183 V
[LIFT] V_Compute: 29.279 V
[LIFT] V_Motors: 29.185 V
[LIFT] V_Compute: 29.267 V
[LIFT] V_Motors: 29.179 V
[LIFT] V_Compute: 29.275 V
[LIFT] V_Motors: 29.183 V
[LIFT] V_Compute: 29.275 V
[LIFT] V_Motors: 29.175 V
[LIFT] V_Compute: 29.279 V
[LIFT] V_Motors: 29.186 V
[LIFT] V_Compute: 29.265 V
[LIFT] V_Motors: 29.183 V
[LIFT] V_Compute: 29.275 V
[LIFT] V_Motors: 29.185 V
[LIFT] V_Compute: 29.275 V
[LIFT] V_Motors: 29.177 V
[LIFT] V_Compute: 29.276 V
[LIFT] V_Motors: 29.186 V
[LIFT] V_Compute: 29.279 V
[LIFT] V_Motors: 29.181 V
[LIFT] V_Compute: 29.277 V
[LIFT] V_Motors: 29.187 V
[LIFT] V_Compute: 29.270 V
[LIFT] V_Motors: 29.180 V
[LIFT] V_Compute: 29.279 V
[LIFT] V_Motors: 29.184 V
[LIFT] V_Compute: 29.275 V
[LIFT] V_Motors: 29.177 V
[LIFT] V_Compute: 29.276 V
[LIFT] V_Motors: 29.183 V
[LIFT] V_Compute: 29.269 V
[LIFT] V_Motors: 29.184 V
[LIFT] V_Compute: 29.281 V
[LIFT] V_Motors: 29.185 V
[LIFT] V_Compute: 29.279 V
[LIFT] V_Motors: 29.177 V
[LIFT] V_Compute: 29.272 V
[LIFT] V_Motors: 29.185 V
[LIFT] V_Compute: 29.274 V
[LIFT] V_Motors: 29.177 V
[LIFT] V_Compute: 29.277 V
[LIFT] V_Motors: 29.185 V
[LIFT] V_Compute: 29.277 V
[LIFT] V_Motors: 29.181 V
[LIFT] V_Compute: 29.274 V
[LIFT] V_Motors: 29.183 V
[LIFT] V_Compute: 29.274 V
[LIFT] V_Motors: 29.173 V
[LIFT] V_Compute: 29.277 V
[LIFT] V_Motors: 29.181 V
[LIFT] V_Compute: 29.279 V
[LIFT] V_Motors: 29.179 V
[LIFT] V_Compute: 29.280 V
[LIFT] V_Motors: 29.179 V
[LIFT] V_Compute: 29.271 V
[LIFT] V_Motors: 29.180 V
[LIFT] V_Compute: 29.275 V
[LIFT] V_Motors: 29.183 V
[LIFT] V_Compute: 29.274 V
[LIFT] V_Motors: 29.183 V
[LIFT] V_Compute: 29.276 V
[LIFT] V_Motors: 29.179 V
[LIFT] V_Compute: 29.277 V
[LIFT] V_Motors: 29.184 V
[LIFT] V_Compute: 29.275 V
[LIFT] V_Motors: 29.184 V
[LIFT] V_Compute: 29.279 V
[LIFT] V_Motors: 29.180 V
[LIFT] V_Compute: 29.275 V
[LIFT] V_Motors: 29.184 V
[LIFT] V_Compute: 29.276 V
[LIFT] V_Motors: 29.179 V
[LIFT] V_Compute: 29.271 V
[LIFT] V_Motors: 29.180 V
[LIFT] V_Compute: 29.284 V
[LIFT] V_Motors: 29.179 V
[LIFT] V_Compute: 29.271 V
[LIFT] V_Motors: 29.179 V
[LIFT] V_Compute: 29.275 V
[LIFT] V_Motors: 29.181 V
[LIFT] V_Compute: 29.271 V
[LIFT] V_Motors: 29.177 V
[LIFT] V_Compute: 29.277 V
[LIFT] V_Motors: 29.181 V
[LIFT] V_Compute: 29.270 V
[LIFT] V_Motors: 29.183 V
[LIFT] V_Compute: 29.274 V
[LIFT] V_Motors: 29.176 V
[LIFT] V_Compute: 29.277 V
[LIFT] V_Motors: 29.180 V
[LIFT] V_Compute: 29.275 V
[LIFT] V_Motors: 29.181 V
[LIFT] V_Compute: 29.279 V
[LIFT] V_Motors: 29.183 V
[LIFT] V_Compute: 29.277 V
[LIFT] V_Motors: 29.184 V
[LIFT] V_Compute: 29.276 V
[LIFT] V_Motors: 29.180 V
[LIFT] V_Compute: 29.279 V
[LIFT] V_Motors: 29.179 V
[LIFT] V_Compute: 29.280 V
[LIFT] V_Motors: 29.184 V
[LIFT] V_Compute: 29.276 V
[LIFT] V_Motors: 29.184 V
[LIFT] V_Compute: 29.277 V
[LIFT] V_Motors: 29.181 V
[LIFT] V_Compute: 29.277 V
[LIFT] V_Motors: 29.183 V
[LIFT] V_Compute: 29.270 V
[LIFT] V_Motors: 29.177 V
[LIFT] V_Compute: 29.275 V
[LIFT] V_Motors: 29.183 V
[LIFT] V_Compute: 29.275 V
[LIFT] V_Motors: 29.183 V
[LIFT] V_Compute: 29.271 V
[LIFT] V_Motors: 29.177 V
[LIFT] V_Compute: 29.274 V
[LIFT] V_Motors: 29.180 V
[LIFT] V_Compute: 29.277 V
[LIFT] V_Motors: 29.180 V
[LIFT] V_Compute: 29.272 V
[LIFT] V_Motors: 29.180 V
[LIFT] V_Compute: 29.266 V
[LIFT] V_Motors: 29.181 V
[LIFT] V_Compute: 29.272 V
[LIFT] V_Motors: 29.183 V
[LIFT] V_Compute: 29.270 V
[LIFT] V_Motors: 29.177 V
[LIFT] V_Compute: 29.275 V
[LIFT] V_Motors: 29.177 V
[LIFT] V_Compute: 29.275 V
[LIFT] V_Motors: 29.179 V
[LIFT] V_Compute: 29.274 V
[LIFT] V_Motors: 29.177 V
[LIFT] V_Compute: 29.274 V
[LIFT] V_Motors: 29.184 V
[LIFT] V_Compute: 29.272 V
[LIFT] V_Motors: 29.179 V
[LIFT] V_Compute: 29.275 V
[LIFT] V_Motors: 29.179 V
[LIFT] V_Compute: 29.277 V
[LIFT] V_Motors: 29.180 V
[LIFT] V_Compute: 29.270 V
[LIFT] V_Motors: 29.179 V
[LIFT] V_Compute: 29.274 V
[LIFT] V_Motors: 29.183 V
[LIFT] V_Compute: 29.274 V
[LIFT] V_Motors: 29.180 V
[LIFT] V_Compute: 29.274 V
[LIFT] V_Motors: 29.177 V
[LIFT] V_Compute: 29.277 V
[LIFT] V_Motors: 29.179 V
[LIFT] V_Compute: 29.274 V
[LIFT] V_Motors: 29.181 V
[LIFT] V_Compute: 29.272 V
[LIFT] V_Motors: 29.180 V
[LIFT] V_Compute: 29.276 V
[LIFT] V_Motors: 29.180 V
[LIFT] V_Compute: 29.276 V
[LIFT] V_Motors: 29.177 V
[LIFT] V_Compute: 29.272 V
[LIFT] V_Motors: 29.177 V
[LIFT] V_Compute: 29.276 V
[LIFT] V_Motors: 29.176 V
[LIFT] V_Compute: 29.274 V
[LIFT] V_Motors: 29.179 V
[LIFT] V_Compute: 29.274 V
[LIFT] V_Motors: 29.176 V
[LIFT] V_Compute: 29.271 V
[LIFT] V_Motors: 29.177 V
[LIFT] V_Compute: 29.272 V
[LIFT] V_Motors: 29.177 V
[LIFT] V_Compute: 29.271 V
[LIFT] V_Motors: 29.179 V
[LIFT] V_Compute: 29.275 V
[LIFT] V_Motors: 29.180 V
[LIFT] V_Compute: 29.272 V
[LIFT] V_Motors: 29.177 V
[LIFT] V_Compute: 29.274 V
[LIFT] V_Motors: 29.179 V
[LIFT] V_Compute: 29.271 V
[LIFT] V_Motors: 29.177 V
[LIFT] V_Compute: 29.271 V
[LIFT] V_Motors: 29.180 V
[LIFT] V_Compute: 29.276 V
[LIFT] V_Motors: 29.179 V
[LIFT] V_Compute: 29.276 V
[LIFT] V_Motors: 29.176 V
[LIFT] V_Compute: 29.270 V
[LIFT] V_Motors: 29.179 V
[LIFT] V_Compute: 29.270 V
[LIFT] V_Motors: 29.180 V
[LIFT] V_Compute: 29.275 V
[LIFT] V_Motors: 29.175 V
[LIFT] V_Compute: 29.272 V
[LIFT] V_Motors: 29.175 V
[LIFT] V_Compute: 29.270 V
[LIFT] V_Motors: 29.176 V
[LIFT] V_Compute: 29.279 V
[LIFT] V_Motors: 29.180 V
[LIFT] V_Compute: 29.275 V
[LIFT] V_Motors: 29.177 V
[LIFT] V_Compute: 29.265 V
[LIFT] V_Motors: 29.174 V
[LIFT] V_Compute: 29.272 V
[LIFT] V_Motors: 29.179 V
[LIFT] V_Compute: 29.270 V
[LIFT] V_Motors: 29.183 V
[LIFT] V_Compute: 29.266 V
[LIFT] V_Motors: 29.174 V
[LIFT] V_Compute: 29.272 V
[LIFT] V_Motors: 29.175 V
[LIFT] V_Compute: 29.272 V
[LIFT] V_Motors: 29.179 V
[LIFT] V_Compute: 29.269 V
[LIFT] V_Motors: 29.176 V
[LIFT] V_Compute: 29.269 V
[LIFT] V_Motors: 29.174 V
[LIFT] V_Compute: 29.267 V
[LIFT] V_Motors: 29.175 V
[LIFT] V_Compute: 29.275 V
[LIFT] V_Motors: 29.176 V
[LIFT] V_Compute: 29.272 V
[LIFT] V_Motors: 29.176 V
[LIFT] V_Compute: 29.276 V
[LIFT] V_Motors: 29.174 V
[LIFT] V_Compute: 29.270 V
[LIFT] V_Motors: 29.181 V
[LIFT] V_Compute: 29.274 V
[LIFT] V_Motors: 29.175 V
[LIFT] V_Compute: 29.270 V
[LIFT] V_Motors: 29.179 V
[LIFT] V_Compute: 29.276 V
[LIFT] V_Motors: 29.177 V
[LIFT] V_Compute: 29.272 V
[LIFT] V_Motors: 29.179 V
[LIFT] V_Compute: 29.270 V
[LIFT] V_Motors: 29.177 V
[LIFT] V_Compute: 29.275 V
[LIFT] V_Motors: 29.175 V
[LIFT] V_Compute: 29.271 V
[LIFT] V_Motors: 29.180 V
[LIFT] V_Compute: 29.271 V
[LIFT] V_Motors: 29.175 V
[LIFT] V_Compute: 29.272 V
[LIFT] V_Motors: 29.174 V
[LIFT] V_Compute: 29.267 V
[LIFT] V_Motors: 29.179 V
[LIFT] V_Compute: 29.272 V
[LIFT] V_Motors: 29.176 V
[LIFT] V_Compute: 29.274 V
[LIFT] V_Motors: 29.176 V
[LIFT] V_Compute: 29.272 V
[LIFT] V_Motors: 29.177 V
[LIFT] V_Compute: 29.267 V
[LIFT] V_Motors: 29.176 V
[LIFT] V_Compute: 29.274 V
[LIFT] V_Motors: 29.175 V
[LIFT] V_Compute: 29.275 V
[LIFT] V_Motors: 29.175 V
[LIFT] V_Compute: 29.265 V
[LIFT] V_Motors: 29.176 V
[LIFT] V_Compute: 29.267 V
[LIFT] V_Motors: 29.173 V
[LIFT] V_Compute: 29.274 V
[LIFT] V_Motors: 29.174 V
[LIFT] V_Compute: 29.270 V
[LIFT] V_Motors: 29.175 V
[LIFT] V_Compute: 29.266 V
[LIFT] V_Motors: 29.177 V
[LIFT] V_Compute: 29.267 V
[LIFT] V_Motors: 29.174 V
[LIFT] V_Compute: 29.270 V
[LIFT] V_Motors: 29.174 V
[LIFT] V_Compute: 29.271 V
[LIFT] V_Motors: 29.175 V
[LIFT] V_Compute: 29.272 V
[LIFT] V_Motors: 29.175 V
[LIFT] V_Compute: 29.263 V
[LIFT] V_Motors: 29.175 V
[LIFT] V_Compute: 29.270 V
[LIFT] V_Motors: 29.171 V
[LIFT] V_Compute: 29.274 V
[LIFT] V_Motors: 29.173 V
[LIFT] V_Compute: 29.266 V
[LIFT] V_Motors: 29.171 V
[LIFT] V_Compute: 29.272 V
[LIFT] V_Motors: 29.177 V
[LIFT] V_Compute: 29.272 V
[LIFT] V_Motors: 29.175 V
[LIFT] V_Compute: 29.270 V
[LIFT] V_Motors: 29.173 V
[LIFT] V_Compute: 29.264 V
[LIFT] V_Motors: 29.170 V
[LIFT] V_Compute: 29.269 V
[LIFT] V_Motors: 29.173 V
[LIFT] V_Compute: 29.272 V
[LIFT] V_Motors: 29.173 V
[LIFT] V_Compute: 29.269 V
[LIFT] V_Motors: 29.173 V
[LIFT] V_Compute: 29.267 V
[LIFT] V_Motors: 29.171 V
[LIFT] V_Compute: 29.267 V
[LIFT] V_Motors: 29.176 V
[LIFT] V_Compute: 29.270 V
[LIFT] V_Motors: 29.176 V
[LIFT] V_Compute: 29.271 V
[LIFT] V_Motors: 29.171 V
[LIFT] V_Compute: 29.269 V
[LIFT] V_Motors: 29.171 V
[LIFT] V_Compute: 29.270 V
[LIFT] V_Motors: 29.173 V
[LIFT] V_Compute: 29.266 V
[LIFT] V_Motors: 29.175 V
[LIFT] V_Compute: 29.266 V
[LIFT] V_Motors: 29.171 V
[LIFT] V_Compute: 29.266 V
[LIFT] V_Motors: 29.171 V
[LIFT] V_Compute: 29.269 V
[LIFT] V_Motors: 29.174 V
[LIFT] V_Compute: 29.266 V
[LIFT] V_Motors: 29.176 V
[LIFT] V_Compute: 29.270 V
[LIFT] V_Motors: 29.173 V
[LIFT] V_Compute: 29.265 V
[LIFT] V_Motors: 29.170 V
[LIFT] V_Compute: 29.267 V
[LIFT] V_Motors: 29.171 V
[LIFT] V_Compute: 29.269 V
[LIFT] V_Motors: 29.175 V
[LIFT] V_Compute: 29.267 V
[LIFT] V_Motors: 29.175 V
[LIFT] V_Compute: 29.272 V
[LIFT] V_Motors: 29.173 V
[LIFT] V_Compute: 29.275 V
[LIFT] V_Motors: 29.174 V
[LIFT] V_Compute: 29.274 V
[LIFT] V_Motors: 29.171 V
[LIFT] V_Compute: 29.267 V
[LIFT] V_Motors: 29.174 V
[LIFT] V_Compute: 29.263 V
[LIFT] V_Motors: 29.171 V
[LIFT] V_Compute: 29.263 V
[LIFT] V_Motors: 29.174 V
[LIFT] V_Compute: 29.270 V
[LIFT] V_Motors: 29.171 V
[LIFT] V_Compute: 29.264 V
[LIFT] V_Motors: 29.171 V
[LIFT] V_Compute: 29.265 V
[LIFT] V_Motors: 29.171 V
[LIFT] V_Compute: 29.266 V
[LIFT] V_Motors: 29.173 V
[LIFT] V_Compute: 29.269 V
[LIFT] V_Motors: 29.170 V
[LIFT] V_Compute: 29.270 V
[LIFT] V_Motors: 29.173 V
[LIFT] V_Compute: 29.269 V
[LIFT] V_Motors: 29.174 V
[LIFT] V_Compute: 29.272 V
[LIFT] V_Motors: 29.170 V
[LIFT] V_Compute: 29.263 V
[LIFT] V_Motors: 29.171 V
[LIFT] V_Compute: 29.269 V
[LIFT] V_Motors: 29.169 V
[LIFT] V_Compute: 29.265 V
[LIFT] V_Motors: 29.169 V
[LIFT] V_Compute: 29.266 V
[LIFT] V_Motors: 29.173 V
[LIFT] V_Compute: 29.269 V
[LIFT] V_Motors: 29.169 V
[LIFT] V_Compute: 29.267 V
[LIFT] V_Motors: 29.173 V
[LIFT] V_Compute: 29.270 V
[LIFT] V_Motors: 29.167 V
[LIFT] V_Compute: 29.266 V
[LIFT] V_Motors: 29.170 V
[LIFT] V_Compute: 29.267 V
[LIFT] V_Motors: 29.171 V
[LIFT] V_Compute: 29.266 V
[LIFT] V_Motors: 29.173 V
[LIFT] V_Compute: 29.265 V
[LIFT] V_Motors: 29.171 V
[LIFT] V_Compute: 29.272 V
[LIFT] V_Motors: 29.170 V
[LIFT] V_Compute: 29.265 V
[LIFT] V_Motors: 29.174 V
[LIFT] V_Compute: 29.259 V
[LIFT] V_Motors: 29.169 V
[LIFT] V_Compute: 29.265 V
[LIFT] V_Motors: 29.173 V
[LIFT] V_Compute: 29.266 V
[LIFT] V_Motors: 29.170 V
[LIFT] V_Compute: 29.264 V
[LIFT] V_Motors: 29.174 V
[LIFT] V_Compute: 29.266 V
[LIFT] V_Motors: 29.174 V
[LIFT] V_Compute: 29.261 V
[LIFT] V_Motors: 29.171 V
[LIFT] V_Compute: 29.270 V
[LIFT] V_Motors: 29.175 V
[LIFT] V_Compute: 29.266 V
[LIFT] V_Motors: 29.171 V
[LIFT] V_Compute: 29.261 V
[LIFT] V_Motors: 29.174 V
[LIFT] V_Compute: 29.266 V
[LIFT] V_Motors: 29.169 V
[LIFT] V_Compute: 29.267 V
[LIFT] V_Motors: 29.171 V
[LIFT] V_Compute: 29.264 V
[LIFT] V_Motors: 29.170 V
[LIFT] V_Compute: 29.266 V
[LIFT] V_Motors: 29.167 V
[LIFT] V_Compute: 29.272 V
[LIFT] V_Motors: 29.166 V
[LIFT] V_Compute: 29.264 V
[LIFT] V_Motors: 29.170 V
[LIFT] V_Compute: 29.265 V
[LIFT] V_Motors: 29.171 V
[LIFT] V_Compute: 29.266 V
[LIFT] V_Motors: 29.175 V
[LIFT] V_Compute: 29.263 V
[LIFT] V_Motors: 29.170 V
[LIFT] V_Compute: 29.267 V
[LIFT] V_Motors: 29.173 V
[LIFT] V_Compute: 29.266 V
[LIFT] V_Motors: 29.170 V
[LIFT] V_Compute: 29.261 V
[LIFT] V_Motors: 29.169 V
[LIFT] V_Compute: 29.263 V
[LIFT] V_Motors: 29.171 V
[LIFT] V_Compute: 29.266 V
[LIFT] V_Motors: 29.170 V
[LIFT] V_Compute: 29.266 V
[LIFT] V_Motors: 29.166 V
[LIFT] V_Compute: 29.264 V
[LIFT] V_Motors: 29.167 V
[LIFT] V_Compute: 29.266 V
[LIFT] V_Motors: 29.167 V
[LIFT] V_Compute: 29.267 V
[LIFT] V_Motors: 29.169 V
[LIFT] V_Compute: 29.270 V
[LIFT] V_Motors: 29.170 V
[LIFT] V_Compute: 29.264 V
[LIFT] V_Motors: 29.170 V
[LIFT] V_Compute: 29.259 V
[LIFT] V_Motors: 29.166 V
[LIFT] V_Compute: 29.267 V
[LIFT] V_Motors: 29.171 V
[LIFT] V_Compute: 29.270 V
[LIFT] V_Motors: 29.170 V
[LIFT] V_Compute: 29.267 V
[LIFT] V_Motors: 29.166 V
[LIFT] V_Compute: 29.264 V
[LIFT] V_Motors: 29.167 V
[LIFT] V_Compute: 29.264 V
[LIFT] V_Motors: 29.170 V
[LIFT] V_Compute: 29.270 V
[LIFT] V_Motors: 29.169 V
[LIFT] V_Compute: 29.264 V
[LIFT] V_Motors: 29.166 V
[LIFT] V_Compute: 29.265 V
[LIFT] V_Motors: 29.169 V
[LIFT] V_Compute: 29.260 V
[LIFT] V_Motors: 29.170 V
[LIFT] V_Compute: 29.264 V
[LIFT] V_Motors: 29.167 V
[LIFT] V_Compute: 29.260 V
[LIFT] V_Motors: 29.167 V
[LIFT] V_Compute: 29.263 V
[LIFT] V_Motors: 29.167 V
[LIFT] V_Compute: 29.266 V
[LIFT] V_Motors: 29.167 V
[LIFT] V_Compute: 29.261 V
[LIFT] V_Motors: 29.165 V
[LIFT] V_Compute: 29.263 V
[LIFT] V_Motors: 29.165 V
[LIFT] V_Compute: 29.264 V
[LIFT] V_Motors: 29.164 V
[LIFT] V_Compute: 29.254 V
[LIFT] V_Motors: 29.170 V
[LIFT] V_Compute: 29.264 V
[LIFT] V_Motors: 29.170 V
[LIFT] V_Compute: 29.266 V
[LIFT] V_Motors: 29.166 V
[LIFT] V_Compute: 29.260 V
[LIFT] V_Motors: 29.169 V
[LIFT] V_Compute: 29.257 V
[LIFT] V_Motors: 29.164 V
[LIFT] V_Compute: 29.261 V
[LIFT] V_Motors: 29.165 V
[LIFT] V_Compute: 29.264 V
[LIFT] V_Motors: 29.165 V
[LIFT] V_Compute: 29.265 V
[LIFT] V_Motors: 29.170 V
[LIFT] V_Compute: 29.265 V
[LIFT] V_Motors: 29.169 V
[LIFT] V_Compute: 29.263 V
[LIFT] V_Motors: 29.169 V
[LIFT] V_Compute: 29.261 V
[LIFT] V_Motors: 29.170 V
[LIFT] V_Compute: 29.266 V
[LIFT] V_Motors: 29.165 V
[LIFT] V_Compute: 29.264 V
[LIFT] V_Motors: 29.167 V
[LIFT] V_Compute: 29.264 V
[LIFT] V_Motors: 29.167 V
[LIFT] V_Compute: 29.264 V
[LIFT] V_Motors: 29.165 V
[LIFT] V_Compute: 29.260 V
[LIFT] V_Motors: 29.166 V
[LIFT] V_Compute: 29.265 V
[LIFT] V_Motors: 29.169 V
[LIFT] V_Compute: 29.266 V
[LIFT] V_Motors: 29.165 V
[LIFT] V_Compute: 29.264 V
[LIFT] V_Motors: 29.165 V
[LIFT] V_Compute: 29.265 V
[LIFT] V_Motors: 29.166 V
[LIFT] V_Compute: 29.267 V
[LIFT] V_Motors: 29.165 V
[LIFT] V_Compute: 29.263 V
[LIFT] V_Motors: 29.170 V
[LIFT] V_Compute: 29.259 V
[LIFT] V_Motors: 29.161 V
[LIFT] V_Compute: 29.267 V
[LIFT] V_Motors: 29.166 V
[LIFT] V_Compute: 29.270 V
[LIFT] V_Motors: 29.165 V
[LIFT] V_Compute: 29.261 V
[LIFT] V_Motors: 29.170 V
[LIFT] V_Compute: 29.263 V
[LIFT] V_Motors: 29.164 V
[LIFT] V_Compute: 29.261 V
[LIFT] V_Motors: 29.166 V
[LIFT] V_Compute: 29.259 V
[LIFT] V_Motors: 29.161 V
[LIFT] V_Compute: 29.264 V
[LIFT] V_Motors: 29.169 V
[LIFT] V_Compute: 29.260 V
[LIFT] V_Motors: 29.161 V
[LIFT] V_Compute: 29.265 V
[LIFT] V_Motors: 29.167 V
[LIFT] V_Compute: 29.265 V
[LIFT] V_Motors: 29.166 V
[LIFT] V_Compute: 29.259 V
[LIFT] V_Motors: 29.167 V
[LIFT] V_Compute: 29.260 V
[LIFT] V_Motors: 29.160 V
[LIFT] V_Compute: 29.264 V
[LIFT] V_Motors: 29.164 V
[LIFT] V_Compute: 29.261 V
[LIFT] V_Motors: 29.163 V
[LIFT] V_Compute: 29.264 V
[LIFT] V_Motors: 29.167 V
[LIFT] V_Compute: 29.260 V
[LIFT] V_Motors: 29.166 V
[LIFT] V_Compute: 29.259 V
[LIFT] V_Motors: 29.167 V
[LIFT] V_Compute: 29.267 V
[LIFT] V_Motors: 29.165 V
[LIFT] V_Compute: 29.264 V
[LIFT] V_Motors: 29.167 V
[LIFT] V_Compute: 29.256 V
[LIFT] V_Motors: 29.165 V
[LIFT] V_Compute: 29.259 V
[LIFT] V_Motors: 29.166 V
[LIFT] V_Compute: 29.257 V
[LIFT] V_Motors: 29.163 V
[LIFT] V_Compute: 29.260 V
[LIFT] V_Motors: 29.163 V
[LIFT] V_Compute: 29.254 V
[LIFT] V_Motors: 29.163 V
[LIFT] V_Compute: 29.261 V
[LIFT] V_Motors: 29.164 V
[LIFT] V_Compute: 29.264 V
[LIFT] V_Motors: 29.167 V
[LIFT] V_Compute: 29.255 V
[LIFT] V_Motors: 29.161 V
[LIFT] V_Compute: 29.260 V
[LIFT] V_Motors: 29.164 V
[LIFT] V_Compute: 29.255 V
[LIFT] V_Motors: 29.165 V
[LIFT] V_Compute: 29.261 V
[LIFT] V_Motors: 29.163 V
[LIFT] V_Compute: 29.260 V
[LIFT] V_Motors: 29.163 V
[LIFT] V_Compute: 29.260 V
[LIFT] V_Motors: 29.163 V
[LIFT] V_Compute: 29.264 V
[LIFT] V_Motors: 29.166 V
[LIFT] V_Compute: 29.259 V
[LIFT] V_Motors: 29.163 V
[LIFT] V_Compute: 29.256 V
[LIFT] V_Motors: 29.161 V
[LIFT] V_Compute: 29.261 V
[LIFT] V_Motors: 29.164 V
[LIFT] V_Compute: 29.256 V
[LIFT] V_Motors: 29.164 V
[LIFT] V_Compute: 29.259 V
[LIFT] V_Motors: 29.164 V
[LIFT] V_Compute: 29.259 V
[LIFT] V_Motors: 29.170 V
[LIFT] V_Compute: 29.264 V
[LIFT] V_Motors: 29.163 V
[LIFT] V_Compute: 29.260 V
[LIFT] V_Motors: 29.165 V
[LIFT] V_Compute: 29.264 V
[LIFT] V_Motors: 29.163 V
[LIFT] V_Compute: 29.264 V
[LIFT] V_Motors: 29.163 V
[LIFT] V_Compute: 29.260 V
[LIFT] V_Motors: 29.165 V
[LIFT] V_Compute: 29.256 V
[LIFT] V_Motors: 29.159 V
[LIFT] V_Compute: 29.264 V
[LIFT] V_Motors: 29.164 V
[LIFT] V_Compute: 29.263 V
[LIFT] V_Motors: 29.163 V
[LIFT] V_Compute: 29.260 V
[LIFT] V_Motors: 29.163 V
[LIFT] V_Compute: 29.264 V
[LIFT] V_Motors: 29.161 V
[LIFT] V_Compute: 29.261 V
[LIFT] V_Motors: 29.165 V
[LIFT] V_Compute: 29.264 V
[LIFT] V_Motors: 29.164 V
[LIFT] V_Compute: 29.261 V
[LIFT] V_Motors: 29.163 V
[LIFT] V_Compute: 29.259 V
[LIFT] V_Motors: 29.161 V
[LIFT] V_Compute: 29.256 V
[LIFT] V_Motors: 29.163 V
[LIFT] V_Compute: 29.263 V
[LIFT] V_Motors: 29.161 V
[LIFT] V_Compute: 29.260 V
[LIFT] V_Motors: 29.161 V
[LIFT] V_Compute: 29.255 V
[LIFT] V_Motors: 29.163 V
[LIFT] V_Compute: 29.260 V
[LIFT] V_Motors: 29.163 V
[LIFT] V_Compute: 29.263 V
[LIFT] V_Motors: 29.159 V
[LIFT] V_Compute: 29.257 V
[LIFT] V_Motors: 29.157 V
[LIFT] V_Compute: 29.257 V
[LIFT] V_Motors: 29.159 V
[LIFT] V_Compute: 29.259 V
[LIFT] V_Motors: 29.166 V
[LIFT] V_Compute: 29.253 V
[LIFT] V_Motors: 29.164 V
[LIFT] V_Compute: 29.251 V
[LIFT] V_Motors: 29.152 V
[LIFT] V_Compute: 29.253 V
[LIFT] V_Motors: 29.161 V
[LIFT] V_Compute: 29.237 V
[LIFT] V_Motors: 29.147 V
[LIFT] V_Compute: 29.232 V
[LIFT] V_Motors: 29.142 V
[LIFT] V_Compute: 29.239 V
[LIFT] V_Motors: 29.150 V
[LIFT] V_Compute: 29.237 V
[LIFT] V_Motors: 29.147 V
[LIFT] V_Compute: 29.240 V
[LIFT] V_Motors: 29.151 V
[LIFT] V_Compute: 29.251 V
[LIFT] V_Motors: 29.154 V
[LIFT] V_Compute: 29.250 V
[LIFT] V_Motors: 29.154 V
[LIFT] V_Compute: 29.247 V
[LIFT] V_Motors: 29.146 V
[LIFT] V_Compute: 29.239 V
[LIFT] V_Motors: 29.145 V
[LIFT] V_Compute: 29.256 V
[LIFT] V_Motors: 29.154 V
[LIFT] V_Compute: 29.261 V
[LIFT] V_Motors: 29.161 V
[LIFT] V_Compute: 29.232 V
[LIFT] V_Motors: 29.145 V
[LIFT] V_Compute: 29.245 V
[LIFT] V_Motors: 29.149 V
[LIFT] V_Compute: 29.246 V
[LIFT] V_Motors: 29.151 V
[LIFT] V_Compute: 29.237 V
[LIFT] V_Motors: 29.144 V
[LIFT] V_Compute: 29.254 V
[LIFT] V_Motors: 29.157 V
[LIFT] V_Compute: 29.245 V
[LIFT] V_Motors: 29.152 V
[LIFT] V_Compute: 29.251 V
[LIFT] V_Motors: 29.157 V
[LIFT] V_Compute: 29.256 V
[LIFT] V_Motors: 29.161 V
[LIFT] V_Compute: 29.259 V
[LIFT] V_Motors: 29.157 V
[LIFT] V_Compute: 29.256 V
[LIFT] V_Motors: 29.157 V
[LIFT] V_Compute: 29.250 V
[LIFT] V_Motors: 29.161 V
[LIFT] V_Compute: 29.251 V
[LIFT] V_Motors: 29.160 V
[LIFT] V_Compute: 29.255 V
[LIFT] V_Motors: 29.156 V
[LIFT] V_Compute: 29.253 V
[LIFT] V_Motors: 29.161 V
[LIFT] V_Compute: 29.251 V
[LIFT] V_Motors: 29.156 V
[LIFT] V_Compute: 29.256 V
[LIFT] V_Motors: 29.155 V
[LIFT] V_Compute: 29.261 V
[LIFT] V_Motors: 29.156 V
[LIFT] V_Compute: 29.263 V
[LIFT] V_Motors: 29.160 V
[LIFT] V_Compute: 29.254 V
[LIFT] V_Motors: 29.166 V
[LIFT] V_Compute: 29.257 V
[LIFT] V_Motors: 29.157 V
[LIFT] V_Compute: 29.257 V
[LIFT] V_Motors: 29.159 V
[LIFT] V_Compute: 29.253 V
[LIFT] V_Motors: 29.160 V
[LIFT] V_Compute: 29.253 V
[LIFT] V_Motors: 29.160 V
[LIFT] V_Compute: 29.257 V
[LIFT] V_Motors: 29.159 V
[LIFT] V_Compute: 29.259 V
[LIFT] V_Motors: 29.159 V
[LIFT] V_Compute: 29.259 V
[LIFT] V_Motors: 29.155 V
[LIFT] V_Compute: 29.253 V
[LIFT] V_Motors: 29.160 V
[LIFT] V_Compute: 29.250 V
[LIFT] V_Motors: 29.149 V
[LIFT] V_Compute: 29.237 V
[LIFT] V_Motors: 29.144 V
[LIFT] V_Compute: 29.241 V
[LIFT] V_Motors: 29.150 V
[LIFT] V_Compute: 29.243 V
[LIFT] V_Motors: 29.149 V
[LIFT] V_Compute: 29.251 V
[LIFT] V_Motors: 29.150 V
[LIFT] V_Compute: 29.231 V
[LIFT] V_Motors: 29.139 V
[LIFT] V_Compute: 29.225 V
[LIFT] V_Motors: 29.139 V
[LIFT] V_Compute: 29.230 V
[LIFT] V_Motors: 29.141 V
[LIFT] V_Compute: 29.237 V
[LIFT] V_Motors: 29.150 V
[LIFT] V_Compute: 29.244 V
[LIFT] V_Motors: 29.150 V
[LIFT] V_Compute: 29.245 V
[LIFT] V_Motors: 29.152 V
[LIFT] V_Compute: 29.246 V
[LIFT] V_Motors: 29.147 V
[LIFT] V_Compute: 29.241 V
[LIFT] V_Motors: 29.146 V
[LIFT] V_Compute: 29.241 V
[LIFT] V_Motors: 29.145 V
[LIFT] V_Compute: 29.234 V
[LIFT] V_Motors: 29.140 V
[LIFT] V_Compute: 29.234 V
[LIFT] V_Motors: 29.144 V
[LIFT] V_Compute: 29.244 V
[LIFT] V_Motors: 29.150 V
[LIFT] V_Compute: 29.234 V
[LIFT] V_Motors: 29.144 V
[LIFT] V_Compute: 29.230 V
[LIFT] V_Motors: 29.140 V
[LIFT] V_Compute: 29.244 V
[LIFT] V_Motors: 29.147 V
[LIFT] V_Compute: 29.236 V
[LIFT] V_Motors: 29.146 V
[LIFT] V_Compute: 29.243 V
[LIFT] V_Motors: 29.147 V
[LIFT] V_Compute: 29.231 V
[LIFT] V_Motors: 29.139 V
[LIFT] V_Compute: 29.234 V
[LIFT] V_Motors: 29.142 V
[LIFT] V_Compute: 29.229 V
[LIFT] V_Motors: 29.141 V
[LIFT] V_Compute: 29.232 V
[LIFT] V_Motors: 29.135 V
[LIFT] V_Compute: 29.232 V
[LIFT] V_Motors: 29.146 V
[LIFT] V_Compute: 29.246 V
[LIFT] V_Motors: 29.149 V
[LIFT] V_Compute: 29.241 V
[LIFT] V_Motors: 29.140 V
[LIFT] V_Compute: 29.230 V
[LIFT] V_Motors: 29.140 V
[LIFT] V_Compute: 29.239 V
[LIFT] V_Motors: 29.150 V
[LIFT] V_Compute: 29.237 V
[LIFT] V_Motors: 29.152 V
[LIFT] V_Compute: 29.244 V
[LIFT] V_Motors: 29.147 V
[LIFT] V_Compute: 29.235 V
[LIFT] V_Motors: 29.149 V
[LIFT] V_Compute: 29.241 V
[LIFT] V_Motors: 29.138 V
[LIFT] V_Compute: 29.231 V
[LIFT] V_Motors: 29.138 V
[LIFT] V_Compute: 29.232 V
[LIFT] V_Motors: 29.141 V
[LIFT] V_Compute: 29.236 V
[LIFT] V_Motors: 29.142 V
[LIFT] V_Compute: 29.237 V
[LIFT] V_Motors: 29.141 V
[LIFT] V_Compute: 29.228 V
[LIFT] V_Motors: 29.141 V
[LIFT] V_Compute: 29.231 V
[LIFT] V_Motors: 29.138 V
[LIFT] V_Compute: 29.226 V
[LIFT] V_Motors: 29.135 V
[LIFT] V_Compute: 29.226 V
[LIFT] V_Motors: 29.138 V
[LIFT] V_Compute: 29.236 V
[LIFT] V_Motors: 29.150 V
[LIFT] V_Compute: 29.239 V
[LIFT] V_Motors: 29.144 V
[LIFT] V_Compute: 29.241 V
[LIFT] V_Motors: 29.149 V
[LIFT] V_Compute: 29.253 V
[LIFT] V_Motors: 29.159 V
[LIFT] V_Compute: 29.240 V
[LIFT] V_Motors: 29.140 V
[LIFT] V_Compute: 29.244 V
[LIFT] V_Motors: 29.147 V
[LIFT] V_Compute: 29.236 V
[LIFT] V_Motors: 29.147 V
[LIFT] V_Compute: 29.234 V
[LIFT] V_Motors: 29.142 V
[LIFT] V_Compute: 29.237 V
[LIFT] V_Motors: 29.144 V
[LIFT] V_Compute: 29.243 V
[LIFT] V_Motors: 29.145 V
[LIFT] V_Compute: 29.231 V
[LIFT] V_Motors: 29.135 V
[LIFT] V_Compute: 29.239 V
[LIFT] V_Motors: 29.151 V
[LIFT] V_Compute: 29.239 V
[LIFT] V_Motors: 29.146 V
[LIFT] V_Compute: 29.250 V
[LIFT] V_Motors: 29.147 V
[LIFT] V_Compute: 29.239 V
[LIFT] V_Motors: 29.149 V
[LIFT] V_Compute: 29.243 V
[LIFT] V_Motors: 29.139 V
[LIFT] V_Compute: 29.247 V
[LIFT] V_Motors: 29.147 V
[LIFT] V_Compute: 29.243 V
[LIFT] V_Motors: 29.146 V
[LIFT] V_Compute: 29.247 V
[LIFT] V_Motors: 29.151 V
[LIFT] V_Compute: 29.241 V
[LIFT] V_Motors: 29.139 V
[LIFT] V_Compute: 29.230 V
[LIFT] V_Motors: 29.138 V
[LIFT] V_Compute: 29.247 V
[LIFT] V_Motors: 29.156 V
[LIFT] V_Compute: 29.241 V
[LIFT] V_Motors: 29.150 V
[LIFT] V_Compute: 29.247 V
[LIFT] V_Motors: 29.151 V
[LIFT] V_Compute: 29.240 V
[LIFT] V_Motors: 29.150 V
[LIFT] V_Compute: 29.246 V
[LIFT] V_Motors: 29.152 V
[LIFT] V_Compute: 29.250 V
[LIFT] V_Motors: 29.157 V
[LIFT] V_Compute: 29.245 V
[LIFT] V_Motors: 29.160 V
[LIFT] V_Compute: 29.251 V
[LIFT] V_Motors: 29.156 V
[LIFT] V_Compute: 29.244 V
[LIFT] V_Motors: 29.156 V
[LIFT] V_Compute: 29.256 V
[LIFT] V_Motors: 29.155 V
[LIFT] V_Compute: 29.243 V
[LIFT] V_Motors: 29.151 V
[LIFT] V_Compute: 29.250 V
[LIFT] V_Motors: 29.155 V
[LIFT] V_Compute: 29.254 V
[LIFT] V_Motors: 29.159 V
[LIFT] V_Compute: 29.247 V
[LIFT] V_Motors: 29.151 V
[LIFT] V_Compute: 29.250 V
[LIFT] V_Motors: 29.149 V
[LIFT] V_Compute: 29.243 V
[LIFT] V_Motors: 29.151 V
[LIFT] V_Compute: 29.246 V
[LIFT] V_Motors: 29.151 V
[LIFT] V_Compute: 29.250 V
[LIFT] V_Motors: 29.147 V
[LIFT] V_Compute: 29.240 V
[LIFT] V_Motors: 29.140 V
[LIFT] V_Compute: 29.246 V
[LIFT] V_Motors: 29.147 V
[LIFT] V_Compute: 29.246 V
[LIFT] V_Motors: 29.142 V
[LIFT] V_Compute: 29.250 V
[LIFT] V_Motors: 29.150 V
[LIFT] V_Compute: 29.246 V
[LIFT] V_Motors: 29.154 V
[LIFT] V_Compute: 29.250 V
[LIFT] V_Motors: 29.150 V
[LIFT] V_Compute: 29.255 V
[LIFT] V_Motors: 29.150 V
[LIFT] V_Compute: 29.250 V
[LIFT] V_Motors: 29.146 V
[LIFT] V_Compute: 29.246 V
[LIFT] V_Motors: 29.152 V
[LIFT] V_Compute: 29.250 V
[LIFT] V_Motors: 29.152 V
[LIFT] V_Compute: 29.244 V
[LIFT] V_Motors: 29.152 V
[LIFT] V_Compute: 29.253 V
[LIFT] V_Motors: 29.152 V
[LIFT] V_Compute: 29.249 V
[LIFT] V_Motors: 29.154 V
[LIFT] V_Compute: 29.228 V
[LIFT] V_Motors: 29.138 V
[LIFT] V_Compute: 29.246 V
[LIFT] V_Motors: 29.146 V
[LIFT] V_Compute: 29.249 V
[LIFT] V_Motors: 29.151 V
[LIFT] V_Compute: 29.244 V
[LIFT] V_Motors: 29.147 V
[LIFT] V_Compute: 29.244 V
[LIFT] V_Motors: 29.149 V
[LIFT] V_Compute: 29.246 V
[LIFT] V_Motors: 29.150 V
[LIFT] V_Compute: 29.247 V
[LIFT] V_Motors: 29.154 V
[LIFT] V_Compute: 29.249 V
[LIFT] V_Motors: 29.149 V
[LIFT] V_Compute: 29.237 V
[LIFT] V_Motors: 29.141 V
[LIFT] V_Compute: 29.250 V
[LIFT] V_Motors: 29.151 V
[LIFT] V_Compute: 29.246 V
[LIFT] V_Motors: 29.151 V
[LIFT] V_Compute: 29.245 V
[LIFT] V_Motors: 29.149 V
[LIFT] V_Compute: 29.250 V
[LIFT] V_Motors: 29.155 V
[LIFT] V_Compute: 29.241 V
[LIFT] V_Motors: 29.149 V
[LIFT] V_Compute: 29.244 V
[LIFT] V_Motors: 29.151 V
[LIFT] V_Compute: 29.247 V
[LIFT] V_Motors: 29.145 V
[LIFT] V_Compute: 29.247 V
[LIFT] V_Motors: 29.152 V
[LIFT] V_Compute: 29.249 V
[LIFT] V_Motors: 29.154 V
[LIFT] V_Compute: 29.241 V
[LIFT] V_Motors: 29.147 V
[LIFT] V_Compute: 29.225 V
[LIFT] V_Motors: 29.136 V
[LIFT] V_Compute: 29.246 V
[LIFT] V_Motors: 29.150 V
[LIFT] V_Compute: 29.240 V
[LIFT] V_Motors: 29.147 V
[LIFT] V_Compute: 29.244 V
[LIFT] V_Motors: 29.149 V
[LIFT] V_Compute: 29.246 V
[LIFT] V_Motors: 29.152 V
[LIFT] V_Compute: 29.245 V
[LIFT] V_Motors: 29.147 V
[LIFT] V_Compute: 29.239 V
[LIFT] V_Motors: 29.142 V
[LIFT] V_Compute: 29.236 V
[LIFT] V_Motors: 29.144 V
[LIFT] V_Compute: 29.239 V
[LIFT] V_Motors: 29.140 V
[LIFT] V_Compute: 29.249 V
[LIFT] V_Motors: 29.149 V
[LIFT] V_Compute: 29.244 V
[LIFT] V_Motors: 29.150 V
[LIFT] V_Compute: 29.250 V
[LIFT] V_Motors: 29.144 V
[LIFT] V_Compute: 29.243 V
[LIFT] V_Motors: 29.150 V
[LIFT] V_Compute: 29.245 V
[LIFT] V_Motors: 29.145 V
[LIFT] V_Compute: 29.247 V
[LIFT] V_Motors: 29.147 V
[LIFT] V_Compute: 29.246 V
[LIFT] V_Motors: 29.150 V
[LIFT] V_Compute: 29.246 V
[LIFT] V_Motors: 29.150 V
[LIFT] V_Compute: 29.241 V
[LIFT] V_Motors: 29.152 V
[LIFT] V_Compute: 29.244 V
[LIFT] V_Motors: 29.151 V
[LIFT] V_Compute: 29.246 V
[LIFT] V_Motors: 29.151 V
[LIFT] V_Compute: 29.250 V
[LIFT] V_Motors: 29.151 V
[LIFT] V_Compute: 29.249 V
[LIFT] V_Motors: 29.146 V
[LIFT] V_Compute: 29.244 V
[LIFT] V_Motors: 29.151 V
[LIFT] V_Compute: 29.244 V
[LIFT] V_Motors: 29.154 V
[LIFT] V_Compute: 29.246 V
[LIFT] V_Motors: 29.149 V
[LIFT] V_Compute: 29.251 V
[LIFT] V_Motors: 29.152 V
[LIFT] V_Compute: 29.247 V
[LIFT] V_Motors: 29.150 V
[LIFT] V_Compute: 29.243 V
[LIFT] V_Motors: 29.147 V
[LIFT] V_Compute: 29.249 V
[LIFT] V_Motors: 29.149 V
[LIFT] V_Compute: 29.246 V
[LIFT] V_Motors: 29.150 V
[LIFT] V_Compute: 29.247 V
[LIFT] V_Motors: 29.151 V
[LIFT] V_Compute: 29.241 V
[LIFT] V_Motors: 29.150 V
[LIFT] V_Compute: 29.247 V
[LIFT] V_Motors: 29.149 V
[LIFT] V_Compute: 29.249 V
[LIFT] V_Motors: 29.151 V
[LIFT] V_Compute: 29.249 V
[LIFT] V_Motors: 29.150 V
[LIFT] V_Compute: 29.249 V
[LIFT] V_Motors: 29.147 V
[LIFT] V_Compute: 29.247 V
[LIFT] V_Motors: 29.147 V
[LIFT] V_Compute: 29.249 V
[LIFT] V_Motors: 29.149 V
[LIFT] V_Compute: 29.250 V
[LIFT] V_Motors: 29.150 V
[LIFT] V_Compute: 29.239 V
[LIFT] V_Motors: 29.149 V
[LIFT] V_Compute: 29.247 V
[LIFT] V_Motors: 29.149 V
[LIFT] V_Compute: 29.243 V
[LIFT] V_Motors: 29.149 V
[LIFT] V_Compute: 29.247 V
[LIFT] V_Motors: 29.147 V
[LIFT] V_Compute: 29.249 V
[LIFT] V_Motors: 29.150 V
[LIFT] V_Compute: 29.244 V
[LIFT] V_Motors: 29.149 V
[LIFT] V_Compute: 29.243 V
[LIFT] V_Motors: 29.150 V
[LIFT] V_Compute: 29.245 V
[LIFT] V_Motors: 29.147 V

RPC Server stopping...
[YOR] base PID: restore not needed (started on the stock manifest)
