[console-log] mirroring output to /home/pi-v3/YOR-v3-try/artifacts/wholebody_logs/yor_20260824_223421.log
[yor] posture-fix: stiffen_joint7=True (scale=3x), refresh_target=True, redundancy_resolution=dls_projector (dls_damping=0.05)
[yor] null-space: swivel_weight=1 (gain=1, target=latched-from-pose), continuity_weight=0, manipulability=False
[YOR] base: drive command scale 1.068 (from base_pid_hybrid.json)
[PicoLift] Opening serial /dev/serial/by-id/usb-FTDI_FT232R_USB_UART_BG02XPI5-if00-port0 @ 115200...
[PicoLift] Serial open OK
[YOR] base PID: syncing swerve gains
[YOR] base PID: /home/pi-v3/YOR-v3-try/config/base_pid_hybrid.json, PID slot 0
[YOR] base PID:   written     FL drive (CAN 1): p=0.3499999940395355, i=0.0, d=0.0, velocity_ff=0.23000000417232513, output_min=-1.0, output_max=1.0
[YOR] base PID:   written     RL drive (CAN 2): p=0.3499999940395355, i=0.0, d=0.0, velocity_ff=0.23000000417232513, output_min=-1.0, output_max=1.0
[YOR] base PID:   written     RR drive (CAN 3): p=0.3499999940395355, i=0.0, d=0.0, velocity_ff=0.23000000417232513, output_min=-1.0, output_max=1.0
[YOR] base PID:   written     FR drive (CAN 4): p=0.3499999940395355, i=0.0, d=0.0, velocity_ff=0.23000000417232513, output_min=-1.0, output_max=1.0
[YOR] base PID:   already-set FL steering (CAN 5): p=2.0, i=0.0, d=0.009999999776482582, velocity_ff=0.0, output_min=-1.0, output_max=1.0
[YOR] base PID:   already-set RL steering (CAN 6): p=2.0, i=0.0, d=0.009999999776482582, velocity_ff=0.0, output_min=-1.0, output_max=1.0
[YOR] base PID:   already-set RR steering (CAN 7): p=2.0, i=0.0, d=0.009999999776482582, velocity_ff=0.0, output_min=-1.0, output_max=1.0
[YOR] base PID:   already-set FR steering (CAN 8): p=2.0, i=0.0, d=0.009999999776482582, velocity_ff=0.0, output_min=-1.0, output_max=1.0
[YOR] base PID: 4 controller(s) already commissioned, 4 written, 0 problem(s)
[YOR] base PID: 0.2s
[YOR] base config: idle_mode=0 ctrl_type=MIXED [('FL drive', 1), ('FL steering', 3), ('FR drive', 1), ('FR steering', 3), ('RL drive', 1), ('RL steering', 3), ('RR drive', 1), ('RR steering', 3)]
[YOR] base config: velocity_cf=MIXED [('FL drive', 0.000846326001919806), ('FL steering', 1.0), ('FR drive', 0.000846326001919806), ('FR steering', 1.0), ('RL drive', 0.000846326001919806), ('RL steering', 1.0), ('RR drive', 0.000846326001919806), ('RR steering', 1.0)] position_cf=1.0 (drive_command_scale=1.068)
[YOR] base: locked at zero velocity for startup homing
[YOR] recording swerve telemetry to /home/pi-v3/YOR-v3-try/artifacts/wholebody_logs/swerve/swerve_20260824_223421.csv
[YOR] lift: waiting for controller to be ready...
[LIFT] Lift controller ready.
[PicoLift] controller reset — height invalidated, needs home
[LIFT] Capabilities: lift_velocity_v1
[PicoLift] firmware capabilities: lift_velocity_v1
[LIFT] Python commands: up, down, stop, home, vel <signed mm/s>
[LIFT] Optional commands: up 200, down 200, status, power on, power off
[LIFT] Height: unknown (run home)
[LIFT] V_Compute: 28.146 V
[LIFT] V_Motors: 27.640 V
[YOR] lift: homing at startup; waiting up to 30s
[PicoLift] sent 'home'
[PicoLift] sent 'status'
[PicoLift] sent 'status'
[LIFT] Homing UP...
[LIFT] V_Compute: 28.150 V
[LIFT] V_Motors: 27.595 V
[LIFT] Height: unknown (run home)
[LIFT] Upper limit: clear
[LIFT] Lower limit: clear
[LIFT] Motion: UP
[LIFT] Velocity: 0.00 mm/s
[LIFT] Capabilities: lift_velocity_v1
[PicoLift] firmware capabilities: lift_velocity_v1
[LIFT] Height: unknown (run home)
[LIFT] Upper limit: clear
[LIFT] Lower limit: clear
[LIFT] Motion: UP
[LIFT] Velocity: 0.00 mm/s
[LIFT] Capabilities: lift_velocity_v1
[PicoLift] firmware capabilities: lift_velocity_v1
[LIFT] Height: unknown (run home)
[LIFT] Height: unknown (run home)
[LIFT] Height: unknown (run home)
[LIFT] Height: unknown (run home)
[LIFT] Height: unknown (run home)
[LIFT] Height: unknown (run home)
[LIFT] Height: unknown (run home)
[LIFT] Height: unknown (run home)
[LIFT] Height: unknown (run home)
[LIFT] Height: unknown (run home)
[LIFT] Height: unknown (run home)
[LIFT] Height: unknown (run home)
[LIFT] Height: unknown (run home)
[LIFT] Height: unknown (run home)
[LIFT] Height: unknown (run home)
[LIFT] Height: unknown (run home)
[LIFT] Height: unknown (run home)
[LIFT] Height: unknown (run home)
[PicoLift] sent 'status'
[LIFT] Upper limit: clear
[LIFT] Lower limit: clear
[LIFT] Motion: UP
[LIFT] Velocity: 0.00 mm/s
[LIFT] Capabilities: lift_velocity_v1
[PicoLift] firmware capabilities: lift_velocity_v1
[LIFT] Height: unknown (run home)
[LIFT] V_Compute: 28.145 V
[LIFT] V_Motors: 27.614 V
[LIFT] Height: unknown (run home)
[LIFT] Height: unknown (run home)
[LIFT] Height: unknown (run home)
[LIFT] Height: unknown (run home)
[LIFT] Height: unknown (run home)
[LIFT] Height: unknown (run home)
[LIFT] Height: unknown (run home)
[LIFT] Height: unknown (run home)
[LIFT] Height: unknown (run home)
[LIFT] Height: unknown (run home)
[LIFT] Height: unknown (run home)
[LIFT] Height: unknown (run home)
[LIFT] Height: unknown (run home)
[LIFT] Height: unknown (run home)
[LIFT] Height: unknown (run home)
[LIFT] Height: unknown (run home)
[LIFT] Height: unknown (run home)
[LIFT] Height: unknown (run home)
[PicoLift] sent 'status'
[LIFT] Upper limit: clear
[LIFT] Lower limit: clear
[LIFT] Motion: UP
[LIFT] Velocity: 0.00 mm/s
[LIFT] Capabilities: lift_velocity_v1
[PicoLift] firmware capabilities: lift_velocity_v1
[LIFT] Height: unknown (run home)
[LIFT] V_Compute: 28.139 V
[LIFT] V_Motors: 27.610 V
[LIFT] Height: unknown (run home)
[LIFT] Height: unknown (run home)
[LIFT] Height: unknown (run home)
[LIFT] Height: unknown (run home)
[LIFT] Height: unknown (run home)
[LIFT] Height: unknown (run home)
[LIFT] Height: unknown (run home)
[LIFT] Height: unknown (run home)
[LIFT] Height: unknown (run home)
[LIFT] Height: unknown (run home)
[LIFT] Height: unknown (run home)
[LIFT] Height: unknown (run home)
[LIFT] Height: unknown (run home)
[LIFT] Height: unknown (run home)
[LIFT] Height: unknown (run home)
[LIFT] Height: unknown (run home)
[LIFT] Height: unknown (run home)
[LIFT] Height: unknown (run home)
[PicoLift] sent 'status'
[LIFT] Upper limit: clear
[LIFT] Lower limit: clear
[LIFT] Motion: UP
[LIFT] Velocity: 0.00 mm/s
[LIFT] Capabilities: lift_velocity_v1
[PicoLift] firmware capabilities: lift_velocity_v1
[LIFT] Height: unknown (run home)
[LIFT] V_Compute: 28.154 V
[LIFT] V_Motors: 27.616 V
[LIFT] Height: unknown (run home)
[LIFT] Height: unknown (run home)
[LIFT] Height: unknown (run home)
[LIFT] Height: unknown (run home)
[LIFT] Height: unknown (run home)
[LIFT] Height: unknown (run home)
[LIFT] Height: unknown (run home)
[LIFT] Height: unknown (run home)
[LIFT] Height: unknown (run home)
[LIFT] Height: unknown (run home)
[LIFT] Height: unknown (run home)
[LIFT] Height: unknown (run home)
[LIFT] Height: unknown (run home)
[LIFT] Height: unknown (run home)
[LIFT] Height: unknown (run home)
[LIFT] Height: unknown (run home)
[LIFT] Height: unknown (run home)
[LIFT] Height: unknown (run home)
[PicoLift] sent 'status'
[LIFT] Upper limit: clear
[LIFT] Lower limit: clear
[LIFT] Motion: UP
[LIFT] Velocity: 0.00 mm/s
[LIFT] Capabilities: lift_velocity_v1
[PicoLift] firmware capabilities: lift_velocity_v1
[LIFT] Height: unknown (run home)
[LIFT] V_Compute: 28.146 V
[LIFT] V_Motors: 27.612 V
[LIFT] Height: unknown (run home)
[LIFT] Height: unknown (run home)
[LIFT] Height: unknown (run home)
[LIFT] Height: unknown (run home)
[LIFT] Height: unknown (run home)
[LIFT] Height: unknown (run home)
[LIFT] Height: unknown (run home)
[LIFT] Height: unknown (run home)
[LIFT] Height: unknown (run home)
[LIFT] Height: unknown (run home)
[LIFT] Height: unknown (run home)
[LIFT] Height: unknown (run home)
[LIFT] Height: unknown (run home)
[LIFT] Height: unknown (run home)
[LIFT] Height: unknown (run home)
[LIFT] Height: unknown (run home)
[LIFT] Height: unknown (run home)
[LIFT] Height: unknown (run home)
[PicoLift] sent 'status'
[LIFT] Upper limit: clear
[LIFT] Lower limit: clear
[LIFT] Motion: UP
[LIFT] Velocity: 0.00 mm/s
[LIFT] Capabilities: lift_velocity_v1
[PicoLift] firmware capabilities: lift_velocity_v1
[LIFT] Height: unknown (run home)
[LIFT] Height: unknown (run home)
[LIFT] V_Compute: 28.149 V
[LIFT] V_Motors: 27.610 V
[LIFT] Height: unknown (run home)
[LIFT] Height: unknown (run home)
[LIFT] Height: unknown (run home)
[LIFT] Height: unknown (run home)
[LIFT] Height: unknown (run home)
[LIFT] Height: unknown (run home)
[LIFT] Height: unknown (run home)
[LIFT] Height: unknown (run home)
[LIFT] Height: unknown (run home)
[LIFT] Height: unknown (run home)
[LIFT] Height: unknown (run home)
[LIFT] Height: unknown (run home)
[LIFT] Height: unknown (run home)
[LIFT] Height: unknown (run home)
[LIFT] Height: unknown (run home)
[LIFT] Height: unknown (run home)
[LIFT] Height: unknown (run home)
[PicoLift] sent 'status'
[LIFT] Upper limit: clear
[LIFT] Lower limit: clear
[LIFT] Motion: UP
[LIFT] Velocity: 0.00 mm/s
[LIFT] Capabilities: lift_velocity_v1
[PicoLift] firmware capabilities: lift_velocity_v1
[LIFT] Height: unknown (run home)
[LIFT] Height: unknown (run home)
[LIFT] V_Compute: 28.150 V
[LIFT] V_Motors: 27.606 V
[LIFT] Height: unknown (run home)
[LIFT] Height: unknown (run home)
[LIFT] Height: unknown (run home)
[LIFT] Height: unknown (run home)
[LIFT] Height: unknown (run home)
[LIFT] Height: unknown (run home)
[LIFT] Height: unknown (run home)
[LIFT] Height: unknown (run home)
[LIFT] Height: unknown (run home)
[LIFT] Height: unknown (run home)
[LIFT] Height: unknown (run home)
[LIFT] Height: unknown (run home)
[LIFT] Height: unknown (run home)
[LIFT] Height: unknown (run home)
[LIFT] Height: unknown (run home)
[LIFT] Height: unknown (run home)
[LIFT] Height: unknown (run home)
[PicoLift] sent 'status'
[LIFT] Upper limit: clear
[LIFT] Lower limit: clear
[LIFT] Motion: UP
[LIFT] Velocity: 0.00 mm/s
[LIFT] Capabilities: lift_velocity_v1
[PicoLift] firmware capabilities: lift_velocity_v1
[LIFT] Height: unknown (run home)
[LIFT] Height: unknown (run home)
[LIFT] V_Compute: 28.145 V
[LIFT] V_Motors: 27.609 V
[LIFT] Height: unknown (run home)
[LIFT] Height: unknown (run home)
[LIFT] Height: unknown (run home)
[LIFT] Height: unknown (run home)
[LIFT] Height: unknown (run home)
[LIFT] Height: unknown (run home)
[LIFT] Height: unknown (run home)
[LIFT] Height: unknown (run home)
[LIFT] Height: unknown (run home)
[LIFT] Height: unknown (run home)
[LIFT] Height: unknown (run home)
[LIFT] Height: unknown (run home)
[LIFT] Height: unknown (run home)
[LIFT] Height: unknown (run home)
[LIFT] Height: unknown (run home)
[LIFT] Height: unknown (run home)
[LIFT] Height: unknown (run home)
[PicoLift] sent 'status'
[LIFT] Upper limit: clear
[LIFT] Lower limit: clear
[LIFT] Motion: UP
[LIFT] Velocity: 0.00 mm/s
[LIFT] Capabilities: lift_velocity_v1
[PicoLift] firmware capabilities: lift_velocity_v1
[LIFT] Height: unknown (run home)
[LIFT] Height: unknown (run home)
[LIFT] V_Compute: 28.147 V
[LIFT] V_Motors: 27.605 V
[LIFT] Height: unknown (run home)
[LIFT] Height: unknown (run home)
[LIFT] Height: unknown (run home)
[LIFT] Height: unknown (run home)
[LIFT] Height: unknown (run home)
[LIFT] Height: unknown (run home)
[LIFT] Height: unknown (run home)
[LIFT] Height: unknown (run home)
[LIFT] Height: unknown (run home)
[LIFT] Height: unknown (run home)
[LIFT] Height: unknown (run home)
[LIFT] Height: unknown (run home)
[LIFT] Height: unknown (run home)
[LIFT] Height: unknown (run home)
[LIFT] Height: unknown (run home)
[LIFT] Height: unknown (run home)
[LIFT] Height: unknown (run home)
[PicoLift] sent 'status'
[LIFT] Upper limit: clear
[LIFT] Lower limit: clear
[LIFT] Motion: UP
[LIFT] Velocity: 0.00 mm/s
[LIFT] Capabilities: lift_velocity_v1
[PicoLift] firmware capabilities: lift_velocity_v1
[LIFT] Height: unknown (run home)
[LIFT] Height: unknown (run home)
[LIFT] V_Compute: 28.151 V
[LIFT] V_Motors: 27.606 V
[LIFT] Height: unknown (run home)
[LIFT] Height: unknown (run home)
[LIFT] Height: unknown (run home)
[LIFT] Height: unknown (run home)
[LIFT] Height: unknown (run home)
[LIFT] Height: unknown (run home)
[LIFT] Height: unknown (run home)
[LIFT] Height: unknown (run home)
[LIFT] Height: unknown (run home)
[LIFT] Height: unknown (run home)
[LIFT] Height: unknown (run home)
[LIFT] Height: unknown (run home)
[LIFT] Height: unknown (run home)
[LIFT] Height: unknown (run home)
[LIFT] Height: unknown (run home)
[LIFT] Height: unknown (run home)
[LIFT] Height: unknown (run home)
[PicoLift] sent 'status'
[LIFT] Upper limit: clear
[LIFT] Lower limit: clear
[LIFT] Motion: UP
[LIFT] Velocity: 0.00 mm/s
[LIFT] Capabilities: lift_velocity_v1
[PicoLift] firmware capabilities: lift_velocity_v1
[LIFT] Height: unknown (run home)
[LIFT] Height: unknown (run home)
[LIFT] V_Compute: 28.161 V
[LIFT] V_Motors: 27.615 V
[LIFT] Height: unknown (run home)
[LIFT] Height: unknown (run home)
[LIFT] Height: unknown (run home)
[LIFT] Height: unknown (run home)
[LIFT] Height: unknown (run home)
[LIFT] Height: unknown (run home)
[LIFT] Height: unknown (run home)
[LIFT] Height: unknown (run home)
[LIFT] Height: unknown (run home)
[LIFT] Height: unknown (run home)
[LIFT] Height: unknown (run home)
[LIFT] Height: unknown (run home)
[LIFT] Height: unknown (run home)
[LIFT] Height: unknown (run home)
[LIFT] Height: unknown (run home)
[LIFT] Height: unknown (run home)
[LIFT] Height: unknown (run home)
[PicoLift] sent 'status'
[LIFT] Upper limit: clear
[LIFT] Lower limit: clear
[LIFT] Motion: UP
[LIFT] Velocity: 0.00 mm/s
[LIFT] Capabilities: lift_velocity_v1
[PicoLift] firmware capabilities: lift_velocity_v1
[LIFT] Height: unknown (run home)
[LIFT] Height: unknown (run home)
[LIFT] V_Compute: 28.142 V
[LIFT] V_Motors: 27.616 V
[LIFT] Height: unknown (run home)
[LIFT] Height: unknown (run home)
[LIFT] Height: unknown (run home)
[LIFT] Height: unknown (run home)
[LIFT] Height: unknown (run home)
[LIFT] Height: unknown (run home)
[LIFT] Height: unknown (run home)
[LIFT] Height: unknown (run home)
[LIFT] Height: unknown (run home)
[LIFT] Height: unknown (run home)
[LIFT] Height: unknown (run home)
[LIFT] Height: unknown (run home)
[LIFT] Height: unknown (run home)
[LIFT] Height: unknown (run home)
[LIFT] Height: unknown (run home)
[LIFT] Height: unknown (run home)
[LIFT] Height: unknown (run home)
[PicoLift] sent 'status'
[LIFT] Upper limit: clear
[LIFT] Lower limit: clear
[LIFT] Motion: UP
[LIFT] Velocity: 0.00 mm/s
[LIFT] Capabilities: lift_velocity_v1
[PicoLift] firmware capabilities: lift_velocity_v1
[LIFT] Height: unknown (run home)
[LIFT] Height: unknown (run home)
[LIFT] V_Compute: 28.144 V
[LIFT] V_Motors: 27.610 V
[LIFT] Height: unknown (run home)
[LIFT] Height: unknown (run home)
[LIFT] Height: unknown (run home)
[LIFT] Height: unknown (run home)
[LIFT] Height: unknown (run home)
[LIFT] Height: unknown (run home)
[LIFT] Height: unknown (run home)
[LIFT] Height: unknown (run home)
[LIFT] Height: unknown (run home)
[LIFT] Height: unknown (run home)
[LIFT] Height: unknown (run home)
[LIFT] Height: unknown (run home)
[LIFT] Height: unknown (run home)
[LIFT] Height: unknown (run home)
[LIFT] Height: unknown (run home)
[LIFT] Height: unknown (run home)
[LIFT] Height: unknown (run home)
[PicoLift] sent 'status'
[LIFT] Upper limit: clear
[LIFT] Lower limit: clear
[LIFT] Motion: UP
[LIFT] Velocity: 0.00 mm/s
[LIFT] Capabilities: lift_velocity_v1
[PicoLift] firmware capabilities: lift_velocity_v1
[LIFT] Height: unknown (run home)
[LIFT] Height: unknown (run home)
[LIFT] V_Compute: 28.139 V
[LIFT] V_Motors: 27.606 V
[LIFT] Height: unknown (run home)
[LIFT] Height: unknown (run home)
[LIFT] Height: unknown (run home)
[LIFT] Height: unknown (run home)
[LIFT] Height: unknown (run home)
[LIFT] Height: unknown (run home)
[LIFT] Height: unknown (run home)
[LIFT] Height: unknown (run home)
[LIFT] Height: unknown (run home)
[LIFT] Height: unknown (run home)
[LIFT] Height: unknown (run home)
[LIFT] Height: unknown (run home)
[LIFT] Height: unknown (run home)
[LIFT] Height: unknown (run home)
[LIFT] Height: unknown (run home)
[LIFT] Height: unknown (run home)
[LIFT] Height: unknown (run home)
[PicoLift] sent 'status'
[LIFT] Upper limit: clear
[LIFT] Lower limit: clear
[LIFT] Motion: UP
[LIFT] Velocity: 0.00 mm/s
[LIFT] Capabilities: lift_velocity_v1
[PicoLift] firmware capabilities: lift_velocity_v1
[LIFT] Height: unknown (run home)
[LIFT] Height: unknown (run home)
[LIFT] V_Compute: 28.156 V
[LIFT] V_Motors: 27.620 V
[LIFT] Height: unknown (run home)
[LIFT] Height: unknown (run home)
[LIFT] Height: unknown (run home)
[LIFT] Height: unknown (run home)
[LIFT] Height: unknown (run home)
[LIFT] Height: unknown (run home)
[LIFT] Height: unknown (run home)
[LIFT] Height: unknown (run home)
[LIFT] Height: unknown (run home)
[LIFT] Height: unknown (run home)
[LIFT] Height: unknown (run home)
[LIFT] Height: unknown (run home)
[LIFT] Height: unknown (run home)
[LIFT] Height: unknown (run home)
[LIFT] Height: unknown (run home)
[LIFT] Height: unknown (run home)
[LIFT] Height: unknown (run home)
[PicoLift] sent 'status'
[LIFT] Height: unknown (run home)
[LIFT] Upper limit: clear
[LIFT] Lower limit: clear
[LIFT] Motion: UP
[LIFT] Velocity: 0.00 mm/s
[LIFT] Capabilities: lift_velocity_v1
[PicoLift] firmware capabilities: lift_velocity_v1
[LIFT] Height: unknown (run home)
[LIFT] V_Compute: 28.146 V
[LIFT] V_Motors: 27.616 V
[LIFT] Height: unknown (run home)
[LIFT] Height: unknown (run home)
[LIFT] Height: unknown (run home)
[LIFT] Height: unknown (run home)
[LIFT] Height: unknown (run home)
[LIFT] Height: unknown (run home)
[LIFT] Height: unknown (run home)
[LIFT] Height: unknown (run home)
[LIFT] Height: unknown (run home)
[LIFT] Height: unknown (run home)
[LIFT] Height: unknown (run home)
[LIFT] Height: unknown (run home)
[LIFT] Height: unknown (run home)
[LIFT] Height: unknown (run home)
[LIFT] Height: unknown (run home)
[LIFT] Height: unknown (run home)
[LIFT] Height: unknown (run home)
[PicoLift] sent 'status'
[LIFT] Height: unknown (run home)
[LIFT] Upper limit: clear
[LIFT] Lower limit: clear
[LIFT] Motion: UP
[LIFT] Velocity: 0.00 mm/s
[LIFT] Capabilities: lift_velocity_v1
[PicoLift] firmware capabilities: lift_velocity_v1
[LIFT] Height: unknown (run home)
[LIFT] V_Compute: 28.152 V
[LIFT] V_Motors: 27.607 V
[LIFT] Height: unknown (run home)
[LIFT] Height: unknown (run home)
[LIFT] Height: unknown (run home)
[LIFT] Height: unknown (run home)
[LIFT] Height: unknown (run home)
[LIFT] Height: unknown (run home)
[LIFT] Height: unknown (run home)
[LIFT] Height: unknown (run home)
[LIFT] Height: unknown (run home)
[LIFT] Height: unknown (run home)
[LIFT] Height: unknown (run home)
[LIFT] Height: unknown (run home)
[LIFT] Height: unknown (run home)
[LIFT] Height: unknown (run home)
[LIFT] Height: unknown (run home)
[LIFT] Height: unknown (run home)
[LIFT] Height: unknown (run home)
[PicoLift] sent 'status'
[LIFT] Height: unknown (run home)
[LIFT] Upper limit: clear
[LIFT] Lower limit: clear
[LIFT] Motion: UP
[LIFT] Velocity: 0.00 mm/s
[LIFT] Capabilities: lift_velocity_v1
[PicoLift] firmware capabilities: lift_velocity_v1
[LIFT] Height: unknown (run home)
[LIFT] V_Compute: 28.146 V
[LIFT] V_Motors: 27.609 V
[LIFT] Height: unknown (run home)
[LIFT] Height: unknown (run home)
[LIFT] Height: unknown (run home)
[LIFT] Height: unknown (run home)
[LIFT] Height: unknown (run home)
[LIFT] Height: unknown (run home)
[LIFT] Height: unknown (run home)
[LIFT] Height: unknown (run home)
[LIFT] Height: unknown (run home)
[LIFT] Height: unknown (run home)
[LIFT] Height: unknown (run home)
[LIFT] Height: unknown (run home)
[LIFT] Height: unknown (run home)
[LIFT] Height: unknown (run home)
[LIFT] Height: unknown (run home)
[LIFT] Height: unknown (run home)
[LIFT] Height: unknown (run home)
[PicoLift] sent 'status'
[LIFT] Height: unknown (run home)
[LIFT] Upper limit: clear
[LIFT] Lower limit: clear
[LIFT] Motion: UP
[LIFT] Velocity: 0.00 mm/s
[LIFT] Capabilities: lift_velocity_v1
[PicoLift] firmware capabilities: lift_velocity_v1
[LIFT] Height: unknown (run home)
[LIFT] V_Compute: 28.149 V
[LIFT] V_Motors: 27.612 V
[LIFT] Height: unknown (run home)
[LIFT] Height: unknown (run home)
[LIFT] Height: unknown (run home)
[LIFT] Height: unknown (run home)
[LIFT] Height: unknown (run home)
[LIFT] Height: unknown (run home)
[LIFT] Height: unknown (run home)
[LIFT] Height: unknown (run home)
[LIFT] Height: unknown (run home)
[LIFT] Height: unknown (run home)
[LIFT] Height: unknown (run home)
[LIFT] Height: unknown (run home)
[LIFT] Height: unknown (run home)
[LIFT] Height: unknown (run home)
[LIFT] Height: unknown (run home)
[LIFT] Height: unknown (run home)
[LIFT] Height: unknown (run home)
[PicoLift] sent 'status'
[LIFT] Height: unknown (run home)
[LIFT] Upper limit: clear
[LIFT] Lower limit: clear
[LIFT] Motion: UP
[LIFT] Velocity: 0.00 mm/s
[LIFT] Capabilities: lift_velocity_v1
[PicoLift] firmware capabilities: lift_velocity_v1
[LIFT] Height: unknown (run home)
[LIFT] V_Compute: 28.150 V
[LIFT] V_Motors: 27.606 V
[LIFT] Height: unknown (run home)
[LIFT] Height: unknown (run home)
[LIFT] Height: unknown (run home)
[LIFT] Height: unknown (run home)
[LIFT] Height: unknown (run home)
[LIFT] Height: unknown (run home)
[LIFT] Height: unknown (run home)
[LIFT] Height: unknown (run home)
[LIFT] Height: unknown (run home)
[LIFT] Height: unknown (run home)
[LIFT] Height: unknown (run home)
[LIFT] Height: unknown (run home)
[LIFT] Height: unknown (run home)
[LIFT] Height: unknown (run home)
[LIFT] Height: unknown (run home)
[LIFT] Height: unknown (run home)
[LIFT] Height: unknown (run home)
[PicoLift] sent 'status'
[LIFT] Height: unknown (run home)
[LIFT] Upper limit: clear
[LIFT] Lower limit: clear
[LIFT] Motion: UP
[LIFT] Velocity: 0.00 mm/s
[LIFT] Capabilities: lift_velocity_v1
[PicoLift] firmware capabilities: lift_velocity_v1
[LIFT] Height: unknown (run home)
[LIFT] V_Compute: 28.157 V
[LIFT] V_Motors: 27.611 V
[LIFT] Height: unknown (run home)
[LIFT] Height: unknown (run home)
[LIFT] Height: unknown (run home)
[LIFT] Height: unknown (run home)
[LIFT] Height: unknown (run home)
[LIFT] Height: unknown (run home)
[LIFT] Height: unknown (run home)
[LIFT] Height: unknown (run home)
[LIFT] Height: unknown (run home)
[LIFT] Height: unknown (run home)
[LIFT] Height: unknown (run home)
[LIFT] Height: unknown (run home)
[LIFT] Height: unknown (run home)
[LIFT] Height: unknown (run home)
[LIFT] Height: unknown (run home)
[LIFT] Height: unknown (run home)
[LIFT] Height: unknown (run home)
[PicoLift] sent 'status'
[LIFT] Height: unknown (run home)
[LIFT] Upper limit: clear
[LIFT] Lower limit: clear
[LIFT] Motion: UP
[LIFT] Velocity: 0.00 mm/s
[LIFT] Capabilities: lift_velocity_v1
[PicoLift] firmware capabilities: lift_velocity_v1
[LIFT] Height: unknown (run home)
[LIFT] V_Compute: 28.163 V
[LIFT] V_Motors: 27.604 V
[LIFT] Height: unknown (run home)
[LIFT] Height: unknown (run home)
[LIFT] Height: unknown (run home)
[LIFT] Height: unknown (run home)
[LIFT] Height: unknown (run home)
[LIFT] Height: unknown (run home)
[LIFT] Height: unknown (run home)
[LIFT] Height: unknown (run home)
[LIFT] Height: unknown (run home)
[LIFT] Height: unknown (run home)
[LIFT] Height: unknown (run home)
[LIFT] Height: unknown (run home)
[LIFT] Height: unknown (run home)
[LIFT] Height: unknown (run home)
[LIFT] Height: unknown (run home)
[LIFT] Height: unknown (run home)
[LIFT] Height: unknown (run home)
[PicoLift] sent 'status'
[LIFT] Height: unknown (run home)
[LIFT] Upper limit: clear
[LIFT] Lower limit: clear
[LIFT] Motion: UP
[LIFT] Velocity: 0.00 mm/s
[LIFT] Capabilities: lift_velocity_v1
[PicoLift] firmware capabilities: lift_velocity_v1
[LIFT] Height: unknown (run home)
[LIFT] V_Compute: 28.159 V
[LIFT] V_Motors: 27.618 V
[LIFT] Height: unknown (run home)
[LIFT] Height: unknown (run home)
[LIFT] Height: unknown (run home)
[LIFT] Height: unknown (run home)
[LIFT] Height: unknown (run home)
[LIFT] Height: unknown (run home)
[LIFT] Height: unknown (run home)
[LIFT] Height: unknown (run home)
[LIFT] Height: unknown (run home)
[LIFT] Height: unknown (run home)
[LIFT] Height: unknown (run home)
[LIFT] Height: unknown (run home)
[LIFT] Height: unknown (run home)
[LIFT] Height: unknown (run home)
[LIFT] Height: unknown (run home)
[LIFT] Height: unknown (run home)
[LIFT] Height: unknown (run home)
[PicoLift] sent 'status'
[LIFT] Height: unknown (run home)
[LIFT] Upper limit: clear
[LIFT] Lower limit: clear
[LIFT] Motion: UP
[LIFT] Velocity: 0.00 mm/s
[LIFT] Capabilities: lift_velocity_v1
[PicoLift] firmware capabilities: lift_velocity_v1
[LIFT] Height: unknown (run home)
[LIFT] V_Compute: 28.136 V
[LIFT] V_Motors: 27.610 V
[LIFT] Height: unknown (run home)
[LIFT] Height: unknown (run home)
[LIFT] Height: unknown (run home)
[LIFT] Height: unknown (run home)
[LIFT] Height: unknown (run home)
[LIFT] Height: unknown (run home)
[LIFT] Height: unknown (run home)
[LIFT] Height: unknown (run home)
[LIFT] Height: unknown (run home)
[LIFT] Height: unknown (run home)
[LIFT] Height: unknown (run home)
[LIFT] Height: unknown (run home)
[LIFT] Height: unknown (run home)
[LIFT] Height: unknown (run home)
[LIFT] Height: unknown (run home)
[LIFT] Height: unknown (run home)
[LIFT] Height: unknown (run home)
[PicoLift] sent 'status'
[LIFT] Height: unknown (run home)
[LIFT] Upper limit: clear
[LIFT] Lower limit: clear
[LIFT] Motion: UP
[LIFT] Velocity: 0.00 mm/s
[LIFT] Capabilities: lift_velocity_v1
[PicoLift] firmware capabilities: lift_velocity_v1
[LIFT] Height: unknown (run home)
[LIFT] V_Compute: 28.146 V
[LIFT] V_Motors: 27.609 V
[LIFT] Height: unknown (run home)
[LIFT] Height: unknown (run home)
[LIFT] Height: unknown (run home)
[LIFT] Height: unknown (run home)
[LIFT] Height: unknown (run home)
[LIFT] Height: unknown (run home)
[LIFT] Height: unknown (run home)
[LIFT] Height: unknown (run home)
[LIFT] Height: unknown (run home)
[LIFT] Height: unknown (run home)
[LIFT] Height: unknown (run home)
[LIFT] Height: unknown (run home)
[LIFT] Height: unknown (run home)
[LIFT] Height: unknown (run home)
[LIFT] Height: unknown (run home)
[LIFT] Height: unknown (run home)
[LIFT] Height: unknown (run home)
[PicoLift] sent 'status'
[LIFT] Height: unknown (run home)
[LIFT] Upper limit: clear
[LIFT] Lower limit: clear
[LIFT] Motion: UP
[LIFT] Velocity: 0.00 mm/s
[LIFT] Capabilities: lift_velocity_v1
[PicoLift] firmware capabilities: lift_velocity_v1
[LIFT] Height: unknown (run home)
[LIFT] V_Compute: 28.151 V
[LIFT] V_Motors: 27.609 V
[LIFT] Height: unknown (run home)
[LIFT] Height: unknown (run home)
[LIFT] Height: unknown (run home)
[LIFT] Height: unknown (run home)
[LIFT] Height: unknown (run home)
[LIFT] Height: unknown (run home)
[LIFT] Height: unknown (run home)
[LIFT] Height: unknown (run home)
[LIFT] Height: unknown (run home)
[LIFT] Height: unknown (run home)
[LIFT] Height: unknown (run home)
[LIFT] Home complete.
[PicoLift] sent 'status'
[PicoLift] sent 'status'
[YOR] lift: home complete at 0.9 m
[YOR] lift: moving to 450 mm from zero
[PicoLift] sent 'down 450.00'
[LIFT] Upper limit: ACTIVE
[LIFT] Lower limit: clear
[LIFT] Motion: IDLE
[LIFT] Velocity: 0.00 mm/s
[LIFT] Capabilities: lift_velocity_v1
[PicoLift] firmware capabilities: lift_velocity_v1
[LIFT] V_Compute: 28.145 V
[LIFT] V_Motors: 27.634 V
[LIFT] Upper limit: ACTIVE
[LIFT] Lower limit: clear
[LIFT] Motion: IDLE
[LIFT] Velocity: 0.00 mm/s
[LIFT] Capabilities: lift_velocity_v1
[PicoLift] firmware capabilities: lift_velocity_v1
[LIFT] Moving DOWN 450.00 mm
[LIFT] V_Compute: 28.149 V
[LIFT] V_Motors: 27.609 V
[LIFT] V_Compute: 28.151 V
[LIFT] V_Motors: 27.629 V
[LIFT] V_Compute: 28.152 V
[LIFT] V_Motors: 27.624 V
[LIFT] V_Compute: 28.147 V
[LIFT] V_Motors: 27.620 V
[LIFT] V_Compute: 28.155 V
[LIFT] V_Motors: 27.620 V
[LIFT] V_Compute: 28.142 V
[LIFT] V_Motors: 27.616 V
[LIFT] V_Compute: 28.155 V
[LIFT] V_Motors: 27.621 V
[LIFT] V_Compute: 28.147 V
[LIFT] V_Motors: 27.629 V
[LIFT] V_Compute: 28.161 V
[LIFT] V_Motors: 27.616 V
[LIFT] V_Compute: 28.150 V
[LIFT] V_Motors: 27.620 V
[LIFT] V_Compute: 28.140 V
[LIFT] V_Motors: 27.615 V
[LIFT] V_Compute: 28.147 V
[LIFT] V_Motors: 27.611 V
[LIFT] V_Compute: 28.151 V
[LIFT] V_Motors: 27.619 V
[LIFT] V_Compute: 28.150 V
[LIFT] V_Motors: 27.612 V
[LIFT] V_Compute: 28.150 V
[LIFT] V_Motors: 27.619 V
[LIFT] V_Compute: 28.145 V
[LIFT] V_Motors: 27.618 V
[LIFT] V_Compute: 28.149 V
[LIFT] V_Motors: 27.624 V
[LIFT] V_Compute: 28.151 V
[LIFT] V_Motors: 27.615 V
[PicoLift] sent 'stop'
[YOR] lift: startup position 0.450956 m
[LIFT] Motion stopped by user.
[LIFT] V_Compute: 28.150 V
[LIFT] V_Motors: 27.629 V
[LIFT] V_Compute: 28.156 V
[LIFT] V_Motors: 27.635 V
[LIFT] V_Compute: 28.157 V
[LIFT] V_Motors: 27.639 V
[LIFT] V_Compute: 28.142 V
[LIFT] V_Motors: 27.629 V
[LIFT] V_Compute: 28.150 V
[LIFT] V_Motors: 27.636 V
[LIFT] V_Compute: 28.152 V
[LIFT] V_Motors: 27.636 V
[LIFT] V_Compute: 28.159 V
[LIFT] V_Motors: 27.634 V
[LIFT] V_Compute: 28.149 V
[LIFT] V_Motors: 27.631 V
[LIFT] V_Compute: 28.151 V
[LIFT] V_Motors: 27.636 V
[LIFT] V_Compute: 28.147 V
[LIFT] V_Motors: 27.636 V
[LIFT] V_Compute: 28.149 V
[LIFT] V_Motors: 27.636 V
[LIFT] V_Compute: 28.150 V
[LIFT] V_Motors: 27.636 V
[LIFT] V_Compute: 28.152 V
[LIFT] V_Motors: 27.636 V
[LIFT] V_Compute: 28.144 V
[LIFT] V_Motors: 27.622 V
[LIFT] V_Compute: 28.147 V
[LIFT] V_Motors: 27.629 V
[LIFT] V_Compute: 28.145 V
[LIFT] V_Motors: 27.621 V
[LIFT] V_Compute: 28.147 V
[LIFT] V_Motors: 27.628 V
[LIFT] V_Compute: 28.140 V
[LIFT] V_Motors: 27.622 V
[LIFT] V_Compute: 28.126 V
[LIFT] V_Motors: 27.615 V
[LIFT] V_Compute: 28.145 V
[LIFT] V_Motors: 27.619 V
[LIFT] V_Compute: 28.140 V
[LIFT] V_Motors: 27.628 V
[LIFT] V_Compute: 28.145 V
[LIFT] V_Motors: 27.621 V
[LIFT] V_Compute: 28.138 V
[LIFT] V_Motors: 27.624 V
[LIFT] V_Compute: 28.128 V
[LIFT] V_Motors: 27.618 V
[LIFT] V_Compute: 28.138 V
[LIFT] V_Motors: 27.624 V
[LIFT] V_Compute: 28.139 V
[LIFT] V_Motors: 27.622 V
[LIFT] V_Compute: 28.140 V
[LIFT] V_Motors: 27.618 V
[LIFT] V_Compute: 28.140 V
[LIFT] V_Motors: 27.622 V
[LIFT] V_Compute: 28.138 V
[LIFT] V_Motors: 27.618 V
[LIFT] V_Compute: 28.144 V
[LIFT] V_Motors: 27.626 V
[LIFT] V_Compute: 28.149 V
[LIFT] V_Motors: 27.628 V
[LIFT] V_Compute: 28.140 V
[LIFT] V_Motors: 27.629 V
[LIFT] V_Compute: 28.139 V
[LIFT] V_Motors: 27.626 V
[LIFT] V_Compute: 28.125 V
[LIFT] V_Motors: 27.609 V
[LIFT] V_Compute: 28.141 V
[LIFT] V_Motors: 27.622 V
[LIFT] V_Compute: 28.138 V
[LIFT] V_Motors: 27.628 V
[LIFT] V_Compute: 28.139 V
[LIFT] V_Motors: 27.622 V
[LIFT] V_Compute: 28.141 V
[LIFT] V_Motors: 27.628 V
[LIFT] V_Compute: 28.135 V
[LIFT] V_Motors: 27.620 V
[LIFT] V_Compute: 28.139 V
[LIFT] V_Motors: 27.624 V
[LIFT] V_Compute: 28.142 V
[LIFT] V_Motors: 27.620 V
[LIFT] V_Compute: 28.142 V
[LIFT] V_Motors: 27.619 V
[LIFT] V_Compute: 28.138 V
[LIFT] V_Motors: 27.624 V
[LIFT] V_Compute: 28.136 V
[LIFT] V_Motors: 27.624 V
[LIFT] V_Compute: 28.145 V
[LIFT] V_Motors: 27.621 V
[LIFT] V_Compute: 28.139 V
[LIFT] V_Motors: 27.621 V
[LIFT] V_Compute: 28.141 V
[LIFT] V_Motors: 27.622 V
[LIFT] V_Compute: 28.134 V
[LIFT] V_Motors: 27.619 V
[LIFT] V_Compute: 28.140 V
[LIFT] V_Motors: 27.620 V
[LIFT] V_Compute: 28.136 V
[LIFT] V_Motors: 27.621 V
[LIFT] V_Compute: 28.140 V
[LIFT] V_Motors: 27.621 V
[LIFT] V_Compute: 28.138 V
[LIFT] V_Motors: 27.620 V
[LIFT] V_Compute: 28.136 V
[LIFT] V_Motors: 27.624 V
[LIFT] V_Compute: 28.136 V
[LIFT] V_Motors: 27.619 V
[LIFT] V_Compute: 28.126 V
[LIFT] V_Motors: 27.618 V
[LIFT] V_Compute: 28.140 V
[LIFT] V_Motors: 27.619 V
[LIFT] V_Compute: 28.144 V
[LIFT] V_Motors: 27.620 V
[LIFT] V_Compute: 28.139 V
[LIFT] V_Motors: 27.622 V
SLAM pose subscriber initialized
[YOR] follow_path: n=22 first=(-0.011000001430511497, 0.023599910736083807) last=(4.238999998569489, -0.8264000892639167)
[LIFT] V_Compute: 28.142 V
[LIFT] V_Motors: 27.581 V
[LIFT] V_Compute: 28.142 V
[LIFT] V_Motors: 27.584 V
[LIFT] V_Compute: 28.139 V
[LIFT] V_Motors: 27.604 V
[LIFT] V_Compute: 28.136 V
[LIFT] V_Motors: 27.595 V
[LIFT] V_Compute: 28.144 V
[LIFT] V_Motors: 27.585 V
[LIFT] V_Compute: 28.140 V
[LIFT] V_Motors: 27.594 V
[LIFT] V_Compute: 28.124 V
[LIFT] V_Motors: 27.586 V
[LIFT] V_Compute: 28.138 V
[LIFT] V_Motors: 27.580 V
[LIFT] V_Compute: 28.131 V
[LIFT] V_Motors: 27.586 V
[LIFT] V_Compute: 28.141 V
[LIFT] V_Motors: 27.584 V
[LIFT] V_Compute: 28.134 V
[LIFT] V_Motors: 27.581 V
[LIFT] V_Compute: 28.138 V
[LIFT] V_Motors: 27.594 V
[LIFT] V_Compute: 28.142 V
[LIFT] V_Motors: 27.591 V
[LIFT] V_Compute: 28.141 V
[LIFT] V_Motors: 27.586 V
[LIFT] V_Compute: 28.141 V
[LIFT] V_Motors: 27.580 V
[LIFT] V_Compute: 28.131 V
[LIFT] V_Motors: 27.576 V
[LIFT] V_Compute: 28.138 V
[LIFT] V_Motors: 27.579 V
[LIFT] V_Compute: 28.136 V
[LIFT] V_Motors: 27.585 V
[LIFT] V_Compute: 28.140 V
[LIFT] V_Motors: 27.575 V
[LIFT] V_Compute: 28.139 V
[LIFT] V_Motors: 27.587 V
[LIFT] V_Compute: 28.145 V
[LIFT] V_Motors: 27.581 V
[LIFT] V_Compute: 28.131 V
[LIFT] V_Motors: 27.585 V
[LIFT] V_Compute: 28.132 V
[LIFT] V_Motors: 27.576 V
[LIFT] V_Compute: 28.145 V
[LIFT] V_Motors: 27.575 V
[LIFT] V_Compute: 28.136 V
[LIFT] V_Motors: 27.609 V
[LIFT] V_Compute: 28.138 V
[LIFT] V_Motors: 27.577 V
[YOR] follow_path: cleared
[LIFT] V_Compute: 28.140 V
[LIFT] V_Motors: 27.620 V
[LIFT] V_Compute: 28.139 V
[LIFT] V_Motors: 27.614 V
[LIFT] V_Compute: 28.139 V
[LIFT] V_Motors: 27.616 V
[LIFT] V_Compute: 28.140 V
[LIFT] V_Motors: 27.615 V
[LIFT] V_Compute: 28.139 V
[LIFT] V_Motors: 27.619 V
[LIFT] V_Compute: 28.141 V
[LIFT] V_Motors: 27.614 V
[LIFT] V_Compute: 28.129 V
[LIFT] V_Motors: 27.616 V
[LIFT] V_Compute: 28.138 V
[LIFT] V_Motors: 27.614 V
[LIFT] V_Compute: 28.142 V
[LIFT] V_Motors: 27.616 V
[LIFT] V_Compute: 28.136 V
[LIFT] V_Motors: 27.612 V
[LIFT] V_Compute: 28.140 V
[LIFT] V_Motors: 27.618 V
[LIFT] V_Compute: 28.139 V
[LIFT] V_Motors: 27.615 V
[LIFT] V_Compute: 28.135 V
[LIFT] V_Motors: 27.615 V
[LIFT] V_Compute: 28.138 V
[LIFT] V_Motors: 27.615 V
[LIFT] V_Compute: 28.136 V
[LIFT] V_Motors: 27.612 V
[LIFT] V_Compute: 28.138 V
[LIFT] V_Motors: 27.619 V
[LIFT] V_Compute: 28.135 V
[LIFT] V_Motors: 27.616 V
[LIFT] V_Compute: 28.141 V
[LIFT] V_Motors: 27.615 V
[LIFT] V_Compute: 28.146 V
[LIFT] V_Motors: 27.611 V
[LIFT] V_Compute: 28.139 V
[LIFT] V_Motors: 27.616 V
[LIFT] V_Compute: 28.130 V
[LIFT] V_Motors: 27.609 V
[LIFT] V_Compute: 28.130 V
[LIFT] V_Motors: 27.618 V
[LIFT] V_Compute: 28.131 V
[LIFT] V_Motors: 27.611 V
[LIFT] V_Compute: 28.134 V
[LIFT] V_Motors: 27.616 V
[LIFT] V_Compute: 28.139 V
[LIFT] V_Motors: 27.616 V
[LIFT] V_Compute: 28.141 V
[LIFT] V_Motors: 27.616 V
[LIFT] V_Compute: 28.142 V
[LIFT] V_Motors: 27.614 V
[LIFT] V_Compute: 28.138 V
[LIFT] V_Motors: 27.615 V
[LIFT] V_Compute: 28.139 V
[LIFT] V_Motors: 27.611 V
[LIFT] V_Compute: 28.139 V
[LIFT] V_Motors: 27.620 V
[LIFT] V_Compute: 28.136 V
[LIFT] V_Motors: 27.615 V
[LIFT] V_Compute: 28.140 V
[LIFT] V_Motors: 27.625 V
[LIFT] V_Compute: 28.139 V
[LIFT] V_Motors: 27.616 V
[LIFT] V_Compute: 28.136 V
[LIFT] V_Motors: 27.619 V
[LIFT] V_Compute: 28.139 V
[LIFT] V_Motors: 27.618 V
[LIFT] V_Compute: 28.141 V
[LIFT] V_Motors: 27.620 V
[LIFT] V_Compute: 28.131 V
[LIFT] V_Motors: 27.618 V
[LIFT] V_Compute: 28.140 V
[LIFT] V_Motors: 27.616 V
[LIFT] V_Compute: 28.128 V
[LIFT] V_Motors: 27.611 V
[LIFT] V_Compute: 28.132 V
[LIFT] V_Motors: 27.618 V
[LIFT] V_Compute: 28.132 V
[LIFT] V_Motors: 27.611 V
[LIFT] V_Compute: 28.130 V
[LIFT] V_Motors: 27.620 V
[LIFT] V_Compute: 28.140 V
[LIFT] V_Motors: 27.616 V
[LIFT] V_Compute: 28.120 V
[LIFT] V_Motors: 27.606 V
[LIFT] V_Compute: 28.140 V
[LIFT] V_Motors: 27.614 V
[LIFT] V_Compute: 28.138 V
[LIFT] V_Motors: 27.612 V
[LIFT] V_Compute: 28.139 V
[LIFT] V_Motors: 27.615 V
[LIFT] V_Compute: 28.135 V
[LIFT] V_Motors: 27.619 V
[LIFT] V_Compute: 28.136 V
[LIFT] V_Motors: 27.610 V
[LIFT] V_Compute: 28.130 V
[LIFT] V_Motors: 27.576 V
[LIFT] V_Compute: 28.130 V
[LIFT] V_Motors: 27.572 V
[LIFT] V_Compute: 28.130 V
[LIFT] V_Motors: 27.583 V
[LIFT] V_Compute: 28.131 V
[LIFT] V_Motors: 27.579 V
[LIFT] V_Compute: 28.129 V
[LIFT] V_Motors: 27.583 V
[LIFT] V_Compute: 28.130 V
[LIFT] V_Motors: 27.581 V
[LIFT] V_Compute: 28.131 V
[LIFT] V_Motors: 27.609 V
[LIFT] V_Compute: 28.129 V
[LIFT] V_Motors: 27.612 V
[LIFT] V_Compute: 28.140 V
[LIFT] V_Motors: 27.606 V
[LIFT] V_Compute: 28.138 V
[LIFT] V_Motors: 27.611 V
[LIFT] V_Compute: 28.136 V
[LIFT] V_Motors: 27.609 V
[LIFT] V_Compute: 28.135 V
[LIFT] V_Motors: 27.614 V
[LIFT] V_Compute: 28.139 V
[LIFT] V_Motors: 27.612 V
[LIFT] V_Compute: 28.138 V
[LIFT] V_Motors: 27.618 V
[YOR] follow_path: cleared
[LIFT] V_Compute: 28.135 V
[LIFT] V_Motors: 27.621 V
[LIFT] V_Compute: 28.128 V
[LIFT] V_Motors: 27.619 V
[LIFT] V_Compute: 28.139 V
[LIFT] V_Motors: 27.620 V
[LIFT] V_Compute: 28.134 V
[LIFT] V_Motors: 27.622 V
[LIFT] V_Compute: 28.140 V
[LIFT] V_Motors: 27.621 V
[LIFT] V_Compute: 28.147 V
[LIFT] V_Motors: 27.575 V
[LIFT] V_Compute: 28.141 V
[LIFT] V_Motors: 27.587 V
[LIFT] V_Compute: 28.140 V
[LIFT] V_Motors: 27.603 V
[LIFT] V_Compute: 28.135 V
[LIFT] V_Motors: 27.585 V
[LIFT] V_Compute: 28.139 V
[LIFT] V_Motors: 27.601 V
[LIFT] V_Compute: 28.136 V
[LIFT] V_Motors: 27.594 V
[LIFT] V_Compute: 28.144 V
[LIFT] V_Motors: 27.591 V
[LIFT] V_Compute: 28.146 V
[LIFT] V_Motors: 27.580 V
[LIFT] V_Compute: 28.154 V
[LIFT] V_Motors: 27.562 V
[LIFT] V_Compute: 28.141 V
[LIFT] V_Motors: 27.587 V
[LIFT] V_Compute: 28.144 V
[LIFT] V_Motors: 27.581 V
[LIFT] V_Compute: 28.151 V
[LIFT] V_Motors: 27.604 V
[LIFT] V_Compute: 28.154 V
[LIFT] V_Motors: 27.601 V
[LIFT] V_Compute: 28.150 V
[LIFT] V_Motors: 27.601 V
[LIFT] V_Compute: 28.147 V
[LIFT] V_Motors: 27.596 V
[LIFT] V_Compute: 28.132 V
[LIFT] V_Motors: 27.579 V
[LIFT] V_Compute: 28.145 V
[LIFT] V_Motors: 27.596 V
[LIFT] V_Compute: 28.145 V
[LIFT] V_Motors: 27.596 V
[LIFT] V_Compute: 28.141 V
[LIFT] V_Motors: 27.605 V
[LIFT] V_Compute: 28.146 V
[LIFT] V_Motors: 27.584 V
[LIFT] V_Compute: 28.145 V
[LIFT] V_Motors: 27.605 V
[LIFT] V_Compute: 28.150 V
[LIFT] V_Motors: 27.624 V
[LIFT] V_Compute: 28.146 V
[LIFT] V_Motors: 27.620 V
[LIFT] V_Compute: 28.145 V
[LIFT] V_Motors: 27.626 V
[LIFT] V_Compute: 28.150 V
[LIFT] V_Motors: 27.624 V
[LIFT] V_Compute: 28.135 V
[LIFT] V_Motors: 27.614 V
[LIFT] V_Compute: 28.144 V
[LIFT] V_Motors: 27.622 V
[LIFT] V_Compute: 28.140 V
[LIFT] V_Motors: 27.620 V
[LIFT] V_Compute: 28.142 V
[LIFT] V_Motors: 27.620 V
[LIFT] V_Compute: 28.151 V
[LIFT] V_Motors: 27.620 V
[LIFT] V_Compute: 28.145 V
[LIFT] V_Motors: 27.615 V
[LIFT] V_Compute: 28.146 V
[LIFT] V_Motors: 27.615 V
[LIFT] V_Compute: 28.141 V
[LIFT] V_Motors: 27.611 V
[LIFT] V_Compute: 28.146 V
[LIFT] V_Motors: 27.616 V
[LIFT] V_Compute: 28.141 V
[LIFT] V_Motors: 27.611 V
[LIFT] V_Compute: 28.126 V
[LIFT] V_Motors: 27.606 V
[LIFT] V_Compute: 28.138 V
[LIFT] V_Motors: 27.612 V
[LIFT] V_Compute: 28.138 V
[LIFT] V_Motors: 27.612 V
[LIFT] V_Compute: 28.138 V
[LIFT] V_Motors: 27.616 V
[LIFT] V_Compute: 28.142 V
[LIFT] V_Motors: 27.614 V
[LIFT] V_Compute: 28.132 V
[LIFT] V_Motors: 27.603 V
[LIFT] V_Compute: 28.141 V
[LIFT] V_Motors: 27.611 V
[LIFT] V_Compute: 28.141 V
[LIFT] V_Motors: 27.616 V
[LIFT] V_Compute: 28.139 V
[LIFT] V_Motors: 27.612 V
[LIFT] V_Compute: 28.139 V
[LIFT] V_Motors: 27.611 V
[LIFT] V_Compute: 28.138 V
[LIFT] V_Motors: 27.611 V
[LIFT] V_Compute: 28.135 V
[LIFT] V_Motors: 27.619 V
[LIFT] V_Compute: 28.141 V
[LIFT] V_Motors: 27.618 V
[LIFT] V_Compute: 28.134 V
[LIFT] V_Motors: 27.611 V
[LIFT] V_Compute: 28.135 V
[LIFT] V_Motors: 27.620 V
[LIFT] V_Compute: 28.139 V
[LIFT] V_Motors: 27.616 V
[LIFT] V_Compute: 28.136 V
[LIFT] V_Motors: 27.618 V
[LIFT] V_Compute: 28.141 V
[LIFT] V_Motors: 27.615 V
[LIFT] V_Compute: 28.142 V
[LIFT] V_Motors: 27.611 V
[LIFT] V_Compute: 28.138 V
[LIFT] V_Motors: 27.607 V
[LIFT] V_Compute: 28.131 V
[LIFT] V_Motors: 27.609 V
[LIFT] V_Compute: 28.136 V
[LIFT] V_Motors: 27.610 V
[LIFT] V_Compute: 28.138 V
[LIFT] V_Motors: 27.612 V
[LIFT] V_Compute: 28.134 V
[LIFT] V_Motors: 27.610 V
[LIFT] V_Compute: 28.139 V
[LIFT] V_Motors: 27.612 V
[LIFT] V_Compute: 28.136 V
[LIFT] V_Motors: 27.607 V
[LIFT] V_Compute: 28.130 V
[LIFT] V_Motors: 27.611 V
[LIFT] V_Compute: 28.131 V
[LIFT] V_Motors: 27.607 V
[LIFT] V_Compute: 28.134 V
[LIFT] V_Motors: 27.616 V
[LIFT] V_Compute: 28.131 V
[LIFT] V_Motors: 27.611 V
[LIFT] V_Compute: 28.138 V
[LIFT] V_Motors: 27.615 V
[LIFT] V_Compute: 28.139 V
[LIFT] V_Motors: 27.616 V
[LIFT] V_Compute: 28.139 V
[LIFT] V_Motors: 27.616 V
[LIFT] V_Compute: 28.136 V
[LIFT] V_Motors: 27.611 V
[LIFT] V_Compute: 28.140 V
[LIFT] V_Motors: 27.615 V
[LIFT] V_Compute: 28.130 V
[LIFT] V_Motors: 27.610 V
[LIFT] V_Compute: 28.129 V
[LIFT] V_Motors: 27.615 V
[LIFT] V_Compute: 28.132 V
[LIFT] V_Motors: 27.611 V
[LIFT] V_Compute: 28.134 V
[LIFT] V_Motors: 27.612 V
[LIFT] V_Compute: 28.135 V
[LIFT] V_Motors: 27.612 V
[LIFT] V_Compute: 28.130 V
[LIFT] V_Motors: 27.611 V
[LIFT] V_Compute: 28.132 V
[LIFT] V_Motors: 27.616 V
[YOR] follow_path: n=20 first=(-0.014100009202957176, 0.006899833679199219) last=(4.035899990797043, -0.5931001663208013)
[LIFT] V_Compute: 28.135 V
[LIFT] V_Motors: 27.569 V
[LIFT] V_Compute: 28.138 V
[LIFT] V_Motors: 27.584 V
[LIFT] V_Compute: 28.130 V
[LIFT] V_Motors: 27.579 V
[LIFT] V_Compute: 28.145 V
[LIFT] V_Motors: 27.593 V
[LIFT] V_Compute: 28.134 V
[LIFT] V_Motors: 27.590 V
[LIFT] V_Compute: 28.135 V
[LIFT] V_Motors: 27.591 V
[LIFT] V_Compute: 28.141 V
[LIFT] V_Motors: 27.583 V
[LIFT] V_Compute: 28.141 V
[LIFT] V_Motors: 27.583 V
[LIFT] V_Compute: 28.139 V
[LIFT] V_Motors: 27.577 V
[LIFT] V_Compute: 28.135 V
[LIFT] V_Motors: 27.570 V
[LIFT] V_Compute: 28.129 V
[LIFT] V_Motors: 27.587 V
[LIFT] V_Compute: 28.131 V
[LIFT] V_Motors: 27.579 V
[LIFT] V_Compute: 28.138 V
[LIFT] V_Motors: 27.571 V
[LIFT] V_Compute: 28.138 V
[LIFT] V_Motors: 27.579 V
[LIFT] V_Compute: 28.130 V
[LIFT] V_Motors: 27.579 V
[LIFT] V_Compute: 28.136 V
[LIFT] V_Motors: 27.574 V
[LIFT] V_Compute: 28.132 V
[LIFT] V_Motors: 27.566 V
[LIFT] V_Compute: 28.120 V
[LIFT] V_Motors: 27.562 V
[LIFT] V_Compute: 28.141 V
[LIFT] V_Motors: 27.576 V
[LIFT] V_Compute: 28.136 V
[LIFT] V_Motors: 27.575 V
[LIFT] V_Compute: 28.136 V
[LIFT] V_Motors: 27.574 V
[LIFT] V_Compute: 28.132 V
[LIFT] V_Motors: 27.567 V
[LIFT] V_Compute: 28.134 V
[LIFT] V_Motors: 27.576 V
[LIFT] V_Compute: 28.131 V
[LIFT] V_Motors: 27.579 V
[LIFT] V_Compute: 28.130 V
[LIFT] V_Motors: 27.565 V
[YOR] follow_path: cleared
[LIFT] V_Compute: 28.131 V
[LIFT] V_Motors: 27.600 V
[LIFT] V_Compute: 28.135 V
[LIFT] V_Motors: 27.605 V
[LIFT] V_Compute: 28.132 V
[LIFT] V_Motors: 27.606 V
[LIFT] V_Compute: 28.138 V
[LIFT] V_Motors: 27.603 V
[LIFT] V_Compute: 28.135 V
[LIFT] V_Motors: 27.604 V
[LIFT] V_Compute: 28.132 V
[LIFT] V_Motors: 27.609 V
[LIFT] V_Compute: 28.132 V
[LIFT] V_Motors: 27.603 V
[LIFT] V_Compute: 28.125 V
[LIFT] V_Motors: 27.597 V
[LIFT] V_Compute: 28.130 V
[LIFT] V_Motors: 27.612 V
[LIFT] V_Compute: 28.139 V
[LIFT] V_Motors: 27.604 V
[LIFT] V_Compute: 28.138 V
[LIFT] V_Motors: 27.609 V
[LIFT] V_Compute: 28.132 V
[LIFT] V_Motors: 27.609 V
[LIFT] V_Compute: 28.132 V
[LIFT] V_Motors: 27.609 V
[LIFT] V_Compute: 28.134 V
[LIFT] V_Motors: 27.604 V
[LIFT] V_Compute: 28.131 V
[LIFT] V_Motors: 27.605 V
[LIFT] V_Compute: 28.135 V
[LIFT] V_Motors: 27.609 V
[LIFT] V_Compute: 28.134 V
[LIFT] V_Motors: 27.610 V
[LIFT] V_Compute: 28.131 V
[LIFT] V_Motors: 27.605 V
[LIFT] V_Compute: 28.132 V
[LIFT] V_Motors: 27.609 V
[YOR] follow_path: n=20 first=(4.035899990797043, -0.6121998786926275) last=(-0.014100009202957176, -0.012199878692627841)
[LIFT] V_Compute: 28.131 V
[LIFT] V_Motors: 27.601 V
[LIFT] V_Compute: 28.125 V
[LIFT] V_Motors: 27.589 V
[LIFT] V_Compute: 28.134 V
[LIFT] V_Motors: 27.579 V
[LIFT] V_Compute: 28.132 V
[LIFT] V_Motors: 27.595 V
[LIFT] V_Compute: 28.135 V
[LIFT] V_Motors: 27.590 V
[LIFT] V_Compute: 28.130 V
[LIFT] V_Motors: 27.603 V
[LIFT] V_Compute: 28.138 V
[LIFT] V_Motors: 27.564 V
[LIFT] V_Compute: 28.139 V
[LIFT] V_Motors: 27.580 V
[LIFT] V_Compute: 28.130 V
[LIFT] V_Motors: 27.581 V
[LIFT] V_Compute: 28.132 V
[LIFT] V_Motors: 27.570 V
[LIFT] V_Compute: 28.136 V
[LIFT] V_Motors: 27.571 V
[LIFT] V_Compute: 28.131 V
[LIFT] V_Motors: 27.565 V
[LIFT] V_Compute: 28.135 V
[LIFT] V_Motors: 27.571 V
[LIFT] V_Compute: 28.132 V
[LIFT] V_Motors: 27.574 V
[LIFT] V_Compute: 28.107 V
[LIFT] V_Motors: 27.570 V
[LIFT] V_Compute: 28.131 V
[LIFT] V_Motors: 27.566 V
[LIFT] V_Compute: 28.129 V
[LIFT] V_Motors: 27.561 V
[LIFT] V_Compute: 28.139 V
[LIFT] V_Motors: 27.554 V
[LIFT] V_Compute: 28.138 V
[LIFT] V_Motors: 27.574 V
[LIFT] V_Compute: 28.121 V
[LIFT] V_Motors: 27.559 V
[LIFT] V_Compute: 28.130 V
[LIFT] V_Motors: 27.565 V
[LIFT] V_Compute: 28.128 V
[LIFT] V_Motors: 27.574 V
[LIFT] V_Compute: 28.126 V
[LIFT] V_Motors: 27.558 V
[LIFT] V_Compute: 28.125 V
[LIFT] V_Motors: 27.574 V
[LIFT] V_Compute: 28.134 V
[LIFT] V_Motors: 27.566 V
[LIFT] V_Compute: 28.134 V
[LIFT] V_Motors: 27.566 V
[LIFT] V_Compute: 28.132 V
[LIFT] V_Motors: 27.566 V
[LIFT] V_Compute: 28.126 V
[LIFT] V_Motors: 27.579 V
[LIFT] V_Compute: 28.126 V
[LIFT] V_Motors: 27.581 V
[LIFT] V_Compute: 28.126 V
[LIFT] V_Motors: 27.580 V
[LIFT] V_Compute: 28.136 V
[LIFT] V_Motors: 27.574 V
[LIFT] V_Compute: 28.128 V
[LIFT] V_Motors: 27.576 V
[LIFT] V_Compute: 28.130 V
[LIFT] V_Motors: 27.576 V
[LIFT] V_Compute: 28.134 V
[LIFT] V_Motors: 27.577 V
[LIFT] V_Compute: 28.135 V
[LIFT] V_Motors: 27.544 V
[LIFT] V_Compute: 28.132 V
[LIFT] V_Motors: 27.551 V
[LIFT] V_Compute: 28.134 V
[LIFT] V_Motors: 27.597 V
[LIFT] V_Compute: 28.126 V
[LIFT] V_Motors: 27.583 V
[LIFT] V_Compute: 28.130 V
[LIFT] V_Motors: 27.555 V
[LIFT] V_Compute: 28.136 V
[LIFT] V_Motors: 27.579 V
[LIFT] V_Compute: 28.136 V
[LIFT] V_Motors: 27.565 V
[LIFT] V_Compute: 28.129 V
[LIFT] V_Motors: 27.535 V
[LIFT] V_Compute: 28.130 V
[LIFT] V_Motors: 27.593 V
[LIFT] V_Compute: 28.130 V
[LIFT] V_Motors: 27.597 V
[LIFT] V_Compute: 28.138 V
[LIFT] V_Motors: 27.597 V
[LIFT] V_Compute: 28.130 V
[LIFT] V_Motors: 27.600 V
[YOR] follow_path: cleared
[LIFT] V_Compute: 28.128 V
[LIFT] V_Motors: 27.597 V
[LIFT] V_Compute: 28.136 V
[LIFT] V_Motors: 27.603 V
[LIFT] V_Compute: 28.130 V
[LIFT] V_Motors: 27.601 V
[LIFT] V_Compute: 28.124 V
[LIFT] V_Motors: 27.590 V
[LIFT] V_Compute: 28.130 V
[LIFT] V_Motors: 27.596 V
[LIFT] V_Compute: 28.129 V
[LIFT] V_Motors: 27.597 V
[LIFT] V_Compute: 28.125 V
[LIFT] V_Motors: 27.603 V
[LIFT] V_Compute: 28.118 V
[LIFT] V_Motors: 27.597 V
[LIFT] V_Compute: 28.134 V
[LIFT] V_Motors: 27.604 V
[LIFT] V_Compute: 28.131 V
[LIFT] V_Motors: 27.594 V
[LIFT] V_Compute: 28.131 V
[LIFT] V_Motors: 27.601 V
[LIFT] V_Compute: 28.140 V
[LIFT] V_Motors: 27.591 V
[LIFT] V_Compute: 28.124 V
[LIFT] V_Motors: 27.597 V
[LIFT] V_Compute: 28.131 V
[LIFT] V_Motors: 27.601 V
[LIFT] V_Compute: 28.140 V
[LIFT] V_Motors: 27.606 V
[LIFT] V_Compute: 28.128 V
[LIFT] V_Motors: 27.603 V
[LIFT] V_Compute: 28.135 V
[LIFT] V_Motors: 27.605 V
[LIFT] V_Compute: 28.121 V
[LIFT] V_Motors: 27.601 V
[LIFT] V_Compute: 28.131 V
[LIFT] V_Motors: 27.603 V
[LIFT] V_Compute: 28.136 V
[LIFT] V_Motors: 27.596 V
[LIFT] V_Compute: 28.131 V
[LIFT] V_Motors: 27.603 V
[LIFT] V_Compute: 28.136 V
[LIFT] V_Motors: 27.594 V
[LIFT] V_Compute: 28.139 V
[LIFT] V_Motors: 27.600 V
[LIFT] V_Compute: 28.136 V
[LIFT] V_Motors: 27.605 V
[LIFT] V_Compute: 28.134 V
[LIFT] V_Motors: 27.600 V
[LIFT] V_Compute: 28.124 V
[LIFT] V_Motors: 27.597 V
[LIFT] V_Compute: 28.128 V
[LIFT] V_Motors: 27.597 V
[LIFT] V_Compute: 28.130 V
[LIFT] V_Motors: 27.600 V
[LIFT] V_Compute: 28.121 V
[LIFT] V_Motors: 27.601 V
[YOR] follow_path: cleared
[LIFT] V_Compute: 28.136 V
[LIFT] V_Motors: 27.603 V
[LIFT] V_Compute: 28.124 V
[LIFT] V_Motors: 27.600 V
[LIFT] V_Compute: 28.130 V
[LIFT] V_Motors: 27.606 V
[LIFT] V_Compute: 28.136 V
[LIFT] V_Motors: 27.612 V
[LIFT] V_Compute: 28.136 V
[LIFT] V_Motors: 27.609 V
[LIFT] V_Compute: 28.138 V
[LIFT] V_Motors: 27.612 V
[LIFT] V_Compute: 28.131 V
[LIFT] V_Motors: 27.612 V
[LIFT] V_Compute: 28.141 V
[LIFT] V_Motors: 27.612 V
[LIFT] V_Compute: 28.141 V
[LIFT] V_Motors: 27.612 V
[LIFT] V_Compute: 28.140 V
[LIFT] V_Motors: 27.615 V
[LIFT] V_Compute: 28.141 V
[LIFT] V_Motors: 27.610 V
[LIFT] V_Compute: 28.145 V
[LIFT] V_Motors: 27.611 V
[LIFT] V_Compute: 28.141 V
[LIFT] V_Motors: 27.614 V
[LIFT] V_Compute: 28.142 V
[LIFT] V_Motors: 27.610 V
[LIFT] V_Compute: 28.146 V
[LIFT] V_Motors: 27.620 V
[LIFT] V_Compute: 28.142 V
[LIFT] V_Motors: 27.611 V
[LIFT] V_Compute: 28.129 V
[LIFT] V_Motors: 27.595 V
[LIFT] V_Compute: 28.145 V
[LIFT] V_Motors: 27.611 V
[LIFT] V_Compute: 28.141 V
[LIFT] V_Motors: 27.615 V
[LIFT] V_Compute: 28.145 V
[LIFT] V_Motors: 27.615 V
[LIFT] V_Compute: 28.140 V
[LIFT] V_Motors: 27.616 V
[LIFT] V_Compute: 28.147 V
[LIFT] V_Motors: 27.615 V
[LIFT] V_Compute: 28.149 V
[LIFT] V_Motors: 27.616 V
[LIFT] V_Compute: 28.147 V
[LIFT] V_Motors: 27.614 V
[LIFT] V_Compute: 28.141 V
[LIFT] V_Motors: 27.614 V
[LIFT] V_Compute: 28.144 V
[LIFT] V_Motors: 27.616 V
[LIFT] V_Compute: 28.149 V
[LIFT] V_Motors: 27.612 V
[LIFT] V_Compute: 28.142 V
[LIFT] V_Motors: 27.614 V
[LIFT] V_Compute: 28.135 V
[LIFT] V_Motors: 27.618 V
[LIFT] V_Compute: 28.142 V
[LIFT] V_Motors: 27.614 V
[LIFT] V_Compute: 28.141 V
[LIFT] V_Motors: 27.616 V
[LIFT] V_Compute: 28.147 V
[LIFT] V_Motors: 27.614 V
[LIFT] V_Compute: 28.142 V
[LIFT] V_Motors: 27.615 V
[LIFT] V_Compute: 28.145 V
[LIFT] V_Motors: 27.619 V
[LIFT] V_Compute: 28.139 V
[LIFT] V_Motors: 27.612 V
[LIFT] V_Compute: 28.142 V
[LIFT] V_Motors: 27.614 V
[LIFT] V_Compute: 28.144 V
[LIFT] V_Motors: 27.615 V
[LIFT] V_Compute: 28.141 V
[LIFT] V_Motors: 27.619 V
[LIFT] V_Compute: 28.150 V
[LIFT] V_Motors: 27.614 V
[LIFT] V_Compute: 28.146 V
[LIFT] V_Motors: 27.616 V
[LIFT] V_Compute: 28.138 V
[LIFT] V_Motors: 27.612 V
[LIFT] V_Compute: 28.141 V
[LIFT] V_Motors: 27.611 V
[LIFT] V_Compute: 28.141 V
[LIFT] V_Motors: 27.614 V
[LIFT] V_Compute: 28.144 V
[LIFT] V_Motors: 27.618 V
[LIFT] V_Compute: 28.141 V
[LIFT] V_Motors: 27.611 V
[LIFT] V_Compute: 28.149 V
[LIFT] V_Motors: 27.615 V
[LIFT] V_Compute: 28.140 V
[LIFT] V_Motors: 27.619 V
[LIFT] V_Compute: 28.138 V
[LIFT] V_Motors: 27.618 V
[LIFT] V_Compute: 28.144 V
[LIFT] V_Motors: 27.614 V
[LIFT] V_Compute: 28.141 V
[LIFT] V_Motors: 27.615 V
[LIFT] V_Compute: 28.136 V
[LIFT] V_Motors: 27.611 V
[LIFT] V_Compute: 28.141 V
[LIFT] V_Motors: 27.615 V
[LIFT] V_Compute: 28.140 V
[LIFT] V_Motors: 27.619 V
[LIFT] V_Compute: 28.146 V
[LIFT] V_Motors: 27.612 V
[LIFT] V_Compute: 28.142 V
[LIFT] V_Motors: 27.620 V
[LIFT] V_Compute: 28.119 V
[LIFT] V_Motors: 27.595 V
[LIFT] V_Compute: 28.141 V
[LIFT] V_Motors: 27.615 V
[LIFT] V_Compute: 28.144 V
[LIFT] V_Motors: 27.618 V
[LIFT] V_Compute: 28.144 V
[LIFT] V_Motors: 27.612 V
[LIFT] V_Compute: 28.149 V
[LIFT] V_Motors: 27.614 V
[LIFT] V_Compute: 28.141 V
[LIFT] V_Motors: 27.618 V
[LIFT] V_Compute: 28.147 V
[LIFT] V_Motors: 27.614 V
[LIFT] V_Compute: 28.147 V
[LIFT] V_Motors: 27.610 V
[LIFT] V_Compute: 28.149 V
[LIFT] V_Motors: 27.615 V
[LIFT] V_Compute: 28.146 V
[LIFT] V_Motors: 27.614 V
[LIFT] V_Compute: 28.142 V
[LIFT] V_Motors: 27.619 V
[LIFT] V_Compute: 28.142 V
[LIFT] V_Motors: 27.624 V
[LIFT] V_Compute: 28.144 V
[LIFT] V_Motors: 27.615 V
[LIFT] V_Compute: 28.142 V
[LIFT] V_Motors: 27.616 V
[LIFT] V_Compute: 28.142 V
[LIFT] V_Motors: 27.614 V
[LIFT] V_Compute: 28.141 V
[LIFT] V_Motors: 27.618 V
[LIFT] V_Compute: 28.144 V
[LIFT] V_Motors: 27.616 V
[LIFT] V_Compute: 28.142 V
[LIFT] V_Motors: 27.615 V
[LIFT] V_Compute: 28.142 V
[LIFT] V_Motors: 27.615 V
[LIFT] V_Compute: 28.134 V
[LIFT] V_Motors: 27.612 V
[LIFT] V_Compute: 28.140 V
[LIFT] V_Motors: 27.614 V
[LIFT] V_Compute: 28.144 V
[LIFT] V_Motors: 27.610 V
[LIFT] V_Compute: 28.144 V
[LIFT] V_Motors: 27.621 V
[LIFT] V_Compute: 28.141 V
[LIFT] V_Motors: 27.614 V
[LIFT] V_Compute: 28.146 V
[LIFT] V_Motors: 27.612 V
[LIFT] V_Compute: 28.140 V
[LIFT] V_Motors: 27.618 V
[LIFT] V_Compute: 28.145 V
[LIFT] V_Motors: 27.618 V
[LIFT] V_Compute: 28.139 V
[LIFT] V_Motors: 27.614 V
[LIFT] V_Compute: 28.140 V
[LIFT] V_Motors: 27.616 V
[LIFT] V_Compute: 28.150 V
[LIFT] V_Motors: 27.618 V
[LIFT] V_Compute: 28.149 V
[LIFT] V_Motors: 27.612 V
[LIFT] V_Compute: 28.145 V
[LIFT] V_Motors: 27.615 V
[LIFT] V_Compute: 28.145 V
[LIFT] V_Motors: 27.616 V
[LIFT] V_Compute: 28.147 V
[LIFT] V_Motors: 27.616 V
[LIFT] V_Compute: 28.149 V
[LIFT] V_Motors: 27.614 V
[LIFT] V_Compute: 28.150 V
[LIFT] V_Motors: 27.612 V
[LIFT] V_Compute: 28.144 V
[LIFT] V_Motors: 27.615 V
[LIFT] V_Compute: 28.147 V
[LIFT] V_Motors: 27.624 V
[LIFT] V_Compute: 28.144 V
[LIFT] V_Motors: 27.619 V
[LIFT] V_Compute: 28.145 V
[LIFT] V_Motors: 27.614 V
[LIFT] V_Compute: 28.146 V
[LIFT] V_Motors: 27.618 V
[LIFT] V_Compute: 28.142 V
[LIFT] V_Motors: 27.618 V
[LIFT] V_Compute: 28.135 V
[LIFT] V_Motors: 27.614 V
[LIFT] V_Compute: 28.122 V
[LIFT] V_Motors: 27.596 V
[LIFT] V_Compute: 28.136 V
[LIFT] V_Motors: 27.612 V
[LIFT] V_Compute: 28.144 V
[LIFT] V_Motors: 27.612 V
[LIFT] V_Compute: 28.145 V
[LIFT] V_Motors: 27.615 V
[LIFT] V_Compute: 28.142 V
[LIFT] V_Motors: 27.611 V
[LIFT] V_Compute: 28.139 V
[LIFT] V_Motors: 27.620 V
[LIFT] V_Compute: 28.145 V
[LIFT] V_Motors: 27.619 V
[LIFT] V_Compute: 28.145 V
[LIFT] V_Motors: 27.616 V
[LIFT] V_Compute: 28.150 V
[LIFT] V_Motors: 27.611 V
[LIFT] V_Compute: 28.144 V
[LIFT] V_Motors: 27.616 V
[LIFT] V_Compute: 28.132 V
[LIFT] V_Motors: 27.614 V
[LIFT] V_Compute: 28.142 V
[LIFT] V_Motors: 27.621 V
[LIFT] V_Compute: 28.142 V
[LIFT] V_Motors: 27.618 V
[LIFT] V_Compute: 28.146 V
[LIFT] V_Motors: 27.620 V
[LIFT] V_Compute: 28.147 V
[LIFT] V_Motors: 27.620 V
[LIFT] V_Compute: 28.141 V
[LIFT] V_Motors: 27.616 V
[LIFT] V_Compute: 28.149 V
[LIFT] V_Motors: 27.619 V
[LIFT] V_Compute: 28.145 V
[LIFT] V_Motors: 27.616 V
[LIFT] V_Compute: 28.145 V
[LIFT] V_Motors: 27.616 V
[LIFT] V_Compute: 28.147 V
[LIFT] V_Motors: 27.618 V
[LIFT] V_Compute: 28.142 V
[LIFT] V_Motors: 27.616 V
[LIFT] V_Compute: 28.142 V
[LIFT] V_Motors: 27.616 V
[LIFT] V_Compute: 28.141 V
[LIFT] V_Motors: 27.619 V
[LIFT] V_Compute: 28.139 V
[LIFT] V_Motors: 27.611 V
[LIFT] V_Compute: 28.149 V
[LIFT] V_Motors: 27.615 V
[LIFT] V_Compute: 28.141 V
[LIFT] V_Motors: 27.610 V
[LIFT] V_Compute: 28.150 V
[LIFT] V_Motors: 27.614 V
[LIFT] V_Compute: 28.142 V
[LIFT] V_Motors: 27.615 V
[LIFT] V_Compute: 28.138 V
[LIFT] V_Motors: 27.615 V
[LIFT] V_Compute: 28.144 V
[LIFT] V_Motors: 27.614 V
[LIFT] V_Compute: 28.141 V
[LIFT] V_Motors: 27.615 V
[LIFT] V_Compute: 28.142 V
[LIFT] V_Motors: 27.616 V
[LIFT] V_Compute: 28.141 V
[LIFT] V_Motors: 27.619 V
[LIFT] V_Compute: 28.147 V
[LIFT] V_Motors: 27.615 V
[LIFT] V_Compute: 28.151 V
[LIFT] V_Motors: 27.620 V
[LIFT] V_Compute: 28.141 V
[LIFT] V_Motors: 27.614 V
[LIFT] V_Compute: 28.149 V
[LIFT] V_Motors: 27.614 V
[LIFT] V_Compute: 28.142 V
[LIFT] V_Motors: 27.612 V
[LIFT] V_Compute: 28.142 V
[LIFT] V_Motors: 27.614 V
[LIFT] V_Compute: 28.131 V
[LIFT] V_Motors: 27.610 V
[LIFT] V_Compute: 28.134 V
[LIFT] V_Motors: 27.612 V
[LIFT] V_Compute: 28.124 V
[LIFT] V_Motors: 27.600 V
[LIFT] V_Compute: 28.145 V
[LIFT] V_Motors: 27.615 V
[LIFT] V_Compute: 28.139 V
[LIFT] V_Motors: 27.620 V
[LIFT] V_Compute: 28.144 V
[LIFT] V_Motors: 27.615 V
[LIFT] V_Compute: 28.140 V
[LIFT] V_Motors: 27.618 V
[LIFT] V_Compute: 28.141 V
[LIFT] V_Motors: 27.615 V
[LIFT] V_Compute: 28.140 V
[LIFT] V_Motors: 27.620 V
[LIFT] V_Compute: 28.141 V
[LIFT] V_Motors: 27.614 V
[LIFT] V_Compute: 28.136 V
[LIFT] V_Motors: 27.609 V
[LIFT] V_Compute: 28.132 V
[LIFT] V_Motors: 27.614 V
[LIFT] V_Compute: 28.131 V
[LIFT] V_Motors: 27.611 V
[LIFT] V_Compute: 28.142 V
[LIFT] V_Motors: 27.616 V
[LIFT] V_Compute: 28.136 V
[LIFT] V_Motors: 27.607 V
[LIFT] V_Compute: 28.147 V
[LIFT] V_Motors: 27.612 V
[LIFT] V_Compute: 28.142 V
[LIFT] V_Motors: 27.614 V
[LIFT] V_Compute: 28.142 V
[LIFT] V_Motors: 27.616 V
[LIFT] V_Compute: 28.145 V
[LIFT] V_Motors: 27.624 V
[LIFT] V_Compute: 28.149 V
[LIFT] V_Motors: 27.619 V
[LIFT] V_Compute: 28.141 V
[LIFT] V_Motors: 27.615 V
[LIFT] V_Compute: 28.141 V
[LIFT] V_Motors: 27.612 V
[LIFT] V_Compute: 28.144 V
[LIFT] V_Motors: 27.612 V
[LIFT] V_Compute: 28.146 V
[LIFT] V_Motors: 27.616 V
[LIFT] V_Compute: 28.141 V
[LIFT] V_Motors: 27.615 V
[LIFT] V_Compute: 28.141 V
[LIFT] V_Motors: 27.615 V
[LIFT] V_Compute: 28.142 V
[LIFT] V_Motors: 27.618 V
[LIFT] V_Compute: 28.141 V
[LIFT] V_Motors: 27.618 V
[LIFT] V_Compute: 28.146 V
[LIFT] V_Motors: 27.609 V
[LIFT] V_Compute: 28.128 V
[LIFT] V_Motors: 27.601 V
[LIFT] V_Compute: 28.145 V
[LIFT] V_Motors: 27.615 V
[LIFT] V_Compute: 28.145 V
[LIFT] V_Motors: 27.618 V
[LIFT] V_Compute: 28.146 V
[LIFT] V_Motors: 27.612 V
[LIFT] V_Compute: 28.136 V
[LIFT] V_Motors: 27.621 V
[LIFT] V_Compute: 28.141 V
[LIFT] V_Motors: 27.618 V
[LIFT] V_Compute: 28.142 V
[LIFT] V_Motors: 27.619 V
[LIFT] V_Compute: 28.147 V
[LIFT] V_Motors: 27.618 V
[LIFT] V_Compute: 28.140 V
[LIFT] V_Motors: 27.615 V
[LIFT] V_Compute: 28.145 V
[LIFT] V_Motors: 27.615 V
[LIFT] V_Compute: 28.144 V
[LIFT] V_Motors: 27.610 V
[LIFT] V_Compute: 28.150 V
[LIFT] V_Motors: 27.616 V
[LIFT] V_Compute: 28.147 V
[LIFT] V_Motors: 27.616 V
[LIFT] V_Compute: 28.142 V
[LIFT] V_Motors: 27.620 V
[LIFT] V_Compute: 28.144 V
[LIFT] V_Motors: 27.616 V
[LIFT] V_Compute: 28.146 V
[LIFT] V_Motors: 27.615 V
[LIFT] V_Compute: 28.141 V
[LIFT] V_Motors: 27.615 V
[LIFT] V_Compute: 28.147 V
[LIFT] V_Motors: 27.619 V
[LIFT] V_Compute: 28.140 V
[LIFT] V_Motors: 27.615 V
[LIFT] V_Compute: 28.139 V
[LIFT] V_Motors: 27.616 V
[LIFT] V_Compute: 28.147 V
[LIFT] V_Motors: 27.616 V
[LIFT] V_Compute: 28.140 V
[LIFT] V_Motors: 27.618 V
[LIFT] V_Compute: 28.144 V
[LIFT] V_Motors: 27.616 V
[LIFT] V_Compute: 28.146 V
[LIFT] V_Motors: 27.611 V
[LIFT] V_Compute: 28.150 V
[LIFT] V_Motors: 27.618 V
[LIFT] V_Compute: 28.144 V
[LIFT] V_Motors: 27.618 V
[LIFT] V_Compute: 28.145 V
[LIFT] V_Motors: 27.616 V
[LIFT] V_Compute: 28.142 V
[LIFT] V_Motors: 27.616 V
[LIFT] V_Compute: 28.144 V
[LIFT] V_Motors: 27.616 V
[LIFT] V_Compute: 28.136 V
[LIFT] V_Motors: 27.610 V
[LIFT] V_Compute: 28.138 V
[LIFT] V_Motors: 27.618 V
[LIFT] V_Compute: 28.150 V
[LIFT] V_Motors: 27.618 V
[LIFT] V_Compute: 28.142 V
[LIFT] V_Motors: 27.611 V
[LIFT] V_Compute: 28.145 V
[LIFT] V_Motors: 27.612 V
[LIFT] V_Compute: 28.128 V
[LIFT] V_Motors: 27.601 V
[LIFT] V_Compute: 28.141 V
[LIFT] V_Motors: 27.620 V
[LIFT] V_Compute: 28.142 V
[LIFT] V_Motors: 27.619 V
[LIFT] V_Compute: 28.147 V
[LIFT] V_Motors: 27.614 V
[LIFT] V_Compute: 28.150 V
[LIFT] V_Motors: 27.618 V
[LIFT] V_Compute: 28.147 V
[LIFT] V_Motors: 27.616 V
[LIFT] V_Compute: 28.145 V
[LIFT] V_Motors: 27.612 V
[LIFT] V_Compute: 28.146 V
[LIFT] V_Motors: 27.616 V
[LIFT] V_Compute: 28.142 V
[LIFT] V_Motors: 27.619 V
[LIFT] V_Compute: 28.149 V
[LIFT] V_Motors: 27.614 V
[LIFT] V_Compute: 28.146 V
[LIFT] V_Motors: 27.616 V
[LIFT] V_Compute: 28.146 V
[LIFT] V_Motors: 27.618 V
[LIFT] V_Compute: 28.149 V
[LIFT] V_Motors: 27.612 V
[LIFT] V_Compute: 28.147 V
[LIFT] V_Motors: 27.616 V
[LIFT] V_Compute: 28.149 V
[LIFT] V_Motors: 27.615 V
[LIFT] V_Compute: 28.147 V
[LIFT] V_Motors: 27.618 V
[LIFT] V_Compute: 28.142 V
[LIFT] V_Motors: 27.614 V
[LIFT] V_Compute: 28.141 V
[LIFT] V_Motors: 27.614 V
[LIFT] V_Compute: 28.145 V
[LIFT] V_Motors: 27.611 V
[LIFT] V_Compute: 28.144 V
[LIFT] V_Motors: 27.609 V
[LIFT] V_Compute: 28.150 V
[LIFT] V_Motors: 27.615 V
[LIFT] V_Compute: 28.139 V
[LIFT] V_Motors: 27.612 V
[LIFT] V_Compute: 28.144 V
[LIFT] V_Motors: 27.611 V
[LIFT] V_Compute: 28.146 V
[LIFT] V_Motors: 27.614 V
[LIFT] V_Compute: 28.147 V
[LIFT] V_Motors: 27.614 V
[LIFT] V_Compute: 28.146 V
[LIFT] V_Motors: 27.612 V
[LIFT] V_Compute: 28.144 V
[LIFT] V_Motors: 27.616 V
[LIFT] V_Compute: 28.144 V
[LIFT] V_Motors: 27.619 V
[LIFT] V_Compute: 28.150 V
[LIFT] V_Motors: 27.612 V
[LIFT] V_Compute: 28.149 V
[LIFT] V_Motors: 27.615 V
[LIFT] V_Compute: 28.142 V
[LIFT] V_Motors: 27.616 V
[LIFT] V_Compute: 28.147 V
[LIFT] V_Motors: 27.615 V
[LIFT] V_Compute: 28.145 V
[LIFT] V_Motors: 27.618 V
[LIFT] V_Compute: 28.146 V
[LIFT] V_Motors: 27.614 V
[LIFT] V_Compute: 28.144 V
[LIFT] V_Motors: 27.611 V
[LIFT] V_Compute: 28.147 V
[LIFT] V_Motors: 27.609 V
[LIFT] V_Compute: 28.150 V
[LIFT] V_Motors: 27.614 V
[LIFT] V_Compute: 28.145 V
[LIFT] V_Motors: 27.614 V
[LIFT] V_Compute: 28.144 V
[LIFT] V_Motors: 27.615 V
[LIFT] V_Compute: 28.145 V
[LIFT] V_Motors: 27.616 V
[LIFT] V_Compute: 28.149 V
[LIFT] V_Motors: 27.618 V
[LIFT] V_Compute: 28.149 V
[LIFT] V_Motors: 27.615 V
[LIFT] V_Compute: 28.141 V
[LIFT] V_Motors: 27.610 V
[LIFT] V_Compute: 28.145 V
[LIFT] V_Motors: 27.615 V
[LIFT] V_Compute: 28.144 V
[LIFT] V_Motors: 27.612 V
[LIFT] V_Compute: 28.147 V
[LIFT] V_Motors: 27.616 V
[LIFT] V_Compute: 28.145 V
[LIFT] V_Motors: 27.611 V
[LIFT] V_Compute: 28.144 V
[LIFT] V_Motors: 27.615 V
[LIFT] V_Compute: 28.135 V
[LIFT] V_Motors: 27.610 V
[LIFT] V_Compute: 28.141 V
[LIFT] V_Motors: 27.615 V
[LIFT] V_Compute: 28.146 V
[LIFT] V_Motors: 27.612 V
[LIFT] V_Compute: 28.141 V
[LIFT] V_Motors: 27.614 V
[LIFT] V_Compute: 28.145 V
[LIFT] V_Motors: 27.609 V
[LIFT] V_Compute: 28.141 V
[LIFT] V_Motors: 27.619 V
[LIFT] V_Compute: 28.144 V
[LIFT] V_Motors: 27.616 V
[LIFT] V_Compute: 28.150 V
[LIFT] V_Motors: 27.620 V
[LIFT] V_Compute: 28.149 V
[LIFT] V_Motors: 27.616 V
[LIFT] V_Compute: 28.147 V
[LIFT] V_Motors: 27.618 V
[LIFT] V_Compute: 28.150 V
[LIFT] V_Motors: 27.619 V
[LIFT] V_Compute: 28.142 V
[LIFT] V_Motors: 27.615 V
[LIFT] V_Compute: 28.142 V
[LIFT] V_Motors: 27.612 V
[LIFT] V_Compute: 28.144 V
[LIFT] V_Motors: 27.618 V
[LIFT] V_Compute: 28.141 V
[LIFT] V_Motors: 27.616 V
[LIFT] V_Compute: 28.140 V
[LIFT] V_Motors: 27.615 V
[LIFT] V_Compute: 28.149 V
[LIFT] V_Motors: 27.612 V
[LIFT] V_Compute: 28.145 V
[LIFT] V_Motors: 27.614 V
[LIFT] V_Compute: 28.144 V
[LIFT] V_Motors: 27.610 V
[LIFT] V_Compute: 28.138 V
[LIFT] V_Motors: 27.612 V
[LIFT] V_Compute: 28.144 V
[LIFT] V_Motors: 27.614 V
[LIFT] V_Compute: 28.146 V
[LIFT] V_Motors: 27.616 V
[LIFT] V_Compute: 28.140 V
[LIFT] V_Motors: 27.612 V
[LIFT] V_Compute: 28.142 V
[LIFT] V_Motors: 27.611 V
[LIFT] V_Compute: 28.139 V
[LIFT] V_Motors: 27.607 V
[LIFT] V_Compute: 28.131 V
[LIFT] V_Motors: 27.616 V
[LIFT] V_Compute: 28.151 V
[LIFT] V_Motors: 27.615 V
[LIFT] V_Compute: 28.145 V
[LIFT] V_Motors: 27.619 V
[LIFT] V_Compute: 28.138 V
[LIFT] V_Motors: 27.615 V
[LIFT] V_Compute: 28.145 V
[LIFT] V_Motors: 27.614 V
[LIFT] V_Compute: 28.146 V
[LIFT] V_Motors: 27.611 V
[LIFT] V_Compute: 28.140 V
[LIFT] V_Motors: 27.615 V
[LIFT] V_Compute: 28.144 V
[LIFT] V_Motors: 27.611 V
[LIFT] V_Compute: 28.141 V
[LIFT] V_Motors: 27.619 V
[LIFT] V_Compute: 28.135 V
[LIFT] V_Motors: 27.612 V
[LIFT] V_Compute: 28.140 V
[LIFT] V_Motors: 27.609 V
[LIFT] V_Compute: 28.140 V
[LIFT] V_Motors: 27.615 V
[LIFT] V_Compute: 28.142 V
[LIFT] V_Motors: 27.615 V
[LIFT] V_Compute: 28.145 V
[LIFT] V_Motors: 27.611 V
[LIFT] V_Compute: 28.145 V
[LIFT] V_Motors: 27.612 V
[LIFT] V_Compute: 28.140 V
[LIFT] V_Motors: 27.614 V
[LIFT] V_Compute: 28.139 V
[LIFT] V_Motors: 27.609 V
[LIFT] V_Compute: 28.140 V
[LIFT] V_Motors: 27.612 V
[LIFT] V_Compute: 28.146 V
[LIFT] V_Motors: 27.614 V
[LIFT] V_Compute: 28.145 V
[LIFT] V_Motors: 27.616 V
[LIFT] V_Compute: 28.139 V
[LIFT] V_Motors: 27.611 V
[LIFT] V_Compute: 28.144 V
[LIFT] V_Motors: 27.610 V
[LIFT] V_Compute: 28.146 V
[LIFT] V_Motors: 27.618 V
[LIFT] V_Compute: 28.139 V
[LIFT] V_Motors: 27.609 V
[LIFT] V_Compute: 28.144 V
[LIFT] V_Motors: 27.618 V
[LIFT] V_Compute: 28.141 V
[LIFT] V_Motors: 27.618 V
[LIFT] V_Compute: 28.121 V
[LIFT] V_Motors: 27.594 V
[LIFT] V_Compute: 28.124 V
[LIFT] V_Motors: 27.594 V
[LIFT] V_Compute: 28.141 V
[LIFT] V_Motors: 27.607 V
[LIFT] V_Compute: 28.141 V
[LIFT] V_Motors: 27.607 V
[LIFT] V_Compute: 28.142 V
[LIFT] V_Motors: 27.610 V
[LIFT] V_Compute: 28.142 V
[LIFT] V_Motors: 27.611 V
[LIFT] V_Compute: 28.144 V
[LIFT] V_Motors: 27.614 V
[LIFT] V_Compute: 28.145 V
[LIFT] V_Motors: 27.611 V
[LIFT] V_Compute: 28.145 V
[LIFT] V_Motors: 27.607 V
[LIFT] V_Compute: 28.136 V
[LIFT] V_Motors: 27.616 V
[LIFT] V_Compute: 28.136 V
[LIFT] V_Motors: 27.611 V
[LIFT] V_Compute: 28.142 V
[LIFT] V_Motors: 27.615 V
[LIFT] V_Compute: 28.146 V
[LIFT] V_Motors: 27.615 V
[LIFT] V_Compute: 28.142 V
[LIFT] V_Motors: 27.609 V
[LIFT] V_Compute: 28.141 V
[LIFT] V_Motors: 27.614 V
[LIFT] V_Compute: 28.139 V
[LIFT] V_Motors: 27.611 V
[LIFT] V_Compute: 28.144 V
[LIFT] V_Motors: 27.614 V
[LIFT] V_Compute: 28.141 V
[LIFT] V_Motors: 27.610 V
[LIFT] V_Compute: 28.142 V
[LIFT] V_Motors: 27.610 V
[LIFT] V_Compute: 28.141 V
[LIFT] V_Motors: 27.610 V
[LIFT] V_Compute: 28.146 V
[LIFT] V_Motors: 27.616 V
[LIFT] V_Compute: 28.145 V
[LIFT] V_Motors: 27.610 V
[LIFT] V_Compute: 28.150 V
[LIFT] V_Motors: 27.614 V
[LIFT] V_Compute: 28.140 V
[LIFT] V_Motors: 27.611 V
[LIFT] V_Compute: 28.145 V
[LIFT] V_Motors: 27.611 V
[LIFT] V_Compute: 28.141 V
[LIFT] V_Motors: 27.615 V
[LIFT] V_Compute: 28.139 V
[LIFT] V_Motors: 27.612 V
[LIFT] V_Compute: 28.144 V
[LIFT] V_Motors: 27.605 V
[LIFT] V_Compute: 28.144 V
[LIFT] V_Motors: 27.616 V
[LIFT] V_Compute: 28.147 V
[LIFT] V_Motors: 27.612 V
[LIFT] V_Compute: 28.144 V
[LIFT] V_Motors: 27.615 V
[LIFT] V_Compute: 28.149 V
[LIFT] V_Motors: 27.609 V
[LIFT] V_Compute: 28.144 V
[LIFT] V_Motors: 27.612 V
[LIFT] V_Compute: 28.149 V
[LIFT] V_Motors: 27.612 V
[LIFT] V_Compute: 28.142 V
[LIFT] V_Motors: 27.609 V
[LIFT] V_Compute: 28.144 V
[LIFT] V_Motors: 27.614 V
[LIFT] V_Compute: 28.145 V
[LIFT] V_Motors: 27.611 V
[LIFT] V_Compute: 28.144 V
[LIFT] V_Motors: 27.611 V
[LIFT] V_Compute: 28.146 V
[LIFT] V_Motors: 27.615 V
[LIFT] V_Compute: 28.145 V
[LIFT] V_Motors: 27.612 V
[LIFT] V_Compute: 28.138 V
[LIFT] V_Motors: 27.611 V
[LIFT] V_Compute: 28.140 V
[LIFT] V_Motors: 27.607 V
[LIFT] V_Compute: 28.146 V
[LIFT] V_Motors: 27.611 V
[LIFT] V_Compute: 28.144 V
[LIFT] V_Motors: 27.614 V
[LIFT] V_Compute: 28.146 V
[LIFT] V_Motors: 27.610 V
[LIFT] V_Compute: 28.139 V
[LIFT] V_Motors: 27.609 V
[LIFT] V_Compute: 28.145 V
[LIFT] V_Motors: 27.612 V
[LIFT] V_Compute: 28.142 V
[LIFT] V_Motors: 27.615 V
[LIFT] V_Compute: 28.140 V
[LIFT] V_Motors: 27.614 V
[LIFT] V_Compute: 28.145 V
[LIFT] V_Motors: 27.615 V
[LIFT] V_Compute: 28.146 V
[LIFT] V_Motors: 27.610 V
[LIFT] V_Compute: 28.150 V
[LIFT] V_Motors: 27.612 V
[LIFT] V_Compute: 28.136 V
[LIFT] V_Motors: 27.612 V
[LIFT] V_Compute: 28.138 V
[LIFT] V_Motors: 27.610 V
[LIFT] V_Compute: 28.139 V
[LIFT] V_Motors: 27.611 V
[LIFT] V_Compute: 28.140 V
[LIFT] V_Motors: 27.615 V
[LIFT] V_Compute: 28.138 V
[LIFT] V_Motors: 27.612 V
[LIFT] V_Compute: 28.145 V
[LIFT] V_Motors: 27.616 V
[LIFT] V_Compute: 28.144 V
[LIFT] V_Motors: 27.612 V
[LIFT] V_Compute: 28.142 V
[LIFT] V_Motors: 27.615 V
[LIFT] V_Compute: 28.145 V
[LIFT] V_Motors: 27.616 V
[LIFT] V_Compute: 28.141 V
[LIFT] V_Motors: 27.611 V
[LIFT] V_Compute: 28.141 V
[LIFT] V_Motors: 27.612 V
[LIFT] V_Compute: 28.144 V
[LIFT] V_Motors: 27.615 V
[LIFT] V_Compute: 28.135 V
[LIFT] V_Motors: 27.610 V
[LIFT] V_Compute: 28.145 V
[LIFT] V_Motors: 27.619 V
[LIFT] V_Compute: 28.145 V
[LIFT] V_Motors: 27.616 V
[LIFT] V_Compute: 28.145 V
[LIFT] V_Motors: 27.614 V
[LIFT] V_Compute: 28.141 V
[LIFT] V_Motors: 27.611 V
[LIFT] V_Compute: 28.146 V
[LIFT] V_Motors: 27.607 V
[LIFT] V_Compute: 28.142 V
[LIFT] V_Motors: 27.611 V
[LIFT] V_Compute: 28.145 V
[LIFT] V_Motors: 27.614 V
[LIFT] V_Compute: 28.144 V
[LIFT] V_Motors: 27.612 V
[LIFT] V_Compute: 28.142 V
[LIFT] V_Motors: 27.615 V
[LIFT] V_Compute: 28.147 V
[LIFT] V_Motors: 27.609 V
[LIFT] V_Compute: 28.140 V
[LIFT] V_Motors: 27.612 V
[LIFT] V_Compute: 28.144 V
[LIFT] V_Motors: 27.615 V
[LIFT] V_Compute: 28.140 V
[LIFT] V_Motors: 27.612 V
[LIFT] V_Compute: 28.135 V
[LIFT] V_Motors: 27.614 V
[LIFT] V_Compute: 28.142 V
[LIFT] V_Motors: 27.611 V
[LIFT] V_Compute: 28.140 V
[LIFT] V_Motors: 27.611 V
[LIFT] V_Compute: 28.146 V
[LIFT] V_Motors: 27.614 V
[LIFT] V_Compute: 28.149 V
[LIFT] V_Motors: 27.612 V
[LIFT] V_Compute: 28.129 V
[LIFT] V_Motors: 27.607 V
[LIFT] V_Compute: 28.144 V
[LIFT] V_Motors: 27.614 V
[LIFT] V_Compute: 28.142 V
[LIFT] V_Motors: 27.612 V
[LIFT] V_Compute: 28.144 V
[LIFT] V_Motors: 27.612 V
[LIFT] V_Compute: 28.142 V
[LIFT] V_Motors: 27.614 V
[LIFT] V_Compute: 28.139 V
[LIFT] V_Motors: 27.618 V
[LIFT] V_Compute: 28.142 V
[LIFT] V_Motors: 27.615 V
[LIFT] V_Compute: 28.146 V
[LIFT] V_Motors: 27.614 V
[LIFT] V_Compute: 28.144 V
[LIFT] V_Motors: 27.607 V
[LIFT] V_Compute: 28.141 V
[LIFT] V_Motors: 27.611 V
[LIFT] V_Compute: 28.142 V
[LIFT] V_Motors: 27.616 V
[LIFT] V_Compute: 28.140 V
[LIFT] V_Motors: 27.612 V
[LIFT] V_Compute: 28.145 V
[LIFT] V_Motors: 27.615 V
[LIFT] V_Compute: 28.140 V
[LIFT] V_Motors: 27.609 V
[LIFT] V_Compute: 28.140 V
[LIFT] V_Motors: 27.610 V
[LIFT] V_Compute: 28.140 V
[LIFT] V_Motors: 27.614 V
[LIFT] V_Compute: 28.144 V
[LIFT] V_Motors: 27.609 V
[LIFT] V_Compute: 28.145 V
[LIFT] V_Motors: 27.612 V
[LIFT] V_Compute: 28.140 V
[LIFT] V_Motors: 27.616 V
[LIFT] V_Compute: 28.136 V
[LIFT] V_Motors: 27.607 V
[LIFT] V_Compute: 28.142 V
[LIFT] V_Motors: 27.612 V
[LIFT] V_Compute: 28.144 V
[LIFT] V_Motors: 27.614 V
[LIFT] V_Compute: 28.146 V
[LIFT] V_Motors: 27.614 V
[LIFT] V_Compute: 28.146 V
[LIFT] V_Motors: 27.610 V
[LIFT] V_Compute: 28.142 V
[LIFT] V_Motors: 27.614 V
[LIFT] V_Compute: 28.147 V
[LIFT] V_Motors: 27.612 V
[LIFT] V_Compute: 28.149 V
[LIFT] V_Motors: 27.611 V
[LIFT] V_Compute: 28.141 V
[LIFT] V_Motors: 27.615 V
[LIFT] V_Compute: 28.144 V
[LIFT] V_Motors: 27.581 V
[LIFT] V_Compute: 28.144 V
[LIFT] V_Motors: 27.596 V
[LIFT] V_Compute: 28.141 V
[LIFT] V_Motors: 27.593 V
[LIFT] V_Compute: 28.142 V
[LIFT] V_Motors: 27.606 V
[LIFT] V_Compute: 28.140 V
[LIFT] V_Motors: 27.600 V
[LIFT] V_Compute: 28.145 V
[LIFT] V_Motors: 27.601 V
[LIFT] V_Compute: 28.139 V
[LIFT] V_Motors: 27.612 V
[LIFT] V_Compute: 28.142 V
[LIFT] V_Motors: 27.610 V
[LIFT] V_Compute: 28.140 V
[LIFT] V_Motors: 27.610 V
[LIFT] V_Compute: 28.131 V
[LIFT] V_Motors: 27.606 V
[LIFT] V_Compute: 28.130 V
[LIFT] V_Motors: 27.558 V
[LIFT] V_Compute: 28.138 V
[LIFT] V_Motors: 27.565 V
[LIFT] V_Compute: 28.145 V
[LIFT] V_Motors: 27.595 V
[LIFT] V_Compute: 28.142 V
[LIFT] V_Motors: 27.595 V
[LIFT] V_Compute: 28.147 V
[LIFT] V_Motors: 27.597 V
[LIFT] V_Compute: 28.145 V
[LIFT] V_Motors: 27.604 V
[LIFT] V_Compute: 28.145 V
[LIFT] V_Motors: 27.514 V
[LIFT] V_Compute: 28.141 V
[LIFT] V_Motors: 27.609 V
[LIFT] V_Compute: 28.145 V
[LIFT] V_Motors: 27.606 V
[LIFT] V_Compute: 28.145 V
[LIFT] V_Motors: 27.609 V
[LIFT] V_Compute: 28.144 V
[LIFT] V_Motors: 27.610 V
[LIFT] V_Compute: 28.140 V
[LIFT] V_Motors: 27.609 V
[LIFT] V_Compute: 28.141 V
[LIFT] V_Motors: 27.610 V
[LIFT] V_Compute: 28.142 V
[LIFT] V_Motors: 27.611 V
[LIFT] V_Compute: 28.141 V
[LIFT] V_Motors: 27.607 V
[LIFT] V_Compute: 28.138 V
[LIFT] V_Motors: 27.607 V
[LIFT] V_Compute: 28.146 V
[LIFT] V_Motors: 27.605 V
[LIFT] V_Compute: 28.139 V
[LIFT] V_Motors: 27.610 V
[LIFT] V_Compute: 28.149 V
[LIFT] V_Motors: 27.610 V
[LIFT] V_Compute: 28.144 V
[LIFT] V_Motors: 27.609 V
[LIFT] V_Compute: 28.145 V
[LIFT] V_Motors: 27.606 V
[LIFT] V_Compute: 28.142 V
[LIFT] V_Motors: 27.607 V
[LIFT] V_Compute: 28.144 V
[LIFT] V_Motors: 27.610 V
[LIFT] V_Compute: 28.141 V
[LIFT] V_Motors: 27.612 V
[LIFT] V_Compute: 28.144 V
[LIFT] V_Motors: 27.606 V
[LIFT] V_Compute: 28.145 V
[LIFT] V_Motors: 27.604 V
[LIFT] V_Compute: 28.138 V
[LIFT] V_Motors: 27.611 V
[LIFT] V_Compute: 28.149 V
[LIFT] V_Motors: 27.614 V
[LIFT] V_Compute: 28.139 V
[LIFT] V_Motors: 27.611 V
[LIFT] V_Compute: 28.141 V
[LIFT] V_Motors: 27.604 V
[LIFT] V_Compute: 28.144 V
[LIFT] V_Motors: 27.611 V
[LIFT] V_Compute: 28.144 V
[LIFT] V_Motors: 27.610 V
[LIFT] V_Compute: 28.142 V
[LIFT] V_Motors: 27.615 V
[LIFT] V_Compute: 28.150 V
[LIFT] V_Motors: 27.604 V
[LIFT] V_Compute: 28.146 V
[LIFT] V_Motors: 27.611 V
[LIFT] V_Compute: 28.136 V
[LIFT] V_Motors: 27.609 V
[LIFT] V_Compute: 28.142 V
[LIFT] V_Motors: 27.610 V
[LIFT] V_Compute: 28.144 V
[LIFT] V_Motors: 27.615 V
[LIFT] V_Compute: 28.145 V
[LIFT] V_Motors: 27.607 V
[LIFT] V_Compute: 28.145 V
[LIFT] V_Motors: 27.611 V
[LIFT] V_Compute: 28.142 V
[LIFT] V_Motors: 27.610 V
[LIFT] V_Compute: 28.142 V
[LIFT] V_Motors: 27.612 V
[LIFT] V_Compute: 28.144 V
[LIFT] V_Motors: 27.612 V
[LIFT] V_Compute: 28.147 V
[LIFT] V_Motors: 27.611 V
[LIFT] V_Compute: 28.141 V
[LIFT] V_Motors: 27.609 V
[LIFT] V_Compute: 28.141 V
[LIFT] V_Motors: 27.609 V
[LIFT] V_Compute: 28.144 V
[LIFT] V_Motors: 27.612 V
[LIFT] V_Compute: 28.141 V
[LIFT] V_Motors: 27.611 V
[LIFT] V_Compute: 28.134 V
[LIFT] V_Motors: 27.603 V
[LIFT] V_Compute: 28.141 V
[LIFT] V_Motors: 27.606 V
[LIFT] V_Compute: 28.145 V
[LIFT] V_Motors: 27.611 V
[LIFT] V_Compute: 28.141 V
[LIFT] V_Motors: 27.609 V
[LIFT] V_Compute: 28.144 V
[LIFT] V_Motors: 27.609 V
[LIFT] V_Compute: 28.138 V
[LIFT] V_Motors: 27.610 V
[LIFT] V_Compute: 28.141 V
[LIFT] V_Motors: 27.611 V
[LIFT] V_Compute: 28.147 V
[LIFT] V_Motors: 27.610 V
[LIFT] V_Compute: 28.140 V
[LIFT] V_Motors: 27.611 V
[LIFT] V_Compute: 28.145 V
[LIFT] V_Motors: 27.609 V
[LIFT] V_Compute: 28.147 V
[LIFT] V_Motors: 27.614 V
[LIFT] V_Compute: 28.236 V
[LIFT] V_Motors: 27.616 V
[LIFT] V_Compute: 28.257 V
[LIFT] V_Motors: 27.609 V
[LIFT] V_Compute: 28.271 V
[LIFT] V_Motors: 27.626 V
[LIFT] V_Compute: 28.254 V
[LIFT] V_Motors: 27.626 V
[LIFT] V_Compute: 28.267 V
[LIFT] V_Motors: 27.622 V
[LIFT] V_Compute: 28.267 V
[LIFT] V_Motors: 27.607 V
[LIFT] V_Compute: 28.275 V
[LIFT] V_Motors: 27.603 V
[LIFT] V_Compute: 28.279 V
[LIFT] V_Motors: 27.611 V
[LIFT] V_Compute: 28.263 V
[LIFT] V_Motors: 27.609 V
[LIFT] V_Compute: 28.275 V
[LIFT] V_Motors: 27.625 V
[LIFT] V_Compute: 28.274 V
[LIFT] V_Motors: 27.605 V
[LIFT] V_Compute: 28.276 V
[LIFT] V_Motors: 27.620 V
[LIFT] V_Compute: 28.275 V
[LIFT] V_Motors: 27.610 V
[LIFT] V_Compute: 28.264 V
[LIFT] V_Motors: 27.606 V
[LIFT] V_Compute: 28.276 V
[LIFT] V_Motors: 27.605 V
[LIFT] V_Compute: 28.276 V
[LIFT] V_Motors: 27.604 V
[LIFT] V_Compute: 28.256 V
[LIFT] V_Motors: 27.600 V
[LIFT] V_Compute: 28.286 V
[LIFT] V_Motors: 27.601 V
[LIFT] V_Compute: 28.267 V
[LIFT] V_Motors: 27.605 V
[LIFT] V_Compute: 28.282 V
[LIFT] V_Motors: 27.621 V
[LIFT] V_Compute: 28.276 V
[LIFT] V_Motors: 27.604 V
[LIFT] V_Compute: 28.276 V
[LIFT] V_Motors: 27.615 V
[LIFT] V_Compute: 28.277 V
[LIFT] V_Motors: 27.610 V
[LIFT] V_Compute: 28.272 V
[LIFT] V_Motors: 27.594 V
[LIFT] V_Compute: 28.279 V
[LIFT] V_Motors: 27.611 V
[LIFT] V_Compute: 28.294 V
[LIFT] V_Motors: 27.615 V
[LIFT] V_Compute: 28.305 V
[LIFT] V_Motors: 27.615 V
[LIFT] V_Compute: 28.269 V
[LIFT] V_Motors: 27.589 V
[LIFT] V_Compute: 28.269 V
[LIFT] V_Motors: 27.594 V
[LIFT] V_Compute: 28.314 V
[LIFT] V_Motors: 27.611 V
[LIFT] V_Compute: 28.291 V
[LIFT] V_Motors: 27.607 V
[LIFT] V_Compute: 28.284 V
[LIFT] V_Motors: 27.615 V
[LIFT] V_Compute: 28.302 V
[LIFT] V_Motors: 27.606 V
[LIFT] V_Compute: 28.299 V
[LIFT] V_Motors: 27.606 V
[LIFT] V_Compute: 28.285 V
[LIFT] V_Motors: 27.599 V
[LIFT] V_Compute: 28.289 V
[LIFT] V_Motors: 27.605 V
[LIFT] V_Compute: 28.289 V
[LIFT] V_Motors: 27.607 V
[LIFT] V_Compute: 28.284 V
[LIFT] V_Motors: 27.603 V
[LIFT] V_Compute: 28.310 V
[LIFT] V_Motors: 27.610 V
[LIFT] V_Compute: 28.299 V
[LIFT] V_Motors: 27.603 V
[LIFT] V_Compute: 28.301 V
[LIFT] V_Motors: 27.609 V
[LIFT] V_Compute: 28.300 V
[LIFT] V_Motors: 27.607 V
[LIFT] V_Compute: 28.302 V
[LIFT] V_Motors: 27.606 V
[LIFT] V_Compute: 28.299 V
[LIFT] V_Motors: 27.606 V
[LIFT] V_Compute: 28.306 V
[LIFT] V_Motors: 27.603 V
[LIFT] V_Compute: 28.302 V
[LIFT] V_Motors: 27.607 V
[LIFT] V_Compute: 28.305 V
[LIFT] V_Motors: 27.605 V
[LIFT] V_Compute: 28.295 V
[LIFT] V_Motors: 27.607 V
[LIFT] V_Compute: 28.288 V
[LIFT] V_Motors: 27.612 V
[LIFT] V_Compute: 28.295 V
[LIFT] V_Motors: 27.609 V
[LIFT] V_Compute: 28.309 V
[LIFT] V_Motors: 27.607 V
[LIFT] V_Compute: 28.300 V
[LIFT] V_Motors: 27.610 V
[LIFT] V_Compute: 28.300 V
[LIFT] V_Motors: 27.615 V
[LIFT] V_Compute: 28.296 V
[LIFT] V_Motors: 27.611 V
[LIFT] V_Compute: 28.298 V
[LIFT] V_Motors: 27.606 V
[LIFT] V_Compute: 28.309 V
[LIFT] V_Motors: 27.605 V
[LIFT] V_Compute: 28.308 V
[LIFT] V_Motors: 27.607 V
[LIFT] V_Compute: 28.304 V
[LIFT] V_Motors: 27.609 V
[LIFT] V_Compute: 28.305 V
[LIFT] V_Motors: 27.605 V
[LIFT] V_Compute: 28.315 V
[LIFT] V_Motors: 27.609 V
[LIFT] V_Compute: 28.310 V
[LIFT] V_Motors: 27.597 V
[LIFT] V_Compute: 28.305 V
[LIFT] V_Motors: 27.605 V
[LIFT] V_Compute: 28.300 V
[LIFT] V_Motors: 27.597 V
[LIFT] V_Compute: 28.309 V
[LIFT] V_Motors: 27.606 V
[LIFT] V_Compute: 28.315 V
[LIFT] V_Motors: 27.603 V
[LIFT] V_Compute: 28.302 V
[LIFT] V_Motors: 27.606 V
[LIFT] V_Compute: 28.312 V
[LIFT] V_Motors: 27.607 V
[LIFT] V_Compute: 28.314 V
[LIFT] V_Motors: 27.614 V
[LIFT] V_Compute: 28.319 V
[LIFT] V_Motors: 27.606 V
[LIFT] V_Compute: 28.300 V
[LIFT] V_Motors: 27.615 V
[LIFT] V_Compute: 28.308 V
[LIFT] V_Motors: 27.606 V
[LIFT] V_Compute: 28.308 V
[LIFT] V_Motors: 27.607 V
[LIFT] V_Compute: 28.320 V
[LIFT] V_Motors: 27.611 V
[LIFT] V_Compute: 28.308 V
[LIFT] V_Motors: 27.611 V
[LIFT] V_Compute: 28.316 V
[LIFT] V_Motors: 27.596 V
[LIFT] V_Compute: 28.317 V
[LIFT] V_Motors: 27.606 V
[LIFT] V_Compute: 28.300 V
[LIFT] V_Motors: 27.612 V
[LIFT] V_Compute: 28.322 V
[LIFT] V_Motors: 27.621 V
[LIFT] V_Compute: 28.305 V
[LIFT] V_Motors: 27.606 V
[LIFT] V_Compute: 28.314 V
[LIFT] V_Motors: 27.607 V
[LIFT] V_Compute: 28.319 V
[LIFT] V_Motors: 27.603 V
[LIFT] V_Compute: 28.319 V
[LIFT] V_Motors: 27.609 V
[LIFT] V_Compute: 28.316 V
[LIFT] V_Motors: 27.611 V
[LIFT] V_Compute: 28.310 V
[LIFT] V_Motors: 27.614 V
[LIFT] V_Compute: 28.308 V
[LIFT] V_Motors: 27.616 V
[LIFT] V_Compute: 28.317 V
[LIFT] V_Motors: 27.614 V
[LIFT] V_Compute: 28.321 V
[LIFT] V_Motors: 27.618 V
[LIFT] V_Compute: 28.326 V
[LIFT] V_Motors: 27.604 V
[LIFT] V_Compute: 28.321 V
[LIFT] V_Motors: 27.599 V
[LIFT] V_Compute: 28.317 V
[LIFT] V_Motors: 27.614 V
[LIFT] V_Compute: 28.308 V
[LIFT] V_Motors: 27.615 V
[LIFT] V_Compute: 28.316 V
[LIFT] V_Motors: 27.603 V
[LIFT] V_Compute: 28.308 V
[LIFT] V_Motors: 27.609 V
[LIFT] V_Compute: 28.346 V
[LIFT] V_Motors: 27.604 V
[LIFT] V_Compute: 28.317 V
[LIFT] V_Motors: 27.618 V
[LIFT] V_Compute: 28.317 V
[LIFT] V_Motors: 27.612 V
[LIFT] V_Compute: 28.329 V
[LIFT] V_Motors: 27.619 V
[LIFT] V_Compute: 28.330 V
[LIFT] V_Motors: 27.615 V
[LIFT] V_Compute: 28.334 V
[LIFT] V_Motors: 27.621 V
[LIFT] V_Compute: 28.329 V
[LIFT] V_Motors: 27.615 V
[LIFT] V_Compute: 28.317 V
[LIFT] V_Motors: 27.605 V
[LIFT] V_Compute: 28.331 V
[LIFT] V_Motors: 27.619 V
[LIFT] V_Compute: 28.310 V
[LIFT] V_Motors: 27.606 V
[LIFT] V_Compute: 28.322 V
[LIFT] V_Motors: 27.603 V
[LIFT] V_Compute: 28.315 V
[LIFT] V_Motors: 27.600 V
[LIFT] V_Compute: 28.343 V
[LIFT] V_Motors: 27.624 V
[LIFT] V_Compute: 28.329 V
[LIFT] V_Motors: 27.626 V
[LIFT] V_Compute: 28.335 V
[LIFT] V_Motors: 27.595 V
[LIFT] V_Compute: 28.310 V
[LIFT] V_Motors: 27.612 V
[LIFT] V_Compute: 28.330 V
[LIFT] V_Motors: 27.605 V
[LIFT] V_Compute: 28.309 V
[LIFT] V_Motors: 27.615 V
[LIFT] V_Compute: 28.288 V
[LIFT] V_Motors: 27.610 V
[LIFT] V_Compute: 28.320 V
[LIFT] V_Motors: 27.601 V
[LIFT] V_Compute: 28.321 V
[LIFT] V_Motors: 27.612 V
[LIFT] V_Compute: 28.351 V
[LIFT] V_Motors: 27.612 V
[LIFT] V_Compute: 28.337 V
[LIFT] V_Motors: 27.618 V
[LIFT] V_Compute: 28.325 V
[LIFT] V_Motors: 27.614 V
[LIFT] V_Compute: 28.341 V
[LIFT] V_Motors: 27.616 V
[LIFT] V_Compute: 28.301 V
[LIFT] V_Motors: 27.605 V
[LIFT] V_Compute: 28.361 V
[LIFT] V_Motors: 27.611 V
[LIFT] V_Compute: 28.337 V
[LIFT] V_Motors: 27.590 V
[LIFT] V_Compute: 28.324 V
[LIFT] V_Motors: 27.620 V
[LIFT] V_Compute: 28.345 V
[LIFT] V_Motors: 27.609 V
[LIFT] V_Compute: 28.316 V
[LIFT] V_Motors: 27.610 V
[LIFT] V_Compute: 28.340 V
[LIFT] V_Motors: 27.601 V
[LIFT] V_Compute: 28.334 V
[LIFT] V_Motors: 27.603 V
[LIFT] V_Compute: 28.327 V
[LIFT] V_Motors: 27.611 V
[LIFT] V_Compute: 28.325 V
[LIFT] V_Motors: 27.597 V
[LIFT] V_Compute: 28.326 V
[LIFT] V_Motors: 27.609 V
[LIFT] V_Compute: 28.335 V
[LIFT] V_Motors: 27.609 V
[LIFT] V_Compute: 28.340 V
[LIFT] V_Motors: 27.610 V
[LIFT] V_Compute: 28.343 V
[LIFT] V_Motors: 27.609 V
[LIFT] V_Compute: 28.331 V
[LIFT] V_Motors: 27.607 V
[LIFT] V_Compute: 28.360 V
[LIFT] V_Motors: 27.605 V
[LIFT] V_Compute: 28.343 V
[LIFT] V_Motors: 27.607 V
[LIFT] V_Compute: 28.336 V
[LIFT] V_Motors: 27.610 V
[LIFT] V_Compute: 28.341 V
[LIFT] V_Motors: 27.611 V
[LIFT] V_Compute: 28.345 V
[LIFT] V_Motors: 27.606 V
[LIFT] V_Compute: 28.343 V
[LIFT] V_Motors: 27.612 V
[LIFT] V_Compute: 28.337 V
[LIFT] V_Motors: 27.607 V
[LIFT] V_Compute: 28.333 V
[LIFT] V_Motors: 27.607 V
[LIFT] V_Compute: 28.336 V
[LIFT] V_Motors: 27.603 V
[LIFT] V_Compute: 28.356 V
[LIFT] V_Motors: 27.610 V
[LIFT] V_Compute: 28.351 V
[LIFT] V_Motors: 27.601 V
[LIFT] V_Compute: 28.329 V
[LIFT] V_Motors: 27.604 V
[LIFT] V_Compute: 28.339 V
[LIFT] V_Motors: 27.605 V
[LIFT] V_Compute: 28.341 V
[LIFT] V_Motors: 27.600 V
[LIFT] V_Compute: 28.329 V
[LIFT] V_Motors: 27.609 V
[LIFT] V_Compute: 28.333 V
[LIFT] V_Motors: 27.610 V
[LIFT] V_Compute: 28.331 V
[LIFT] V_Motors: 27.609 V
[LIFT] V_Compute: 28.334 V
[LIFT] V_Motors: 27.604 V
[LIFT] V_Compute: 28.333 V
[LIFT] V_Motors: 27.606 V
[LIFT] V_Compute: 28.343 V
[LIFT] V_Motors: 27.606 V
[LIFT] V_Compute: 28.333 V
[LIFT] V_Motors: 27.607 V
[LIFT] V_Compute: 28.340 V
[LIFT] V_Motors: 27.609 V
[LIFT] V_Compute: 28.343 V
[LIFT] V_Motors: 27.606 V
[LIFT] V_Compute: 28.335 V
[LIFT] V_Motors: 27.604 V
[LIFT] V_Compute: 28.347 V
[LIFT] V_Motors: 27.611 V
[LIFT] V_Compute: 28.326 V
[LIFT] V_Motors: 27.607 V
[LIFT] V_Compute: 28.349 V
[LIFT] V_Motors: 27.604 V
[LIFT] V_Compute: 28.339 V
[LIFT] V_Motors: 27.607 V
[LIFT] V_Compute: 28.336 V
[LIFT] V_Motors: 27.605 V
[LIFT] V_Compute: 28.339 V
[LIFT] V_Motors: 27.611 V
[LIFT] V_Compute: 28.334 V
[LIFT] V_Motors: 27.606 V
[LIFT] V_Compute: 28.341 V
[LIFT] V_Motors: 27.615 V
[LIFT] V_Compute: 28.344 V
[LIFT] V_Motors: 27.614 V
[LIFT] V_Compute: 28.345 V
[LIFT] V_Motors: 27.612 V
[LIFT] V_Compute: 28.336 V
[LIFT] V_Motors: 27.595 V
[LIFT] V_Compute: 28.321 V
[LIFT] V_Motors: 27.606 V
[LIFT] V_Compute: 28.349 V
[LIFT] V_Motors: 27.591 V
[LIFT] V_Compute: 28.340 V
[LIFT] V_Motors: 27.612 V
[LIFT] V_Compute: 28.343 V
[LIFT] V_Motors: 27.614 V
[LIFT] V_Compute: 28.343 V
[LIFT] V_Motors: 27.610 V
[LIFT] V_Compute: 28.330 V
[LIFT] V_Motors: 27.607 V
[LIFT] V_Compute: 28.327 V
[LIFT] V_Motors: 27.603 V
[LIFT] V_Compute: 28.339 V
[LIFT] V_Motors: 27.596 V
[LIFT] V_Compute: 28.336 V
[LIFT] V_Motors: 27.618 V
[LIFT] V_Compute: 28.330 V
[LIFT] V_Motors: 27.609 V
[LIFT] V_Compute: 28.336 V
[LIFT] V_Motors: 27.606 V
[LIFT] V_Compute: 28.331 V
[LIFT] V_Motors: 27.603 V
[LIFT] V_Compute: 28.322 V
[LIFT] V_Motors: 27.590 V
[LIFT] V_Compute: 28.326 V
[LIFT] V_Motors: 27.601 V
[LIFT] V_Compute: 28.343 V
[LIFT] V_Motors: 27.603 V
[LIFT] V_Compute: 28.345 V
[LIFT] V_Motors: 27.615 V
[LIFT] V_Compute: 28.341 V
[LIFT] V_Motors: 27.610 V
[LIFT] V_Compute: 28.346 V
[LIFT] V_Motors: 27.606 V
[LIFT] V_Compute: 28.354 V
[LIFT] V_Motors: 27.610 V
[LIFT] V_Compute: 28.344 V
[LIFT] V_Motors: 27.611 V
[LIFT] V_Compute: 28.344 V
[LIFT] V_Motors: 27.603 V
[LIFT] V_Compute: 28.337 V
[LIFT] V_Motors: 27.601 V
[LIFT] V_Compute: 28.354 V
[LIFT] V_Motors: 27.606 V
[LIFT] V_Compute: 28.341 V
[LIFT] V_Motors: 27.595 V
[LIFT] V_Compute: 28.356 V
[LIFT] V_Motors: 27.600 V
[LIFT] V_Compute: 28.337 V
[LIFT] V_Motors: 27.601 V
[LIFT] V_Compute: 28.343 V
[LIFT] V_Motors: 27.606 V
[LIFT] V_Compute: 28.346 V
[LIFT] V_Motors: 27.609 V
[LIFT] V_Compute: 28.351 V
[LIFT] V_Motors: 27.604 V
[LIFT] V_Compute: 28.350 V
[LIFT] V_Motors: 27.605 V
[LIFT] V_Compute: 28.350 V
[LIFT] V_Motors: 27.606 V
[LIFT] V_Compute: 28.351 V
[LIFT] V_Motors: 27.604 V
[LIFT] V_Compute: 28.357 V
[LIFT] V_Motors: 27.720 V
[LIFT] V_Compute: 28.349 V
[LIFT] V_Motors: 27.732 V
[LIFT] V_Compute: 28.343 V
[LIFT] V_Motors: 1.701 V
[LIFT] V_Compute: 28.336 V
[LIFT] V_Motors: 0.000 V
[LIFT] V_Compute: 28.347 V
[LIFT] V_Motors: 0.000 V
Exception in thread Thread-2 (control_loop):
Traceback (most recent call last):
  File "/home/pi-v3/miniforge3/envs/yor-nero/lib/python3.10/threading.py", line 1016, in _bootstrap_inner
    self.run()
  File "/home/pi-v3/miniforge3/envs/yor-nero/lib/python3.10/threading.py", line 953, in run
    self._target(*self._args, **self._kwargs)
  File "/home/pi-v3/YOR-v3-try/robot/base_motor.py", line 1356, in control_loop
    rm.set_position_fraction(float(target_fracs[i]))
  File "/home/pi-v3/YOR-v3-try/robot/base_motor.py", line 706, in set_position_fraction
    self.dev.SetPosition(float(f))
RuntimeError: Failed to send CAN frame: Buffer consistently full.
[LIFT] V_Compute: 28.362 V
[LIFT] V_Motors: 0.000 V
[LIFT] V_Compute: 28.366 V
[LIFT] V_Motors: 0.000 V
[LIFT] V_Compute: 28.351 V
[LIFT] V_Motors: 0.000 V
[LIFT] V_Compute: 28.344 V
[LIFT] V_Motors: 0.000 V
[LIFT] V_Compute: 28.350 V
[LIFT] V_Motors: 0.000 V
[LIFT] V_Compute: 28.333 V
[LIFT] V_Motors: 0.000 V
[LIFT] V_Compute: 28.354 V
[LIFT] V_Motors: 0.000 V
[LIFT] V_Compute: 28.356 V
[LIFT] V_Motors: 0.000 V
[LIFT] V_Compute: 28.354 V
[LIFT] V_Motors: 0.000 V
[LIFT] V_Compute: 28.347 V
[LIFT] V_Motors: 0.012 V
[LIFT] V_Compute: 28.336 V
[LIFT] V_Motors: 0.006 V
[LIFT] V_Compute: 28.357 V
[LIFT] V_Motors: 0.000 V
[LIFT] V_Compute: 28.340 V
[LIFT] V_Motors: 0.000 V
[LIFT] V_Compute: 28.353 V
[LIFT] V_Motors: 0.036 V
[LIFT] V_Compute: 28.349 V
[LIFT] V_Motors: 0.070 V
[LIFT] V_Compute: 28.343 V
[LIFT] V_Motors: 0.046 V
[LIFT] V_Compute: 28.351 V
[LIFT] V_Motors: 0.086 V
[LIFT] V_Compute: 28.361 V
[LIFT] V_Motors: 0.096 V
[LIFT] V_Compute: 28.327 V
[LIFT] V_Motors: 0.080 V
[LIFT] V_Compute: 28.368 V
[LIFT] V_Motors: 0.119 V
[LIFT] V_Compute: 28.359 V
[LIFT] V_Motors: 0.154 V
