[console-log] mirroring output to /home/pi-v3/YOR-v3-try/artifacts/wholebody_logs/yor_20260825_113818.log
[yor] posture-fix: stiffen_joint7=True (scale=3x), refresh_target=True, redundancy_resolution=dls_projector (dls_damping=0.05)
[yor] null-space: swivel_weight=1 (gain=1, target=latched-from-pose), continuity_weight=0, manipulability=False
[YOR] base: drive command scale 1.068 (from base_pid_hybrid.json)
[PicoLift] Opening serial /dev/serial/by-id/usb-FTDI_FT232R_USB_UART_BG02XPI5-if00-port0 @ 115200...
[PicoLift] Serial open OK
[YOR] base PID: syncing swerve gains
[YOR] base PID: /home/pi-v3/YOR-v3-try/config/base_pid_hybrid.json, PID slot 0
[YOR] base PID:   written     FL drive (CAN 1): p=0.3499999940395355, i=0.0, d=0.0, velocity_ff=0.23000000417232513, output_min=-1.0, output_max=1.0
[YOR] base PID:   written     RL drive (CAN 2): p=0.3499999940395355, i=0.0, d=0.0, velocity_ff=0.23000000417232513, output_min=-1.0, output_max=1.0
[YOR] base PID:   written     RR drive (CAN 3): p=0.3499999940395355, i=0.0, d=0.0, velocity_ff=0.23000000417232513, output_min=-1.0, output_max=1.0
[YOR] base PID:   written     FR drive (CAN 4): p=0.3499999940395355, i=0.0, d=0.0, velocity_ff=0.23000000417232513, output_min=-1.0, output_max=1.0
[YOR] base PID:   already-set FL steering (CAN 5): p=2.0, i=0.0, d=0.009999999776482582, velocity_ff=0.0, output_min=-1.0, output_max=1.0
[YOR] base PID:   already-set RL steering (CAN 6): p=2.0, i=0.0, d=0.009999999776482582, velocity_ff=0.0, output_min=-1.0, output_max=1.0
[YOR] base PID:   already-set RR steering (CAN 7): p=2.0, i=0.0, d=0.009999999776482582, velocity_ff=0.0, output_min=-1.0, output_max=1.0
[YOR] base PID:   already-set FR steering (CAN 8): p=2.0, i=0.0, d=0.009999999776482582, velocity_ff=0.0, output_min=-1.0, output_max=1.0
[YOR] base PID: 4 controller(s) already commissioned, 4 written, 0 problem(s)
[YOR] base PID: 0.2s
[YOR] base config: idle_mode=0 ctrl_type=MIXED [('FL drive', 1), ('FL steering', 3), ('FR drive', 1), ('FR steering', 3), ('RL drive', 1), ('RL steering', 3), ('RR drive', 1), ('RR steering', 3)]
[YOR] base config: velocity_cf=MIXED [('FL drive', 0.000846326001919806), ('FL steering', 1.0), ('FR drive', 0.000846326001919806), ('FR steering', 1.0), ('RL drive', 0.000846326001919806), ('RL steering', 1.0), ('RR drive', 0.000846326001919806), ('RR steering', 1.0)] position_cf=1.0 (drive_command_scale=1.068)
[YOR] base: locked at zero velocity for startup homing
[YOR] recording swerve telemetry to /home/pi-v3/YOR-v3-try/artifacts/wholebody_logs/swerve/swerve_20260825_113818.csv
[YOR] lift: waiting for controller to be ready...
[LIFT] Lift controller ready.
[PicoLift] controller reset — height invalidated, needs home
[LIFT] Capabilities: lift_velocity_v1
[PicoLift] firmware capabilities: lift_velocity_v1
[LIFT] Python commands: up, down, stop, home, vel <signed mm/s>
[LIFT] Optional commands: up 200, down 200, status, power on, power off
[LIFT] Height: unknown (run home)
[LIFT] V_Compute: 28.954 V
[LIFT] V_Motors: 28.911 V
[YOR] lift: homing at startup; waiting up to 30s
[PicoLift] sent 'home'
[PicoLift] sent 'status'
[PicoLift] sent 'status'
[LIFT] Homing UP...
[LIFT] V_Compute: 28.959 V
[LIFT] V_Motors: 28.870 V
[LIFT] Height: unknown (run home)
[LIFT] Upper limit: clear
[LIFT] Lower limit: clear
[LIFT] Motion: UP
[LIFT] Velocity: 0.00 mm/s
[LIFT] Capabilities: lift_velocity_v1
[PicoLift] firmware capabilities: lift_velocity_v1
[LIFT] Height: unknown (run home)
[LIFT] Upper limit: clear
[LIFT] Lower limit: clear
[LIFT] Motion: UP
[LIFT] Velocity: 0.00 mm/s
[LIFT] Capabilities: lift_velocity_v1
[PicoLift] firmware capabilities: lift_velocity_v1
[LIFT] Height: unknown (run home)
[LIFT] Height: unknown (run home)
[LIFT] Height: unknown (run home)
[LIFT] Height: unknown (run home)
[LIFT] Height: unknown (run home)
[LIFT] Height: unknown (run home)
[LIFT] Height: unknown (run home)
[LIFT] Height: unknown (run home)
[LIFT] Height: unknown (run home)
[LIFT] Height: unknown (run home)
[LIFT] Height: unknown (run home)
[LIFT] Height: unknown (run home)
[LIFT] Height: unknown (run home)
[LIFT] Height: unknown (run home)
[LIFT] Height: unknown (run home)
[LIFT] Height: unknown (run home)
[LIFT] Height: unknown (run home)
[LIFT] Height: unknown (run home)
[PicoLift] sent 'status'
[LIFT] Upper limit: clear
[LIFT] Lower limit: clear
[LIFT] Motion: UP
[LIFT] Velocity: 0.00 mm/s
[LIFT] Capabilities: lift_velocity_v1
[PicoLift] firmware capabilities: lift_velocity_v1
[LIFT] Height: unknown (run home)
[LIFT] V_Compute: 28.964 V
[LIFT] V_Motors: 28.876 V
[LIFT] Height: unknown (run home)
[LIFT] Height: unknown (run home)
[LIFT] Height: unknown (run home)
[LIFT] Height: unknown (run home)
[LIFT] Height: unknown (run home)
[LIFT] Height: unknown (run home)
[LIFT] Height: unknown (run home)
[LIFT] Height: unknown (run home)
[LIFT] Height: unknown (run home)
[LIFT] Height: unknown (run home)
[LIFT] Height: unknown (run home)
[LIFT] Height: unknown (run home)
[LIFT] Height: unknown (run home)
[LIFT] Height: unknown (run home)
[LIFT] Height: unknown (run home)
[LIFT] Height: unknown (run home)
[LIFT] Height: unknown (run home)
[LIFT] Height: unknown (run home)
[PicoLift] sent 'status'
[LIFT] Upper limit: clear
[LIFT] Lower limit: clear
[LIFT] Motion: UP
[LIFT] Velocity: 0.00 mm/s
[LIFT] Capabilities: lift_velocity_v1
[PicoLift] firmware capabilities: lift_velocity_v1
[LIFT] Height: unknown (run home)
[LIFT] V_Compute: 28.949 V
[LIFT] V_Motors: 28.876 V
[LIFT] Height: unknown (run home)
[LIFT] Height: unknown (run home)
[LIFT] Height: unknown (run home)
[LIFT] Height: unknown (run home)
[LIFT] Height: unknown (run home)
[LIFT] Height: unknown (run home)
[LIFT] Height: unknown (run home)
[LIFT] Height: unknown (run home)
[LIFT] Height: unknown (run home)
[LIFT] Height: unknown (run home)
[LIFT] Height: unknown (run home)
[LIFT] Height: unknown (run home)
[LIFT] Height: unknown (run home)
[LIFT] Height: unknown (run home)
[LIFT] Height: unknown (run home)
[LIFT] Height: unknown (run home)
[LIFT] Height: unknown (run home)
[LIFT] Height: unknown (run home)
[PicoLift] sent 'status'
[LIFT] Upper limit: clear
[LIFT] Lower limit: clear
[LIFT] Motion: UP
[LIFT] Velocity: 0.00 mm/s
[LIFT] Capabilities: lift_velocity_v1
[PicoLift] firmware capabilities: lift_velocity_v1
[LIFT] Height: unknown (run home)
[LIFT] V_Compute: 28.950 V
[LIFT] V_Motors: 28.870 V
[LIFT] Height: unknown (run home)
[LIFT] Height: unknown (run home)
[LIFT] Height: unknown (run home)
[LIFT] Height: unknown (run home)
[LIFT] Height: unknown (run home)
[LIFT] Height: unknown (run home)
[LIFT] Height: unknown (run home)
[LIFT] Height: unknown (run home)
[LIFT] Height: unknown (run home)
[LIFT] Height: unknown (run home)
[LIFT] Height: unknown (run home)
[LIFT] Height: unknown (run home)
[LIFT] Height: unknown (run home)
[LIFT] Height: unknown (run home)
[LIFT] Height: unknown (run home)
[LIFT] Height: unknown (run home)
[LIFT] Height: unknown (run home)
[LIFT] Height: unknown (run home)
[PicoLift] sent 'status'
[LIFT] Upper limit: clear
[LIFT] Lower limit: clear
[LIFT] Motion: UP
[LIFT] Velocity: 0.00 mm/s
[LIFT] Capabilities: lift_velocity_v1
[PicoLift] firmware capabilities: lift_velocity_v1
[LIFT] Height: unknown (run home)
[LIFT] V_Compute: 28.916 V
[LIFT] V_Motors: 28.871 V
[LIFT] Height: unknown (run home)
[LIFT] Height: unknown (run home)
[LIFT] Height: unknown (run home)
[LIFT] Height: unknown (run home)
[LIFT] Height: unknown (run home)
[LIFT] Height: unknown (run home)
[LIFT] Height: unknown (run home)
[LIFT] Height: unknown (run home)
[LIFT] Height: unknown (run home)
[LIFT] Height: unknown (run home)
[LIFT] Height: unknown (run home)
[LIFT] Height: unknown (run home)
[LIFT] Height: unknown (run home)
[LIFT] Height: unknown (run home)
[LIFT] Height: unknown (run home)
[LIFT] Height: unknown (run home)
[LIFT] Height: unknown (run home)
[LIFT] Height: unknown (run home)
[PicoLift] sent 'status'
[LIFT] Upper limit: clear
[LIFT] Lower limit: clear
[LIFT] Motion: UP
[LIFT] Velocity: 0.00 mm/s
[LIFT] Capabilities: lift_velocity_v1
[PicoLift] firmware capabilities: lift_velocity_v1
[LIFT] Height: unknown (run home)
[LIFT] V_Compute: 28.947 V
[LIFT] V_Motors: 28.865 V
[LIFT] Height: unknown (run home)
[LIFT] Height: unknown (run home)
[LIFT] Height: unknown (run home)
[LIFT] Height: unknown (run home)
[LIFT] Height: unknown (run home)
[LIFT] Height: unknown (run home)
[LIFT] Height: unknown (run home)
[LIFT] Height: unknown (run home)
[LIFT] Height: unknown (run home)
[LIFT] Height: unknown (run home)
[LIFT] Height: unknown (run home)
[LIFT] Height: unknown (run home)
[LIFT] Height: unknown (run home)
[LIFT] Height: unknown (run home)
[LIFT] Height: unknown (run home)
[LIFT] Height: unknown (run home)
[LIFT] Height: unknown (run home)
[LIFT] Height: unknown (run home)
[PicoLift] sent 'status'
[LIFT] Upper limit: clear
[LIFT] Lower limit: clear
[LIFT] Motion: UP
[LIFT] Velocity: 0.00 mm/s
[LIFT] Capabilities: lift_velocity_v1
[PicoLift] firmware capabilities: lift_velocity_v1
[LIFT] Height: unknown (run home)
[LIFT] V_Compute: 28.954 V
[LIFT] V_Motors: 28.872 V
[LIFT] Height: unknown (run home)
[LIFT] Height: unknown (run home)
[LIFT] Height: unknown (run home)
[LIFT] Height: unknown (run home)
[LIFT] Height: unknown (run home)
[LIFT] Height: unknown (run home)
[LIFT] Height: unknown (run home)
[LIFT] Height: unknown (run home)
[LIFT] Height: unknown (run home)
[LIFT] Height: unknown (run home)
[LIFT] Height: unknown (run home)
[LIFT] Height: unknown (run home)
[LIFT] Height: unknown (run home)
[LIFT] Height: unknown (run home)
[LIFT] Height: unknown (run home)
[LIFT] Height: unknown (run home)
[LIFT] Height: unknown (run home)
[LIFT] Height: unknown (run home)
[PicoLift] sent 'status'
[LIFT] Upper limit: clear
[LIFT] Lower limit: clear
[LIFT] Motion: UP
[LIFT] Velocity: 0.00 mm/s
[LIFT] Capabilities: lift_velocity_v1
[PicoLift] firmware capabilities: lift_velocity_v1
[LIFT] Height: unknown (run home)
[LIFT] V_Compute: 28.961 V
[LIFT] V_Motors: 28.872 V
[LIFT] Height: unknown (run home)
[LIFT] Height: unknown (run home)
[LIFT] Height: unknown (run home)
[LIFT] Height: unknown (run home)
[LIFT] Height: unknown (run home)
[LIFT] Height: unknown (run home)
[LIFT] Height: unknown (run home)
[LIFT] Height: unknown (run home)
[LIFT] Height: unknown (run home)
[LIFT] Height: unknown (run home)
[LIFT] Height: unknown (run home)
[LIFT] Height: unknown (run home)
[LIFT] Height: unknown (run home)
[LIFT] Height: unknown (run home)
[LIFT] Height: unknown (run home)
[LIFT] Height: unknown (run home)
[LIFT] Height: unknown (run home)
[LIFT] Height: unknown (run home)
[PicoLift] sent 'status'
[LIFT] Upper limit: clear
[LIFT] Lower limit: clear
[LIFT] Motion: UP
[LIFT] Velocity: 0.00 mm/s
[LIFT] Capabilities: lift_velocity_v1
[PicoLift] firmware capabilities: lift_velocity_v1
[LIFT] Height: unknown (run home)
[LIFT] V_Compute: 28.946 V
[LIFT] V_Motors: 28.871 V
[LIFT] Height: unknown (run home)
[LIFT] Height: unknown (run home)
[LIFT] Height: unknown (run home)
[LIFT] Height: unknown (run home)
[LIFT] Height: unknown (run home)
[LIFT] Height: unknown (run home)
[LIFT] Height: unknown (run home)
[LIFT] Height: unknown (run home)
[LIFT] Height: unknown (run home)
[LIFT] Height: unknown (run home)
[LIFT] Height: unknown (run home)
[LIFT] Height: unknown (run home)
[LIFT] Height: unknown (run home)
[LIFT] Height: unknown (run home)
[LIFT] Height: unknown (run home)
[LIFT] Height: unknown (run home)
[LIFT] Height: unknown (run home)
[LIFT] Height: unknown (run home)
[PicoLift] sent 'status'
[LIFT] Upper limit: clear
[LIFT] Lower limit: clear
[LIFT] Motion: UP
[LIFT] Velocity: 0.00 mm/s
[LIFT] Capabilities: lift_velocity_v1
[PicoLift] firmware capabilities: lift_velocity_v1
[LIFT] Height: unknown (run home)
[LIFT] V_Compute: 28.946 V
[LIFT] V_Motors: 28.875 V
[LIFT] Height: unknown (run home)
[LIFT] Height: unknown (run home)
[LIFT] Height: unknown (run home)
[LIFT] Height: unknown (run home)
[LIFT] Height: unknown (run home)
[LIFT] Height: unknown (run home)
[LIFT] Height: unknown (run home)
[LIFT] Height: unknown (run home)
[LIFT] Height: unknown (run home)
[LIFT] Height: unknown (run home)
[LIFT] Height: unknown (run home)
[LIFT] Height: unknown (run home)
[LIFT] Height: unknown (run home)
[LIFT] Height: unknown (run home)
[LIFT] Height: unknown (run home)
[LIFT] Height: unknown (run home)
[LIFT] Height: unknown (run home)
[LIFT] Height: unknown (run home)
[PicoLift] sent 'status'
[LIFT] Upper limit: clear
[LIFT] Lower limit: clear
[LIFT] Motion: UP
[LIFT] Velocity: 0.00 mm/s
[LIFT] Capabilities: lift_velocity_v1
[PicoLift] firmware capabilities: lift_velocity_v1
[LIFT] Height: unknown (run home)
[LIFT] V_Compute: 28.942 V
[LIFT] V_Motors: 28.868 V
[LIFT] Height: unknown (run home)
[LIFT] Height: unknown (run home)
[LIFT] Height: unknown (run home)
[LIFT] Height: unknown (run home)
[LIFT] Height: unknown (run home)
[LIFT] Height: unknown (run home)
[LIFT] Height: unknown (run home)
[LIFT] Height: unknown (run home)
[LIFT] Height: unknown (run home)
[LIFT] Height: unknown (run home)
[LIFT] Height: unknown (run home)
[LIFT] Height: unknown (run home)
[LIFT] Height: unknown (run home)
[LIFT] Height: unknown (run home)
[LIFT] Height: unknown (run home)
[LIFT] Height: unknown (run home)
[LIFT] Height: unknown (run home)
[LIFT] Height: unknown (run home)
[PicoLift] sent 'status'
[LIFT] Upper limit: clear
[LIFT] Lower limit: clear
[LIFT] Motion: UP
[LIFT] Velocity: 0.00 mm/s
[LIFT] Capabilities: lift_velocity_v1
[PicoLift] firmware capabilities: lift_velocity_v1
[LIFT] Height: unknown (run home)
[LIFT] V_Compute: 28.941 V
[LIFT] V_Motors: 28.870 V
[LIFT] Height: unknown (run home)
[LIFT] Height: unknown (run home)
[LIFT] Height: unknown (run home)
[LIFT] Height: unknown (run home)
[LIFT] Height: unknown (run home)
[LIFT] Height: unknown (run home)
[LIFT] Height: unknown (run home)
[LIFT] Height: unknown (run home)
[LIFT] Height: unknown (run home)
[LIFT] Height: unknown (run home)
[LIFT] Height: unknown (run home)
[LIFT] Height: unknown (run home)
[LIFT] Height: unknown (run home)
[LIFT] Height: unknown (run home)
[LIFT] Height: unknown (run home)
[LIFT] Height: unknown (run home)
[LIFT] Height: unknown (run home)
[LIFT] Height: unknown (run home)
[PicoLift] sent 'status'
[LIFT] Upper limit: clear
[LIFT] Lower limit: clear
[LIFT] Motion: UP
[LIFT] Velocity: 0.00 mm/s
[LIFT] Capabilities: lift_velocity_v1
[PicoLift] firmware capabilities: lift_velocity_v1
[LIFT] Height: unknown (run home)
[LIFT] V_Compute: 28.954 V
[LIFT] V_Motors: 28.868 V
[LIFT] Height: unknown (run home)
[LIFT] Height: unknown (run home)
[LIFT] Height: unknown (run home)
[LIFT] Height: unknown (run home)
[LIFT] Height: unknown (run home)
[LIFT] Height: unknown (run home)
[LIFT] Height: unknown (run home)
[LIFT] Height: unknown (run home)
[LIFT] Height: unknown (run home)
[LIFT] Height: unknown (run home)
[LIFT] Height: unknown (run home)
[LIFT] Height: unknown (run home)
[LIFT] Height: unknown (run home)
[LIFT] Height: unknown (run home)
[LIFT] Height: unknown (run home)
[LIFT] Height: unknown (run home)
[LIFT] Height: unknown (run home)
[LIFT] Height: unknown (run home)
[PicoLift] sent 'status'
[LIFT] Upper limit: clear
[LIFT] Lower limit: clear
[LIFT] Motion: UP
[LIFT] Velocity: 0.00 mm/s
[LIFT] Capabilities: lift_velocity_v1
[PicoLift] firmware capabilities: lift_velocity_v1
[LIFT] Height: unknown (run home)
[LIFT] Height: unknown (run home)
[LIFT] V_Compute: 28.962 V
[LIFT] V_Motors: 28.853 V
[LIFT] Height: unknown (run home)
[LIFT] Height: unknown (run home)
[LIFT] Height: unknown (run home)
[LIFT] Height: unknown (run home)
[LIFT] Height: unknown (run home)
[LIFT] Height: unknown (run home)
[LIFT] Height: unknown (run home)
[LIFT] Height: unknown (run home)
[LIFT] Height: unknown (run home)
[LIFT] Height: unknown (run home)
[LIFT] Height: unknown (run home)
[LIFT] Height: unknown (run home)
[LIFT] Height: unknown (run home)
[LIFT] Height: unknown (run home)
[LIFT] Height: unknown (run home)
[LIFT] Height: unknown (run home)
[LIFT] Height: unknown (run home)
[PicoLift] sent 'status'
[LIFT] Height: unknown (run home)
[LIFT] Upper limit: clear
[LIFT] Lower limit: clear
[LIFT] Motion: UP
[LIFT] Velocity: 0.00 mm/s
[LIFT] Capabilities: lift_velocity_v1
[PicoLift] firmware capabilities: lift_velocity_v1
[LIFT] Height: unknown (run home)
[LIFT] V_Compute: 28.935 V
[LIFT] V_Motors: 28.872 V
[LIFT] Height: unknown (run home)
[LIFT] Height: unknown (run home)
[LIFT] Height: unknown (run home)
[LIFT] Height: unknown (run home)
[LIFT] Height: unknown (run home)
[LIFT] Height: unknown (run home)
[LIFT] Height: unknown (run home)
[LIFT] Height: unknown (run home)
[LIFT] Height: unknown (run home)
[LIFT] Height: unknown (run home)
[LIFT] Height: unknown (run home)
[LIFT] Height: unknown (run home)
[LIFT] Height: unknown (run home)
[LIFT] Height: unknown (run home)
[LIFT] Height: unknown (run home)
[LIFT] Height: unknown (run home)
[LIFT] Height: unknown (run home)
[PicoLift] sent 'status'
[LIFT] Height: unknown (run home)
[LIFT] Upper limit: clear
[LIFT] Lower limit: clear
[LIFT] Motion: UP
[LIFT] Velocity: 0.00 mm/s
[LIFT] Capabilities: lift_velocity_v1
[PicoLift] firmware capabilities: lift_velocity_v1
[LIFT] Height: unknown (run home)
[LIFT] V_Compute: 28.950 V
[LIFT] V_Motors: 28.860 V
[LIFT] Height: unknown (run home)
[LIFT] Height: unknown (run home)
[LIFT] Height: unknown (run home)
[LIFT] Height: unknown (run home)
[LIFT] Height: unknown (run home)
[LIFT] Height: unknown (run home)
[LIFT] Height: unknown (run home)
[LIFT] Height: unknown (run home)
[LIFT] Height: unknown (run home)
[LIFT] Height: unknown (run home)
[LIFT] Height: unknown (run home)
[LIFT] Height: unknown (run home)
[LIFT] Height: unknown (run home)
[LIFT] Height: unknown (run home)
[LIFT] Height: unknown (run home)
[LIFT] Height: unknown (run home)
[LIFT] Height: unknown (run home)
[PicoLift] sent 'status'
[LIFT] Height: unknown (run home)
[LIFT] Upper limit: clear
[LIFT] Lower limit: clear
[LIFT] Motion: UP
[LIFT] Velocity: 0.00 mm/s
[LIFT] Capabilities: lift_velocity_v1
[PicoLift] firmware capabilities: lift_velocity_v1
[LIFT] Height: unknown (run home)
[LIFT] V_Compute: 28.937 V
[LIFT] V_Motors: 28.864 V
[LIFT] Height: unknown (run home)
[LIFT] Height: unknown (run home)
[LIFT] Height: unknown (run home)
[LIFT] Height: unknown (run home)
[LIFT] Height: unknown (run home)
[LIFT] Height: unknown (run home)
[LIFT] Height: unknown (run home)
[LIFT] Height: unknown (run home)
[LIFT] Height: unknown (run home)
[LIFT] Height: unknown (run home)
[LIFT] Height: unknown (run home)
[LIFT] Height: unknown (run home)
[LIFT] Height: unknown (run home)
[LIFT] Height: unknown (run home)
[LIFT] Height: unknown (run home)
[LIFT] Height: unknown (run home)
[LIFT] Height: unknown (run home)
[PicoLift] sent 'status'
[LIFT] Height: unknown (run home)
[LIFT] Upper limit: clear
[LIFT] Lower limit: clear
[LIFT] Motion: UP
[LIFT] Velocity: 0.00 mm/s
[LIFT] Capabilities: lift_velocity_v1
[PicoLift] firmware capabilities: lift_velocity_v1
[LIFT] Height: unknown (run home)
[LIFT] V_Compute: 28.958 V
[LIFT] V_Motors: 28.859 V
[LIFT] Height: unknown (run home)
[LIFT] Height: unknown (run home)
[LIFT] Height: unknown (run home)
[LIFT] Height: unknown (run home)
[LIFT] Height: unknown (run home)
[LIFT] Height: unknown (run home)
[LIFT] Height: unknown (run home)
[LIFT] Height: unknown (run home)
[LIFT] Height: unknown (run home)
[LIFT] Height: unknown (run home)
[LIFT] Height: unknown (run home)
[LIFT] Height: unknown (run home)
[LIFT] Height: unknown (run home)
[LIFT] Height: unknown (run home)
[LIFT] Height: unknown (run home)
[LIFT] Height: unknown (run home)
[LIFT] Height: unknown (run home)
[PicoLift] sent 'status'
[LIFT] Height: unknown (run home)
[LIFT] Upper limit: clear
[LIFT] Lower limit: clear
[LIFT] Motion: UP
[LIFT] Velocity: 0.00 mm/s
[LIFT] Capabilities: lift_velocity_v1
[PicoLift] firmware capabilities: lift_velocity_v1
[LIFT] Height: unknown (run home)
[LIFT] V_Compute: 28.950 V
[LIFT] V_Motors: 28.865 V
[LIFT] Height: unknown (run home)
[LIFT] Height: unknown (run home)
[LIFT] Height: unknown (run home)
[LIFT] Height: unknown (run home)
[LIFT] Height: unknown (run home)
[LIFT] Height: unknown (run home)
[LIFT] Height: unknown (run home)
[LIFT] Height: unknown (run home)
[LIFT] Height: unknown (run home)
[LIFT] Height: unknown (run home)
[LIFT] Height: unknown (run home)
[LIFT] Height: unknown (run home)
[LIFT] Height: unknown (run home)
[LIFT] Height: unknown (run home)
[LIFT] Height: unknown (run home)
[LIFT] Height: unknown (run home)
[LIFT] Height: unknown (run home)
[PicoLift] sent 'status'
[LIFT] Height: unknown (run home)
[LIFT] Upper limit: clear
[LIFT] Lower limit: clear
[LIFT] Motion: UP
[LIFT] Velocity: 0.00 mm/s
[LIFT] Capabilities: lift_velocity_v1
[PicoLift] firmware capabilities: lift_velocity_v1
[LIFT] Height: unknown (run home)
[LIFT] V_Compute: 28.936 V
[LIFT] V_Motors: 28.862 V
[LIFT] Height: unknown (run home)
[LIFT] Height: unknown (run home)
[LIFT] Height: unknown (run home)
[LIFT] Height: unknown (run home)
[LIFT] Height: unknown (run home)
[LIFT] Height: unknown (run home)
[LIFT] Height: unknown (run home)
[LIFT] Height: unknown (run home)
[LIFT] Height: unknown (run home)
[LIFT] Height: unknown (run home)
[LIFT] Height: unknown (run home)
[LIFT] Height: unknown (run home)
[LIFT] Height: unknown (run home)
[LIFT] Height: unknown (run home)
[LIFT] Height: unknown (run home)
[LIFT] Height: unknown (run home)
[LIFT] Height: unknown (run home)
[PicoLift] sent 'status'
[LIFT] Height: unknown (run home)
[LIFT] Upper limit: clear
[LIFT] Lower limit: clear
[LIFT] Motion: UP
[LIFT] Velocity: 0.00 mm/s
[LIFT] Capabilities: lift_velocity_v1
[PicoLift] firmware capabilities: lift_velocity_v1
[LIFT] Height: unknown (run home)
[LIFT] V_Compute: 28.949 V
[LIFT] V_Motors: 28.860 V
[LIFT] Height: unknown (run home)
[LIFT] Height: unknown (run home)
[LIFT] Height: unknown (run home)
[LIFT] Height: unknown (run home)
[LIFT] Height: unknown (run home)
[LIFT] Height: unknown (run home)
[LIFT] Height: unknown (run home)
[LIFT] Height: unknown (run home)
[LIFT] Height: unknown (run home)
[LIFT] Height: unknown (run home)
[LIFT] Height: unknown (run home)
[LIFT] Height: unknown (run home)
[LIFT] Height: unknown (run home)
[LIFT] Height: unknown (run home)
[LIFT] Height: unknown (run home)
[LIFT] Height: unknown (run home)
[LIFT] Height: unknown (run home)
[PicoLift] sent 'status'
[LIFT] Height: unknown (run home)
[LIFT] Upper limit: clear
[LIFT] Lower limit: clear
[LIFT] Motion: UP
[LIFT] Velocity: 0.00 mm/s
[LIFT] Capabilities: lift_velocity_v1
[PicoLift] firmware capabilities: lift_velocity_v1
[LIFT] Height: unknown (run home)
[LIFT] V_Compute: 28.934 V
[LIFT] V_Motors: 28.855 V
[LIFT] Height: unknown (run home)
[LIFT] Height: unknown (run home)
[LIFT] Height: unknown (run home)
[LIFT] Height: unknown (run home)
[LIFT] Height: unknown (run home)
[LIFT] Height: unknown (run home)
[LIFT] Height: unknown (run home)
[LIFT] Height: unknown (run home)
[LIFT] Height: unknown (run home)
[LIFT] Height: unknown (run home)
[LIFT] Height: unknown (run home)
[LIFT] Height: unknown (run home)
[LIFT] Height: unknown (run home)
[LIFT] Height: unknown (run home)
[LIFT] Height: unknown (run home)
[LIFT] Height: unknown (run home)
[LIFT] Height: unknown (run home)
[PicoLift] sent 'status'
[LIFT] Height: unknown (run home)
[LIFT] Upper limit: clear
[LIFT] Lower limit: clear
[LIFT] Motion: UP
[LIFT] Velocity: 0.00 mm/s
[LIFT] Capabilities: lift_velocity_v1
[PicoLift] firmware capabilities: lift_velocity_v1
[LIFT] Height: unknown (run home)
[LIFT] V_Compute: 28.935 V
[LIFT] V_Motors: 28.872 V
[LIFT] Height: unknown (run home)
[LIFT] Height: unknown (run home)
[LIFT] Height: unknown (run home)
[LIFT] Height: unknown (run home)
[LIFT] Height: unknown (run home)
[LIFT] Height: unknown (run home)
[LIFT] Height: unknown (run home)
[LIFT] Height: unknown (run home)
[LIFT] Height: unknown (run home)
[LIFT] Height: unknown (run home)
[LIFT] Height: unknown (run home)
[LIFT] Height: unknown (run home)
[LIFT] Height: unknown (run home)
[LIFT] Height: unknown (run home)
[LIFT] Height: unknown (run home)
[LIFT] Height: unknown (run home)
[LIFT] Height: unknown (run home)
[PicoLift] sent 'status'
[LIFT] Height: unknown (run home)
[LIFT] Upper limit: clear
[LIFT] Lower limit: clear
[LIFT] Motion: UP
[LIFT] Velocity: 0.00 mm/s
[LIFT] Capabilities: lift_velocity_v1
[PicoLift] firmware capabilities: lift_velocity_v1
[LIFT] Height: unknown (run home)
[LIFT] V_Compute: 28.931 V
[LIFT] V_Motors: 28.860 V
[LIFT] Height: unknown (run home)
[LIFT] Height: unknown (run home)
[LIFT] Height: unknown (run home)
[LIFT] Height: unknown (run home)
[LIFT] Height: unknown (run home)
[LIFT] Height: unknown (run home)
[LIFT] Height: unknown (run home)
[LIFT] Height: unknown (run home)
[LIFT] Height: unknown (run home)
[LIFT] Height: unknown (run home)
[LIFT] Height: unknown (run home)
[LIFT] Height: unknown (run home)
[LIFT] Height: unknown (run home)
[LIFT] Height: unknown (run home)
[LIFT] Height: unknown (run home)
[LIFT] Height: unknown (run home)
[LIFT] Height: unknown (run home)
[LIFT] Height: unknown (run home)
[PicoLift] sent 'status'
[LIFT] Upper limit: clear
[LIFT] Lower limit: clear
[LIFT] Motion: UP
[LIFT] Velocity: 0.00 mm/s
[LIFT] Capabilities: lift_velocity_v1
[PicoLift] firmware capabilities: lift_velocity_v1
[LIFT] Height: unknown (run home)
[LIFT] V_Compute: 28.950 V
[LIFT] V_Motors: 28.864 V
[LIFT] Height: unknown (run home)
[LIFT] Height: unknown (run home)
[LIFT] Height: unknown (run home)
[LIFT] Height: unknown (run home)
[LIFT] Height: unknown (run home)
[LIFT] Height: unknown (run home)
[LIFT] Height: unknown (run home)
[LIFT] Height: unknown (run home)
[LIFT] Height: unknown (run home)
[LIFT] Height: unknown (run home)
[LIFT] Height: unknown (run home)
[LIFT] Height: unknown (run home)
[LIFT] Height: unknown (run home)
[LIFT] Height: unknown (run home)
[LIFT] Height: unknown (run home)
[LIFT] Height: unknown (run home)
[LIFT] Height: unknown (run home)
[LIFT] Height: unknown (run home)
[PicoLift] sent 'status'
[LIFT] Upper limit: clear
[LIFT] Lower limit: clear
[LIFT] Motion: UP
[LIFT] Velocity: 0.00 mm/s
[LIFT] Capabilities: lift_velocity_v1
[PicoLift] firmware capabilities: lift_velocity_v1
[LIFT] Height: unknown (run home)
[LIFT] V_Compute: 28.936 V
[LIFT] V_Motors: 28.862 V
[LIFT] Height: unknown (run home)
[LIFT] Height: unknown (run home)
[LIFT] Height: unknown (run home)
[LIFT] Height: unknown (run home)
[LIFT] Height: unknown (run home)
[LIFT] Height: unknown (run home)
[LIFT] Height: unknown (run home)
[LIFT] Height: unknown (run home)
[LIFT] Height: unknown (run home)
[LIFT] Height: unknown (run home)
[LIFT] Height: unknown (run home)
[LIFT] Home complete.
[PicoLift] sent 'status'
[PicoLift] sent 'status'
[YOR] lift: home complete at 0.9 m
[YOR] lift: moving to 450 mm from zero
[PicoLift] sent 'down 450.00'
[LIFT] Upper limit: ACTIVE
[LIFT] Lower limit: clear
[LIFT] Motion: IDLE
[LIFT] Velocity: 0.00 mm/s
[LIFT] Capabilities: lift_velocity_v1
[PicoLift] firmware capabilities: lift_velocity_v1
[LIFT] V_Compute: 28.951 V
[LIFT] V_Motors: 28.894 V
[LIFT] Upper limit: ACTIVE
[LIFT] Lower limit: clear
[LIFT] Motion: IDLE
[LIFT] Velocity: 0.00 mm/s
[LIFT] Capabilities: lift_velocity_v1
[PicoLift] firmware capabilities: lift_velocity_v1
[LIFT] Moving DOWN 450.00 mm
[LIFT] V_Compute: 28.964 V
[LIFT] V_Motors: 28.850 V
[LIFT] V_Compute: 28.950 V
[LIFT] V_Motors: 28.879 V
[LIFT] V_Compute: 28.950 V
[LIFT] V_Motors: 28.889 V
[LIFT] V_Compute: 28.955 V
[LIFT] V_Motors: 28.888 V
[LIFT] V_Compute: 28.944 V
[LIFT] V_Motors: 28.886 V
[LIFT] V_Compute: 28.951 V
[LIFT] V_Motors: 28.890 V
[LIFT] V_Compute: 28.958 V
[LIFT] V_Motors: 28.888 V
[LIFT] V_Compute: 28.952 V
[LIFT] V_Motors: 28.888 V
[LIFT] V_Compute: 28.958 V
[LIFT] V_Motors: 28.888 V
[LIFT] V_Compute: 28.964 V
[LIFT] V_Motors: 28.884 V
[LIFT] V_Compute: 28.933 V
[LIFT] V_Motors: 28.870 V
[LIFT] V_Compute: 28.960 V
[LIFT] V_Motors: 28.891 V
[LIFT] V_Compute: 28.964 V
[LIFT] V_Motors: 28.886 V
[LIFT] V_Compute: 28.960 V
[LIFT] V_Motors: 28.890 V
[LIFT] V_Compute: 28.950 V
[LIFT] V_Motors: 28.880 V
[LIFT] V_Compute: 28.952 V
[LIFT] V_Motors: 28.884 V
[LIFT] V_Compute: 28.950 V
[LIFT] V_Motors: 28.880 V
[LIFT] V_Compute: 28.954 V
[LIFT] V_Motors: 28.885 V
[PicoLift] sent 'stop'
[YOR] lift: startup position 0.45176900000000003 m
[LIFT] Motion stopped by user.
[LIFT] V_Compute: 28.955 V
[LIFT] V_Motors: 28.896 V
[LIFT] V_Compute: 28.955 V
[LIFT] V_Motors: 28.896 V
[LIFT] V_Compute: 28.949 V
[LIFT] V_Motors: 28.900 V
[LIFT] V_Compute: 28.956 V
[LIFT] V_Motors: 28.902 V
[LIFT] V_Compute: 28.959 V
[LIFT] V_Motors: 28.902 V
[LIFT] V_Compute: 28.954 V
[LIFT] V_Motors: 28.902 V
[LIFT] V_Compute: 28.956 V
[LIFT] V_Motors: 28.896 V
[LIFT] V_Compute: 28.951 V
[LIFT] V_Motors: 28.907 V
[LIFT] V_Compute: 28.954 V
[LIFT] V_Motors: 28.900 V
[LIFT] V_Compute: 28.955 V
[LIFT] V_Motors: 28.904 V
[LIFT] V_Compute: 28.955 V
[LIFT] V_Motors: 28.899 V
[LIFT] V_Compute: 28.955 V
[LIFT] V_Motors: 28.900 V
[LIFT] V_Compute: 28.958 V
[LIFT] V_Motors: 28.906 V
[LIFT] V_Compute: 28.952 V
[LIFT] V_Motors: 28.896 V
[LIFT] V_Compute: 28.956 V
[LIFT] V_Motors: 28.905 V
[LIFT] V_Compute: 28.955 V
[LIFT] V_Motors: 28.904 V
[LIFT] V_Compute: 28.952 V
[LIFT] V_Motors: 28.901 V
[LIFT] V_Compute: 28.960 V
[LIFT] V_Motors: 28.906 V
[LIFT] V_Compute: 28.952 V
[LIFT] V_Motors: 28.899 V
[LIFT] V_Compute: 28.955 V
[LIFT] V_Motors: 28.902 V
[LIFT] V_Compute: 28.952 V
[LIFT] V_Motors: 28.905 V
[LIFT] V_Compute: 28.944 V
[LIFT] V_Motors: 28.896 V
[LIFT] V_Compute: 28.952 V
[LIFT] V_Motors: 28.901 V
[LIFT] V_Compute: 28.952 V
[LIFT] V_Motors: 28.900 V
[LIFT] V_Compute: 28.955 V
[LIFT] V_Motors: 28.906 V
[LIFT] V_Compute: 28.949 V
[LIFT] V_Motors: 28.900 V
[LIFT] V_Compute: 28.956 V
[LIFT] V_Motors: 28.904 V
[LIFT] V_Compute: 28.955 V
[LIFT] V_Motors: 28.904 V
[LIFT] V_Compute: 28.955 V
[LIFT] V_Motors: 28.904 V
[LIFT] V_Compute: 28.952 V
[LIFT] V_Motors: 28.901 V
[LIFT] V_Compute: 28.951 V
[LIFT] V_Motors: 28.906 V
[LIFT] V_Compute: 28.955 V
[LIFT] V_Motors: 28.905 V
[LIFT] V_Compute: 28.950 V
[LIFT] V_Motors: 28.909 V
[LIFT] V_Compute: 28.951 V
[LIFT] V_Motors: 28.905 V
[LIFT] V_Compute: 28.956 V
[LIFT] V_Motors: 28.907 V
[LIFT] V_Compute: 28.956 V
[LIFT] V_Motors: 28.902 V
[LIFT] V_Compute: 28.955 V
[LIFT] V_Motors: 28.904 V
[LIFT] V_Compute: 28.951 V
[LIFT] V_Motors: 28.905 V
[LIFT] V_Compute: 28.958 V
[LIFT] V_Motors: 28.905 V
[LIFT] V_Compute: 28.954 V
[LIFT] V_Motors: 28.902 V
[LIFT] V_Compute: 28.956 V
[LIFT] V_Motors: 28.900 V
[LIFT] V_Compute: 28.959 V
[LIFT] V_Motors: 28.904 V
[LIFT] V_Compute: 28.952 V
[LIFT] V_Motors: 28.899 V
[LIFT] V_Compute: 28.951 V
[LIFT] V_Motors: 28.905 V
[LIFT] V_Compute: 28.956 V
[LIFT] V_Motors: 28.906 V
[LIFT] V_Compute: 28.951 V
[LIFT] V_Motors: 28.902 V
[LIFT] V_Compute: 28.946 V
[LIFT] V_Motors: 28.899 V
[LIFT] V_Compute: 28.952 V
[LIFT] V_Motors: 28.905 V
[LIFT] V_Compute: 28.955 V
[LIFT] V_Motors: 28.904 V
[LIFT] V_Compute: 28.955 V
[LIFT] V_Motors: 28.894 V
[LIFT] V_Compute: 28.949 V
[LIFT] V_Motors: 28.889 V
[LIFT] V_Compute: 28.954 V
[LIFT] V_Motors: 28.895 V
[LIFT] V_Compute: 28.951 V
[LIFT] V_Motors: 28.885 V
[LIFT] V_Compute: 28.933 V
[LIFT] V_Motors: 28.890 V
[LIFT] V_Compute: 28.924 V
[LIFT] V_Motors: 28.874 V
[LIFT] V_Compute: 28.934 V
[LIFT] V_Motors: 28.879 V
[PicoLift] sent 'status'
[LIFT] Upper limit: clear
[LIFT] Lower limit: clear
[LIFT] Motion: IDLE
[LIFT] Velocity: 0.00 mm/s
[LIFT] Capabilities: lift_velocity_v1
[PicoLift] firmware capabilities: lift_velocity_v1
[LIFT] V_Compute: 28.944 V
[LIFT] V_Motors: 28.882 V
[LIFT] V_Compute: 28.941 V
[LIFT] V_Motors: 28.890 V
[PicoLift] sent 'status'
[LIFT] Upper limit: clear
[LIFT] Lower limit: clear
[LIFT] Motion: IDLE
[LIFT] Velocity: 0.00 mm/s
[LIFT] Capabilities: lift_velocity_v1
[PicoLift] firmware capabilities: lift_velocity_v1
[LIFT] V_Compute: 28.942 V
[LIFT] V_Motors: 28.896 V
[LIFT] V_Compute: 28.947 V
[LIFT] V_Motors: 28.889 V
[PicoLift] sent 'status'
[LIFT] Upper limit: clear
[LIFT] Lower limit: clear
[LIFT] Motion: IDLE
[LIFT] Velocity: 0.00 mm/s
[LIFT] Capabilities: lift_velocity_v1
[PicoLift] firmware capabilities: lift_velocity_v1
[LIFT] V_Compute: 28.942 V
[LIFT] V_Motors: 28.888 V
[LIFT] V_Compute: 28.944 V
[LIFT] V_Motors: 28.890 V
[PicoLift] sent 'status'
[LIFT] Upper limit: clear
[LIFT] Lower limit: clear
[LIFT] Motion: IDLE
[LIFT] Velocity: 0.00 mm/s
[LIFT] Capabilities: lift_velocity_v1
[PicoLift] firmware capabilities: lift_velocity_v1
[LIFT] V_Compute: 28.937 V
[LIFT] V_Motors: 28.888 V
[LIFT] V_Compute: 28.936 V
[LIFT] V_Motors: 28.888 V
[PicoLift] sent 'status'
[LIFT] Upper limit: clear
[LIFT] Lower limit: clear
[LIFT] Motion: IDLE
[LIFT] Velocity: 0.00 mm/s
[LIFT] Capabilities: lift_velocity_v1
[PicoLift] firmware capabilities: lift_velocity_v1
[LIFT] V_Compute: 28.933 V
[LIFT] V_Motors: 28.885 V
[LIFT] V_Compute: 28.937 V
[LIFT] V_Motors: 28.881 V
[PicoLift] sent 'status'
[LIFT] Upper limit: clear
[LIFT] Lower limit: clear
[LIFT] Motion: IDLE
[LIFT] Velocity: 0.00 mm/s
[LIFT] Capabilities: lift_velocity_v1
[PicoLift] firmware capabilities: lift_velocity_v1
[LIFT] V_Compute: 28.926 V
[LIFT] V_Motors: 28.878 V
[LIFT] V_Compute: 28.939 V
[LIFT] V_Motors: 28.890 V
[PicoLift] sent 'status'
[LIFT] V_Compute: 28.941 V
[LIFT] V_Motors: 28.889 V
[LIFT] Upper limit: clear
[LIFT] Lower limit: clear
[LIFT] Motion: IDLE
[LIFT] Velocity: 0.00 mm/s
[LIFT] Capabilities: lift_velocity_v1
[PicoLift] firmware capabilities: lift_velocity_v1
[LIFT] V_Compute: 28.937 V
[LIFT] V_Motors: 28.889 V
[LIFT] V_Compute: 28.926 V
[LIFT] V_Motors: 28.886 V
[PicoLift] sent 'status'
[LIFT] Upper limit: clear
[LIFT] Lower limit: clear
[LIFT] Motion: IDLE
[LIFT] Velocity: 0.00 mm/s
[LIFT] Capabilities: lift_velocity_v1
[PicoLift] firmware capabilities: lift_velocity_v1
[LIFT] V_Compute: 28.929 V
[LIFT] V_Motors: 28.881 V
[LIFT] V_Compute: 28.936 V
[LIFT] V_Motors: 28.889 V
[PicoLift] sent 'status'
[LIFT] Upper limit: clear
[LIFT] Lower limit: clear
[LIFT] Motion: IDLE
[LIFT] Velocity: 0.00 mm/s
[LIFT] Capabilities: lift_velocity_v1
[PicoLift] firmware capabilities: lift_velocity_v1
[LIFT] V_Compute: 28.942 V
[LIFT] V_Motors: 28.891 V
[LIFT] V_Compute: 28.944 V
[LIFT] V_Motors: 28.885 V
[PicoLift] sent 'status'
[LIFT] Upper limit: clear
[LIFT] Lower limit: clear
[LIFT] Motion: IDLE
[LIFT] Velocity: 0.00 mm/s
[LIFT] Capabilities: lift_velocity_v1
[PicoLift] firmware capabilities: lift_velocity_v1
[LIFT] V_Compute: 28.942 V
[LIFT] V_Motors: 28.882 V
[LIFT] V_Compute: 28.941 V
[LIFT] V_Motors: 28.888 V
[PicoLift] sent 'status'
[LIFT] Upper limit: clear
[LIFT] Lower limit: clear
[LIFT] Motion: IDLE
[LIFT] Velocity: 0.00 mm/s
[LIFT] Capabilities: lift_velocity_v1
[PicoLift] firmware capabilities: lift_velocity_v1
[LIFT] V_Compute: 28.945 V
[LIFT] V_Motors: 28.889 V
[LIFT] V_Compute: 28.944 V
[LIFT] V_Motors: 28.881 V
[PicoLift] sent 'status'
[LIFT] Upper limit: clear
[LIFT] Lower limit: clear
[LIFT] Motion: IDLE
[LIFT] Velocity: 0.00 mm/s
[LIFT] Capabilities: lift_velocity_v1
[PicoLift] firmware capabilities: lift_velocity_v1
[LIFT] V_Compute: 28.940 V
[LIFT] V_Motors: 28.892 V
[LIFT] V_Compute: 28.941 V
[LIFT] V_Motors: 28.888 V
[PicoLift] sent 'status'
[LIFT] Upper limit: clear
[LIFT] Lower limit: clear
[LIFT] Motion: IDLE
[LIFT] Velocity: 0.00 mm/s
[LIFT] Capabilities: lift_velocity_v1
[PicoLift] firmware capabilities: lift_velocity_v1
[LIFT] V_Compute: 28.945 V
[LIFT] V_Motors: 28.890 V
[LIFT] V_Compute: 28.940 V
[LIFT] V_Motors: 28.886 V
[PicoLift] sent 'status'
[LIFT] Upper limit: clear
[LIFT] Lower limit: clear
[LIFT] Motion: IDLE
[LIFT] Velocity: 0.00 mm/s
[LIFT] Capabilities: lift_velocity_v1
[PicoLift] firmware capabilities: lift_velocity_v1
[LIFT] V_Compute: 28.940 V
[LIFT] V_Motors: 28.889 V
[LIFT] V_Compute: 28.937 V
[LIFT] V_Motors: 28.885 V
[PicoLift] sent 'status'
[LIFT] Upper limit: clear
[LIFT] Lower limit: clear
[LIFT] Motion: IDLE
[LIFT] Velocity: 0.00 mm/s
[LIFT] Capabilities: lift_velocity_v1
[PicoLift] firmware capabilities: lift_velocity_v1
[LIFT] V_Compute: 28.936 V
[LIFT] V_Motors: 28.886 V
[LIFT] V_Compute: 28.934 V
[LIFT] V_Motors: 28.888 V
[PicoLift] sent 'status'
[LIFT] Upper limit: clear
[LIFT] Lower limit: clear
[LIFT] Motion: IDLE
[LIFT] Velocity: 0.00 mm/s
[LIFT] Capabilities: lift_velocity_v1
[PicoLift] firmware capabilities: lift_velocity_v1
[LIFT] V_Compute: 28.942 V
[LIFT] V_Motors: 28.890 V
[LIFT] V_Compute: 28.940 V
[LIFT] V_Motors: 28.890 V
[PicoLift] sent 'status'
[LIFT] Upper limit: clear
[LIFT] Lower limit: clear
[LIFT] Motion: IDLE
[LIFT] Velocity: 0.00 mm/s
[LIFT] Capabilities: lift_velocity_v1
[PicoLift] firmware capabilities: lift_velocity_v1
[LIFT] V_Compute: 28.942 V
[LIFT] V_Motors: 28.890 V
[LIFT] V_Compute: 28.937 V
[LIFT] V_Motors: 28.889 V
[PicoLift] sent 'status'
[LIFT] Upper limit: clear
[LIFT] Lower limit: clear
[LIFT] Motion: IDLE
[LIFT] Velocity: 0.00 mm/s
[LIFT] Capabilities: lift_velocity_v1
[PicoLift] firmware capabilities: lift_velocity_v1
[LIFT] V_Compute: 28.941 V
[LIFT] V_Motors: 28.894 V
[LIFT] V_Compute: 28.944 V
[LIFT] V_Motors: 28.886 V
[PicoLift] sent 'status'
[LIFT] Upper limit: clear
[LIFT] Lower limit: clear
[LIFT] Motion: IDLE
[LIFT] Velocity: 0.00 mm/s
[LIFT] Capabilities: lift_velocity_v1
[PicoLift] firmware capabilities: lift_velocity_v1
[LIFT] V_Compute: 28.941 V
[LIFT] V_Motors: 28.888 V
[LIFT] V_Compute: 28.942 V
[LIFT] V_Motors: 28.886 V
[PicoLift] sent 'status'
[LIFT] Upper limit: clear
[LIFT] Lower limit: clear
[LIFT] Motion: IDLE
[LIFT] Velocity: 0.00 mm/s
[LIFT] Capabilities: lift_velocity_v1
[PicoLift] firmware capabilities: lift_velocity_v1
[LIFT] V_Compute: 28.939 V
[LIFT] V_Motors: 28.896 V
[LIFT] V_Compute: 28.942 V
[LIFT] V_Motors: 28.888 V
[PicoLift] sent 'status'
[LIFT] Upper limit: clear
[LIFT] Lower limit: clear
[LIFT] Motion: IDLE
[LIFT] Velocity: 0.00 mm/s
[LIFT] Capabilities: lift_velocity_v1
[PicoLift] firmware capabilities: lift_velocity_v1
[LIFT] V_Compute: 28.942 V
[LIFT] V_Motors: 28.888 V
[LIFT] V_Compute: 28.936 V
[LIFT] V_Motors: 28.888 V
[PicoLift] sent 'status'
[LIFT] Upper limit: clear
[LIFT] Lower limit: clear
[LIFT] Motion: IDLE
[LIFT] Velocity: 0.00 mm/s
[LIFT] Capabilities: lift_velocity_v1
[PicoLift] firmware capabilities: lift_velocity_v1
[LIFT] V_Compute: 28.942 V
[LIFT] V_Motors: 28.886 V
[LIFT] V_Compute: 28.935 V
[LIFT] V_Motors: 28.884 V
[PicoLift] sent 'status'
[LIFT] Upper limit: clear
[LIFT] Lower limit: clear
[LIFT] Motion: IDLE
[LIFT] Velocity: 0.00 mm/s
[LIFT] Capabilities: lift_velocity_v1
[PicoLift] firmware capabilities: lift_velocity_v1
[LIFT] V_Compute: 28.937 V
[LIFT] V_Motors: 28.884 V
[LIFT] V_Compute: 28.940 V
[LIFT] V_Motors: 28.886 V
[PicoLift] sent 'status'
[LIFT] Upper limit: clear
[LIFT] Lower limit: clear
[LIFT] Motion: IDLE
[LIFT] Velocity: 0.00 mm/s
[LIFT] Capabilities: lift_velocity_v1
[PicoLift] firmware capabilities: lift_velocity_v1
[LIFT] V_Compute: 28.939 V
[LIFT] V_Motors: 28.890 V
[LIFT] V_Compute: 28.937 V
[LIFT] V_Motors: 28.882 V
[PicoLift] sent 'status'
[LIFT] Upper limit: clear
[LIFT] Lower limit: clear
[LIFT] Motion: IDLE
[LIFT] Velocity: 0.00 mm/s
[LIFT] Capabilities: lift_velocity_v1
[PicoLift] firmware capabilities: lift_velocity_v1
[LIFT] V_Compute: 28.937 V
[LIFT] V_Motors: 28.882 V
[LIFT] V_Compute: 28.939 V
[LIFT] V_Motors: 28.885 V
[PicoLift] sent 'status'
[LIFT] Upper limit: clear
[LIFT] Lower limit: clear
[LIFT] Motion: IDLE
[LIFT] Velocity: 0.00 mm/s
[LIFT] Capabilities: lift_velocity_v1
[PicoLift] firmware capabilities: lift_velocity_v1
[LIFT] V_Compute: 28.941 V
[LIFT] V_Motors: 28.892 V
[LIFT] V_Compute: 28.937 V
[LIFT] V_Motors: 28.885 V
[PicoLift] sent 'status'
[LIFT] Upper limit: clear
[LIFT] Lower limit: clear
[LIFT] Motion: IDLE
[LIFT] Velocity: 0.00 mm/s
[LIFT] Capabilities: lift_velocity_v1
[PicoLift] firmware capabilities: lift_velocity_v1
[LIFT] V_Compute: 28.934 V
[LIFT] V_Motors: 28.885 V
[LIFT] V_Compute: 28.931 V
[LIFT] V_Motors: 28.888 V
[PicoLift] sent 'status'
[LIFT] Upper limit: clear
[LIFT] Lower limit: clear
[LIFT] Motion: IDLE
[LIFT] Velocity: 0.00 mm/s
[LIFT] Capabilities: lift_velocity_v1
[PicoLift] firmware capabilities: lift_velocity_v1
[LIFT] V_Compute: 28.941 V
[LIFT] V_Motors: 28.890 V
[LIFT] V_Compute: 28.936 V
[LIFT] V_Motors: 28.884 V
[PicoLift] sent 'status'
[LIFT] Upper limit: clear
[LIFT] Lower limit: clear
[LIFT] Motion: IDLE
[LIFT] Velocity: 0.00 mm/s
[LIFT] Capabilities: lift_velocity_v1
[PicoLift] firmware capabilities: lift_velocity_v1
[LIFT] V_Compute: 28.942 V
[LIFT] V_Motors: 28.886 V
[LIFT] V_Compute: 28.939 V
[LIFT] V_Motors: 28.884 V
[PicoLift] sent 'status'
[LIFT] Upper limit: clear
[LIFT] Lower limit: clear
[LIFT] Motion: IDLE
[LIFT] Velocity: 0.00 mm/s
[LIFT] Capabilities: lift_velocity_v1
[PicoLift] firmware capabilities: lift_velocity_v1
[LIFT] V_Compute: 28.937 V
[LIFT] V_Motors: 28.889 V
[LIFT] V_Compute: 28.941 V
[LIFT] V_Motors: 28.886 V
[PicoLift] sent 'status'
[LIFT] Upper limit: clear
[LIFT] Lower limit: clear
[LIFT] Motion: IDLE
[LIFT] Velocity: 0.00 mm/s
[LIFT] Capabilities: lift_velocity_v1
[PicoLift] firmware capabilities: lift_velocity_v1
[LIFT] V_Compute: 28.934 V
[LIFT] V_Motors: 28.891 V
[LIFT] V_Compute: 28.937 V
[LIFT] V_Motors: 28.886 V
[PicoLift] sent 'status'
[LIFT] Upper limit: clear
[LIFT] Lower limit: clear
[LIFT] Motion: IDLE
[LIFT] Velocity: 0.00 mm/s
[LIFT] Capabilities: lift_velocity_v1
[PicoLift] firmware capabilities: lift_velocity_v1
[LIFT] V_Compute: 28.947 V
[LIFT] V_Motors: 28.891 V
[LIFT] V_Compute: 28.937 V
[LIFT] V_Motors: 28.891 V
[PicoLift] sent 'status'
[LIFT] Upper limit: clear
[LIFT] Lower limit: clear
[LIFT] Motion: IDLE
[LIFT] Velocity: 0.00 mm/s
[LIFT] Capabilities: lift_velocity_v1
[PicoLift] firmware capabilities: lift_velocity_v1
[LIFT] V_Compute: 28.940 V
[LIFT] V_Motors: 28.889 V
[LIFT] V_Compute: 28.936 V
[LIFT] V_Motors: 28.885 V
[PicoLift] sent 'status'
[LIFT] Upper limit: clear
[LIFT] Lower limit: clear
[LIFT] Motion: IDLE
[LIFT] Velocity: 0.00 mm/s
[LIFT] Capabilities: lift_velocity_v1
[PicoLift] firmware capabilities: lift_velocity_v1
[LIFT] V_Compute: 28.936 V
[LIFT] V_Motors: 28.886 V
[LIFT] V_Compute: 28.944 V
[LIFT] V_Motors: 28.888 V
[PicoLift] sent 'status'
[LIFT] Upper limit: clear
[LIFT] Lower limit: clear
[LIFT] Motion: IDLE
[LIFT] Velocity: 0.00 mm/s
[LIFT] Capabilities: lift_velocity_v1
[PicoLift] firmware capabilities: lift_velocity_v1
[LIFT] V_Compute: 28.935 V
[LIFT] V_Motors: 28.885 V
[LIFT] V_Compute: 28.933 V
[LIFT] V_Motors: 28.885 V
[PicoLift] sent 'status'
[LIFT] Upper limit: clear
[LIFT] Lower limit: clear
[LIFT] Motion: IDLE
[LIFT] Velocity: 0.00 mm/s
[LIFT] Capabilities: lift_velocity_v1
[PicoLift] firmware capabilities: lift_velocity_v1
[LIFT] V_Compute: 28.940 V
[LIFT] V_Motors: 28.889 V
[LIFT] V_Compute: 28.936 V
[LIFT] V_Motors: 28.880 V
[PicoLift] sent 'status'
[LIFT] Upper limit: clear
[LIFT] Lower limit: clear
[LIFT] Motion: IDLE
[LIFT] Velocity: 0.00 mm/s
[LIFT] Capabilities: lift_velocity_v1
[PicoLift] firmware capabilities: lift_velocity_v1
[LIFT] V_Compute: 28.933 V
[LIFT] V_Motors: 28.881 V
[LIFT] V_Compute: 28.936 V
[LIFT] V_Motors: 28.884 V
[PicoLift] sent 'status'
[LIFT] V_Compute: 28.934 V
[LIFT] V_Motors: 28.880 V
[LIFT] Upper limit: clear
[LIFT] Lower limit: clear
[LIFT] Motion: IDLE
[LIFT] Velocity: 0.00 mm/s
[LIFT] Capabilities: lift_velocity_v1
[PicoLift] firmware capabilities: lift_velocity_v1
[LIFT] V_Compute: 28.941 V
[LIFT] V_Motors: 28.881 V
[LIFT] V_Compute: 28.942 V
[LIFT] V_Motors: 28.888 V
[PicoLift] sent 'status'
[LIFT] Upper limit: clear
[LIFT] Lower limit: clear
[LIFT] Motion: IDLE
[LIFT] Velocity: 0.00 mm/s
[LIFT] Capabilities: lift_velocity_v1
[PicoLift] firmware capabilities: lift_velocity_v1
[LIFT] V_Compute: 28.937 V
[LIFT] V_Motors: 28.894 V
[LIFT] V_Compute: 28.940 V
[LIFT] V_Motors: 28.885 V
[PicoLift] sent 'status'
[LIFT] Upper limit: clear
[LIFT] Lower limit: clear
[LIFT] Motion: IDLE
[LIFT] Velocity: 0.00 mm/s
[LIFT] Capabilities: lift_velocity_v1
[PicoLift] firmware capabilities: lift_velocity_v1
[LIFT] V_Compute: 28.939 V
[LIFT] V_Motors: 28.888 V
[LIFT] V_Compute: 28.936 V
[LIFT] V_Motors: 28.884 V
[PicoLift] sent 'status'
[LIFT] Upper limit: clear
[LIFT] Lower limit: clear
[LIFT] Motion: IDLE
[LIFT] Velocity: 0.00 mm/s
[LIFT] Capabilities: lift_velocity_v1
[PicoLift] firmware capabilities: lift_velocity_v1
SLAM pose subscriber initialized
[YOR] follow_path: cleared
[LIFT] V_Compute: 28.936 V
[LIFT] V_Motors: 28.894 V
[LIFT] V_Compute: 28.937 V
[LIFT] V_Motors: 28.890 V
[LIFT] V_Compute: 28.937 V
[LIFT] V_Motors: 28.892 V
[LIFT] V_Compute: 28.944 V
[LIFT] V_Motors: 28.894 V
[LIFT] V_Compute: 28.936 V
[LIFT] V_Motors: 28.897 V
[LIFT] V_Compute: 28.939 V
[LIFT] V_Motors: 28.890 V
[LIFT] V_Compute: 28.939 V
[LIFT] V_Motors: 28.894 V
[LIFT] V_Compute: 28.945 V
[LIFT] V_Motors: 28.899 V
[LIFT] V_Compute: 28.911 V
[LIFT] V_Motors: 28.878 V
[LIFT] V_Compute: 28.930 V
[LIFT] V_Motors: 28.892 V
[LIFT] V_Compute: 28.944 V
[LIFT] V_Motors: 28.895 V
[LIFT] V_Compute: 28.947 V
[LIFT] V_Motors: 28.900 V
[LIFT] V_Compute: 28.941 V
[LIFT] V_Motors: 28.899 V
[LIFT] V_Compute: 28.940 V
[LIFT] V_Motors: 28.895 V
[LIFT] V_Compute: 28.947 V
[LIFT] V_Motors: 28.891 V
[LIFT] V_Compute: 28.947 V
[LIFT] V_Motors: 28.895 V
[LIFT] V_Compute: 28.935 V
[LIFT] V_Motors: 28.888 V
[LIFT] V_Compute: 28.937 V
[LIFT] V_Motors: 28.897 V
[LIFT] V_Compute: 28.947 V
[LIFT] V_Motors: 28.899 V
[LIFT] V_Compute: 28.939 V
[LIFT] V_Motors: 28.896 V
[LIFT] V_Compute: 28.944 V
[LIFT] V_Motors: 28.899 V
[LIFT] V_Compute: 28.935 V
[LIFT] V_Motors: 28.897 V
[LIFT] V_Compute: 28.944 V
[LIFT] V_Motors: 28.897 V
[LIFT] V_Compute: 28.954 V
[LIFT] V_Motors: 28.900 V
[LIFT] V_Compute: 28.940 V
[LIFT] V_Motors: 28.897 V
[LIFT] V_Compute: 28.947 V
[LIFT] V_Motors: 28.896 V
[LIFT] V_Compute: 28.939 V
[LIFT] V_Motors: 28.897 V
[LIFT] V_Compute: 28.945 V
[LIFT] V_Motors: 28.899 V
[LIFT] V_Compute: 28.947 V
[LIFT] V_Motors: 28.896 V
[LIFT] V_Compute: 28.951 V
[LIFT] V_Motors: 28.895 V
[LIFT] V_Compute: 28.939 V
[LIFT] V_Motors: 28.894 V
[LIFT] V_Compute: 28.942 V
[LIFT] V_Motors: 28.892 V
[LIFT] V_Compute: 28.944 V
[LIFT] V_Motors: 28.895 V
[LIFT] V_Compute: 28.947 V
[LIFT] V_Motors: 28.892 V
[LIFT] V_Compute: 28.937 V
[LIFT] V_Motors: 28.890 V
[LIFT] V_Compute: 28.940 V
[LIFT] V_Motors: 28.902 V
[LIFT] V_Compute: 28.946 V
[LIFT] V_Motors: 28.900 V
[LIFT] V_Compute: 28.951 V
[LIFT] V_Motors: 28.902 V
[LIFT] V_Compute: 28.942 V
[LIFT] V_Motors: 28.895 V
[LIFT] V_Compute: 28.941 V
[LIFT] V_Motors: 28.899 V
[LIFT] V_Compute: 28.947 V
[LIFT] V_Motors: 28.900 V
[LIFT] V_Compute: 28.942 V
[LIFT] V_Motors: 28.896 V
[LIFT] V_Compute: 28.937 V
[LIFT] V_Motors: 28.894 V
[LIFT] V_Compute: 28.939 V
[LIFT] V_Motors: 28.896 V
[LIFT] V_Compute: 28.950 V
[LIFT] V_Motors: 28.899 V
[LIFT] V_Compute: 28.936 V
[LIFT] V_Motors: 28.888 V
[LIFT] V_Compute: 28.941 V
[LIFT] V_Motors: 28.890 V
[LIFT] V_Compute: 28.946 V
[LIFT] V_Motors: 28.897 V
[LIFT] V_Compute: 28.942 V
[LIFT] V_Motors: 28.894 V
[LIFT] V_Compute: 28.939 V
[LIFT] V_Motors: 28.899 V
[LIFT] V_Compute: 28.934 V
[LIFT] V_Motors: 28.892 V
[LIFT] V_Compute: 28.945 V
[LIFT] V_Motors: 28.901 V
[LIFT] V_Compute: 28.940 V
[LIFT] V_Motors: 28.899 V
[LIFT] V_Compute: 28.946 V
[LIFT] V_Motors: 28.895 V
[LIFT] V_Compute: 28.946 V
[LIFT] V_Motors: 28.897 V
[LIFT] V_Compute: 28.950 V
[LIFT] V_Motors: 28.896 V
[LIFT] V_Compute: 28.946 V
[LIFT] V_Motors: 28.894 V
[LIFT] V_Compute: 28.947 V
[LIFT] V_Motors: 28.896 V
[LIFT] V_Compute: 28.945 V
[LIFT] V_Motors: 28.892 V
[LIFT] V_Compute: 28.946 V
[LIFT] V_Motors: 28.894 V
[LIFT] V_Compute: 28.949 V
[LIFT] V_Motors: 28.900 V
[LIFT] V_Compute: 28.947 V
[LIFT] V_Motors: 28.899 V
[LIFT] V_Compute: 28.949 V
[LIFT] V_Motors: 28.892 V
[LIFT] V_Compute: 28.946 V
[LIFT] V_Motors: 28.897 V
[LIFT] V_Compute: 28.936 V
[LIFT] V_Motors: 28.896 V
[LIFT] V_Compute: 28.950 V
[LIFT] V_Motors: 28.896 V
[LIFT] V_Compute: 28.945 V
[LIFT] V_Motors: 28.894 V
[LIFT] V_Compute: 28.944 V
[LIFT] V_Motors: 28.896 V
[LIFT] V_Compute: 28.946 V
[LIFT] V_Motors: 28.895 V
[LIFT] V_Compute: 28.949 V
[LIFT] V_Motors: 28.900 V
[LIFT] V_Compute: 28.919 V
[LIFT] V_Motors: 28.880 V
[LIFT] V_Compute: 28.940 V
[LIFT] V_Motors: 28.894 V
[LIFT] V_Compute: 28.937 V
[LIFT] V_Motors: 28.896 V
[LIFT] V_Compute: 28.946 V
[LIFT] V_Motors: 28.896 V
[LIFT] V_Compute: 28.947 V
[LIFT] V_Motors: 28.888 V
[LIFT] V_Compute: 28.942 V
[LIFT] V_Motors: 28.884 V
[LIFT] V_Compute: 28.941 V
[LIFT] V_Motors: 28.886 V
[LIFT] V_Compute: 28.937 V
[LIFT] V_Motors: 28.891 V
[LIFT] V_Compute: 28.934 V
[LIFT] V_Motors: 28.884 V
[LIFT] V_Compute: 28.936 V
[LIFT] V_Motors: 28.888 V
[LIFT] V_Compute: 28.939 V
[LIFT] V_Motors: 28.889 V
[LIFT] V_Compute: 28.937 V
[LIFT] V_Motors: 28.886 V
[LIFT] V_Compute: 28.931 V
[LIFT] V_Motors: 28.886 V
[LIFT] V_Compute: 28.937 V
[LIFT] V_Motors: 28.888 V
[LIFT] V_Compute: 28.939 V
[LIFT] V_Motors: 28.889 V
[LIFT] V_Compute: 28.937 V
[LIFT] V_Motors: 28.889 V
[LIFT] V_Compute: 28.934 V
[LIFT] V_Motors: 28.885 V
[LIFT] V_Compute: 28.937 V
[LIFT] V_Motors: 28.886 V
[LIFT] V_Compute: 28.936 V
[LIFT] V_Motors: 28.889 V
[LIFT] V_Compute: 28.936 V
[LIFT] V_Motors: 28.881 V
[LIFT] V_Compute: 28.936 V
[LIFT] V_Motors: 28.885 V
[LIFT] V_Compute: 28.934 V
[LIFT] V_Motors: 28.888 V
[LIFT] V_Compute: 28.931 V
[LIFT] V_Motors: 28.885 V
[LIFT] V_Compute: 28.936 V
[LIFT] V_Motors: 28.885 V
[LIFT] V_Compute: 28.936 V
[LIFT] V_Motors: 28.889 V
[LIFT] V_Compute: 28.926 V
[LIFT] V_Motors: 28.878 V
[LIFT] V_Compute: 28.934 V
[LIFT] V_Motors: 28.886 V
[LIFT] V_Compute: 28.944 V
[LIFT] V_Motors: 28.884 V
[LIFT] V_Compute: 28.935 V
[LIFT] V_Motors: 28.885 V
[LIFT] V_Compute: 28.934 V
[LIFT] V_Motors: 28.885 V
[LIFT] V_Compute: 28.937 V
[LIFT] V_Motors: 28.881 V
[LIFT] V_Compute: 28.933 V
[LIFT] V_Motors: 28.885 V
[LIFT] V_Compute: 28.940 V
[LIFT] V_Motors: 28.886 V
[LIFT] V_Compute: 28.935 V
[LIFT] V_Motors: 28.884 V
[LIFT] V_Compute: 28.936 V
[LIFT] V_Motors: 28.889 V
[LIFT] V_Compute: 28.937 V
[LIFT] V_Motors: 28.882 V
[LIFT] V_Compute: 28.933 V
[LIFT] V_Motors: 28.885 V
[LIFT] V_Compute: 28.936 V
[LIFT] V_Motors: 28.884 V
[LIFT] V_Compute: 28.936 V
[LIFT] V_Motors: 28.882 V
[LIFT] V_Compute: 28.935 V
[LIFT] V_Motors: 28.885 V
[LIFT] V_Compute: 28.936 V
[LIFT] V_Motors: 28.884 V
[LIFT] V_Compute: 28.939 V
[LIFT] V_Motors: 28.880 V
[LIFT] V_Compute: 28.930 V
[LIFT] V_Motors: 28.882 V
[LIFT] V_Compute: 28.935 V
[LIFT] V_Motors: 28.884 V
[LIFT] V_Compute: 28.935 V
[LIFT] V_Motors: 28.882 V
[LIFT] V_Compute: 28.931 V
[LIFT] V_Motors: 28.876 V
[LIFT] V_Compute: 28.931 V
[LIFT] V_Motors: 28.876 V
[LIFT] V_Compute: 28.931 V
[LIFT] V_Motors: 28.880 V
[LIFT] V_Compute: 28.935 V
[LIFT] V_Motors: 28.884 V
[LIFT] V_Compute: 28.934 V
[LIFT] V_Motors: 28.884 V
[LIFT] V_Compute: 28.934 V
[LIFT] V_Motors: 28.888 V
[LIFT] V_Compute: 28.934 V
[LIFT] V_Motors: 28.890 V
[YOR] follow_path: n=21 first=(-0.013700002431869529, 0.01570000648498482) last=(4.236299997568131, -0.5842999935150148)
[LIFT] V_Compute: 28.937 V
[LIFT] V_Motors: 28.836 V
[LIFT] V_Compute: 28.939 V
[LIFT] V_Motors: 28.854 V
[LIFT] V_Compute: 28.931 V
[LIFT] V_Motors: 28.847 V
[LIFT] V_Compute: 28.926 V
[LIFT] V_Motors: 28.845 V
[LIFT] V_Compute: 28.935 V
[LIFT] V_Motors: 28.840 V
[LIFT] V_Compute: 28.944 V
[LIFT] V_Motors: 28.847 V
[LIFT] V_Compute: 28.937 V
[LIFT] V_Motors: 28.843 V
[LIFT] V_Compute: 28.934 V
[LIFT] V_Motors: 28.844 V
[LIFT] V_Compute: 28.939 V
[LIFT] V_Motors: 28.846 V
[LIFT] V_Compute: 28.936 V
[LIFT] V_Motors: 28.829 V
[LIFT] V_Compute: 28.934 V
[LIFT] V_Motors: 28.840 V
[LIFT] V_Compute: 28.935 V
[LIFT] V_Motors: 28.821 V
[LIFT] V_Compute: 28.933 V
[LIFT] V_Motors: 28.830 V
[LIFT] V_Compute: 28.935 V
[LIFT] V_Motors: 28.850 V
[LIFT] V_Compute: 28.937 V
[LIFT] V_Motors: 28.820 V
[LIFT] V_Compute: 28.935 V
[LIFT] V_Motors: 28.847 V
[LIFT] V_Compute: 28.927 V
[LIFT] V_Motors: 28.815 V
[LIFT] V_Compute: 28.927 V
[LIFT] V_Motors: 28.791 V
[LIFT] V_Compute: 28.930 V
[LIFT] V_Motors: 28.819 V
[LIFT] V_Compute: 28.935 V
[LIFT] V_Motors: 28.811 V
[LIFT] V_Compute: 28.935 V
[LIFT] V_Motors: 28.829 V
[LIFT] V_Compute: 28.930 V
[LIFT] V_Motors: 28.820 V
[LIFT] V_Compute: 28.934 V
[LIFT] V_Motors: 28.810 V
[LIFT] V_Compute: 28.934 V
[LIFT] V_Motors: 28.819 V
[LIFT] V_Compute: 28.935 V
[LIFT] V_Motors: 28.799 V
[LIFT] V_Compute: 28.924 V
[LIFT] V_Motors: 28.819 V
[LIFT] V_Compute: 28.925 V
[LIFT] V_Motors: 28.824 V
[LIFT] V_Compute: 28.934 V
[LIFT] V_Motors: 28.815 V
[LIFT] V_Compute: 28.934 V
[LIFT] V_Motors: 28.829 V
[LIFT] V_Compute: 28.931 V
[LIFT] V_Motors: 28.809 V
[LIFT] V_Compute: 28.933 V
[LIFT] V_Motors: 28.836 V
[LIFT] V_Compute: 28.931 V
[LIFT] V_Motors: 28.833 V
[LIFT] V_Compute: 28.933 V
[LIFT] V_Motors: 28.870 V
[LIFT] V_Compute: 28.934 V
[LIFT] V_Motors: 28.868 V
[LIFT] V_Compute: 28.937 V
[LIFT] V_Motors: 28.872 V
[LIFT] V_Compute: 28.935 V
[LIFT] V_Motors: 28.870 V
[LIFT] V_Compute: 28.939 V
[LIFT] V_Motors: 28.871 V
[LIFT] V_Compute: 28.931 V
[LIFT] V_Motors: 28.870 V
[LIFT] V_Compute: 28.934 V
[LIFT] V_Motors: 28.878 V
[LIFT] V_Compute: 28.936 V
[LIFT] V_Motors: 28.876 V
[LIFT] V_Compute: 28.923 V
[LIFT] V_Motors: 28.865 V
[LIFT] V_Compute: 28.936 V
[LIFT] V_Motors: 28.874 V
[LIFT] V_Compute: 28.930 V
[LIFT] V_Motors: 28.876 V
[LIFT] V_Compute: 28.934 V
[LIFT] V_Motors: 28.876 V
[LIFT] V_Compute: 28.933 V
[LIFT] V_Motors: 28.872 V
[LIFT] V_Compute: 28.931 V
[LIFT] V_Motors: 28.869 V
[LIFT] V_Compute: 28.933 V
[LIFT] V_Motors: 28.872 V
[LIFT] V_Compute: 28.935 V
[LIFT] V_Motors: 28.875 V
[LIFT] V_Compute: 28.931 V
[LIFT] V_Motors: 28.872 V
[LIFT] V_Compute: 28.931 V
[LIFT] V_Motors: 28.870 V
[LIFT] V_Compute: 28.930 V
[LIFT] V_Motors: 28.871 V
[LIFT] V_Compute: 28.924 V
[LIFT] V_Motors: 28.872 V
[LIFT] V_Compute: 28.926 V
[LIFT] V_Motors: 28.871 V
[LIFT] V_Compute: 28.930 V
[LIFT] V_Motors: 28.878 V
[LIFT] V_Compute: 28.931 V
[LIFT] V_Motors: 28.872 V
[LIFT] V_Compute: 28.934 V
[LIFT] V_Motors: 28.879 V
[LIFT] V_Compute: 28.931 V
[LIFT] V_Motors: 28.880 V
[LIFT] V_Compute: 28.930 V
[LIFT] V_Motors: 28.871 V
[LIFT] V_Compute: 28.936 V
[LIFT] V_Motors: 28.876 V
[LIFT] V_Compute: 28.934 V
[LIFT] V_Motors: 28.878 V
[YOR] follow_path: cleared
[LIFT] V_Compute: 28.933 V
[LIFT] V_Motors: 28.878 V
[LIFT] V_Compute: 28.926 V
[LIFT] V_Motors: 28.874 V
[YOR] follow_path: n=21 first=(4.186299997568131, -0.5762001991271974) last=(-0.013700002431869529, 0.0237998008728022)
[LIFT] V_Compute: 28.921 V
[LIFT] V_Motors: 28.831 V
[LIFT] V_Compute: 28.925 V
[LIFT] V_Motors: 28.845 V
[LIFT] V_Compute: 28.924 V
[LIFT] V_Motors: 28.846 V
[LIFT] V_Compute: 28.919 V
[LIFT] V_Motors: 28.839 V
[LIFT] V_Compute: 28.921 V
[LIFT] V_Motors: 28.849 V
[LIFT] V_Compute: 28.929 V
[LIFT] V_Motors: 28.853 V
[LIFT] V_Compute: 28.927 V
[LIFT] V_Motors: 28.869 V
[LIFT] V_Compute: 28.929 V
[LIFT] V_Motors: 28.755 V
[LIFT] V_Compute: 28.931 V
[LIFT] V_Motors: 28.820 V
[LIFT] V_Compute: 28.935 V
[LIFT] V_Motors: 28.847 V
[LIFT] V_Compute: 28.929 V
[LIFT] V_Motors: 28.830 V
[LIFT] V_Compute: 28.931 V
[LIFT] V_Motors: 28.833 V
[LIFT] V_Compute: 28.931 V
[LIFT] V_Motors: 28.833 V
[LIFT] V_Compute: 28.926 V
[LIFT] V_Motors: 28.816 V
[LIFT] V_Compute: 28.931 V
[LIFT] V_Motors: 28.835 V
[LIFT] V_Compute: 28.933 V
[LIFT] V_Motors: 28.836 V
[LIFT] V_Compute: 28.923 V
[LIFT] V_Motors: 28.841 V
[LIFT] V_Compute: 28.929 V
[LIFT] V_Motors: 28.833 V
[LIFT] V_Compute: 28.934 V
[LIFT] V_Motors: 28.845 V
[LIFT] V_Compute: 28.931 V
[LIFT] V_Motors: 28.814 V
[LIFT] V_Compute: 28.900 V
[LIFT] V_Motors: 28.796 V
[LIFT] V_Compute: 28.931 V
[LIFT] V_Motors: 28.810 V
[LIFT] V_Compute: 28.929 V
[LIFT] V_Motors: 28.824 V
[LIFT] V_Compute: 28.933 V
[LIFT] V_Motors: 28.816 V
[LIFT] V_Compute: 28.926 V
[LIFT] V_Motors: 28.809 V
[LIFT] V_Compute: 28.926 V
[LIFT] V_Motors: 28.853 V
[LIFT] V_Compute: 28.926 V
[LIFT] V_Motors: 28.816 V
[LIFT] V_Compute: 28.921 V
[LIFT] V_Motors: 28.824 V
[LIFT] V_Compute: 28.927 V
[LIFT] V_Motors: 28.801 V
[LIFT] V_Compute: 28.924 V
[LIFT] V_Motors: 28.805 V
[LIFT] V_Compute: 28.929 V
[LIFT] V_Motors: 28.781 V
[LIFT] V_Compute: 28.935 V
[LIFT] V_Motors: 28.840 V
[LIFT] V_Compute: 28.935 V
[LIFT] V_Motors: 28.843 V
[LIFT] V_Compute: 28.921 V
[LIFT] V_Motors: 28.837 V
[LIFT] V_Compute: 28.929 V
[LIFT] V_Motors: 28.835 V
[LIFT] V_Compute: 28.923 V
[LIFT] V_Motors: 28.833 V
[LIFT] V_Compute: 28.920 V
[LIFT] V_Motors: 28.855 V
[LIFT] V_Compute: 28.926 V
[LIFT] V_Motors: 28.822 V
[LIFT] V_Compute: 28.930 V
[LIFT] V_Motors: 28.820 V
[LIFT] V_Compute: 28.925 V
[LIFT] V_Motors: 28.831 V
[LIFT] V_Compute: 28.930 V
[LIFT] V_Motors: 28.806 V
[LIFT] V_Compute: 28.913 V
[LIFT] V_Motors: 28.846 V
[YOR] follow_path: cleared
[LIFT] V_Compute: 28.934 V
[LIFT] V_Motors: 28.866 V
[LIFT] V_Compute: 28.933 V
[LIFT] V_Motors: 28.862 V
[LIFT] V_Compute: 28.934 V
[LIFT] V_Motors: 28.866 V
[LIFT] V_Compute: 28.936 V
[LIFT] V_Motors: 28.871 V
[LIFT] V_Compute: 28.935 V
[LIFT] V_Motors: 28.868 V
[LIFT] V_Compute: 28.931 V
[LIFT] V_Motors: 28.866 V
[LIFT] V_Compute: 28.925 V
[LIFT] V_Motors: 28.869 V
[LIFT] V_Compute: 28.926 V
[LIFT] V_Motors: 28.869 V
[LIFT] V_Compute: 28.921 V
[LIFT] V_Motors: 28.866 V
[LIFT] V_Compute: 28.923 V
[LIFT] V_Motors: 28.869 V
[LIFT] V_Compute: 28.921 V
[LIFT] V_Motors: 28.869 V
[LIFT] V_Compute: 28.929 V
[LIFT] V_Motors: 28.865 V
[LIFT] V_Compute: 28.925 V
[LIFT] V_Motors: 28.866 V
[LIFT] V_Compute: 28.927 V
[LIFT] V_Motors: 28.865 V
[LIFT] V_Compute: 28.929 V
[LIFT] V_Motors: 28.871 V
[YOR] follow_path: cleared
[LIFT] V_Compute: 28.933 V
[LIFT] V_Motors: 28.870 V
[LIFT] V_Compute: 28.934 V
[LIFT] V_Motors: 28.872 V
[LIFT] V_Compute: 28.934 V
[LIFT] V_Motors: 28.878 V
[LIFT] V_Compute: 28.936 V
[LIFT] V_Motors: 28.875 V
[LIFT] V_Compute: 28.931 V
[LIFT] V_Motors: 28.879 V
[LIFT] V_Compute: 28.914 V
[LIFT] V_Motors: 28.872 V
[LIFT] V_Compute: 28.933 V
[LIFT] V_Motors: 28.878 V
[LIFT] V_Compute: 28.931 V
[LIFT] V_Motors: 28.874 V
[LIFT] V_Compute: 28.935 V
[LIFT] V_Motors: 28.882 V
[LIFT] V_Compute: 28.915 V
[LIFT] V_Motors: 28.875 V
[LIFT] V_Compute: 28.934 V
[LIFT] V_Motors: 28.882 V
[LIFT] V_Compute: 28.935 V
[LIFT] V_Motors: 28.876 V
[LIFT] V_Compute: 28.935 V
[LIFT] V_Motors: 28.878 V
[LIFT] V_Compute: 28.939 V
[LIFT] V_Motors: 28.876 V
[LIFT] V_Compute: 28.937 V
[LIFT] V_Motors: 28.881 V
[LIFT] V_Compute: 28.944 V
[LIFT] V_Motors: 28.881 V
[LIFT] V_Compute: 28.937 V
[LIFT] V_Motors: 28.884 V
[LIFT] V_Compute: 28.939 V
[LIFT] V_Motors: 28.886 V
[LIFT] V_Compute: 28.935 V
[LIFT] V_Motors: 28.885 V
[LIFT] V_Compute: 28.936 V
[LIFT] V_Motors: 28.880 V
[LIFT] V_Compute: 28.935 V
[LIFT] V_Motors: 28.879 V
[LIFT] V_Compute: 28.929 V
[LIFT] V_Motors: 28.881 V
[LIFT] V_Compute: 28.936 V
[LIFT] V_Motors: 28.884 V
[LIFT] V_Compute: 28.944 V
[LIFT] V_Motors: 28.881 V
[LIFT] V_Compute: 28.942 V
[LIFT] V_Motors: 28.884 V
[LIFT] V_Compute: 28.941 V
[LIFT] V_Motors: 28.885 V
[LIFT] V_Compute: 28.916 V
[LIFT] V_Motors: 28.868 V
[LIFT] V_Compute: 28.937 V
[LIFT] V_Motors: 28.880 V
[LIFT] V_Compute: 28.942 V
[LIFT] V_Motors: 28.884 V
[LIFT] V_Compute: 28.937 V
[LIFT] V_Motors: 28.882 V
[LIFT] V_Compute: 28.924 V
[LIFT] V_Motors: 28.876 V
[LIFT] V_Compute: 28.931 V
[LIFT] V_Motors: 28.884 V
[LIFT] V_Compute: 28.939 V
[LIFT] V_Motors: 28.879 V
[LIFT] V_Compute: 28.933 V
[LIFT] V_Motors: 28.882 V
[LIFT] V_Compute: 28.931 V
[LIFT] V_Motors: 28.884 V
[LIFT] V_Compute: 28.937 V
[LIFT] V_Motors: 28.881 V
[LIFT] V_Compute: 28.935 V
[LIFT] V_Motors: 28.888 V
[LIFT] V_Compute: 28.936 V
[LIFT] V_Motors: 28.885 V
[LIFT] V_Compute: 28.939 V
[LIFT] V_Motors: 28.880 V
[LIFT] V_Compute: 28.937 V
[LIFT] V_Motors: 28.885 V
[LIFT] V_Compute: 28.935 V
[LIFT] V_Motors: 28.878 V
[LIFT] V_Compute: 28.937 V
[LIFT] V_Motors: 28.882 V
[LIFT] V_Compute: 28.927 V
[LIFT] V_Motors: 28.870 V
[LIFT] V_Compute: 28.936 V
[LIFT] V_Motors: 28.882 V
[LIFT] V_Compute: 28.941 V
[LIFT] V_Motors: 28.882 V
[LIFT] V_Compute: 28.940 V
[LIFT] V_Motors: 28.884 V
[LIFT] V_Compute: 28.929 V
[LIFT] V_Motors: 28.871 V
[LIFT] V_Compute: 28.937 V
[LIFT] V_Motors: 28.882 V
[LIFT] V_Compute: 28.935 V
[LIFT] V_Motors: 28.879 V
[LIFT] V_Compute: 28.925 V
[LIFT] V_Motors: 28.871 V
[LIFT] V_Compute: 28.933 V
[LIFT] V_Motors: 28.880 V
[LIFT] V_Compute: 28.939 V
[LIFT] V_Motors: 28.884 V
[LIFT] V_Compute: 28.926 V
[LIFT] V_Motors: 28.880 V
[LIFT] V_Compute: 28.935 V
[LIFT] V_Motors: 28.876 V
[LIFT] V_Compute: 28.941 V
[LIFT] V_Motors: 28.879 V
[LIFT] V_Compute: 28.926 V
[LIFT] V_Motors: 28.870 V
[LIFT] V_Compute: 28.935 V
[LIFT] V_Motors: 28.886 V
[LIFT] V_Compute: 28.926 V
[LIFT] V_Motors: 28.881 V
[LIFT] V_Compute: 28.930 V
[LIFT] V_Motors: 28.881 V
[LIFT] V_Compute: 28.937 V
[LIFT] V_Motors: 28.885 V
[LIFT] V_Compute: 28.940 V
[LIFT] V_Motors: 28.881 V
[LIFT] V_Compute: 28.936 V
[LIFT] V_Motors: 28.885 V
[LIFT] V_Compute: 28.941 V
[LIFT] V_Motors: 28.886 V
[LIFT] V_Compute: 28.941 V
[LIFT] V_Motors: 28.882 V
[LIFT] V_Compute: 28.940 V
[LIFT] V_Motors: 28.879 V
[LIFT] V_Compute: 28.934 V
[LIFT] V_Motors: 28.885 V
[LIFT] V_Compute: 28.935 V
[LIFT] V_Motors: 28.888 V
[LIFT] V_Compute: 28.940 V
[LIFT] V_Motors: 28.888 V
[LIFT] V_Compute: 28.939 V
[LIFT] V_Motors: 28.889 V
[LIFT] V_Compute: 28.937 V
[LIFT] V_Motors: 28.884 V
[LIFT] V_Compute: 28.937 V
[LIFT] V_Motors: 28.881 V
[LIFT] V_Compute: 28.931 V
[LIFT] V_Motors: 28.880 V
[LIFT] V_Compute: 28.937 V
[LIFT] V_Motors: 28.880 V
[LIFT] V_Compute: 28.936 V
[LIFT] V_Motors: 28.881 V
[LIFT] V_Compute: 28.940 V
[LIFT] V_Motors: 28.881 V
[LIFT] V_Compute: 28.933 V
[LIFT] V_Motors: 28.880 V
[LIFT] V_Compute: 28.931 V
[LIFT] V_Motors: 28.879 V
[LIFT] V_Compute: 28.933 V
[LIFT] V_Motors: 28.881 V
[LIFT] V_Compute: 28.937 V
[LIFT] V_Motors: 28.881 V
[LIFT] V_Compute: 28.937 V
[LIFT] V_Motors: 28.884 V
[LIFT] V_Compute: 28.936 V
[LIFT] V_Motors: 28.881 V
[LIFT] V_Compute: 28.939 V
[LIFT] V_Motors: 28.881 V
[LIFT] V_Compute: 28.934 V
[LIFT] V_Motors: 28.882 V
[LIFT] V_Compute: 28.940 V
[LIFT] V_Motors: 28.881 V
[LIFT] V_Compute: 28.935 V
[LIFT] V_Motors: 28.879 V
[LIFT] V_Compute: 28.937 V
[LIFT] V_Motors: 28.881 V
[LIFT] V_Compute: 28.936 V
[LIFT] V_Motors: 28.882 V
[LIFT] V_Compute: 28.940 V
[LIFT] V_Motors: 28.885 V
[LIFT] V_Compute: 28.939 V
[LIFT] V_Motors: 28.882 V
[LIFT] V_Compute: 28.934 V
[LIFT] V_Motors: 28.879 V
[LIFT] V_Compute: 28.934 V
[LIFT] V_Motors: 28.881 V
[LIFT] V_Compute: 28.940 V
[LIFT] V_Motors: 28.884 V
[LIFT] V_Compute: 28.936 V
[LIFT] V_Motors: 28.881 V
[LIFT] V_Compute: 28.934 V
[LIFT] V_Motors: 28.885 V
[LIFT] V_Compute: 28.936 V
[LIFT] V_Motors: 28.880 V
[LIFT] V_Compute: 28.934 V
[LIFT] V_Motors: 28.879 V
[LIFT] V_Compute: 28.934 V
[LIFT] V_Motors: 28.888 V
[LIFT] V_Compute: 28.940 V
[LIFT] V_Motors: 28.882 V
[LIFT] V_Compute: 28.931 V
[LIFT] V_Motors: 28.885 V
[LIFT] V_Compute: 28.937 V
[LIFT] V_Motors: 28.885 V
[LIFT] V_Compute: 28.937 V
[LIFT] V_Motors: 28.881 V
[LIFT] V_Compute: 28.939 V
[LIFT] V_Motors: 28.879 V
[LIFT] V_Compute: 28.934 V
[LIFT] V_Motors: 28.885 V
[LIFT] V_Compute: 28.935 V
[LIFT] V_Motors: 28.880 V
[LIFT] V_Compute: 28.937 V
[LIFT] V_Motors: 28.884 V
[LIFT] V_Compute: 28.940 V
[LIFT] V_Motors: 28.888 V
[LIFT] V_Compute: 28.937 V
[LIFT] V_Motors: 28.885 V
[LIFT] V_Compute: 28.936 V
[LIFT] V_Motors: 28.884 V
[LIFT] V_Compute: 28.941 V
[LIFT] V_Motors: 28.886 V
[LIFT] V_Compute: 28.930 V
[LIFT] V_Motors: 28.881 V
[LIFT] V_Compute: 28.940 V
[LIFT] V_Motors: 28.884 V
[LIFT] V_Compute: 28.934 V
[LIFT] V_Motors: 28.882 V
[LIFT] V_Compute: 28.927 V
[LIFT] V_Motors: 28.880 V
[LIFT] V_Compute: 28.934 V
[LIFT] V_Motors: 28.884 V
[LIFT] V_Compute: 28.933 V
[LIFT] V_Motors: 28.884 V
[LIFT] V_Compute: 28.939 V
[LIFT] V_Motors: 28.885 V
[LIFT] V_Compute: 28.936 V
[LIFT] V_Motors: 28.878 V
[LIFT] V_Compute: 28.936 V
[LIFT] V_Motors: 28.884 V
[LIFT] V_Compute: 28.935 V
[LIFT] V_Motors: 28.879 V
[LIFT] V_Compute: 28.936 V
[LIFT] V_Motors: 28.882 V
[LIFT] V_Compute: 28.944 V
[LIFT] V_Motors: 28.884 V
[LIFT] V_Compute: 28.935 V
[LIFT] V_Motors: 28.884 V
[LIFT] V_Compute: 28.944 V
[LIFT] V_Motors: 28.882 V
[LIFT] V_Compute: 28.933 V
[LIFT] V_Motors: 28.889 V
[LIFT] V_Compute: 28.940 V
[LIFT] V_Motors: 28.889 V
[LIFT] V_Compute: 28.934 V
[LIFT] V_Motors: 28.889 V
[LIFT] V_Compute: 28.935 V
[LIFT] V_Motors: 28.881 V
[LIFT] V_Compute: 28.939 V
[LIFT] V_Motors: 28.885 V
[LIFT] V_Compute: 28.937 V
[LIFT] V_Motors: 28.881 V
[LIFT] V_Compute: 28.936 V
[LIFT] V_Motors: 28.886 V
[LIFT] V_Compute: 28.929 V
[LIFT] V_Motors: 28.881 V
[LIFT] V_Compute: 28.941 V
[LIFT] V_Motors: 28.885 V
[LIFT] V_Compute: 28.933 V
[LIFT] V_Motors: 28.884 V
[LIFT] V_Compute: 28.936 V
[LIFT] V_Motors: 28.879 V
[LIFT] V_Compute: 28.935 V
[LIFT] V_Motors: 28.884 V
[LIFT] V_Compute: 28.934 V
[LIFT] V_Motors: 28.884 V
[LIFT] V_Compute: 28.931 V
[LIFT] V_Motors: 28.885 V
[LIFT] V_Compute: 28.931 V
[LIFT] V_Motors: 28.881 V
[LIFT] V_Compute: 28.925 V
[LIFT] V_Motors: 28.880 V
[LIFT] V_Compute: 28.931 V
[LIFT] V_Motors: 28.885 V
[LIFT] V_Compute: 28.930 V
[LIFT] V_Motors: 28.881 V
[LIFT] V_Compute: 28.933 V
[LIFT] V_Motors: 28.882 V
[LIFT] V_Compute: 28.935 V
[LIFT] V_Motors: 28.884 V
[LIFT] V_Compute: 28.929 V
[LIFT] V_Motors: 28.884 V
[LIFT] V_Compute: 28.929 V
[LIFT] V_Motors: 28.881 V
[LIFT] V_Compute: 28.931 V
[LIFT] V_Motors: 28.882 V
[LIFT] V_Compute: 28.935 V
[LIFT] V_Motors: 28.886 V
[LIFT] V_Compute: 28.931 V
[LIFT] V_Motors: 28.885 V
[LIFT] V_Compute: 28.935 V
[LIFT] V_Motors: 28.885 V
[LIFT] V_Compute: 28.935 V
[LIFT] V_Motors: 28.880 V
[LIFT] V_Compute: 28.930 V
[LIFT] V_Motors: 28.886 V
[LIFT] V_Compute: 28.914 V
[LIFT] V_Motors: 28.869 V
[LIFT] V_Compute: 28.933 V
[LIFT] V_Motors: 28.882 V
[LIFT] V_Compute: 28.940 V
[LIFT] V_Motors: 28.882 V
[LIFT] V_Compute: 28.939 V
[LIFT] V_Motors: 28.881 V
[LIFT] V_Compute: 28.937 V
[LIFT] V_Motors: 28.884 V
[LIFT] V_Compute: 28.936 V
[LIFT] V_Motors: 28.884 V
[LIFT] V_Compute: 28.930 V
[LIFT] V_Motors: 28.881 V
[LIFT] V_Compute: 28.934 V
[LIFT] V_Motors: 28.884 V
[LIFT] V_Compute: 28.940 V
[LIFT] V_Motors: 28.889 V
[LIFT] V_Compute: 28.930 V
[LIFT] V_Motors: 28.885 V
[LIFT] V_Compute: 28.935 V
[LIFT] V_Motors: 28.882 V
[LIFT] V_Compute: 28.936 V
[LIFT] V_Motors: 28.882 V
[LIFT] V_Compute: 28.934 V
[LIFT] V_Motors: 28.876 V
[LIFT] V_Compute: 28.934 V
[LIFT] V_Motors: 28.884 V
[LIFT] V_Compute: 28.941 V
[LIFT] V_Motors: 28.885 V
[LIFT] V_Compute: 28.940 V
[LIFT] V_Motors: 28.888 V
[LIFT] V_Compute: 28.937 V
[LIFT] V_Motors: 28.884 V
[LIFT] V_Compute: 28.934 V
[LIFT] V_Motors: 28.882 V
[LIFT] V_Compute: 28.939 V
[LIFT] V_Motors: 28.884 V
[LIFT] V_Compute: 28.937 V
[LIFT] V_Motors: 28.885 V
[LIFT] V_Compute: 28.933 V
[LIFT] V_Motors: 28.881 V
[LIFT] V_Compute: 28.927 V
[LIFT] V_Motors: 28.872 V
[LIFT] V_Compute: 28.933 V
[LIFT] V_Motors: 28.881 V
[LIFT] V_Compute: 28.931 V
[LIFT] V_Motors: 28.882 V
[LIFT] V_Compute: 28.930 V
[LIFT] V_Motors: 28.884 V
[LIFT] V_Compute: 28.935 V
[LIFT] V_Motors: 28.879 V
[LIFT] V_Compute: 28.937 V
[LIFT] V_Motors: 28.881 V
[LIFT] V_Compute: 28.935 V
[LIFT] V_Motors: 28.884 V
[LIFT] V_Compute: 28.929 V
[LIFT] V_Motors: 28.875 V
[LIFT] V_Compute: 28.936 V
[LIFT] V_Motors: 28.879 V
[LIFT] V_Compute: 28.929 V
[LIFT] V_Motors: 28.882 V
[LIFT] V_Compute: 28.937 V
[LIFT] V_Motors: 28.880 V
[LIFT] V_Compute: 28.940 V
[LIFT] V_Motors: 28.878 V
[LIFT] V_Compute: 28.934 V
[LIFT] V_Motors: 28.882 V
[LIFT] V_Compute: 28.931 V
[LIFT] V_Motors: 28.882 V
[LIFT] V_Compute: 28.930 V
[LIFT] V_Motors: 28.882 V
[LIFT] V_Compute: 28.931 V
[LIFT] V_Motors: 28.878 V
[LIFT] V_Compute: 28.926 V
[LIFT] V_Motors: 28.879 V
[LIFT] V_Compute: 28.920 V
[LIFT] V_Motors: 28.881 V
[LIFT] V_Compute: 28.934 V
[LIFT] V_Motors: 28.884 V
[LIFT] V_Compute: 28.934 V
[LIFT] V_Motors: 28.879 V
[LIFT] V_Compute: 28.939 V
[LIFT] V_Motors: 28.884 V
[LIFT] V_Compute: 28.930 V
[LIFT] V_Motors: 28.874 V
[LIFT] V_Compute: 28.934 V
[LIFT] V_Motors: 28.880 V
[LIFT] V_Compute: 28.934 V
[LIFT] V_Motors: 28.882 V
[LIFT] V_Compute: 28.934 V
[LIFT] V_Motors: 28.885 V
[LIFT] V_Compute: 28.933 V
[LIFT] V_Motors: 28.879 V
[LIFT] V_Compute: 28.926 V
[LIFT] V_Motors: 28.888 V
[LIFT] V_Compute: 28.933 V
[LIFT] V_Motors: 28.882 V
[LIFT] V_Compute: 28.939 V
[LIFT] V_Motors: 28.882 V
[LIFT] V_Compute: 28.936 V
[LIFT] V_Motors: 28.882 V
[LIFT] V_Compute: 28.935 V
[LIFT] V_Motors: 28.885 V
[LIFT] V_Compute: 28.929 V
[LIFT] V_Motors: 28.885 V
[LIFT] V_Compute: 28.937 V
[LIFT] V_Motors: 28.886 V
[LIFT] V_Compute: 28.937 V
[LIFT] V_Motors: 28.888 V
[LIFT] V_Compute: 28.930 V
[LIFT] V_Motors: 28.881 V
[LIFT] V_Compute: 28.940 V
[LIFT] V_Motors: 28.881 V
[LIFT] V_Compute: 28.931 V
[LIFT] V_Motors: 28.889 V
[LIFT] V_Compute: 28.936 V
[LIFT] V_Motors: 28.885 V
[LIFT] V_Compute: 28.935 V
[LIFT] V_Motors: 28.881 V
[LIFT] V_Compute: 28.933 V
[LIFT] V_Motors: 28.880 V
[LIFT] V_Compute: 28.933 V
[LIFT] V_Motors: 28.886 V
[LIFT] V_Compute: 28.935 V
[LIFT] V_Motors: 28.879 V
[LIFT] V_Compute: 28.927 V
[LIFT] V_Motors: 28.881 V
[LIFT] V_Compute: 28.933 V
[LIFT] V_Motors: 28.875 V
[LIFT] V_Compute: 28.936 V
[LIFT] V_Motors: 28.882 V
[LIFT] V_Compute: 28.931 V
[LIFT] V_Motors: 28.882 V
[LIFT] V_Compute: 28.925 V
[LIFT] V_Motors: 28.876 V
[LIFT] V_Compute: 28.939 V
[LIFT] V_Motors: 28.881 V
[LIFT] V_Compute: 28.937 V
[LIFT] V_Motors: 28.882 V
[LIFT] V_Compute: 28.934 V
[LIFT] V_Motors: 28.879 V
[LIFT] V_Compute: 28.934 V
[LIFT] V_Motors: 28.884 V
[LIFT] V_Compute: 28.933 V
[LIFT] V_Motors: 28.881 V
[LIFT] V_Compute: 28.930 V
[LIFT] V_Motors: 28.882 V
[LIFT] V_Compute: 28.934 V
[LIFT] V_Motors: 28.884 V
[LIFT] V_Compute: 28.937 V
[LIFT] V_Motors: 28.880 V
[LIFT] V_Compute: 28.936 V
[LIFT] V_Motors: 28.879 V
[LIFT] V_Compute: 28.934 V
[LIFT] V_Motors: 28.884 V
[LIFT] V_Compute: 28.934 V
[LIFT] V_Motors: 28.880 V
[LIFT] V_Compute: 28.931 V
[LIFT] V_Motors: 28.881 V
[LIFT] V_Compute: 28.935 V
[LIFT] V_Motors: 28.881 V
[LIFT] V_Compute: 28.933 V
[LIFT] V_Motors: 28.884 V
[LIFT] V_Compute: 28.937 V
[LIFT] V_Motors: 28.881 V
[LIFT] V_Compute: 28.934 V
[LIFT] V_Motors: 28.886 V
[LIFT] V_Compute: 28.934 V
[LIFT] V_Motors: 28.876 V
[LIFT] V_Compute: 28.935 V
[LIFT] V_Motors: 28.884 V
[LIFT] V_Compute: 28.935 V
[LIFT] V_Motors: 28.884 V
[LIFT] V_Compute: 28.936 V
[LIFT] V_Motors: 28.884 V
[LIFT] V_Compute: 28.920 V
[LIFT] V_Motors: 28.874 V
[LIFT] V_Compute: 28.939 V
[LIFT] V_Motors: 28.880 V
[LIFT] V_Compute: 28.937 V
[LIFT] V_Motors: 28.876 V
[LIFT] V_Compute: 28.936 V
[LIFT] V_Motors: 28.884 V
[LIFT] V_Compute: 28.917 V
[LIFT] V_Motors: 28.871 V
[LIFT] V_Compute: 28.930 V
[LIFT] V_Motors: 28.880 V
[LIFT] V_Compute: 28.934 V
[LIFT] V_Motors: 28.886 V
[LIFT] V_Compute: 28.937 V
[LIFT] V_Motors: 28.884 V
[LIFT] V_Compute: 28.937 V
[LIFT] V_Motors: 28.885 V
[LIFT] V_Compute: 28.927 V
[LIFT] V_Motors: 28.876 V
[LIFT] V_Compute: 28.931 V
[LIFT] V_Motors: 28.876 V
[LIFT] V_Compute: 28.931 V
[LIFT] V_Motors: 28.881 V
[LIFT] V_Compute: 28.936 V
[LIFT] V_Motors: 28.882 V
[LIFT] V_Compute: 28.935 V
[LIFT] V_Motors: 28.878 V
[LIFT] V_Compute: 28.924 V
[LIFT] V_Motors: 28.881 V
[LIFT] V_Compute: 28.933 V
[LIFT] V_Motors: 28.882 V
[LIFT] V_Compute: 28.929 V
[LIFT] V_Motors: 28.882 V
[LIFT] V_Compute: 28.930 V
[LIFT] V_Motors: 28.881 V
[LIFT] V_Compute: 28.931 V
[LIFT] V_Motors: 28.876 V
[LIFT] V_Compute: 28.931 V
[LIFT] V_Motors: 28.885 V
[LIFT] V_Compute: 28.931 V
[LIFT] V_Motors: 28.884 V
[LIFT] V_Compute: 28.929 V
[LIFT] V_Motors: 28.880 V
[LIFT] V_Compute: 28.934 V
[LIFT] V_Motors: 28.882 V
[LIFT] V_Compute: 28.931 V
[LIFT] V_Motors: 28.880 V
[LIFT] V_Compute: 28.935 V
[LIFT] V_Motors: 28.881 V
[LIFT] V_Compute: 28.925 V
[LIFT] V_Motors: 28.875 V
[LIFT] V_Compute: 28.931 V
[LIFT] V_Motors: 28.881 V
[LIFT] V_Compute: 28.930 V
[LIFT] V_Motors: 28.880 V
[LIFT] V_Compute: 28.935 V
[LIFT] V_Motors: 28.881 V
[LIFT] V_Compute: 28.931 V
[LIFT] V_Motors: 28.884 V
[LIFT] V_Compute: 28.926 V
[LIFT] V_Motors: 28.879 V
[LIFT] V_Compute: 28.934 V
[LIFT] V_Motors: 28.879 V
[LIFT] V_Compute: 28.934 V
[LIFT] V_Motors: 28.879 V
[LIFT] V_Compute: 28.931 V
[LIFT] V_Motors: 28.878 V
[LIFT] V_Compute: 28.933 V
[LIFT] V_Motors: 28.879 V
[LIFT] V_Compute: 28.930 V
[LIFT] V_Motors: 28.879 V
[LIFT] V_Compute: 28.934 V
[LIFT] V_Motors: 28.879 V
[LIFT] V_Compute: 28.937 V
[LIFT] V_Motors: 28.885 V
[LIFT] V_Compute: 28.936 V
[LIFT] V_Motors: 28.881 V
[LIFT] V_Compute: 28.940 V
[LIFT] V_Motors: 28.884 V
[LIFT] V_Compute: 28.936 V
[LIFT] V_Motors: 28.884 V
[LIFT] V_Compute: 28.931 V
[LIFT] V_Motors: 28.882 V
[LIFT] V_Compute: 28.941 V
[LIFT] V_Motors: 28.888 V
[LIFT] V_Compute: 28.934 V
[LIFT] V_Motors: 28.884 V
[LIFT] V_Compute: 28.935 V
[LIFT] V_Motors: 28.881 V
[LIFT] V_Compute: 28.930 V
[LIFT] V_Motors: 28.880 V
[LIFT] V_Compute: 28.931 V
[LIFT] V_Motors: 28.880 V
[LIFT] V_Compute: 28.934 V
[LIFT] V_Motors: 28.881 V
[LIFT] V_Compute: 28.931 V
[LIFT] V_Motors: 28.876 V
[LIFT] V_Compute: 28.927 V
[LIFT] V_Motors: 28.882 V
[LIFT] V_Compute: 28.926 V
[LIFT] V_Motors: 28.875 V
[LIFT] V_Compute: 28.930 V
[LIFT] V_Motors: 28.876 V
[LIFT] V_Compute: 28.934 V
[LIFT] V_Motors: 28.885 V
[LIFT] V_Compute: 28.937 V
[LIFT] V_Motors: 28.882 V
[LIFT] V_Compute: 28.934 V
[LIFT] V_Motors: 28.882 V
[LIFT] V_Compute: 28.936 V
[LIFT] V_Motors: 28.876 V
[LIFT] V_Compute: 28.937 V
[LIFT] V_Motors: 28.882 V
[LIFT] V_Compute: 28.931 V
[LIFT] V_Motors: 28.881 V
[LIFT] V_Compute: 28.931 V
[LIFT] V_Motors: 28.885 V
[LIFT] V_Compute: 28.930 V
[LIFT] V_Motors: 28.880 V
[LIFT] V_Compute: 28.931 V
[LIFT] V_Motors: 28.881 V
[LIFT] V_Compute: 28.940 V
[LIFT] V_Motors: 28.881 V
[LIFT] V_Compute: 28.933 V
[LIFT] V_Motors: 28.881 V
[LIFT] V_Compute: 28.930 V
[LIFT] V_Motors: 28.884 V
[LIFT] V_Compute: 28.926 V
[LIFT] V_Motors: 28.880 V
[LIFT] V_Compute: 28.925 V
[LIFT] V_Motors: 28.881 V
[LIFT] V_Compute: 28.933 V
[LIFT] V_Motors: 28.881 V
[LIFT] V_Compute: 28.931 V
[LIFT] V_Motors: 28.884 V
[LIFT] V_Compute: 28.936 V
[LIFT] V_Motors: 28.882 V
[LIFT] V_Compute: 28.930 V
[LIFT] V_Motors: 28.876 V
[LIFT] V_Compute: 28.933 V
[LIFT] V_Motors: 28.880 V
[LIFT] V_Compute: 28.914 V
[LIFT] V_Motors: 28.861 V
[LIFT] V_Compute: 28.937 V
[LIFT] V_Motors: 28.880 V
[LIFT] V_Compute: 28.934 V
[LIFT] V_Motors: 28.885 V
[LIFT] V_Compute: 28.939 V
[LIFT] V_Motors: 28.885 V
[LIFT] V_Compute: 28.933 V
[LIFT] V_Motors: 28.885 V
[LIFT] V_Compute: 28.931 V
[LIFT] V_Motors: 28.882 V
[LIFT] V_Compute: 28.934 V
[LIFT] V_Motors: 28.882 V
[LIFT] V_Compute: 28.935 V
[LIFT] V_Motors: 28.879 V
[LIFT] V_Compute: 28.929 V
[LIFT] V_Motors: 28.881 V
[LIFT] V_Compute: 28.935 V
[LIFT] V_Motors: 28.880 V
[LIFT] V_Compute: 28.937 V
[LIFT] V_Motors: 28.885 V
[LIFT] V_Compute: 28.929 V
[LIFT] V_Motors: 28.875 V
[LIFT] V_Compute: 28.929 V
[LIFT] V_Motors: 28.879 V
[LIFT] V_Compute: 28.930 V
[LIFT] V_Motors: 28.878 V
[LIFT] V_Compute: 28.935 V
[LIFT] V_Motors: 28.878 V
[LIFT] V_Compute: 28.936 V
[LIFT] V_Motors: 28.880 V
[LIFT] V_Compute: 28.930 V
[LIFT] V_Motors: 28.879 V
[LIFT] V_Compute: 28.934 V
[LIFT] V_Motors: 28.882 V
[LIFT] V_Compute: 28.931 V
[LIFT] V_Motors: 28.836 V
[LIFT] V_Compute: 28.924 V
[LIFT] V_Motors: 28.829 V
[LIFT] V_Compute: 28.936 V
[LIFT] V_Motors: 28.804 V
[LIFT] V_Compute: 28.919 V
[LIFT] V_Motors: 28.780 V
[LIFT] V_Compute: 28.930 V
[LIFT] V_Motors: 28.830 V
[LIFT] V_Compute: 28.933 V
[LIFT] V_Motors: 28.821 V
[LIFT] V_Compute: 28.927 V
[LIFT] V_Motors: 28.812 V
[LIFT] V_Compute: 28.936 V
[LIFT] V_Motors: 28.827 V
[LIFT] V_Compute: 28.931 V
[LIFT] V_Motors: 28.830 V
[LIFT] V_Compute: 28.926 V
[LIFT] V_Motors: 28.836 V
[LIFT] V_Compute: 28.933 V
[LIFT] V_Motors: 28.808 V
[LIFT] V_Compute: 28.929 V
[LIFT] V_Motors: 28.826 V
[LIFT] V_Compute: 28.923 V
[LIFT] V_Motors: 28.834 V
[LIFT] V_Compute: 28.929 V
[LIFT] V_Motors: 28.833 V
[LIFT] V_Compute: 28.931 V
[LIFT] V_Motors: 28.835 V
[LIFT] V_Compute: 28.933 V
[LIFT] V_Motors: 28.824 V
[LIFT] V_Compute: 28.930 V
[LIFT] V_Motors: 28.819 V
[LIFT] V_Compute: 28.936 V
[LIFT] V_Motors: 28.821 V
[LIFT] V_Compute: 28.925 V
[LIFT] V_Motors: 28.824 V
[LIFT] V_Compute: 28.934 V
[LIFT] V_Motors: 28.831 V
[LIFT] V_Compute: 28.911 V
[LIFT] V_Motors: 28.788 V
[LIFT] V_Compute: 28.929 V
[LIFT] V_Motors: 28.819 V
[LIFT] V_Compute: 28.926 V
[LIFT] V_Motors: 28.795 V
[LIFT] V_Compute: 28.927 V
[LIFT] V_Motors: 28.811 V
[LIFT] V_Compute: 28.924 V
[LIFT] V_Motors: 28.827 V
[LIFT] V_Compute: 28.935 V
[LIFT] V_Motors: 28.814 V
[LIFT] V_Compute: 28.929 V
[LIFT] V_Motors: 28.829 V
[LIFT] V_Compute: 28.929 V
[LIFT] V_Motors: 28.808 V
[LIFT] V_Compute: 28.930 V
[LIFT] V_Motors: 28.822 V
[LIFT] V_Compute: 28.925 V
[LIFT] V_Motors: 28.812 V
[LIFT] V_Compute: 28.930 V
[LIFT] V_Motors: 28.820 V
[LIFT] V_Compute: 28.936 V
[LIFT] V_Motors: 28.822 V
[LIFT] V_Compute: 28.926 V
[LIFT] V_Motors: 28.805 V
[LIFT] V_Compute: 28.933 V
[LIFT] V_Motors: 28.811 V
[LIFT] V_Compute: 28.933 V
[LIFT] V_Motors: 28.827 V
[LIFT] V_Compute: 28.926 V
[LIFT] V_Motors: 28.810 V
[LIFT] V_Compute: 28.933 V
[LIFT] V_Motors: 28.814 V
[LIFT] V_Compute: 28.931 V
[LIFT] V_Motors: 28.812 V
[LIFT] V_Compute: 28.933 V
[LIFT] V_Motors: 28.809 V
[LIFT] V_Compute: 28.926 V
[LIFT] V_Motors: 28.814 V
[LIFT] V_Compute: 28.931 V
[LIFT] V_Motors: 28.822 V
[LIFT] V_Compute: 28.936 V
[LIFT] V_Motors: 28.791 V
[LIFT] V_Compute: 28.923 V
[LIFT] V_Motors: 28.808 V
[LIFT] V_Compute: 28.934 V
[LIFT] V_Motors: 28.817 V
[LIFT] V_Compute: 28.924 V
[LIFT] V_Motors: 28.788 V
[LIFT] V_Compute: 28.921 V
[LIFT] V_Motors: 28.792 V
[LIFT] V_Compute: 28.930 V
[LIFT] V_Motors: 28.804 V
[LIFT] V_Compute: 28.933 V
[LIFT] V_Motors: 28.814 V
[LIFT] V_Compute: 28.935 V
[LIFT] V_Motors: 28.814 V
[LIFT] V_Compute: 28.930 V
[LIFT] V_Motors: 28.792 V
[LIFT] V_Compute: 28.930 V
[LIFT] V_Motors: 28.826 V
[LIFT] V_Compute: 28.930 V
[LIFT] V_Motors: 28.810 V
[LIFT] V_Compute: 28.929 V
[LIFT] V_Motors: 28.806 V
[LIFT] V_Compute: 28.927 V
[LIFT] V_Motors: 28.799 V
[LIFT] V_Compute: 28.924 V
[LIFT] V_Motors: 28.814 V
[LIFT] V_Compute: 28.929 V
[LIFT] V_Motors: 28.808 V
[LIFT] V_Compute: 28.930 V
[LIFT] V_Motors: 28.827 V
[LIFT] V_Compute: 28.931 V
[LIFT] V_Motors: 28.799 V
[LIFT] V_Compute: 28.929 V
[LIFT] V_Motors: 28.810 V
[LIFT] V_Compute: 28.927 V
[LIFT] V_Motors: 28.801 V
[LIFT] V_Compute: 28.931 V
[LIFT] V_Motors: 28.808 V
[LIFT] V_Compute: 28.930 V
[LIFT] V_Motors: 28.789 V
[LIFT] V_Compute: 28.930 V
[LIFT] V_Motors: 28.809 V
[LIFT] V_Compute: 28.931 V
[LIFT] V_Motors: 28.810 V
[LIFT] V_Compute: 28.933 V
[LIFT] V_Motors: 28.810 V
[LIFT] V_Compute: 28.931 V
[LIFT] V_Motors: 28.810 V
[LIFT] V_Compute: 28.925 V
[LIFT] V_Motors: 28.799 V
[LIFT] V_Compute: 28.930 V
[LIFT] V_Motors: 28.804 V
[LIFT] V_Compute: 28.933 V
[LIFT] V_Motors: 28.802 V
[LIFT] V_Compute: 28.931 V
[LIFT] V_Motors: 28.808 V
[LIFT] V_Compute: 28.906 V
[LIFT] V_Motors: 28.798 V
[LIFT] V_Compute: 28.933 V
[LIFT] V_Motors: 28.800 V
[LIFT] V_Compute: 28.924 V
[LIFT] V_Motors: 28.809 V
[LIFT] V_Compute: 28.929 V
[LIFT] V_Motors: 28.790 V
[LIFT] V_Compute: 28.924 V
[LIFT] V_Motors: 28.806 V
[LIFT] V_Compute: 28.933 V
[LIFT] V_Motors: 28.812 V
[LIFT] V_Compute: 28.923 V
[LIFT] V_Motors: 28.831 V
[LIFT] V_Compute: 28.919 V
[LIFT] V_Motors: 28.864 V
[LIFT] V_Compute: 28.929 V
[LIFT] V_Motors: 28.830 V
[LIFT] V_Compute: 28.933 V
[LIFT] V_Motors: 28.806 V
[LIFT] V_Compute: 28.924 V
[LIFT] V_Motors: 28.795 V
[LIFT] V_Compute: 28.935 V
[LIFT] V_Motors: 28.782 V
[LIFT] V_Compute: 28.926 V
[LIFT] V_Motors: 28.805 V
[LIFT] V_Compute: 28.923 V
[LIFT] V_Motors: 28.849 V
[LIFT] V_Compute: 28.927 V
[LIFT] V_Motors: 28.843 V
[LIFT] V_Compute: 28.929 V
[LIFT] V_Motors: 28.829 V
[LIFT] V_Compute: 28.927 V
[LIFT] V_Motors: 28.833 V
[LIFT] V_Compute: 28.927 V
[LIFT] V_Motors: 28.836 V
[LIFT] V_Compute: 28.930 V
[LIFT] V_Motors: 28.850 V
[LIFT] V_Compute: 28.933 V
[LIFT] V_Motors: 28.821 V
[LIFT] V_Compute: 28.927 V
[LIFT] V_Motors: 28.805 V
[LIFT] V_Compute: 28.911 V
[LIFT] V_Motors: 28.804 V
[LIFT] V_Compute: 28.930 V
[LIFT] V_Motors: 28.830 V
[LIFT] V_Compute: 28.924 V
[LIFT] V_Motors: 28.777 V
[LIFT] V_Compute: 28.925 V
[LIFT] V_Motors: 28.756 V
[LIFT] V_Compute: 28.921 V
[LIFT] V_Motors: 28.726 V
[LIFT] V_Compute: 28.925 V
[LIFT] V_Motors: 28.817 V
[LIFT] V_Compute: 28.921 V
[LIFT] V_Motors: 28.864 V
[LIFT] V_Compute: 28.927 V
[LIFT] V_Motors: 28.854 V
[LIFT] V_Compute: 28.926 V
[LIFT] V_Motors: 28.857 V
[LIFT] V_Compute: 28.927 V
[LIFT] V_Motors: 28.857 V
[LIFT] V_Compute: 28.934 V
[LIFT] V_Motors: 28.859 V
[LIFT] V_Compute: 28.920 V
[LIFT] V_Motors: 28.861 V
[LIFT] V_Compute: 28.929 V
[LIFT] V_Motors: 28.857 V
[LIFT] V_Compute: 28.926 V
[LIFT] V_Motors: 28.860 V
[LIFT] V_Compute: 28.929 V
[LIFT] V_Motors: 28.865 V
[LIFT] V_Compute: 28.926 V
[LIFT] V_Motors: 28.861 V
[LIFT] V_Compute: 28.930 V
[LIFT] V_Motors: 28.862 V
[LIFT] V_Compute: 28.906 V
[LIFT] V_Motors: 28.857 V
[LIFT] V_Compute: 28.935 V
[LIFT] V_Motors: 28.856 V
[LIFT] V_Compute: 28.926 V
[LIFT] V_Motors: 28.862 V
[LIFT] V_Compute: 28.931 V
[LIFT] V_Motors: 28.859 V
[LIFT] V_Compute: 28.930 V
[LIFT] V_Motors: 28.857 V
[LIFT] V_Compute: 28.934 V
[LIFT] V_Motors: 28.857 V
[LIFT] V_Compute: 28.933 V
[LIFT] V_Motors: 28.862 V
[LIFT] V_Compute: 28.930 V
[LIFT] V_Motors: 28.861 V
[LIFT] V_Compute: 28.929 V
[LIFT] V_Motors: 28.866 V
[LIFT] V_Compute: 28.930 V
[LIFT] V_Motors: 28.864 V
[LIFT] V_Compute: 28.929 V
[LIFT] V_Motors: 28.866 V
[LIFT] V_Compute: 28.933 V
[LIFT] V_Motors: 28.861 V
[LIFT] V_Compute: 28.923 V
[LIFT] V_Motors: 28.865 V
[LIFT] V_Compute: 28.926 V
[LIFT] V_Motors: 28.864 V
[LIFT] V_Compute: 28.930 V
[LIFT] V_Motors: 28.862 V
[LIFT] V_Compute: 28.931 V
[LIFT] V_Motors: 28.865 V
[LIFT] V_Compute: 28.926 V
[LIFT] V_Motors: 28.861 V
[LIFT] V_Compute: 28.921 V
[LIFT] V_Motors: 28.861 V
[LIFT] V_Compute: 28.926 V
[LIFT] V_Motors: 28.861 V
[LIFT] V_Compute: 28.926 V
[LIFT] V_Motors: 28.859 V
[LIFT] V_Compute: 28.923 V
[LIFT] V_Motors: 28.865 V
[LIFT] V_Compute: 28.921 V
[LIFT] V_Motors: 28.861 V
[LIFT] V_Compute: 28.926 V
[LIFT] V_Motors: 28.862 V
[LIFT] V_Compute: 28.926 V
[LIFT] V_Motors: 28.865 V
[LIFT] V_Compute: 28.929 V
[LIFT] V_Motors: 28.869 V
[LIFT] V_Compute: 28.930 V
[LIFT] V_Motors: 28.864 V
[LIFT] V_Compute: 28.913 V
[LIFT] V_Motors: 28.847 V
[LIFT] V_Compute: 28.925 V
[LIFT] V_Motors: 28.865 V
[LIFT] V_Compute: 28.926 V
[LIFT] V_Motors: 28.866 V
[LIFT] V_Compute: 28.926 V
[LIFT] V_Motors: 28.868 V
[LIFT] V_Compute: 28.926 V
[LIFT] V_Motors: 28.866 V
[LIFT] V_Compute: 28.926 V
[LIFT] V_Motors: 28.864 V
[LIFT] V_Compute: 28.929 V
[LIFT] V_Motors: 28.864 V
[LIFT] V_Compute: 28.925 V
[LIFT] V_Motors: 28.861 V
[LIFT] V_Compute: 28.925 V
[LIFT] V_Motors: 28.866 V
[LIFT] V_Compute: 28.929 V
[LIFT] V_Motors: 28.861 V
[LIFT] V_Compute: 28.929 V
[LIFT] V_Motors: 28.864 V
[LIFT] V_Compute: 28.929 V
[LIFT] V_Motors: 28.865 V
[LIFT] V_Compute: 28.925 V
[LIFT] V_Motors: 28.868 V
[LIFT] V_Compute: 28.929 V
[LIFT] V_Motors: 28.866 V
[LIFT] V_Compute: 28.931 V
[LIFT] V_Motors: 28.866 V
[LIFT] V_Compute: 28.925 V
[LIFT] V_Motors: 28.865 V
[LIFT] V_Compute: 28.923 V
[LIFT] V_Motors: 28.865 V
[LIFT] V_Compute: 28.924 V
[LIFT] V_Motors: 28.862 V
[LIFT] V_Compute: 28.923 V
[LIFT] V_Motors: 28.861 V
[LIFT] V_Compute: 28.920 V
[LIFT] V_Motors: 28.862 V
[LIFT] V_Compute: 28.917 V
[LIFT] V_Motors: 28.859 V
[LIFT] V_Compute: 28.923 V
[LIFT] V_Motors: 28.865 V
[LIFT] V_Compute: 28.930 V
[LIFT] V_Motors: 28.865 V
[LIFT] V_Compute: 28.929 V
[LIFT] V_Motors: 28.871 V
Warning: YOR already initialized
[LIFT] V_Compute: 28.914 V
[LIFT] V_Motors: 28.860 V
[LIFT] V_Compute: 28.929 V
[LIFT] V_Motors: 28.866 V
[LIFT] V_Compute: 28.929 V
[LIFT] V_Motors: 28.865 V
[LIFT] V_Compute: 28.929 V
[LIFT] V_Motors: 28.866 V
[LIFT] V_Compute: 28.925 V
[LIFT] V_Motors: 28.869 V
[LIFT] V_Compute: 28.926 V
[LIFT] V_Motors: 28.865 V
[LIFT] V_Compute: 28.925 V
[LIFT] V_Motors: 28.868 V
[LIFT] V_Compute: 28.924 V
[LIFT] V_Motors: 28.864 V
[LIFT] V_Compute: 28.924 V
[LIFT] V_Motors: 28.871 V
[LIFT] V_Compute: 28.921 V
[LIFT] V_Motors: 28.865 V
[LIFT] V_Compute: 28.927 V
[LIFT] V_Motors: 28.869 V
[LIFT] V_Compute: 28.926 V
[LIFT] V_Motors: 28.870 V
[LIFT] V_Compute: 28.929 V
[LIFT] V_Motors: 28.868 V
[LIFT] V_Compute: 28.929 V
[LIFT] V_Motors: 28.871 V
[LIFT] V_Compute: 28.931 V
[LIFT] V_Motors: 28.865 V
[LIFT] V_Compute: 28.933 V
[LIFT] V_Motors: 28.865 V
[LIFT] V_Compute: 28.924 V
[LIFT] V_Motors: 28.868 V
[LIFT] V_Compute: 28.926 V
[LIFT] V_Motors: 28.865 V
[LIFT] V_Compute: 28.929 V
[LIFT] V_Motors: 28.868 V
[LIFT] V_Compute: 28.927 V
[LIFT] V_Motors: 28.868 V
[LIFT] V_Compute: 28.931 V
[LIFT] V_Motors: 28.865 V
[LIFT] V_Compute: 28.916 V
[LIFT] V_Motors: 28.864 V
[LIFT] V_Compute: 28.929 V
[LIFT] V_Motors: 28.866 V
[LIFT] V_Compute: 28.926 V
[LIFT] V_Motors: 28.872 V
[LIFT] V_Compute: 28.926 V
[LIFT] V_Motors: 28.865 V
[LIFT] V_Compute: 28.913 V
[LIFT] V_Motors: 28.856 V
Warning: YOR already initialized
[LIFT] V_Compute: 28.925 V
[LIFT] V_Motors: 28.859 V
[LIFT] V_Compute: 28.923 V
[LIFT] V_Motors: 28.866 V
[LIFT] V_Compute: 28.931 V
[LIFT] V_Motors: 28.868 V
[LIFT] V_Compute: 28.926 V
[LIFT] V_Motors: 28.868 V
[LIFT] V_Compute: 28.926 V
[LIFT] V_Motors: 28.868 V
[LIFT] V_Compute: 28.923 V
[LIFT] V_Motors: 28.868 V

RPC Server stopping...
[YOR] base PID: restoring stock swerve gains
[YOR] base PID: /home/pi-v3/YOR-v3-try/config/base_pid_stock.json, PID slot 0
[YOR] base PID:   written     FL drive (CAN 1): p=0.20000000298023224, i=0.0, d=0.10000000149011612, velocity_ff=0.0, output_min=-1.0, output_max=1.0
[YOR] base PID:   written     RL drive (CAN 2): p=0.20000000298023224, i=0.0, d=0.10000000149011612, velocity_ff=0.0, output_min=-1.0, output_max=1.0
[YOR] base PID:   written     RR drive (CAN 3): p=0.20000000298023224, i=0.0, d=0.10000000149011612, velocity_ff=0.0, output_min=-1.0, output_max=1.0
[YOR] base PID:   written     FR drive (CAN 4): p=0.20000000298023224, i=0.0, d=0.10000000149011612, velocity_ff=0.0, output_min=-1.0, output_max=1.0
[YOR] base PID:   already-set FL steering (CAN 5): p=2.0, i=0.0, d=0.009999999776482582, velocity_ff=0.0, output_min=-1.0, output_max=1.0
[YOR] base PID:   already-set RL steering (CAN 6): p=2.0, i=0.0, d=0.009999999776482582, velocity_ff=0.0, output_min=-1.0, output_max=1.0
[YOR] base PID:   already-set RR steering (CAN 7): p=2.0, i=0.0, d=0.009999999776482582, velocity_ff=0.0, output_min=-1.0, output_max=1.0
[YOR] base PID:   already-set FR steering (CAN 8): p=2.0, i=0.0, d=0.009999999776482582, velocity_ff=0.0, output_min=-1.0, output_max=1.0
[YOR] base PID: 4 controller(s) already commissioned, 4 written, 0 problem(s)
[YOR] base PID: 0.2s
