[console-log] mirroring output to /home/pi-v3/YOR-v3-try/artifacts/wholebody_logs/yor_20260824_170638.log
[yor] posture-fix: stiffen_joint7=True (scale=3x), refresh_target=True, redundancy_resolution=dls_projector (dls_damping=0.05)
[yor] null-space: swivel_weight=1 (gain=1, target=latched-from-pose), continuity_weight=0, manipulability=False
[YOR] base: drive command scale 1.068 (from base_pid_hybrid.json)
[PicoLift] Opening serial /dev/serial/by-id/usb-FTDI_FT232R_USB_UART_BG02XPI5-if00-port0 @ 115200...
[PicoLift] Serial open OK
[YOR] base PID: syncing swerve gains
[YOR] base PID: config/base_pid_hybrid.json, PID slot 0
[YOR] base PID:   written     FL drive (CAN 1): p=0.3499999940395355, i=0.0, d=0.0, velocity_ff=0.23000000417232513, output_min=-1.0, output_max=1.0
[YOR] base PID:   written     RL drive (CAN 2): p=0.3499999940395355, i=0.0, d=0.0, velocity_ff=0.23000000417232513, output_min=-1.0, output_max=1.0
[YOR] base PID:   written     RR drive (CAN 3): p=0.3499999940395355, i=0.0, d=0.0, velocity_ff=0.23000000417232513, output_min=-1.0, output_max=1.0
[YOR] base PID:   written     FR drive (CAN 4): p=0.3499999940395355, i=0.0, d=0.0, velocity_ff=0.23000000417232513, output_min=-1.0, output_max=1.0
[YOR] base PID:   already-set FL steering (CAN 5): p=2.0, i=0.0, d=0.009999999776482582, velocity_ff=0.0, output_min=-1.0, output_max=1.0
[YOR] base PID:   already-set RL steering (CAN 6): p=2.0, i=0.0, d=0.009999999776482582, velocity_ff=0.0, output_min=-1.0, output_max=1.0
[YOR] base PID:   already-set RR steering (CAN 7): p=2.0, i=0.0, d=0.009999999776482582, velocity_ff=0.0, output_min=-1.0, output_max=1.0
[YOR] base PID:   already-set FR steering (CAN 8): p=2.0, i=0.0, d=0.009999999776482582, velocity_ff=0.0, output_min=-1.0, output_max=1.0
[YOR] base PID: 4 controller(s) already commissioned, 4 written, 0 problem(s)
[YOR] base PID: 0.2s
[LIFT] Raw: b'\x00\xfe'
[YOR] base config: idle_mode=0 ctrl_type=MIXED [('FL drive', 1), ('FL steering', 3), ('FR drive', 1), ('FR steering', 3), ('RL drive', 1), ('RL steering', 3), ('RR drive', 1), ('RR steering', 3)]
[YOR] base config: velocity_cf=MIXED [('FL drive', 0.000846326001919806), ('FL steering', 1.0), ('FR drive', 0.000846326001919806), ('FR steering', 1.0), ('RL drive', 0.000846326001919806), ('RL steering', 1.0), ('RR drive', 0.000846326001919806), ('RR steering', 1.0)] position_cf=1.0 (drive_command_scale=1.068)
[YOR] base: locked at zero velocity for startup homing
[YOR] recording swerve telemetry to /home/pi-v3/YOR-v3-try/artifacts/wholebody_logs/swerve/swerve_20260824_170639.csv
[YOR] lift: waiting for controller to be ready...
[LIFT] Lift controller ready.
[PicoLift] controller reset — height invalidated, needs home
[LIFT] Capabilities: lift_velocity_v1
[PicoLift] firmware capabilities: lift_velocity_v1
[LIFT] Python commands: up, down, stop, home, vel <signed mm/s>
[LIFT] Optional commands: up 200, down 200, status, power on, power off
[LIFT] Height: unknown (run home)
[LIFT] V_Compute: 28.656 V
[LIFT] V_Motors: 28.527 V
[YOR] lift: homing at startup; waiting up to 30s
[PicoLift] sent 'home'
[PicoLift] sent 'status'
[PicoLift] sent 'status'
[LIFT] Homing UP...
[LIFT] V_Compute: 28.652 V
[LIFT] V_Motors: 28.495 V
[LIFT] Height: unknown (run home)
[LIFT] Upper limit: clear
[LIFT] Lower limit: clear
[LIFT] Motion: UP
[LIFT] Velocity: 0.00 mm/s
[LIFT] Capabilities: lift_velocity_v1
[PicoLift] firmware capabilities: lift_velocity_v1
[LIFT] Height: unknown (run home)
[LIFT] Upper limit: clear
[LIFT] Lower limit: clear
[LIFT] Motion: UP
[LIFT] Velocity: 0.00 mm/s
[LIFT] Capabilities: lift_velocity_v1
[PicoLift] firmware capabilities: lift_velocity_v1
[LIFT] Height: unknown (run home)
[LIFT] Height: unknown (run home)
[LIFT] Height: unknown (run home)
[LIFT] Height: unknown (run home)
[LIFT] Height: unknown (run home)
[LIFT] Height: unknown (run home)
[LIFT] Height: unknown (run home)
[LIFT] Height: unknown (run home)
[LIFT] Height: unknown (run home)
[LIFT] Height: unknown (run home)
[LIFT] Height: unknown (run home)
[LIFT] Height: unknown (run home)
[LIFT] Height: unknown (run home)
[LIFT] Height: unknown (run home)
[LIFT] Height: unknown (run home)
[LIFT] Height: unknown (run home)
[LIFT] Height: unknown (run home)
[LIFT] Height: unknown (run home)
[PicoLift] sent 'status'
[LIFT] Upper limit: clear
[LIFT] Lower limit: clear
[LIFT] Motion: UP
[LIFT] Velocity: 0.00 mm/s
[LIFT] Capabilities: lift_velocity_v1
[PicoLift] firmware capabilities: lift_velocity_v1
[LIFT] Height: unknown (run home)
[LIFT] V_Compute: 28.660 V
[LIFT] V_Motors: 28.499 V
[LIFT] Height: unknown (run home)
[LIFT] Height: unknown (run home)
[LIFT] Height: unknown (run home)
[LIFT] Height: unknown (run home)
[LIFT] Height: unknown (run home)
[LIFT] Height: unknown (run home)
[LIFT] Height: unknown (run home)
[LIFT] Height: unknown (run home)
[LIFT] Height: unknown (run home)
[LIFT] Height: unknown (run home)
[LIFT] Height: unknown (run home)
[LIFT] Height: unknown (run home)
[LIFT] Height: unknown (run home)
[LIFT] Height: unknown (run home)
[LIFT] Height: unknown (run home)
[LIFT] Height: unknown (run home)
[LIFT] Height: unknown (run home)
[LIFT] Height: unknown (run home)
[PicoLift] sent 'status'
[LIFT] Upper limit: clear
[LIFT] Lower limit: clear
[LIFT] Motion: UP
[LIFT] Velocity: 0.00 mm/s
[LIFT] Capabilities: lift_velocity_v1
[PicoLift] firmware capabilities: lift_velocity_v1
[LIFT] Height: unknown (run home)
[LIFT] V_Compute: 28.659 V
[LIFT] V_Motors: 28.489 V
[LIFT] Height: unknown (run home)
[LIFT] Height: unknown (run home)
[LIFT] Height: unknown (run home)
[LIFT] Height: unknown (run home)
[LIFT] Height: unknown (run home)
[LIFT] Height: unknown (run home)
[LIFT] Height: unknown (run home)
[LIFT] Height: unknown (run home)
[LIFT] Height: unknown (run home)
[LIFT] Height: unknown (run home)
[LIFT] Height: unknown (run home)
[LIFT] Height: unknown (run home)
[LIFT] Height: unknown (run home)
[LIFT] Height: unknown (run home)
[LIFT] Height: unknown (run home)
[LIFT] Height: unknown (run home)
[LIFT] Height: unknown (run home)
[LIFT] Height: unknown (run home)
[PicoLift] sent 'status'
[LIFT] Upper limit: clear
[LIFT] Lower limit: clear
[LIFT] Motion: UP
[LIFT] Velocity: 0.00 mm/s
[LIFT] Capabilities: lift_velocity_v1
[PicoLift] firmware capabilities: lift_velocity_v1
[LIFT] Height: unknown (run home)
[LIFT] V_Compute: 28.657 V
[LIFT] V_Motors: 28.507 V
[LIFT] Height: unknown (run home)
[LIFT] Height: unknown (run home)
[LIFT] Height: unknown (run home)
[LIFT] Height: unknown (run home)
[LIFT] Height: unknown (run home)
[LIFT] Height: unknown (run home)
[LIFT] Height: unknown (run home)
[LIFT] Height: unknown (run home)
[LIFT] Height: unknown (run home)
[LIFT] Height: unknown (run home)
[LIFT] Height: unknown (run home)
[LIFT] Height: unknown (run home)
[LIFT] Height: unknown (run home)
[LIFT] Height: unknown (run home)
[LIFT] Height: unknown (run home)
[LIFT] Height: unknown (run home)
[LIFT] Height: unknown (run home)
[LIFT] Height: unknown (run home)
[PicoLift] sent 'status'
[LIFT] Upper limit: clear
[LIFT] Lower limit: clear
[LIFT] Motion: UP
[LIFT] Velocity: 0.00 mm/s
[LIFT] Capabilities: lift_velocity_v1
[PicoLift] firmware capabilities: lift_velocity_v1
[LIFT] Height: unknown (run home)
[LIFT] V_Compute: 28.659 V
[LIFT] V_Motors: 28.507 V
[LIFT] Height: unknown (run home)
[LIFT] Height: unknown (run home)
[LIFT] Height: unknown (run home)
[LIFT] Height: unknown (run home)
[LIFT] Height: unknown (run home)
[LIFT] Height: unknown (run home)
[LIFT] Height: unknown (run home)
[LIFT] Height: unknown (run home)
[LIFT] Height: unknown (run home)
[LIFT] Height: unknown (run home)
[LIFT] Height: unknown (run home)
[LIFT] Height: unknown (run home)
[LIFT] Height: unknown (run home)
[LIFT] Height: unknown (run home)
[LIFT] Height: unknown (run home)
[LIFT] Height: unknown (run home)
[LIFT] Height: unknown (run home)
[LIFT] Height: unknown (run home)
[PicoLift] sent 'status'
[LIFT] Upper limit: clear
[LIFT] Lower limit: clear
[LIFT] Motion: UP
[LIFT] Velocity: 0.00 mm/s
[LIFT] Capabilities: lift_velocity_v1
[PicoLift] firmware capabilities: lift_velocity_v1
[LIFT] Height: unknown (run home)
[LIFT] Height: unknown (run home)
[LIFT] V_Compute: 28.654 V
[LIFT] V_Motors: 28.489 V
[LIFT] Height: unknown (run home)
[LIFT] Height: unknown (run home)
[LIFT] Height: unknown (run home)
[LIFT] Height: unknown (run home)
[LIFT] Height: unknown (run home)
[LIFT] Height: unknown (run home)
[LIFT] Height: unknown (run home)
[LIFT] Height: unknown (run home)
[LIFT] Height: unknown (run home)
[LIFT] Height: unknown (run home)
[LIFT] Height: unknown (run home)
[LIFT] Height: unknown (run home)
[LIFT] Height: unknown (run home)
[LIFT] Height: unknown (run home)
[LIFT] Height: unknown (run home)
[LIFT] Height: unknown (run home)
[LIFT] Height: unknown (run home)
[PicoLift] sent 'status'
[LIFT] Upper limit: clear
[LIFT] Lower limit: clear
[LIFT] Motion: UP
[LIFT] Velocity: 0.00 mm/s
[LIFT] Capabilities: lift_velocity_v1
[PicoLift] firmware capabilities: lift_velocity_v1
[LIFT] Height: unknown (run home)
[LIFT] V_Compute: 28.673 V
[LIFT] V_Motors: 28.509 V
[LIFT] Height: unknown (run home)
[LIFT] Height: unknown (run home)
[LIFT] Height: unknown (run home)
[LIFT] Height: unknown (run home)
[LIFT] Height: unknown (run home)
[LIFT] Height: unknown (run home)
[LIFT] Height: unknown (run home)
[LIFT] Height: unknown (run home)
[LIFT] Height: unknown (run home)
[LIFT] Height: unknown (run home)
[LIFT] Height: unknown (run home)
[LIFT] Height: unknown (run home)
[LIFT] Height: unknown (run home)
[LIFT] Height: unknown (run home)
[LIFT] Height: unknown (run home)
[LIFT] Height: unknown (run home)
[LIFT] Height: unknown (run home)
[LIFT] Height: unknown (run home)
[PicoLift] sent 'status'
[LIFT] Upper limit: clear
[LIFT] Lower limit: clear
[LIFT] Motion: UP
[LIFT] Velocity: 0.00 mm/s
[LIFT] Capabilities: lift_velocity_v1
[PicoLift] firmware capabilities: lift_velocity_v1
[LIFT] Height: unknown (run home)
[LIFT] Height: unknown (run home)
[LIFT] V_Compute: 28.659 V
[LIFT] V_Motors: 28.505 V
[LIFT] Height: unknown (run home)
[LIFT] Height: unknown (run home)
[LIFT] Height: unknown (run home)
[LIFT] Height: unknown (run home)
[LIFT] Height: unknown (run home)
[LIFT] Height: unknown (run home)
[LIFT] Height: unknown (run home)
[LIFT] Height: unknown (run home)
[LIFT] Height: unknown (run home)
[LIFT] Height: unknown (run home)
[LIFT] Height: unknown (run home)
[LIFT] Height: unknown (run home)
[LIFT] Height: unknown (run home)
[LIFT] Height: unknown (run home)
[LIFT] Height: unknown (run home)
[LIFT] Height: unknown (run home)
[LIFT] Height: unknown (run home)
[PicoLift] sent 'status'
[LIFT] Upper limit: clear
[LIFT] Lower limit: clear
[LIFT] Motion: UP
[LIFT] Velocity: 0.00 mm/s
[LIFT] Capabilities: lift_velocity_v1
[PicoLift] firmware capabilities: lift_velocity_v1
[LIFT] Height: unknown (run home)
[LIFT] Height: unknown (run home)
[LIFT] V_Compute: 28.661 V
[LIFT] V_Motors: 28.497 V
[LIFT] Height: unknown (run home)
[LIFT] Height: unknown (run home)
[LIFT] Height: unknown (run home)
[LIFT] Height: unknown (run home)
[LIFT] Height: unknown (run home)
[LIFT] Height: unknown (run home)
[LIFT] Height: unknown (run home)
[LIFT] Height: unknown (run home)
[LIFT] Height: unknown (run home)
[LIFT] Height: unknown (run home)
[LIFT] Height: unknown (run home)
[LIFT] Height: unknown (run home)
[LIFT] Height: unknown (run home)
[LIFT] Height: unknown (run home)
[LIFT] Height: unknown (run home)
[LIFT] Height: unknown (run home)
[LIFT] Height: unknown (run home)
[PicoLift] sent 'status'
[LIFT] Upper limit: clear
[LIFT] Lower limit: clear
[LIFT] Motion: UP
[LIFT] Velocity: 0.00 mm/s
[LIFT] Capabilities: lift_velocity_v1
[PicoLift] firmware capabilities: lift_velocity_v1
[LIFT] Height: unknown (run home)
[LIFT] Height: unknown (run home)
[LIFT] V_Compute: 28.655 V
[LIFT] V_Motors: 28.507 V
[LIFT] Height: unknown (run home)
[LIFT] Height: unknown (run home)
[LIFT] Height: unknown (run home)
[LIFT] Height: unknown (run home)
[LIFT] Height: unknown (run home)
[LIFT] Height: unknown (run home)
[LIFT] Height: unknown (run home)
[LIFT] Height: unknown (run home)
[LIFT] Height: unknown (run home)
[LIFT] Height: unknown (run home)
[LIFT] Height: unknown (run home)
[LIFT] Height: unknown (run home)
[LIFT] Height: unknown (run home)
[LIFT] Height: unknown (run home)
[LIFT] Height: unknown (run home)
[LIFT] Height: unknown (run home)
[LIFT] Height: unknown (run home)
[PicoLift] sent 'status'
[LIFT] Upper limit: clear
[LIFT] Lower limit: clear
[LIFT] Motion: UP
[LIFT] Velocity: 0.00 mm/s
[LIFT] Capabilities: lift_velocity_v1
[PicoLift] firmware capabilities: lift_velocity_v1
[LIFT] Height: unknown (run home)
[LIFT] Height: unknown (run home)
[LIFT] V_Compute: 28.667 V
[LIFT] V_Motors: 28.503 V
[LIFT] Height: unknown (run home)
[LIFT] Height: unknown (run home)
[LIFT] Height: unknown (run home)
[LIFT] Height: unknown (run home)
[LIFT] Height: unknown (run home)
[LIFT] Height: unknown (run home)
[LIFT] Height: unknown (run home)
[LIFT] Height: unknown (run home)
[LIFT] Height: unknown (run home)
[LIFT] Height: unknown (run home)
[LIFT] Height: unknown (run home)
[LIFT] Height: unknown (run home)
[LIFT] Height: unknown (run home)
[LIFT] Height: unknown (run home)
[LIFT] Height: unknown (run home)
[LIFT] Height: unknown (run home)
[LIFT] Height: unknown (run home)
[PicoLift] sent 'status'
[LIFT] Upper limit: clear
[LIFT] Lower limit: clear
[LIFT] Motion: UP
[LIFT] Velocity: 0.00 mm/s
[LIFT] Capabilities: lift_velocity_v1
[PicoLift] firmware capabilities: lift_velocity_v1
[LIFT] Height: unknown (run home)
[LIFT] V_Compute: 28.665 V
[LIFT] V_Motors: 28.501 V
[LIFT] Height: unknown (run home)
[LIFT] Height: unknown (run home)
[LIFT] Height: unknown (run home)
[LIFT] Height: unknown (run home)
[LIFT] Height: unknown (run home)
[LIFT] Height: unknown (run home)
[LIFT] Height: unknown (run home)
[LIFT] Height: unknown (run home)
[LIFT] Height: unknown (run home)
[LIFT] Height: unknown (run home)
[LIFT] Height: unknown (run home)
[LIFT] Height: unknown (run home)
[LIFT] Height: unknown (run home)
[LIFT] Height: unknown (run home)
[LIFT] Height: unknown (run home)
[LIFT] Height: unknown (run home)
[LIFT] Height: unknown (run home)
[LIFT] Height: unknown (run home)
[PicoLift] sent 'status'
[LIFT] Upper limit: clear
[LIFT] Lower limit: clear
[LIFT] Motion: UP
[LIFT] Velocity: 0.00 mm/s
[LIFT] Capabilities: lift_velocity_v1
[PicoLift] firmware capabilities: lift_velocity_v1
[LIFT] Height: unknown (run home)
[LIFT] V_Compute: 28.656 V
[LIFT] V_Motors: 28.496 V
[LIFT] Height: unknown (run home)
[LIFT] Height: unknown (run home)
[LIFT] Height: unknown (run home)
[LIFT] Height: unknown (run home)
[LIFT] Height: unknown (run home)
[LIFT] Height: unknown (run home)
[LIFT] Height: unknown (run home)
[LIFT] Height: unknown (run home)
[LIFT] Height: unknown (run home)
[LIFT] Height: unknown (run home)
[LIFT] Height: unknown (run home)
[LIFT] Height: unknown (run home)
[LIFT] Height: unknown (run home)
[LIFT] Height: unknown (run home)
[LIFT] Height: unknown (run home)
[LIFT] Height: unknown (run home)
[LIFT] Height: unknown (run home)
[LIFT] Height: unknown (run home)
[PicoLift] sent 'status'
[LIFT] Upper limit: clear
[LIFT] Lower limit: clear
[LIFT] Motion: UP
[LIFT] Velocity: 0.00 mm/s
[LIFT] Capabilities: lift_velocity_v1
[PicoLift] firmware capabilities: lift_velocity_v1
[LIFT] Height: unknown (run home)
[LIFT] V_Compute: 28.654 V
[LIFT] V_Motors: 28.500 V
[LIFT] Height: unknown (run home)
[LIFT] Height: unknown (run home)
[LIFT] Height: unknown (run home)
[LIFT] Height: unknown (run home)
[LIFT] Height: unknown (run home)
[LIFT] Height: unknown (run home)
[LIFT] Height: unknown (run home)
[LIFT] Height: unknown (run home)
[LIFT] Height: unknown (run home)
[LIFT] Height: unknown (run home)
[LIFT] Height: unknown (run home)
[LIFT] Height: unknown (run home)
[LIFT] Height: unknown (run home)
[LIFT] Height: unknown (run home)
[LIFT] Height: unknown (run home)
[LIFT] Height: unknown (run home)
[LIFT] Height: unknown (run home)
[LIFT] Height: unknown (run home)
[PicoLift] sent 'status'
[LIFT] Upper limit: clear
[LIFT] Lower limit: clear
[LIFT] Motion: UP
[LIFT] Velocity: 0.00 mm/s
[LIFT] Capabilities: lift_velocity_v1
[PicoLift] firmware capabilities: lift_velocity_v1
[LIFT] Height: unknown (run home)
[LIFT] V_Compute: 28.661 V
[LIFT] V_Motors: 28.496 V
[LIFT] Height: unknown (run home)
[LIFT] Height: unknown (run home)
[LIFT] Height: unknown (run home)
[LIFT] Height: unknown (run home)
[LIFT] Height: unknown (run home)
[LIFT] Height: unknown (run home)
[LIFT] Height: unknown (run home)
[LIFT] Height: unknown (run home)
[LIFT] Height: unknown (run home)
[LIFT] Height: unknown (run home)
[LIFT] Height: unknown (run home)
[LIFT] Height: unknown (run home)
[LIFT] Height: unknown (run home)
[LIFT] Height: unknown (run home)
[LIFT] Height: unknown (run home)
[LIFT] Height: unknown (run home)
[LIFT] Height: unknown (run home)
[LIFT] Height: unknown (run home)
[PicoLift] sent 'status'
[LIFT] Height: unknown (run home)
[LIFT] Upper limit: clear
[LIFT] Lower limit: clear
[LIFT] Motion: UP
[LIFT] Velocity: 0.00 mm/s
[LIFT] Capabilities: lift_velocity_v1
[PicoLift] firmware capabilities: lift_velocity_v1
[LIFT] Height: unknown (run home)
[LIFT] V_Compute: 28.661 V
[LIFT] V_Motors: 28.499 V
[LIFT] Height: unknown (run home)
[LIFT] Height: unknown (run home)
[LIFT] Height: unknown (run home)
[LIFT] Height: unknown (run home)
[LIFT] Height: unknown (run home)
[LIFT] Height: unknown (run home)
[LIFT] Height: unknown (run home)
[LIFT] Height: unknown (run home)
[LIFT] Height: unknown (run home)
[LIFT] Height: unknown (run home)
[LIFT] Height: unknown (run home)
[LIFT] Height: unknown (run home)
[LIFT] Height: unknown (run home)
[LIFT] Height: unknown (run home)
[LIFT] Height: unknown (run home)
[LIFT] Height: unknown (run home)
[LIFT] Height: unknown (run home)
[PicoLift] sent 'status'
[LIFT] Height: unknown (run home)
[LIFT] Upper limit: clear
[LIFT] Lower limit: clear
[LIFT] Motion: UP
[LIFT] Velocity: 0.00 mm/s
[LIFT] Capabilities: lift_velocity_v1
[PicoLift] firmware capabilities: lift_velocity_v1
[LIFT] Height: unknown (run home)
[LIFT] V_Compute: 28.654 V
[LIFT] V_Motors: 28.496 V
[LIFT] Height: unknown (run home)
[LIFT] Height: unknown (run home)
[LIFT] Height: unknown (run home)
[LIFT] Height: unknown (run home)
[LIFT] Height: unknown (run home)
[LIFT] Height: unknown (run home)
[LIFT] Height: unknown (run home)
[LIFT] Height: unknown (run home)
[LIFT] Height: unknown (run home)
[LIFT] Height: unknown (run home)
[LIFT] Height: unknown (run home)
[LIFT] Height: unknown (run home)
[LIFT] Height: unknown (run home)
[LIFT] Height: unknown (run home)
[LIFT] Height: unknown (run home)
[LIFT] Height: unknown (run home)
[LIFT] Height: unknown (run home)
[PicoLift] sent 'status'
[LIFT] Height: unknown (run home)
[LIFT] Upper limit: clear
[LIFT] Lower limit: clear
[LIFT] Motion: UP
[LIFT] Velocity: 0.00 mm/s
[LIFT] Capabilities: lift_velocity_v1
[PicoLift] firmware capabilities: lift_velocity_v1
[LIFT] Height: unknown (run home)
[LIFT] V_Compute: 28.657 V
[LIFT] V_Motors: 28.501 V
[LIFT] Height: unknown (run home)
[LIFT] Height: unknown (run home)
[LIFT] Height: unknown (run home)
[LIFT] Height: unknown (run home)
[LIFT] Height: unknown (run home)
[LIFT] Height: unknown (run home)
[LIFT] Height: unknown (run home)
[LIFT] Height: unknown (run home)
[LIFT] Height: unknown (run home)
[LIFT] Height: unknown (run home)
[LIFT] Height: unknown (run home)
[LIFT] Height: unknown (run home)
[LIFT] Height: unknown (run home)
[LIFT] Height: unknown (run home)
[LIFT] Height: unknown (run home)
[LIFT] Height: unknown (run home)
[LIFT] Height: unknown (run home)
[PicoLift] sent 'status'
[LIFT] Height: unknown (run home)
[LIFT] Upper limit: clear
[LIFT] Lower limit: clear
[LIFT] Motion: UP
[LIFT] Velocity: 0.00 mm/s
[LIFT] Capabilities: lift_velocity_v1
[PicoLift] firmware capabilities: lift_velocity_v1
[LIFT] Height: unknown (run home)
[LIFT] V_Compute: 28.669 V
[LIFT] V_Motors: 28.499 V
[LIFT] Height: unknown (run home)
[LIFT] Height: unknown (run home)
[LIFT] Height: unknown (run home)
[LIFT] Height: unknown (run home)
[LIFT] Height: unknown (run home)
[LIFT] Height: unknown (run home)
[LIFT] Height: unknown (run home)
[LIFT] Height: unknown (run home)
[LIFT] Height: unknown (run home)
[LIFT] Height: unknown (run home)
[LIFT] Height: unknown (run home)
[LIFT] Height: unknown (run home)
[LIFT] Height: unknown (run home)
[LIFT] Height: unknown (run home)
[LIFT] Height: unknown (run home)
[LIFT] Height: unknown (run home)
[LIFT] Height: unknown (run home)
[PicoLift] sent 'status'
[LIFT] Height: unknown (run home)
[LIFT] Upper limit: clear
[LIFT] Lower limit: clear
[LIFT] Motion: UP
[LIFT] Velocity: 0.00 mm/s
[LIFT] Capabilities: lift_velocity_v1
[PicoLift] firmware capabilities: lift_velocity_v1
[LIFT] Height: unknown (run home)
[LIFT] V_Compute: 28.659 V
[LIFT] V_Motors: 28.495 V
[LIFT] Height: unknown (run home)
[LIFT] Height: unknown (run home)
[LIFT] Height: unknown (run home)
[LIFT] Height: unknown (run home)
[LIFT] Height: unknown (run home)
[LIFT] Height: unknown (run home)
[LIFT] Height: unknown (run home)
[LIFT] Height: unknown (run home)
[LIFT] Height: unknown (run home)
[LIFT] Height: unknown (run home)
[LIFT] Height: unknown (run home)
[LIFT] Height: unknown (run home)
[LIFT] Height: unknown (run home)
[LIFT] Height: unknown (run home)
[LIFT] Height: unknown (run home)
[LIFT] Height: unknown (run home)
[LIFT] Height: unknown (run home)
[PicoLift] sent 'status'
[LIFT] Height: unknown (run home)
[LIFT] Upper limit: clear
[LIFT] Lower limit: clear
[LIFT] Motion: UP
[LIFT] Velocity: 0.00 mm/s
[LIFT] Capabilities: lift_velocity_v1
[PicoLift] firmware capabilities: lift_velocity_v1
[LIFT] Height: unknown (run home)
[LIFT] V_Compute: 28.661 V
[LIFT] V_Motors: 28.496 V
[LIFT] Height: unknown (run home)
[LIFT] Height: unknown (run home)
[LIFT] Height: unknown (run home)
[LIFT] Height: unknown (run home)
[LIFT] Height: unknown (run home)
[LIFT] Height: unknown (run home)
[LIFT] Height: unknown (run home)
[LIFT] Height: unknown (run home)
[LIFT] Height: unknown (run home)
[LIFT] Height: unknown (run home)
[LIFT] Height: unknown (run home)
[LIFT] Height: unknown (run home)
[LIFT] Height: unknown (run home)
[LIFT] Height: unknown (run home)
[LIFT] Height: unknown (run home)
[LIFT] Height: unknown (run home)
[LIFT] Height: unknown (run home)
[PicoLift] sent 'status'
[LIFT] Height: unknown (run home)
[LIFT] Upper limit: clear
[LIFT] Lower limit: clear
[LIFT] Motion: UP
[LIFT] Velocity: 0.00 mm/s
[LIFT] Capabilities: lift_velocity_v1
[PicoLift] firmware capabilities: lift_velocity_v1
[LIFT] Height: unknown (run home)
[LIFT] V_Compute: 28.660 V
[LIFT] V_Motors: 28.501 V
[LIFT] Height: unknown (run home)
[LIFT] Height: unknown (run home)
[LIFT] Height: unknown (run home)
[LIFT] Height: unknown (run home)
[LIFT] Height: unknown (run home)
[LIFT] Height: unknown (run home)
[LIFT] Height: unknown (run home)
[LIFT] Height: unknown (run home)
[LIFT] Height: unknown (run home)
[LIFT] Height: unknown (run home)
[LIFT] Height: unknown (run home)
[LIFT] Height: unknown (run home)
[LIFT] Height: unknown (run home)
[LIFT] Height: unknown (run home)
[LIFT] Height: unknown (run home)
[LIFT] Height: unknown (run home)
[LIFT] Height: unknown (run home)
[PicoLift] sent 'status'
[LIFT] Height: unknown (run home)
[LIFT] Upper limit: clear
[LIFT] Lower limit: clear
[LIFT] Motion: UP
[LIFT] Velocity: 0.00 mm/s
[LIFT] Capabilities: lift_velocity_v1
[PicoLift] firmware capabilities: lift_velocity_v1
[LIFT] Height: unknown (run home)
[LIFT] V_Compute: 28.663 V
[LIFT] V_Motors: 28.499 V
[LIFT] Height: unknown (run home)
[LIFT] Height: unknown (run home)
[LIFT] Height: unknown (run home)
[LIFT] Height: unknown (run home)
[LIFT] Height: unknown (run home)
[LIFT] Height: unknown (run home)
[LIFT] Height: unknown (run home)
[LIFT] Height: unknown (run home)
[LIFT] Height: unknown (run home)
[LIFT] Height: unknown (run home)
[LIFT] Height: unknown (run home)
[LIFT] Height: unknown (run home)
[LIFT] Height: unknown (run home)
[LIFT] Height: unknown (run home)
[LIFT] Height: unknown (run home)
[LIFT] Height: unknown (run home)
[LIFT] Height: unknown (run home)
[LIFT] Height: unknown (run home)
[PicoLift] sent 'status'
[LIFT] Upper limit: clear
[LIFT] Lower limit: clear
[LIFT] Motion: UP
[LIFT] Velocity: 0.00 mm/s
[LIFT] Capabilities: lift_velocity_v1
[PicoLift] firmware capabilities: lift_velocity_v1
[LIFT] Height: unknown (run home)
[LIFT] V_Compute: 28.660 V
[LIFT] V_Motors: 28.501 V
[LIFT] Height: unknown (run home)
[LIFT] Height: unknown (run home)
[LIFT] Height: unknown (run home)
[LIFT] Height: unknown (run home)
[LIFT] Height: unknown (run home)
[LIFT] Height: unknown (run home)
[LIFT] Height: unknown (run home)
[LIFT] Height: unknown (run home)
[LIFT] Height: unknown (run home)
[LIFT] Height: unknown (run home)
[LIFT] Height: unknown (run home)
[LIFT] Height: unknown (run home)
[LIFT] Height: unknown (run home)
[LIFT] Height: unknown (run home)
[LIFT] Height: unknown (run home)
[LIFT] Height: unknown (run home)
[LIFT] Height: unknown (run home)
[PicoLift] sent 'status'
[LIFT] Height: unknown (run home)
[LIFT] Upper limit: clear
[LIFT] Lower limit: clear
[LIFT] Motion: UP
[LIFT] Velocity: 0.00 mm/s
[LIFT] Capabilities: lift_velocity_v1
[PicoLift] firmware capabilities: lift_velocity_v1
[LIFT] Height: unknown (run home)
[LIFT] V_Compute: 28.664 V
[LIFT] V_Motors: 28.503 V
[LIFT] Height: unknown (run home)
[LIFT] Height: unknown (run home)
[LIFT] Height: unknown (run home)
[LIFT] Height: unknown (run home)
[LIFT] Height: unknown (run home)
[LIFT] Height: unknown (run home)
[LIFT] Height: unknown (run home)
[LIFT] Height: unknown (run home)
[LIFT] Height: unknown (run home)
[LIFT] Height: unknown (run home)
[LIFT] Height: unknown (run home)
[LIFT] Height: unknown (run home)
[LIFT] Height: unknown (run home)
[LIFT] Height: unknown (run home)
[LIFT] Height: unknown (run home)
[LIFT] Height: unknown (run home)
[LIFT] Height: unknown (run home)
[LIFT] Height: unknown (run home)
[PicoLift] sent 'status'
[LIFT] Upper limit: clear
[LIFT] Lower limit: clear
[LIFT] Motion: UP
[LIFT] Velocity: 0.00 mm/s
[LIFT] Capabilities: lift_velocity_v1
[PicoLift] firmware capabilities: lift_velocity_v1
[LIFT] Height: unknown (run home)
[LIFT] V_Compute: 28.654 V
[LIFT] V_Motors: 28.495 V
[LIFT] Height: unknown (run home)
[LIFT] Height: unknown (run home)
[LIFT] Height: unknown (run home)
[LIFT] Height: unknown (run home)
[LIFT] Height: unknown (run home)
[LIFT] Height: unknown (run home)
[LIFT] Height: unknown (run home)
[LIFT] Height: unknown (run home)
[LIFT] Height: unknown (run home)
[LIFT] Height: unknown (run home)
[LIFT] Height: unknown (run home)
[LIFT] Home complete.
[PicoLift] sent 'status'
[PicoLift] sent 'status'
[YOR] lift: home complete at 0.9 m
[YOR] lift: moving to 450 mm from zero
[PicoLift] sent 'down 450.00'
[LIFT] Upper limit: ACTIVE
[LIFT] Lower limit: clear
[LIFT] Motion: IDLE
[LIFT] Velocity: 0.00 mm/s
[LIFT] Capabilities: lift_velocity_v1
[PicoLift] firmware capabilities: lift_velocity_v1
[LIFT] V_Compute: 28.663 V
[LIFT] V_Motors: 28.529 V
[LIFT] Upper limit: ACTIVE
[LIFT] Lower limit: clear
[LIFT] Motion: IDLE
[LIFT] Velocity: 0.00 mm/s
[LIFT] Capabilities: lift_velocity_v1
[PicoLift] firmware capabilities: lift_velocity_v1
[LIFT] Moving DOWN 450.00 mm
[LIFT] V_Compute: 28.667 V
[LIFT] V_Motors: 28.468 V
[LIFT] V_Compute: 28.665 V
[LIFT] V_Motors: 28.504 V
[LIFT] V_Compute: 28.666 V
[LIFT] V_Motors: 28.515 V
[LIFT] V_Compute: 28.673 V
[LIFT] V_Motors: 28.506 V
[LIFT] V_Compute: 28.667 V
[LIFT] V_Motors: 28.522 V
[LIFT] V_Compute: 28.669 V
[LIFT] V_Motors: 28.517 V
[LIFT] V_Compute: 28.656 V
[LIFT] V_Motors: 28.509 V
[LIFT] V_Compute: 28.660 V
[LIFT] V_Motors: 28.500 V
[LIFT] V_Compute: 28.660 V
[LIFT] V_Motors: 28.514 V
[LIFT] V_Compute: 28.673 V
[LIFT] V_Motors: 28.513 V
[LIFT] V_Compute: 28.667 V
[LIFT] V_Motors: 28.519 V
[LIFT] V_Compute: 28.670 V
[LIFT] V_Motors: 28.514 V
[LIFT] V_Compute: 28.669 V
[LIFT] V_Motors: 28.515 V
[LIFT] V_Compute: 28.660 V
[LIFT] V_Motors: 28.521 V
[LIFT] V_Compute: 28.655 V
[LIFT] V_Motors: 28.517 V
[LIFT] V_Compute: 28.669 V
[LIFT] V_Motors: 28.521 V
[LIFT] V_Compute: 28.665 V
[LIFT] V_Motors: 28.507 V
[LIFT] V_Compute: 28.669 V
[LIFT] V_Motors: 28.505 V
[PicoLift] sent 'stop'
[YOR] lift: startup position 0.450944 m
[LIFT] Motion stopped by user.
[LIFT] V_Compute: 28.666 V
[LIFT] V_Motors: 28.524 V
[LIFT] V_Compute: 28.661 V
[LIFT] V_Motors: 28.524 V
[LIFT] V_Compute: 28.666 V
[LIFT] V_Motors: 28.527 V
[LIFT] V_Compute: 28.664 V
[LIFT] V_Motors: 28.531 V
[LIFT] V_Compute: 28.666 V
[LIFT] V_Motors: 28.530 V
[LIFT] V_Compute: 28.666 V
[LIFT] V_Motors: 28.525 V
[LIFT] V_Compute: 28.666 V
[LIFT] V_Motors: 28.525 V
[LIFT] V_Compute: 28.663 V
[LIFT] V_Motors: 28.525 V
[LIFT] V_Compute: 28.660 V
[LIFT] V_Motors: 28.527 V
[LIFT] V_Compute: 28.667 V
[LIFT] V_Motors: 28.526 V
[LIFT] V_Compute: 28.671 V
[LIFT] V_Motors: 28.531 V
[LIFT] V_Compute: 28.667 V
[LIFT] V_Motors: 28.532 V
[LIFT] V_Compute: 28.667 V
[LIFT] V_Motors: 28.524 V
[LIFT] V_Compute: 28.667 V
[LIFT] V_Motors: 28.527 V
[LIFT] V_Compute: 28.666 V
[LIFT] V_Motors: 28.526 V
[LIFT] V_Compute: 28.666 V
[LIFT] V_Motors: 28.529 V
[LIFT] V_Compute: 28.664 V
[LIFT] V_Motors: 28.524 V
[LIFT] V_Compute: 28.664 V
[LIFT] V_Motors: 28.527 V
[LIFT] V_Compute: 28.663 V
[LIFT] V_Motors: 28.527 V
[LIFT] V_Compute: 28.666 V
[LIFT] V_Motors: 28.532 V
[LIFT] V_Compute: 28.656 V
[LIFT] V_Motors: 28.527 V
[LIFT] V_Compute: 28.661 V
[LIFT] V_Motors: 28.527 V
[LIFT] V_Compute: 28.666 V
[LIFT] V_Motors: 28.530 V
[LIFT] V_Compute: 28.664 V
[LIFT] V_Motors: 28.530 V
[LIFT] V_Compute: 28.665 V
[LIFT] V_Motors: 28.527 V
[LIFT] V_Compute: 28.659 V
[LIFT] V_Motors: 28.529 V
[LIFT] V_Compute: 28.665 V
[LIFT] V_Motors: 28.530 V
[LIFT] V_Compute: 28.667 V
[LIFT] V_Motors: 28.531 V
[LIFT] V_Compute: 28.666 V
[LIFT] V_Motors: 28.529 V
[LIFT] V_Compute: 28.655 V
[LIFT] V_Motors: 28.516 V
Warning: YOR already initialized
[LIFT] V_Compute: 28.670 V
[LIFT] V_Motors: 28.524 V
[LIFT] V_Compute: 28.664 V
[LIFT] V_Motors: 28.527 V
[LIFT] V_Compute: 28.669 V
[LIFT] V_Motors: 28.527 V
[LIFT] V_Compute: 28.663 V
[LIFT] V_Motors: 28.527 V
[LIFT] V_Compute: 28.664 V
[LIFT] V_Motors: 28.499 V
[LIFT] V_Compute: 28.666 V
[LIFT] V_Motors: 28.530 V
[LIFT] V_Compute: 28.663 V
[LIFT] V_Motors: 28.527 V
[LIFT] V_Compute: 28.663 V
[LIFT] V_Motors: 28.476 V
[LIFT] V_Compute: 28.666 V
[LIFT] V_Motors: 28.511 V
[LIFT] V_Compute: 28.663 V
[LIFT] V_Motors: 28.479 V
[LIFT] V_Compute: 28.666 V
[LIFT] V_Motors: 28.529 V
[LIFT] V_Compute: 28.665 V
[LIFT] V_Motors: 28.530 V
[LIFT] V_Compute: 28.674 V
[LIFT] V_Motors: 28.482 V
[LIFT] V_Compute: 28.665 V
[LIFT] V_Motors: 28.484 V
[LIFT] V_Compute: 28.663 V
[LIFT] V_Motors: 28.524 V
[LIFT] V_Compute: 28.666 V
[LIFT] V_Motors: 28.527 V
[LIFT] V_Compute: 28.656 V
[LIFT] V_Motors: 28.464 V
[LIFT] V_Compute: 28.659 V
[LIFT] V_Motors: 28.499 V
[LIFT] V_Compute: 28.659 V
[LIFT] V_Motors: 28.479 V
[LIFT] V_Compute: 28.660 V
[LIFT] V_Motors: 28.379 V
[LIFT] V_Compute: 28.665 V
[LIFT] V_Motors: 28.481 V
[LIFT] V_Compute: 28.664 V
[LIFT] V_Motors: 28.507 V
[LIFT] V_Compute: 28.670 V
[LIFT] V_Motors: 28.494 V
[LIFT] V_Compute: 28.661 V
[LIFT] V_Motors: 28.522 V
[LIFT] V_Compute: 28.661 V
[LIFT] V_Motors: 28.474 V
[LIFT] V_Compute: 28.667 V
[LIFT] V_Motors: 28.506 V
[LIFT] V_Compute: 28.667 V
[LIFT] V_Motors: 28.525 V
[LIFT] V_Compute: 28.665 V
[LIFT] V_Motors: 28.504 V
[LIFT] V_Compute: 28.665 V
[LIFT] V_Motors: 28.524 V
[LIFT] V_Compute: 28.664 V
[LIFT] V_Motors: 28.485 V
[LIFT] V_Compute: 28.664 V
[LIFT] V_Motors: 28.520 V
[LIFT] V_Compute: 28.659 V
[LIFT] V_Motors: 28.493 V
[LIFT] V_Compute: 28.669 V
[LIFT] V_Motors: 28.530 V
[LIFT] V_Compute: 28.663 V
[LIFT] V_Motors: 28.524 V
[LIFT] V_Compute: 28.659 V
[LIFT] V_Motors: 28.511 V
[LIFT] V_Compute: 28.663 V
[LIFT] V_Motors: 28.475 V
[LIFT] V_Compute: 28.664 V
[LIFT] V_Motors: 28.494 V
[LIFT] V_Compute: 28.663 V
[LIFT] V_Motors: 28.522 V
[LIFT] V_Compute: 28.665 V
[LIFT] V_Motors: 28.526 V
[LIFT] V_Compute: 28.661 V
[LIFT] V_Motors: 28.495 V
[LIFT] V_Compute: 28.667 V
[LIFT] V_Motors: 28.524 V
[LIFT] V_Compute: 28.663 V
[LIFT] V_Motors: 28.479 V
[LIFT] V_Compute: 28.663 V
[LIFT] V_Motors: 28.505 V
[LIFT] V_Compute: 28.659 V
[LIFT] V_Motors: 28.525 V
[LIFT] V_Compute: 28.655 V
[LIFT] V_Motors: 28.491 V
[LIFT] V_Compute: 28.661 V
[LIFT] V_Motors: 28.529 V
[LIFT] V_Compute: 28.664 V
[LIFT] V_Motors: 28.524 V
[LIFT] V_Compute: 28.657 V
[LIFT] V_Motors: 28.522 V
[LIFT] V_Compute: 28.665 V
[LIFT] V_Motors: 28.525 V
[LIFT] V_Compute: 28.660 V
[LIFT] V_Motors: 28.526 V
[LIFT] V_Compute: 28.664 V
[LIFT] V_Motors: 28.527 V
[LIFT] V_Compute: 28.670 V
[LIFT] V_Motors: 28.486 V
[LIFT] V_Compute: 28.664 V
[LIFT] V_Motors: 28.522 V
[LIFT] V_Compute: 28.664 V
[LIFT] V_Motors: 28.526 V
[LIFT] V_Compute: 28.657 V
[LIFT] V_Motors: 28.524 V
[LIFT] V_Compute: 28.669 V
[LIFT] V_Motors: 28.497 V
[LIFT] V_Compute: 28.667 V
[LIFT] V_Motors: 28.497 V
[LIFT] V_Compute: 28.666 V
[LIFT] V_Motors: 28.527 V
[LIFT] V_Compute: 28.666 V
[LIFT] V_Motors: 28.478 V
[LIFT] V_Compute: 28.670 V
[LIFT] V_Motors: 28.520 V
[LIFT] V_Compute: 28.661 V
[LIFT] V_Motors: 28.478 V
[LIFT] V_Compute: 28.663 V
[LIFT] V_Motors: 28.504 V
[LIFT] V_Compute: 28.664 V
[LIFT] V_Motors: 28.507 V
[LIFT] V_Compute: 28.666 V
[LIFT] V_Motors: 28.499 V
[LIFT] V_Compute: 28.667 V
[LIFT] V_Motors: 28.491 V
[LIFT] V_Compute: 28.670 V
[LIFT] V_Motors: 28.495 V
[LIFT] V_Compute: 28.665 V
[LIFT] V_Motors: 28.426 V
[LIFT] V_Compute: 28.664 V
[LIFT] V_Motors: 28.481 V
[LIFT] V_Compute: 28.655 V
[LIFT] V_Motors: 28.495 V
[LIFT] V_Compute: 28.657 V
[LIFT] V_Motors: 28.482 V
[LIFT] V_Compute: 28.661 V
[LIFT] V_Motors: 28.510 V
[LIFT] V_Compute: 28.656 V
[LIFT] V_Motors: 28.481 V
[LIFT] V_Compute: 28.660 V
[LIFT] V_Motors: 28.520 V
[LIFT] V_Compute: 28.664 V
[LIFT] V_Motors: 28.521 V
[LIFT] V_Compute: 28.665 V
[LIFT] V_Motors: 28.524 V
[LIFT] V_Compute: 28.666 V
[LIFT] V_Motors: 28.520 V
[LIFT] V_Compute: 28.666 V
[LIFT] V_Motors: 28.520 V
[LIFT] V_Compute: 28.659 V
[LIFT] V_Motors: 28.522 V
[LIFT] V_Compute: 28.660 V
[LIFT] V_Motors: 28.522 V
[LIFT] V_Compute: 28.661 V
[LIFT] V_Motors: 28.519 V
[LIFT] V_Compute: 28.667 V
[LIFT] V_Motors: 28.526 V
[LIFT] V_Compute: 28.661 V
[LIFT] V_Motors: 28.525 V
[LIFT] V_Compute: 28.660 V
[LIFT] V_Motors: 28.526 V
[LIFT] V_Compute: 28.669 V
[LIFT] V_Motors: 28.525 V
[LIFT] V_Compute: 28.666 V
[LIFT] V_Motors: 28.516 V
[LIFT] V_Compute: 28.660 V
[LIFT] V_Motors: 28.516 V
[LIFT] V_Compute: 28.666 V
[LIFT] V_Motors: 28.520 V
[LIFT] V_Compute: 28.664 V
[LIFT] V_Motors: 28.516 V
[LIFT] V_Compute: 28.663 V
[LIFT] V_Motors: 28.524 V
[LIFT] V_Compute: 28.655 V
[LIFT] V_Motors: 28.514 V
[LIFT] V_Compute: 28.660 V
[LIFT] V_Motors: 28.521 V
[LIFT] V_Compute: 28.656 V
[LIFT] V_Motors: 28.521 V
[LIFT] V_Compute: 28.659 V
[LIFT] V_Motors: 28.521 V
[LIFT] V_Compute: 28.666 V
[LIFT] V_Motors: 28.519 V
[LIFT] V_Compute: 28.666 V
[LIFT] V_Motors: 28.520 V
[LIFT] V_Compute: 28.664 V
[LIFT] V_Motors: 28.522 V
[LIFT] V_Compute: 28.660 V
[LIFT] V_Motors: 28.519 V
[LIFT] V_Compute: 28.659 V
[LIFT] V_Motors: 28.522 V
[LIFT] V_Compute: 28.659 V
[LIFT] V_Motors: 28.527 V
[LIFT] V_Compute: 28.675 V
[LIFT] V_Motors: 28.522 V
[LIFT] V_Compute: 28.664 V
[LIFT] V_Motors: 28.522 V
[LIFT] V_Compute: 28.661 V
[LIFT] V_Motors: 28.527 V
[LIFT] V_Compute: 28.660 V
[LIFT] V_Motors: 28.520 V
[LIFT] V_Compute: 28.660 V
[LIFT] V_Motors: 28.525 V
[LIFT] V_Compute: 28.664 V
[LIFT] V_Motors: 28.526 V
[LIFT] V_Compute: 28.664 V
[LIFT] V_Motors: 28.525 V
[LIFT] V_Compute: 28.667 V
[LIFT] V_Motors: 28.524 V
[LIFT] V_Compute: 28.664 V
[LIFT] V_Motors: 28.526 V
[LIFT] V_Compute: 28.664 V
[LIFT] V_Motors: 28.517 V
[LIFT] V_Compute: 28.664 V
[LIFT] V_Motors: 28.524 V
[LIFT] V_Compute: 28.664 V
[LIFT] V_Motors: 28.524 V
[LIFT] V_Compute: 28.661 V
[LIFT] V_Motors: 28.529 V
[LIFT] V_Compute: 28.665 V
[LIFT] V_Motors: 28.519 V
[LIFT] V_Compute: 28.657 V
[LIFT] V_Motors: 28.520 V
[LIFT] V_Compute: 28.665 V
[LIFT] V_Motors: 28.521 V
[LIFT] V_Compute: 28.659 V
[LIFT] V_Motors: 28.527 V
[LIFT] V_Compute: 28.657 V
[LIFT] V_Motors: 28.524 V
[LIFT] V_Compute: 28.664 V
[LIFT] V_Motors: 28.524 V
[LIFT] V_Compute: 28.666 V
[LIFT] V_Motors: 28.520 V
[LIFT] V_Compute: 28.661 V
[LIFT] V_Motors: 28.525 V
[LIFT] V_Compute: 28.669 V
[LIFT] V_Motors: 28.517 V
[LIFT] V_Compute: 28.663 V
[LIFT] V_Motors: 28.522 V
[LIFT] V_Compute: 28.656 V
[LIFT] V_Motors: 28.525 V
[LIFT] V_Compute: 28.666 V
[LIFT] V_Motors: 28.520 V
[LIFT] V_Compute: 28.659 V
[LIFT] V_Motors: 28.520 V
[LIFT] V_Compute: 28.655 V
[LIFT] V_Motors: 28.527 V
[LIFT] V_Compute: 28.666 V
[LIFT] V_Motors: 28.522 V
[LIFT] V_Compute: 28.664 V
[LIFT] V_Motors: 28.526 V
[LIFT] V_Compute: 28.657 V
[LIFT] V_Motors: 28.526 V
[LIFT] V_Compute: 28.659 V
[LIFT] V_Motors: 28.521 V
[LIFT] V_Compute: 28.664 V
[LIFT] V_Motors: 28.520 V
[LIFT] V_Compute: 28.659 V
[LIFT] V_Motors: 28.516 V
[LIFT] V_Compute: 28.663 V
[LIFT] V_Motors: 28.525 V
[LIFT] V_Compute: 28.670 V
[LIFT] V_Motors: 28.527 V
[LIFT] V_Compute: 28.663 V
[LIFT] V_Motors: 28.529 V
[LIFT] V_Compute: 28.661 V
[LIFT] V_Motors: 28.530 V
[LIFT] V_Compute: 28.666 V
[LIFT] V_Motors: 28.527 V
[LIFT] V_Compute: 28.657 V
[LIFT] V_Motors: 28.516 V
[LIFT] V_Compute: 28.657 V
[LIFT] V_Motors: 28.524 V
[LIFT] V_Compute: 28.661 V
[LIFT] V_Motors: 28.521 V
[LIFT] V_Compute: 28.663 V
[LIFT] V_Motors: 28.521 V
[LIFT] V_Compute: 28.664 V
[LIFT] V_Motors: 28.520 V
[LIFT] V_Compute: 28.656 V
[LIFT] V_Motors: 28.527 V
[LIFT] V_Compute: 28.657 V
[LIFT] V_Motors: 28.521 V
[LIFT] V_Compute: 28.660 V
[LIFT] V_Motors: 28.524 V
[LIFT] V_Compute: 28.656 V
[LIFT] V_Motors: 28.522 V
[LIFT] V_Compute: 28.666 V
[LIFT] V_Motors: 28.526 V
[LIFT] V_Compute: 28.660 V
[LIFT] V_Motors: 28.524 V
[LIFT] V_Compute: 28.657 V
[LIFT] V_Motors: 28.529 V
[LIFT] V_Compute: 28.667 V
[LIFT] V_Motors: 28.525 V
[LIFT] V_Compute: 28.661 V
[LIFT] V_Motors: 28.530 V
[LIFT] V_Compute: 28.661 V
[LIFT] V_Motors: 28.524 V
[LIFT] V_Compute: 28.661 V
[LIFT] V_Motors: 28.527 V
[LIFT] V_Compute: 28.664 V
[LIFT] V_Motors: 28.525 V
[LIFT] V_Compute: 28.657 V
[LIFT] V_Motors: 28.525 V
[LIFT] V_Compute: 28.660 V
[LIFT] V_Motors: 28.524 V
[LIFT] V_Compute: 28.659 V
[LIFT] V_Motors: 28.522 V
[LIFT] V_Compute: 28.669 V
[LIFT] V_Motors: 28.529 V
[LIFT] V_Compute: 28.651 V
[LIFT] V_Motors: 28.515 V
[LIFT] V_Compute: 28.665 V
[LIFT] V_Motors: 28.526 V
[LIFT] V_Compute: 28.663 V
[LIFT] V_Motors: 28.526 V
[LIFT] V_Compute: 28.664 V
[LIFT] V_Motors: 28.525 V
[LIFT] V_Compute: 28.663 V
[LIFT] V_Motors: 28.525 V
[LIFT] V_Compute: 28.651 V
[LIFT] V_Motors: 28.521 V
[LIFT] V_Compute: 28.660 V
[LIFT] V_Motors: 28.525 V
[LIFT] V_Compute: 28.666 V
[LIFT] V_Motors: 28.522 V
[LIFT] V_Compute: 28.663 V
[LIFT] V_Motors: 28.521 V
[LIFT] V_Compute: 28.666 V
[LIFT] V_Motors: 28.524 V
[LIFT] V_Compute: 28.661 V
[LIFT] V_Motors: 28.522 V
[LIFT] V_Compute: 28.663 V
[LIFT] V_Motors: 28.526 V
[LIFT] V_Compute: 28.656 V
[LIFT] V_Motors: 28.521 V
[LIFT] V_Compute: 28.661 V
[LIFT] V_Motors: 28.527 V
[LIFT] V_Compute: 28.663 V
[LIFT] V_Motors: 28.526 V
[LIFT] V_Compute: 28.663 V
[LIFT] V_Motors: 28.529 V
[LIFT] V_Compute: 28.665 V
[LIFT] V_Motors: 28.521 V
[LIFT] V_Compute: 28.656 V
[LIFT] V_Motors: 28.527 V
[LIFT] V_Compute: 28.652 V
[LIFT] V_Motors: 28.519 V
[LIFT] V_Compute: 28.661 V
[LIFT] V_Motors: 28.525 V
[LIFT] V_Compute: 28.663 V
[LIFT] V_Motors: 28.519 V
[LIFT] V_Compute: 28.656 V
[LIFT] V_Motors: 28.524 V
[LIFT] V_Compute: 28.669 V
[LIFT] V_Motors: 28.522 V
[LIFT] V_Compute: 28.663 V
[LIFT] V_Motors: 28.529 V
[LIFT] V_Compute: 28.661 V
[LIFT] V_Motors: 28.527 V
[LIFT] V_Compute: 28.663 V
[LIFT] V_Motors: 28.527 V
[LIFT] V_Compute: 28.660 V
[LIFT] V_Motors: 28.521 V
[LIFT] V_Compute: 28.663 V
[LIFT] V_Motors: 28.527 V
[LIFT] V_Compute: 28.663 V
[LIFT] V_Motors: 28.521 V
[LIFT] V_Compute: 28.660 V
[LIFT] V_Motors: 28.525 V
[LIFT] V_Compute: 28.663 V
[LIFT] V_Motors: 28.521 V
[LIFT] V_Compute: 28.657 V
[LIFT] V_Motors: 28.521 V
[LIFT] V_Compute: 28.657 V
[LIFT] V_Motors: 28.522 V
[LIFT] V_Compute: 28.660 V
[LIFT] V_Motors: 28.522 V
[LIFT] V_Compute: 28.656 V
[LIFT] V_Motors: 28.526 V
[LIFT] V_Compute: 28.663 V
[LIFT] V_Motors: 28.525 V
[LIFT] V_Compute: 28.666 V
[LIFT] V_Motors: 28.521 V
[LIFT] V_Compute: 28.661 V
[LIFT] V_Motors: 28.527 V
[LIFT] V_Compute: 28.660 V
[LIFT] V_Motors: 28.525 V
[LIFT] V_Compute: 28.661 V
[LIFT] V_Motors: 28.525 V
[LIFT] V_Compute: 28.661 V
[LIFT] V_Motors: 28.520 V
[LIFT] V_Compute: 28.656 V
[LIFT] V_Motors: 28.525 V
[LIFT] V_Compute: 28.656 V
[LIFT] V_Motors: 28.520 V
[LIFT] V_Compute: 28.659 V
[LIFT] V_Motors: 28.522 V
[LIFT] V_Compute: 28.659 V
[LIFT] V_Motors: 28.515 V
[LIFT] V_Compute: 28.656 V
[LIFT] V_Motors: 28.525 V
[LIFT] V_Compute: 28.659 V
[LIFT] V_Motors: 28.517 V
[LIFT] V_Compute: 28.660 V
[LIFT] V_Motors: 28.522 V
[LIFT] V_Compute: 28.655 V
[LIFT] V_Motors: 28.524 V
[LIFT] V_Compute: 28.661 V
[LIFT] V_Motors: 28.520 V
[LIFT] V_Compute: 28.661 V
[LIFT] V_Motors: 28.525 V
[LIFT] V_Compute: 28.659 V
[LIFT] V_Motors: 28.522 V
[LIFT] V_Compute: 28.661 V
[LIFT] V_Motors: 28.521 V
[LIFT] V_Compute: 28.659 V
[LIFT] V_Motors: 28.525 V
[LIFT] V_Compute: 28.660 V
[LIFT] V_Motors: 28.521 V
[LIFT] V_Compute: 28.663 V
[LIFT] V_Motors: 28.525 V
[LIFT] V_Compute: 28.659 V
[LIFT] V_Motors: 28.524 V
[LIFT] V_Compute: 28.661 V
[LIFT] V_Motors: 28.522 V
[LIFT] V_Compute: 28.664 V
[LIFT] V_Motors: 28.521 V
[LIFT] V_Compute: 28.659 V
[LIFT] V_Motors: 28.520 V
[LIFT] V_Compute: 28.657 V
[LIFT] V_Motors: 28.525 V
[LIFT] V_Compute: 28.666 V
[LIFT] V_Motors: 28.522 V
[LIFT] V_Compute: 28.657 V
[LIFT] V_Motors: 28.527 V
[LIFT] V_Compute: 28.659 V
[LIFT] V_Motors: 28.521 V
[LIFT] V_Compute: 28.659 V
[LIFT] V_Motors: 28.520 V
[LIFT] V_Compute: 28.661 V
[LIFT] V_Motors: 28.519 V
[LIFT] V_Compute: 28.657 V
[LIFT] V_Motors: 28.513 V
[LIFT] V_Compute: 28.655 V
[LIFT] V_Motors: 28.516 V
[LIFT] V_Compute: 28.669 V
[LIFT] V_Motors: 28.484 V
[LIFT] V_Compute: 28.661 V
[LIFT] V_Motors: 28.505 V
[LIFT] V_Compute: 28.660 V
[LIFT] V_Motors: 28.520 V
[LIFT] V_Compute: 28.660 V
[LIFT] V_Motors: 28.481 V
[LIFT] V_Compute: 28.664 V
[LIFT] V_Motors: 28.503 V
[LIFT] V_Compute: 28.660 V
[LIFT] V_Motors: 28.524 V
[LIFT] V_Compute: 28.663 V
[LIFT] V_Motors: 28.511 V
[LIFT] V_Compute: 28.665 V
[LIFT] V_Motors: 28.515 V
[LIFT] V_Compute: 28.661 V
[LIFT] V_Motors: 28.522 V
[LIFT] V_Compute: 28.663 V
[LIFT] V_Motors: 28.519 V
[LIFT] V_Compute: 28.664 V
[LIFT] V_Motors: 28.521 V
[LIFT] V_Compute: 28.666 V
[LIFT] V_Motors: 28.481 V
[LIFT] V_Compute: 28.660 V
[LIFT] V_Motors: 28.519 V
[LIFT] V_Compute: 28.660 V
[LIFT] V_Motors: 28.479 V
[LIFT] V_Compute: 28.657 V
[LIFT] V_Motors: 28.517 V
[LIFT] V_Compute: 28.660 V
[LIFT] V_Motors: 28.521 V
[LIFT] V_Compute: 28.663 V
[LIFT] V_Motors: 28.495 V
[LIFT] V_Compute: 28.660 V
[LIFT] V_Motors: 28.506 V
[LIFT] V_Compute: 28.670 V
[LIFT] V_Motors: 28.500 V
[LIFT] V_Compute: 28.665 V
[LIFT] V_Motors: 28.525 V
[LIFT] V_Compute: 28.663 V
[LIFT] V_Motors: 28.479 V
[LIFT] V_Compute: 28.659 V
[LIFT] V_Motors: 28.493 V
[LIFT] V_Compute: 28.655 V
[LIFT] V_Motors: 28.501 V
[LIFT] V_Compute: 28.664 V
[LIFT] V_Motors: 28.500 V
[LIFT] V_Compute: 28.656 V
[LIFT] V_Motors: 28.503 V
[LIFT] V_Compute: 28.656 V
[LIFT] V_Motors: 28.500 V
[LIFT] V_Compute: 28.659 V
[LIFT] V_Motors: 28.506 V
[LIFT] V_Compute: 28.654 V
[LIFT] V_Motors: 28.504 V
[LIFT] V_Compute: 28.659 V
[LIFT] V_Motors: 28.494 V
[LIFT] V_Compute: 28.661 V
[LIFT] V_Motors: 28.505 V
[LIFT] V_Compute: 28.664 V
[LIFT] V_Motors: 28.355 V
[LIFT] V_Compute: 28.660 V
[LIFT] V_Motors: 28.507 V
[LIFT] V_Compute: 28.661 V
[LIFT] V_Motors: 28.507 V
[LIFT] V_Compute: 28.665 V
[LIFT] V_Motors: 28.504 V
[LIFT] V_Compute: 28.657 V
[LIFT] V_Motors: 28.506 V
[LIFT] V_Compute: 28.650 V
[LIFT] V_Motors: 28.484 V
[LIFT] V_Compute: 28.661 V
[LIFT] V_Motors: 28.482 V
[LIFT] V_Compute: 28.645 V
[LIFT] V_Motors: 28.482 V
[LIFT] V_Compute: 28.659 V
[LIFT] V_Motors: 28.486 V
[LIFT] V_Compute: 28.661 V
[LIFT] V_Motors: 28.485 V
[LIFT] V_Compute: 28.652 V
[LIFT] V_Motors: 28.482 V
[LIFT] V_Compute: 28.660 V
[LIFT] V_Motors: 28.484 V
[LIFT] V_Compute: 28.665 V
[LIFT] V_Motors: 28.497 V
[LIFT] V_Compute: 28.659 V
[LIFT] V_Motors: 28.503 V
[LIFT] V_Compute: 28.657 V
[LIFT] V_Motors: 28.485 V
[LIFT] V_Compute: 28.659 V
[LIFT] V_Motors: 28.491 V
[LIFT] V_Compute: 28.664 V
[LIFT] V_Motors: 28.491 V
[LIFT] V_Compute: 28.667 V
[LIFT] V_Motors: 28.504 V
[LIFT] V_Compute: 28.664 V
[LIFT] V_Motors: 28.493 V
[LIFT] V_Compute: 28.661 V
[LIFT] V_Motors: 28.495 V
[LIFT] V_Compute: 28.655 V
[LIFT] V_Motors: 28.484 V
[LIFT] V_Compute: 28.659 V
[LIFT] V_Motors: 28.495 V
[LIFT] V_Compute: 28.664 V
[LIFT] V_Motors: 28.495 V
[LIFT] V_Compute: 28.651 V
[LIFT] V_Motors: 28.482 V
[LIFT] V_Compute: 28.663 V
[LIFT] V_Motors: 28.486 V
[LIFT] V_Compute: 28.664 V
[LIFT] V_Motors: 28.527 V
[LIFT] V_Compute: 28.647 V
[LIFT] V_Motors: 28.464 V
[LIFT] V_Compute: 28.665 V
[LIFT] V_Motors: 28.460 V
[LIFT] V_Compute: 28.656 V
[LIFT] V_Motors: 28.464 V
[LIFT] V_Compute: 28.656 V
[LIFT] V_Motors: 28.460 V
[LIFT] V_Compute: 28.659 V
[LIFT] V_Motors: 28.459 V
[LIFT] V_Compute: 28.656 V
[LIFT] V_Motors: 28.504 V
[LIFT] V_Compute: 28.661 V
[LIFT] V_Motors: 28.495 V
[LIFT] V_Compute: 28.655 V
[LIFT] V_Motors: 28.499 V
[LIFT] V_Compute: 28.656 V
[LIFT] V_Motors: 28.485 V
[LIFT] V_Compute: 28.655 V
[LIFT] V_Motors: 28.497 V
[LIFT] V_Compute: 28.660 V
[LIFT] V_Motors: 28.460 V
[LIFT] V_Compute: 28.656 V
[LIFT] V_Motors: 28.461 V
[LIFT] V_Compute: 28.663 V
[LIFT] V_Motors: 28.459 V
[LIFT] V_Compute: 28.655 V
[LIFT] V_Motors: 28.464 V
[LIFT] V_Compute: 28.655 V
[LIFT] V_Motors: 28.476 V
[LIFT] V_Compute: 28.659 V
[LIFT] V_Motors: 28.476 V
[LIFT] V_Compute: 28.663 V
[LIFT] V_Motors: 28.466 V
[LIFT] V_Compute: 28.655 V
[LIFT] V_Motors: 28.455 V
[LIFT] V_Compute: 28.655 V
[LIFT] V_Motors: 28.471 V
[LIFT] V_Compute: 28.661 V
[LIFT] V_Motors: 28.487 V
[LIFT] V_Compute: 28.656 V
[LIFT] V_Motors: 28.501 V
[LIFT] V_Compute: 28.664 V
[LIFT] V_Motors: 28.511 V
[LIFT] V_Compute: 28.669 V
[LIFT] V_Motors: 28.513 V
[LIFT] V_Compute: 28.663 V
[LIFT] V_Motors: 28.517 V
[LIFT] V_Compute: 28.661 V
[LIFT] V_Motors: 28.514 V
[LIFT] V_Compute: 28.655 V
[LIFT] V_Motors: 28.514 V
[LIFT] V_Compute: 28.659 V
[LIFT] V_Motors: 28.506 V
[LIFT] V_Compute: 28.663 V
[LIFT] V_Motors: 28.515 V
[LIFT] V_Compute: 28.661 V
[LIFT] V_Motors: 28.506 V
[LIFT] V_Compute: 28.660 V
[LIFT] V_Motors: 28.519 V
[LIFT] V_Compute: 28.663 V
[LIFT] V_Motors: 28.474 V
[LIFT] V_Compute: 28.660 V
[LIFT] V_Motors: 28.444 V
[LIFT] V_Compute: 28.669 V
[LIFT] V_Motors: 28.464 V
[LIFT] V_Compute: 28.659 V
[LIFT] V_Motors: 28.475 V
[LIFT] V_Compute: 28.654 V
[LIFT] V_Motors: 28.458 V
[LIFT] V_Compute: 28.659 V
[LIFT] V_Motors: 28.474 V
[LIFT] V_Compute: 28.655 V
[LIFT] V_Motors: 28.474 V
[LIFT] V_Compute: 28.661 V
[LIFT] V_Motors: 28.469 V
[LIFT] V_Compute: 28.667 V
[LIFT] V_Motors: 28.468 V
[LIFT] V_Compute: 28.645 V
[LIFT] V_Motors: 28.459 V
[LIFT] V_Compute: 28.657 V
[LIFT] V_Motors: 28.471 V
[LIFT] V_Compute: 28.665 V
[LIFT] V_Motors: 28.470 V
[LIFT] V_Compute: 28.657 V
[LIFT] V_Motors: 28.458 V
[LIFT] V_Compute: 28.660 V
[LIFT] V_Motors: 28.471 V
[LIFT] V_Compute: 28.646 V
[LIFT] V_Motors: 28.465 V
[LIFT] V_Compute: 28.655 V
[LIFT] V_Motors: 28.469 V
[LIFT] V_Compute: 28.664 V
[LIFT] V_Motors: 28.475 V
[LIFT] V_Compute: 28.654 V
[LIFT] V_Motors: 28.450 V
[LIFT] V_Compute: 28.659 V
[LIFT] V_Motors: 28.460 V
[LIFT] V_Compute: 28.663 V
[LIFT] V_Motors: 28.462 V
[LIFT] V_Compute: 28.665 V
[LIFT] V_Motors: 28.481 V
[LIFT] V_Compute: 28.657 V
[LIFT] V_Motors: 28.471 V
[LIFT] V_Compute: 28.661 V
[LIFT] V_Motors: 28.469 V
[LIFT] V_Compute: 28.652 V
[LIFT] V_Motors: 28.510 V
[LIFT] V_Compute: 28.656 V
[LIFT] V_Motors: 28.510 V
[LIFT] V_Compute: 28.640 V
[LIFT] V_Motors: 28.494 V
[LIFT] V_Compute: 28.660 V
[LIFT] V_Motors: 28.509 V
[LIFT] V_Compute: 28.656 V
[LIFT] V_Motors: 28.503 V
[LIFT] V_Compute: 28.659 V
[LIFT] V_Motors: 28.510 V
[LIFT] V_Compute: 28.651 V
[LIFT] V_Motors: 28.504 V
[LIFT] V_Compute: 28.666 V
[LIFT] V_Motors: 28.435 V
[LIFT] V_Compute: 28.664 V
[LIFT] V_Motors: 28.455 V
[LIFT] V_Compute: 28.665 V
[LIFT] V_Motors: 28.470 V
[LIFT] V_Compute: 28.656 V
[LIFT] V_Motors: 28.459 V
[LIFT] V_Compute: 28.656 V
[LIFT] V_Motors: 28.474 V
[LIFT] V_Compute: 28.652 V
[LIFT] V_Motors: 28.461 V
[LIFT] V_Compute: 28.654 V
[LIFT] V_Motors: 28.479 V
[LIFT] V_Compute: 28.655 V
[LIFT] V_Motors: 28.459 V
[LIFT] V_Compute: 28.651 V
[LIFT] V_Motors: 28.493 V
[LIFT] V_Compute: 28.649 V
[LIFT] V_Motors: 28.462 V
[LIFT] V_Compute: 28.657 V
[LIFT] V_Motors: 28.445 V
[LIFT] V_Compute: 28.651 V
[LIFT] V_Motors: 28.451 V
[LIFT] V_Compute: 28.659 V
[LIFT] V_Motors: 28.506 V
[LIFT] V_Compute: 28.654 V
[LIFT] V_Motors: 28.505 V
[LIFT] V_Compute: 28.654 V
[LIFT] V_Motors: 28.461 V
[LIFT] V_Compute: 28.655 V
[LIFT] V_Motors: 28.462 V
[LIFT] V_Compute: 28.656 V
[LIFT] V_Motors: 28.487 V
[LIFT] V_Compute: 28.654 V
[LIFT] V_Motors: 28.510 V
[LIFT] V_Compute: 28.660 V
[LIFT] V_Motors: 28.462 V
[LIFT] V_Compute: 28.656 V
[LIFT] V_Motors: 28.454 V
[LIFT] V_Compute: 28.669 V
[LIFT] V_Motors: 28.458 V
[LIFT] V_Compute: 28.660 V
[LIFT] V_Motors: 28.447 V
[LIFT] V_Compute: 28.660 V
[LIFT] V_Motors: 28.490 V
[LIFT] V_Compute: 28.660 V
[LIFT] V_Motors: 28.505 V
[LIFT] V_Compute: 28.647 V
[LIFT] V_Motors: 28.460 V
[LIFT] V_Compute: 28.663 V
[LIFT] V_Motors: 28.461 V
[LIFT] V_Compute: 28.656 V
[LIFT] V_Motors: 28.459 V
[LIFT] V_Compute: 28.661 V
[LIFT] V_Motors: 28.461 V
[LIFT] V_Compute: 28.660 V
[LIFT] V_Motors: 28.435 V
[LIFT] V_Compute: 28.657 V
[LIFT] V_Motors: 28.460 V
[LIFT] V_Compute: 28.657 V
[LIFT] V_Motors: 28.444 V
[LIFT] V_Compute: 28.659 V
[LIFT] V_Motors: 28.494 V
[LIFT] V_Compute: 28.654 V
[LIFT] V_Motors: 28.496 V
[LIFT] V_Compute: 28.656 V
[LIFT] V_Motors: 28.506 V
[LIFT] V_Compute: 28.640 V
[LIFT] V_Motors: 28.442 V
[LIFT] V_Compute: 28.661 V
[LIFT] V_Motors: 28.470 V
[LIFT] V_Compute: 28.651 V
[LIFT] V_Motors: 28.470 V
[LIFT] V_Compute: 28.652 V
[LIFT] V_Motors: 28.482 V
[LIFT] V_Compute: 28.652 V
[LIFT] V_Motors: 28.460 V
[LIFT] V_Compute: 28.655 V
[LIFT] V_Motors: 28.466 V
[LIFT] V_Compute: 28.655 V
[LIFT] V_Motors: 28.504 V
[LIFT] V_Compute: 28.656 V
[LIFT] V_Motors: 28.469 V
[LIFT] V_Compute: 28.659 V
[LIFT] V_Motors: 28.446 V
[LIFT] V_Compute: 28.656 V
[LIFT] V_Motors: 28.461 V
[LIFT] V_Compute: 28.660 V
[LIFT] V_Motors: 28.454 V
[LIFT] V_Compute: 28.654 V
[LIFT] V_Motors: 28.468 V
[LIFT] V_Compute: 28.657 V
[LIFT] V_Motors: 28.455 V
[LIFT] V_Compute: 28.663 V
[LIFT] V_Motors: 28.462 V
[LIFT] V_Compute: 28.669 V
[LIFT] V_Motors: 28.454 V
[LIFT] V_Compute: 28.664 V
[LIFT] V_Motors: 28.462 V
[LIFT] V_Compute: 28.665 V
[LIFT] V_Motors: 28.454 V
[LIFT] V_Compute: 28.656 V
[LIFT] V_Motors: 28.449 V
[LIFT] V_Compute: 28.657 V
[LIFT] V_Motors: 28.460 V
[LIFT] V_Compute: 28.655 V
[LIFT] V_Motors: 28.447 V
[LIFT] V_Compute: 28.655 V
[LIFT] V_Motors: 28.464 V
[LIFT] V_Compute: 28.659 V
[LIFT] V_Motors: 28.440 V
[LIFT] V_Compute: 28.661 V
[LIFT] V_Motors: 28.464 V
[LIFT] V_Compute: 28.650 V
[LIFT] V_Motors: 28.452 V
[LIFT] V_Compute: 28.654 V
[LIFT] V_Motors: 28.461 V
[LIFT] V_Compute: 28.657 V
[LIFT] V_Motors: 28.468 V
[LIFT] V_Compute: 28.655 V
[LIFT] V_Motors: 28.454 V
[LIFT] V_Compute: 28.659 V
[LIFT] V_Motors: 28.466 V
[LIFT] V_Compute: 28.656 V
[LIFT] V_Motors: 28.460 V
[LIFT] V_Compute: 28.656 V
[LIFT] V_Motors: 28.464 V
[LIFT] V_Compute: 28.645 V
[LIFT] V_Motors: 28.458 V
[LIFT] V_Compute: 28.655 V
[LIFT] V_Motors: 28.452 V
[LIFT] V_Compute: 28.661 V
[LIFT] V_Motors: 28.449 V
[LIFT] V_Compute: 28.661 V
[LIFT] V_Motors: 28.499 V
[LIFT] V_Compute: 28.656 V
[LIFT] V_Motors: 28.464 V
[LIFT] V_Compute: 28.659 V
[LIFT] V_Motors: 28.452 V
[LIFT] V_Compute: 28.663 V
[LIFT] V_Motors: 28.505 V
[LIFT] V_Compute: 28.673 V
[LIFT] V_Motors: 28.481 V
[LIFT] V_Compute: 28.665 V
[LIFT] V_Motors: 28.484 V
[LIFT] V_Compute: 28.649 V
[LIFT] V_Motors: 28.479 V
[LIFT] V_Compute: 28.657 V
[LIFT] V_Motors: 28.485 V
[LIFT] V_Compute: 28.649 V
[LIFT] V_Motors: 28.481 V
[LIFT] V_Compute: 28.652 V
[LIFT] V_Motors: 28.455 V
[LIFT] V_Compute: 28.650 V
[LIFT] V_Motors: 28.499 V
[LIFT] V_Compute: 28.657 V
[LIFT] V_Motors: 28.503 V
[LIFT] V_Compute: 28.663 V
[LIFT] V_Motors: 28.507 V
[LIFT] V_Compute: 28.656 V
[LIFT] V_Motors: 28.506 V
[LIFT] V_Compute: 28.657 V
[LIFT] V_Motors: 28.501 V
[LIFT] V_Compute: 28.657 V
[LIFT] V_Motors: 28.464 V
[LIFT] V_Compute: 28.655 V
[LIFT] V_Motors: 28.458 V
[LIFT] V_Compute: 28.655 V
[LIFT] V_Motors: 28.431 V
[LIFT] V_Compute: 28.657 V
[LIFT] V_Motors: 28.450 V
[LIFT] V_Compute: 28.660 V
[LIFT] V_Motors: 28.451 V
[LIFT] V_Compute: 28.655 V
[LIFT] V_Motors: 28.458 V
[LIFT] V_Compute: 28.659 V
[LIFT] V_Motors: 28.459 V
[LIFT] V_Compute: 28.649 V
[LIFT] V_Motors: 28.458 V
[LIFT] V_Compute: 28.650 V
[LIFT] V_Motors: 28.464 V
[LIFT] V_Compute: 28.659 V
[LIFT] V_Motors: 28.501 V
[LIFT] V_Compute: 28.655 V
[LIFT] V_Motors: 28.464 V
[LIFT] V_Compute: 28.661 V
[LIFT] V_Motors: 28.449 V
[LIFT] V_Compute: 28.652 V
[LIFT] V_Motors: 28.449 V
[LIFT] V_Compute: 28.655 V
[LIFT] V_Motors: 28.355 V
[LIFT] V_Compute: 28.657 V
[LIFT] V_Motors: 28.499 V
[LIFT] V_Compute: 28.655 V
[LIFT] V_Motors: 28.505 V
[LIFT] V_Compute: 28.649 V
[LIFT] V_Motors: 28.494 V
[LIFT] V_Compute: 28.665 V
[LIFT] V_Motors: 28.434 V
[LIFT] V_Compute: 28.660 V
[LIFT] V_Motors: 28.494 V
[LIFT] V_Compute: 28.650 V
[LIFT] V_Motors: 28.500 V
[LIFT] V_Compute: 28.651 V
[LIFT] V_Motors: 28.459 V
[LIFT] V_Compute: 28.664 V
[LIFT] V_Motors: 28.442 V
[LIFT] V_Compute: 28.659 V
[LIFT] V_Motors: 28.460 V
[LIFT] V_Compute: 28.644 V
[LIFT] V_Motors: 28.447 V
[LIFT] V_Compute: 28.666 V
[LIFT] V_Motors: 28.464 V
[LIFT] V_Compute: 28.659 V
[LIFT] V_Motors: 28.449 V
[LIFT] V_Compute: 28.660 V
[LIFT] V_Motors: 28.456 V
[LIFT] V_Compute: 28.661 V
[LIFT] V_Motors: 28.466 V
[LIFT] V_Compute: 28.651 V
[LIFT] V_Motors: 28.455 V
[LIFT] V_Compute: 28.657 V
[LIFT] V_Motors: 28.455 V
[LIFT] V_Compute: 28.664 V
[LIFT] V_Motors: 28.446 V
[LIFT] V_Compute: 28.651 V
[LIFT] V_Motors: 28.462 V
[LIFT] V_Compute: 28.656 V
[LIFT] V_Motors: 28.442 V
[LIFT] V_Compute: 28.652 V
[LIFT] V_Motors: 28.439 V
[LIFT] V_Compute: 28.661 V
[LIFT] V_Motors: 28.452 V
[LIFT] V_Compute: 28.656 V
[LIFT] V_Motors: 28.456 V
[LIFT] V_Compute: 28.661 V
[LIFT] V_Motors: 28.458 V
[LIFT] V_Compute: 28.669 V
[LIFT] V_Motors: 28.442 V
[LIFT] V_Compute: 28.660 V
[LIFT] V_Motors: 28.462 V
[LIFT] V_Compute: 28.646 V
[LIFT] V_Motors: 28.437 V
[LIFT] V_Compute: 28.659 V
[LIFT] V_Motors: 28.469 V
[LIFT] V_Compute: 28.650 V
[LIFT] V_Motors: 28.461 V
[LIFT] V_Compute: 28.654 V
[LIFT] V_Motors: 28.449 V
[LIFT] V_Compute: 28.660 V
[LIFT] V_Motors: 28.465 V
[LIFT] V_Compute: 28.657 V
[LIFT] V_Motors: 28.456 V
[LIFT] V_Compute: 28.664 V
[LIFT] V_Motors: 28.442 V
[LIFT] V_Compute: 28.657 V
[LIFT] V_Motors: 28.442 V
[LIFT] V_Compute: 28.663 V
[LIFT] V_Motors: 28.464 V
[LIFT] V_Compute: 28.657 V
[LIFT] V_Motors: 28.455 V
[LIFT] V_Compute: 28.655 V
[LIFT] V_Motors: 28.439 V
[LIFT] V_Compute: 28.655 V
[LIFT] V_Motors: 28.436 V
[LIFT] V_Compute: 28.655 V
[LIFT] V_Motors: 28.446 V
[LIFT] V_Compute: 28.665 V
[LIFT] V_Motors: 28.454 V
[LIFT] V_Compute: 28.655 V
[LIFT] V_Motors: 28.461 V
[LIFT] V_Compute: 28.659 V
[LIFT] V_Motors: 28.458 V
[LIFT] V_Compute: 28.663 V
[LIFT] V_Motors: 28.445 V
[LIFT] V_Compute: 28.652 V
[LIFT] V_Motors: 28.444 V
[LIFT] V_Compute: 28.656 V
[LIFT] V_Motors: 28.499 V
[LIFT] V_Compute: 28.654 V
[LIFT] V_Motors: 28.501 V
[LIFT] V_Compute: 28.664 V
[LIFT] V_Motors: 28.461 V
[LIFT] V_Compute: 28.650 V
[LIFT] V_Motors: 28.490 V
[LIFT] V_Compute: 28.656 V
[LIFT] V_Motors: 28.459 V
[LIFT] V_Compute: 28.659 V
[LIFT] V_Motors: 28.462 V
[LIFT] V_Compute: 28.660 V
[LIFT] V_Motors: 28.496 V
[LIFT] V_Compute: 28.655 V
[LIFT] V_Motors: 28.497 V
[LIFT] V_Compute: 28.660 V
[LIFT] V_Motors: 28.499 V
[LIFT] V_Compute: 28.660 V
[LIFT] V_Motors: 28.501 V
[LIFT] V_Compute: 28.650 V
[LIFT] V_Motors: 28.503 V
[LIFT] V_Compute: 28.655 V
[LIFT] V_Motors: 28.496 V
[LIFT] V_Compute: 28.655 V
[LIFT] V_Motors: 28.497 V
[LIFT] V_Compute: 28.666 V
[LIFT] V_Motors: 28.504 V
[LIFT] V_Compute: 28.660 V
[LIFT] V_Motors: 28.503 V
[LIFT] V_Compute: 28.663 V
[LIFT] V_Motors: 28.499 V
[LIFT] V_Compute: 28.660 V
[LIFT] V_Motors: 28.503 V
[LIFT] V_Compute: 28.651 V
[LIFT] V_Motors: 28.497 V
[LIFT] V_Compute: 28.650 V
[LIFT] V_Motors: 28.469 V
[LIFT] V_Compute: 28.656 V
[LIFT] V_Motors: 28.476 V
[LIFT] V_Compute: 28.665 V
[LIFT] V_Motors: 28.464 V
[LIFT] V_Compute: 28.660 V
[LIFT] V_Motors: 28.474 V
[LIFT] V_Compute: 28.647 V
[LIFT] V_Motors: 28.478 V
[LIFT] V_Compute: 28.657 V
[LIFT] V_Motors: 28.466 V
[LIFT] V_Compute: 28.657 V
[LIFT] V_Motors: 28.503 V
[LIFT] V_Compute: 28.652 V
[LIFT] V_Motors: 28.464 V
[LIFT] V_Compute: 28.650 V
[LIFT] V_Motors: 28.485 V
[LIFT] V_Compute: 28.656 V
[LIFT] V_Motors: 28.486 V
[LIFT] V_Compute: 28.652 V
[LIFT] V_Motors: 28.479 V
[LIFT] V_Compute: 28.650 V
[LIFT] V_Motors: 28.482 V
[LIFT] V_Compute: 28.657 V
[LIFT] V_Motors: 28.501 V
[LIFT] V_Compute: 28.652 V
[LIFT] V_Motors: 28.466 V
[LIFT] V_Compute: 28.655 V
[LIFT] V_Motors: 28.444 V
[LIFT] V_Compute: 28.650 V
[LIFT] V_Motors: 28.447 V
[LIFT] V_Compute: 28.652 V
[LIFT] V_Motors: 28.475 V
[LIFT] V_Compute: 28.649 V
[LIFT] V_Motors: 28.468 V
[LIFT] V_Compute: 28.655 V
[LIFT] V_Motors: 28.471 V
[LIFT] V_Compute: 28.647 V
[LIFT] V_Motors: 28.461 V
[LIFT] V_Compute: 28.657 V
[LIFT] V_Motors: 28.476 V
[LIFT] V_Compute: 28.650 V
[LIFT] V_Motors: 28.447 V
[LIFT] V_Compute: 28.640 V
[LIFT] V_Motors: 28.474 V
[LIFT] V_Compute: 28.654 V
[LIFT] V_Motors: 28.470 V
[LIFT] V_Compute: 28.651 V
[LIFT] V_Motors: 28.452 V
[LIFT] V_Compute: 28.652 V
[LIFT] V_Motors: 28.439 V
[LIFT] V_Compute: 28.654 V
[LIFT] V_Motors: 28.458 V
[LIFT] V_Compute: 28.650 V
[LIFT] V_Motors: 28.440 V
[LIFT] V_Compute: 28.660 V
[LIFT] V_Motors: 28.465 V
[LIFT] V_Compute: 28.652 V
[LIFT] V_Motors: 28.436 V
[LIFT] V_Compute: 28.655 V
[LIFT] V_Motors: 28.475 V
[LIFT] V_Compute: 28.655 V
[LIFT] V_Motors: 28.445 V
[LIFT] V_Compute: 28.649 V
[LIFT] V_Motors: 28.445 V
[LIFT] V_Compute: 28.657 V
[LIFT] V_Motors: 28.442 V
[LIFT] V_Compute: 28.655 V
[LIFT] V_Motors: 28.447 V
[LIFT] V_Compute: 28.655 V
[LIFT] V_Motors: 28.446 V
[LIFT] V_Compute: 28.659 V
[LIFT] V_Motors: 28.469 V
[LIFT] V_Compute: 28.651 V
[LIFT] V_Motors: 28.454 V
[LIFT] V_Compute: 28.660 V
[LIFT] V_Motors: 28.451 V
[LIFT] V_Compute: 28.647 V
[LIFT] V_Motors: 28.433 V
[LIFT] V_Compute: 28.660 V
[LIFT] V_Motors: 28.439 V
[LIFT] V_Compute: 28.654 V
[LIFT] V_Motors: 28.484 V
[LIFT] V_Compute: 28.657 V
[LIFT] V_Motors: 28.496 V
[LIFT] V_Compute: 28.652 V
[LIFT] V_Motors: 28.489 V
[LIFT] V_Compute: 28.654 V
[LIFT] V_Motors: 28.503 V
[LIFT] V_Compute: 28.655 V
[LIFT] V_Motors: 28.504 V
[LIFT] V_Compute: 28.657 V
[LIFT] V_Motors: 28.504 V
[LIFT] V_Compute: 28.659 V
[LIFT] V_Motors: 28.499 V
[LIFT] V_Compute: 28.659 V
[LIFT] V_Motors: 28.499 V
[LIFT] V_Compute: 28.657 V
[LIFT] V_Motors: 28.501 V
[LIFT] V_Compute: 28.656 V
[LIFT] V_Motors: 28.499 V
[LIFT] V_Compute: 28.659 V
[LIFT] V_Motors: 28.499 V
[LIFT] V_Compute: 28.659 V
[LIFT] V_Motors: 28.503 V
[LIFT] V_Compute: 28.652 V
[LIFT] V_Motors: 28.497 V
[LIFT] V_Compute: 28.656 V
[LIFT] V_Motors: 28.505 V
[LIFT] V_Compute: 28.659 V
[LIFT] V_Motors: 28.501 V
[LIFT] V_Compute: 28.651 V
[LIFT] V_Motors: 28.501 V
[LIFT] V_Compute: 28.650 V
[LIFT] V_Motors: 28.503 V
[LIFT] V_Compute: 28.652 V
[LIFT] V_Motors: 28.504 V
[LIFT] V_Compute: 28.661 V
[LIFT] V_Motors: 28.501 V
[LIFT] V_Compute: 28.657 V
[LIFT] V_Motors: 28.500 V
[LIFT] V_Compute: 28.660 V
[LIFT] V_Motors: 28.504 V
[LIFT] V_Compute: 28.656 V
[LIFT] V_Motors: 28.497 V
[LIFT] V_Compute: 28.655 V
[LIFT] V_Motors: 28.506 V
[LIFT] V_Compute: 28.655 V
[LIFT] V_Motors: 28.499 V
[LIFT] V_Compute: 28.649 V
[LIFT] V_Motors: 28.503 V
[LIFT] V_Compute: 28.655 V
[LIFT] V_Motors: 28.503 V
[LIFT] V_Compute: 28.661 V
[LIFT] V_Motors: 28.499 V
[LIFT] V_Compute: 28.659 V
[LIFT] V_Motors: 28.505 V
[LIFT] V_Compute: 28.654 V
[LIFT] V_Motors: 28.509 V
[LIFT] V_Compute: 28.652 V
[LIFT] V_Motors: 28.490 V
[LIFT] V_Compute: 28.657 V
[LIFT] V_Motors: 28.493 V
[LIFT] V_Compute: 28.655 V
[LIFT] V_Motors: 28.495 V
[LIFT] V_Compute: 28.660 V
[LIFT] V_Motors: 28.499 V
[LIFT] V_Compute: 28.664 V
[LIFT] V_Motors: 28.500 V
[LIFT] V_Compute: 28.664 V
[LIFT] V_Motors: 28.495 V
[LIFT] V_Compute: 28.659 V
[LIFT] V_Motors: 28.504 V
[LIFT] V_Compute: 28.657 V
[LIFT] V_Motors: 28.506 V
[LIFT] V_Compute: 28.650 V
[LIFT] V_Motors: 28.497 V
[LIFT] V_Compute: 28.655 V
[LIFT] V_Motors: 28.503 V
[LIFT] V_Compute: 28.660 V
[LIFT] V_Motors: 28.494 V
[LIFT] V_Compute: 28.629 V
[LIFT] V_Motors: 28.444 V
[LIFT] V_Compute: 28.659 V
[LIFT] V_Motors: 28.458 V
[LIFT] V_Compute: 28.654 V
[LIFT] V_Motors: 28.455 V
[LIFT] V_Compute: 28.659 V
[LIFT] V_Motors: 28.458 V
[LIFT] V_Compute: 28.655 V
[LIFT] V_Motors: 28.452 V
[LIFT] V_Compute: 28.652 V
[LIFT] V_Motors: 28.436 V
[LIFT] V_Compute: 28.654 V
[LIFT] V_Motors: 28.444 V
[LIFT] V_Compute: 28.657 V
[LIFT] V_Motors: 28.462 V
[LIFT] V_Compute: 28.651 V
[LIFT] V_Motors: 28.452 V
[LIFT] V_Compute: 28.652 V
[LIFT] V_Motors: 28.461 V
[LIFT] V_Compute: 28.654 V
[LIFT] V_Motors: 28.468 V
[LIFT] V_Compute: 28.657 V
[LIFT] V_Motors: 28.455 V
[LIFT] V_Compute: 28.650 V
[LIFT] V_Motors: 28.441 V
[LIFT] V_Compute: 28.655 V
[LIFT] V_Motors: 28.437 V
[LIFT] V_Compute: 28.652 V
[LIFT] V_Motors: 28.455 V
[LIFT] V_Compute: 28.659 V
[LIFT] V_Motors: 28.451 V
[LIFT] V_Compute: 28.649 V
[LIFT] V_Motors: 28.447 V
[LIFT] V_Compute: 28.656 V
[LIFT] V_Motors: 28.447 V
[LIFT] V_Compute: 28.640 V
[LIFT] V_Motors: 28.442 V
[LIFT] V_Compute: 28.649 V
[LIFT] V_Motors: 28.439 V
[LIFT] V_Compute: 28.646 V
[LIFT] V_Motors: 28.437 V
[LIFT] V_Compute: 28.645 V
[LIFT] V_Motors: 28.452 V
[LIFT] V_Compute: 28.649 V
[LIFT] V_Motors: 28.452 V
[LIFT] V_Compute: 28.660 V
[LIFT] V_Motors: 28.475 V
[LIFT] V_Compute: 28.649 V
[LIFT] V_Motors: 28.451 V
[LIFT] V_Compute: 28.645 V
[LIFT] V_Motors: 28.450 V
[LIFT] V_Compute: 28.654 V
[LIFT] V_Motors: 28.472 V
[LIFT] V_Compute: 28.644 V
[LIFT] V_Motors: 28.464 V
[LIFT] V_Compute: 28.639 V
[LIFT] V_Motors: 28.455 V
[LIFT] V_Compute: 28.651 V
[LIFT] V_Motors: 28.442 V
[LIFT] V_Compute: 28.663 V
[LIFT] V_Motors: 28.439 V
[LIFT] V_Compute: 28.645 V
[LIFT] V_Motors: 28.456 V
[LIFT] V_Compute: 28.644 V
[LIFT] V_Motors: 28.446 V
[LIFT] V_Compute: 28.651 V
[LIFT] V_Motors: 28.444 V
[LIFT] V_Compute: 28.651 V
[LIFT] V_Motors: 28.461 V
[LIFT] V_Compute: 28.641 V
[LIFT] V_Motors: 28.442 V
[LIFT] V_Compute: 28.664 V
[LIFT] V_Motors: 28.452 V
[LIFT] V_Compute: 28.652 V
[LIFT] V_Motors: 28.441 V
[LIFT] V_Compute: 28.652 V
[LIFT] V_Motors: 28.442 V
[LIFT] V_Compute: 28.646 V
[LIFT] V_Motors: 28.446 V
[LIFT] V_Compute: 28.650 V
[LIFT] V_Motors: 28.444 V
[LIFT] V_Compute: 28.652 V
[LIFT] V_Motors: 28.465 V
[LIFT] V_Compute: 28.644 V
[LIFT] V_Motors: 28.462 V
[LIFT] V_Compute: 28.654 V
[LIFT] V_Motors: 28.450 V
[LIFT] V_Compute: 28.654 V
[LIFT] V_Motors: 28.437 V
[LIFT] V_Compute: 28.659 V
[LIFT] V_Motors: 28.454 V
[LIFT] V_Compute: 28.650 V
[LIFT] V_Motors: 28.460 V
[LIFT] V_Compute: 28.655 V
[LIFT] V_Motors: 28.446 V
[LIFT] V_Compute: 28.649 V
[LIFT] V_Motors: 28.441 V
[LIFT] V_Compute: 28.649 V
[LIFT] V_Motors: 28.436 V
[LIFT] V_Compute: 28.641 V
[LIFT] V_Motors: 28.424 V
[LIFT] V_Compute: 28.652 V
[LIFT] V_Motors: 28.445 V
[LIFT] V_Compute: 28.651 V
[LIFT] V_Motors: 28.444 V
[LIFT] V_Compute: 28.650 V
[LIFT] V_Motors: 28.454 V
[LIFT] V_Compute: 28.654 V
[LIFT] V_Motors: 28.445 V
[LIFT] V_Compute: 28.649 V
[LIFT] V_Motors: 28.439 V
[LIFT] V_Compute: 28.656 V
[LIFT] V_Motors: 28.439 V
[LIFT] V_Compute: 28.655 V
[LIFT] V_Motors: 28.446 V
[LIFT] V_Compute: 28.651 V
[LIFT] V_Motors: 28.436 V
[LIFT] V_Compute: 28.654 V
[LIFT] V_Motors: 28.431 V
[LIFT] V_Compute: 28.655 V
[LIFT] V_Motors: 28.431 V
[LIFT] V_Compute: 28.655 V
[LIFT] V_Motors: 28.478 V
[LIFT] V_Compute: 28.651 V
[LIFT] V_Motors: 28.435 V
[LIFT] V_Compute: 28.644 V
[LIFT] V_Motors: 28.446 V
[LIFT] V_Compute: 28.644 V
[LIFT] V_Motors: 28.478 V
[LIFT] V_Compute: 28.656 V
[LIFT] V_Motors: 28.493 V
[LIFT] V_Compute: 28.654 V
[LIFT] V_Motors: 28.486 V
[LIFT] V_Compute: 28.649 V
[LIFT] V_Motors: 28.493 V
[LIFT] V_Compute: 28.652 V
[LIFT] V_Motors: 28.491 V
[LIFT] V_Compute: 28.651 V
[LIFT] V_Motors: 28.496 V
[LIFT] V_Compute: 28.654 V
[LIFT] V_Motors: 28.479 V
[LIFT] V_Compute: 28.655 V
[LIFT] V_Motors: 28.495 V
[LIFT] V_Compute: 28.656 V
[LIFT] V_Motors: 28.493 V
[LIFT] V_Compute: 28.652 V
[LIFT] V_Motors: 28.489 V
[LIFT] V_Compute: 28.657 V
[LIFT] V_Motors: 28.495 V
[LIFT] V_Compute: 28.652 V
[LIFT] V_Motors: 28.493 V
[LIFT] V_Compute: 28.650 V
[LIFT] V_Motors: 28.493 V
[LIFT] V_Compute: 28.650 V
[LIFT] V_Motors: 28.495 V
[LIFT] V_Compute: 28.656 V
[LIFT] V_Motors: 28.500 V
[LIFT] V_Compute: 28.652 V
[LIFT] V_Motors: 28.494 V
[LIFT] V_Compute: 28.651 V
[LIFT] V_Motors: 28.490 V
[LIFT] V_Compute: 28.651 V
[LIFT] V_Motors: 28.493 V
[LIFT] V_Compute: 28.660 V
[LIFT] V_Motors: 28.499 V
[LIFT] V_Compute: 28.657 V
[LIFT] V_Motors: 28.496 V
[LIFT] V_Compute: 28.655 V
[LIFT] V_Motors: 28.494 V
[LIFT] V_Compute: 28.657 V
[LIFT] V_Motors: 28.496 V
[LIFT] V_Compute: 28.647 V
[LIFT] V_Motors: 28.490 V
[LIFT] V_Compute: 28.645 V
[LIFT] V_Motors: 28.494 V
[LIFT] V_Compute: 28.654 V
[LIFT] V_Motors: 28.497 V
[LIFT] V_Compute: 28.650 V
[LIFT] V_Motors: 28.493 V
[LIFT] V_Compute: 28.650 V
[LIFT] V_Motors: 28.489 V
[LIFT] V_Compute: 28.639 V
[LIFT] V_Motors: 28.494 V
[LIFT] V_Compute: 28.649 V
[LIFT] V_Motors: 28.495 V
[LIFT] V_Compute: 28.641 V
[LIFT] V_Motors: 28.490 V
[LIFT] V_Compute: 28.642 V
[LIFT] V_Motors: 28.495 V
[LIFT] V_Compute: 28.652 V
[LIFT] V_Motors: 28.494 V
[LIFT] V_Compute: 28.656 V
[LIFT] V_Motors: 28.496 V
[LIFT] V_Compute: 28.657 V
[LIFT] V_Motors: 28.490 V
[LIFT] V_Compute: 28.650 V
[LIFT] V_Motors: 28.495 V
[LIFT] V_Compute: 28.654 V
[LIFT] V_Motors: 28.495 V
[LIFT] V_Compute: 28.652 V
[LIFT] V_Motors: 28.495 V
[LIFT] V_Compute: 28.644 V
[LIFT] V_Motors: 28.490 V
[LIFT] V_Compute: 28.649 V
[LIFT] V_Motors: 28.501 V
[LIFT] V_Compute: 28.642 V
[LIFT] V_Motors: 28.485 V
[LIFT] V_Compute: 28.646 V
[LIFT] V_Motors: 28.500 V
[LIFT] V_Compute: 28.647 V
[LIFT] V_Motors: 28.496 V
[LIFT] V_Compute: 28.635 V
[LIFT] V_Motors: 28.490 V
[LIFT] V_Compute: 28.655 V
[LIFT] V_Motors: 28.503 V
[LIFT] V_Compute: 28.654 V
[LIFT] V_Motors: 28.500 V
[LIFT] V_Compute: 28.649 V
[LIFT] V_Motors: 28.495 V
[LIFT] V_Compute: 28.645 V
[LIFT] V_Motors: 28.497 V
[LIFT] V_Compute: 28.646 V
[LIFT] V_Motors: 28.495 V
[LIFT] V_Compute: 28.636 V
[LIFT] V_Motors: 28.489 V
[LIFT] V_Compute: 28.649 V
[LIFT] V_Motors: 28.494 V
[LIFT] V_Compute: 28.646 V
[LIFT] V_Motors: 28.489 V
[LIFT] V_Compute: 28.649 V
[LIFT] V_Motors: 28.500 V
[LIFT] V_Compute: 28.652 V
[LIFT] V_Motors: 28.500 V
[LIFT] V_Compute: 28.647 V
[LIFT] V_Motors: 28.497 V
[LIFT] V_Compute: 28.652 V
[LIFT] V_Motors: 28.499 V
[LIFT] V_Compute: 28.651 V
[LIFT] V_Motors: 28.503 V
[LIFT] V_Compute: 28.659 V
[LIFT] V_Motors: 28.499 V
[LIFT] V_Compute: 28.656 V
[LIFT] V_Motors: 28.495 V
[LIFT] V_Compute: 28.656 V
[LIFT] V_Motors: 28.496 V
[LIFT] V_Compute: 28.651 V
[LIFT] V_Motors: 28.497 V
[LIFT] V_Compute: 28.649 V
[LIFT] V_Motors: 28.501 V
[LIFT] V_Compute: 28.644 V
[LIFT] V_Motors: 28.497 V
[LIFT] V_Compute: 28.650 V
[LIFT] V_Motors: 28.493 V
[LIFT] V_Compute: 28.650 V
[LIFT] V_Motors: 28.496 V
[LIFT] V_Compute: 28.647 V
[LIFT] V_Motors: 28.501 V
[LIFT] V_Compute: 28.651 V
[LIFT] V_Motors: 28.500 V
[LIFT] V_Compute: 28.651 V
[LIFT] V_Motors: 28.499 V
[LIFT] V_Compute: 28.655 V
[LIFT] V_Motors: 28.495 V
[LIFT] V_Compute: 28.649 V
[LIFT] V_Motors: 28.505 V
[LIFT] V_Compute: 28.655 V
[LIFT] V_Motors: 28.499 V
[LIFT] V_Compute: 28.636 V
[LIFT] V_Motors: 28.490 V
[LIFT] V_Compute: 28.634 V
[LIFT] V_Motors: 28.485 V
[LIFT] V_Compute: 28.645 V
[LIFT] V_Motors: 28.496 V
[LIFT] V_Compute: 28.657 V
[LIFT] V_Motors: 28.496 V
[LIFT] V_Compute: 28.656 V
[LIFT] V_Motors: 28.499 V
[LIFT] V_Compute: 28.657 V
[LIFT] V_Motors: 28.500 V
[LIFT] V_Compute: 28.634 V
[LIFT] V_Motors: 28.489 V
[LIFT] V_Compute: 28.636 V
[LIFT] V_Motors: 28.486 V
[LIFT] V_Compute: 28.646 V
[LIFT] V_Motors: 28.493 V
[LIFT] V_Compute: 28.629 V
[LIFT] V_Motors: 28.489 V
[LIFT] V_Compute: 28.640 V
[LIFT] V_Motors: 28.486 V
[LIFT] V_Compute: 28.640 V
[LIFT] V_Motors: 28.491 V
[LIFT] V_Compute: 28.630 V
[LIFT] V_Motors: 28.486 V
[LIFT] V_Compute: 28.641 V
[LIFT] V_Motors: 28.494 V
[LIFT] V_Compute: 28.638 V
[LIFT] V_Motors: 28.490 V
[LIFT] V_Compute: 28.639 V
[LIFT] V_Motors: 28.487 V
[LIFT] V_Compute: 28.631 V
[LIFT] V_Motors: 28.486 V
[LIFT] V_Compute: 28.635 V
[LIFT] V_Motors: 28.485 V
[LIFT] V_Compute: 28.631 V
[LIFT] V_Motors: 28.490 V
[LIFT] V_Compute: 28.635 V
[LIFT] V_Motors: 28.487 V
[LIFT] V_Compute: 28.636 V
[LIFT] V_Motors: 28.489 V
[LIFT] V_Compute: 28.636 V
[LIFT] V_Motors: 28.482 V
[LIFT] V_Compute: 28.638 V
[LIFT] V_Motors: 28.490 V
[LIFT] V_Compute: 28.644 V
[LIFT] V_Motors: 28.489 V
[LIFT] V_Compute: 28.640 V
[LIFT] V_Motors: 28.496 V
[LIFT] V_Compute: 28.646 V
[LIFT] V_Motors: 28.496 V
[LIFT] V_Compute: 28.638 V
[LIFT] V_Motors: 28.493 V
[LIFT] V_Compute: 28.650 V
[LIFT] V_Motors: 28.501 V
[LIFT] V_Compute: 28.640 V
[LIFT] V_Motors: 28.495 V
[LIFT] V_Compute: 28.650 V
[LIFT] V_Motors: 28.500 V
[LIFT] V_Compute: 28.642 V
[LIFT] V_Motors: 28.493 V
[LIFT] V_Compute: 28.651 V
[LIFT] V_Motors: 28.496 V
[LIFT] V_Compute: 28.639 V
[LIFT] V_Motors: 28.495 V
[LIFT] V_Compute: 28.638 V
[LIFT] V_Motors: 28.489 V
[LIFT] V_Compute: 28.644 V
[LIFT] V_Motors: 28.497 V
[LIFT] V_Compute: 28.650 V
[LIFT] V_Motors: 28.503 V
[LIFT] V_Compute: 28.644 V
[LIFT] V_Motors: 28.501 V
[LIFT] V_Compute: 28.649 V
[LIFT] V_Motors: 28.504 V
[LIFT] V_Compute: 28.629 V
[LIFT] V_Motors: 28.478 V
[LIFT] V_Compute: 28.649 V
[LIFT] V_Motors: 28.495 V
[LIFT] V_Compute: 28.646 V
[LIFT] V_Motors: 28.496 V
[LIFT] V_Compute: 28.657 V
[LIFT] V_Motors: 28.501 V
[LIFT] V_Compute: 28.638 V
[LIFT] V_Motors: 28.501 V
[LIFT] V_Compute: 28.654 V
[LIFT] V_Motors: 28.500 V
[LIFT] V_Compute: 28.644 V
[LIFT] V_Motors: 28.497 V
[LIFT] V_Compute: 28.660 V
[LIFT] V_Motors: 28.497 V
[LIFT] V_Compute: 28.647 V
[LIFT] V_Motors: 28.501 V
[LIFT] V_Compute: 28.631 V
[LIFT] V_Motors: 28.486 V
[LIFT] V_Compute: 28.638 V
[LIFT] V_Motors: 28.495 V
[LIFT] V_Compute: 28.655 V
[LIFT] V_Motors: 28.504 V
[LIFT] V_Compute: 28.650 V
[LIFT] V_Motors: 28.494 V
[LIFT] V_Compute: 28.661 V
[LIFT] V_Motors: 28.499 V

RPC Server stopping...
[YOR] base PID: restoring stock swerve gains
[YOR] base PID: /home/pi-v3/YOR-v3-try/config/base_pid_stock.json, PID slot 0
[YOR] base PID:   written     FL drive (CAN 1): p=0.20000000298023224, i=0.0, d=0.10000000149011612, velocity_ff=0.0, output_min=-1.0, output_max=1.0
[YOR] base PID:   written     RL drive (CAN 2): p=0.20000000298023224, i=0.0, d=0.10000000149011612, velocity_ff=0.0, output_min=-1.0, output_max=1.0
[YOR] base PID:   written     RR drive (CAN 3): p=0.20000000298023224, i=0.0, d=0.10000000149011612, velocity_ff=0.0, output_min=-1.0, output_max=1.0
[YOR] base PID:   written     FR drive (CAN 4): p=0.20000000298023224, i=0.0, d=0.10000000149011612, velocity_ff=0.0, output_min=-1.0, output_max=1.0
[YOR] base PID:   already-set FL steering (CAN 5): p=2.0, i=0.0, d=0.009999999776482582, velocity_ff=0.0, output_min=-1.0, output_max=1.0
[YOR] base PID:   already-set RL steering (CAN 6): p=2.0, i=0.0, d=0.009999999776482582, velocity_ff=0.0, output_min=-1.0, output_max=1.0
[LIFT] V_Compute: 28.641 V
[LIFT] V_Motors: 28.494 V
[YOR] base PID:   already-set RR steering (CAN 7): p=2.0, i=0.0, d=0.009999999776482582, velocity_ff=0.0, output_min=-1.0, output_max=1.0
[YOR] base PID:   already-set FR steering (CAN 8): p=2.0, i=0.0, d=0.009999999776482582, velocity_ff=0.0, output_min=-1.0, output_max=1.0
[YOR] base PID: 4 controller(s) already commissioned, 4 written, 0 problem(s)
[YOR] base PID: 0.2s
