[console-log] mirroring output to /home/pi-v3/YOR-v3-try/artifacts/wholebody_logs/yor_20260827_130445.log
[yor] experiment gates: all off (pre-gate behaviour)
[yor] posture-fix: stiffen_joint7=True (scale=3x), refresh_target=True, redundancy_resolution=dls_projector (dls_damping=0.05)
[yor] null-space: swivel_weight=1 (gain=1, target=latched-from-pose), continuity_weight=0, manipulability=False
[YOR] base: drive command scale 1.068 (from base_pid_hybrid.json)
[PicoLift] Opening serial /dev/serial/by-id/usb-FTDI_FT232R_USB_UART_BG02XPI5-if00-port0 @ 115200...
[PicoLift] Serial open OK
[YOR] base PID: syncing swerve gains
[YOR] base PID: /home/pi-v3/YOR-v3-try/config/base_pid_hybrid.json, PID slot 0
[YOR] base PID:   written     FL drive (CAN 1): p=0.3499999940395355, i=0.0, d=0.0, velocity_ff=0.23000000417232513, output_min=-1.0, output_max=1.0
[YOR] base PID:   written     RL drive (CAN 2): p=0.3499999940395355, i=0.0, d=0.0, velocity_ff=0.23000000417232513, output_min=-1.0, output_max=1.0
[YOR] base PID:   written     RR drive (CAN 3): p=0.3499999940395355, i=0.0, d=0.0, velocity_ff=0.23000000417232513, output_min=-1.0, output_max=1.0
[YOR] base PID:   written     FR drive (CAN 4): p=0.3499999940395355, i=0.0, d=0.0, velocity_ff=0.23000000417232513, output_min=-1.0, output_max=1.0
[YOR] base PID:   already-set FL steering (CAN 5): p=2.0, i=0.0, d=0.009999999776482582, velocity_ff=0.0, output_min=-1.0, output_max=1.0
[YOR] base PID:   already-set RL steering (CAN 6): p=2.0, i=0.0, d=0.009999999776482582, velocity_ff=0.0, output_min=-1.0, output_max=1.0
[YOR] base PID:   already-set RR steering (CAN 7): p=2.0, i=0.0, d=0.009999999776482582, velocity_ff=0.0, output_min=-1.0, output_max=1.0
[YOR] base PID:   already-set FR steering (CAN 8): p=2.0, i=0.0, d=0.009999999776482582, velocity_ff=0.0, output_min=-1.0, output_max=1.0
[YOR] base PID: 4 controller(s) already commissioned, 4 written, 0 problem(s)
[YOR] base PID: 0.2s
[YOR] base config: idle_mode=0 ctrl_type=MIXED [('FL drive', 1), ('FL steering', 3), ('FR drive', 1), ('FR steering', 3), ('RL drive', 1), ('RL steering', 3), ('RR drive', 1), ('RR steering', 3)]
[YOR] base config: velocity_cf=MIXED [('FL drive', 0.000846326001919806), ('FL steering', 1.0), ('FR drive', 0.000846326001919806), ('FR steering', 1.0), ('RL drive', 0.000846326001919806), ('RL steering', 1.0), ('RR drive', 0.000846326001919806), ('RR steering', 1.0)] position_cf=1.0 (drive_command_scale=1.068)
[YOR] base: locked at zero velocity for startup homing
[YOR] recording swerve telemetry to /home/pi-v3/YOR-v3-try/artifacts/wholebody_logs/swerve/swerve_20260827_130445.csv
[YOR] lift: waiting for controller to be ready...
[LIFT] Lift controller ready.
[PicoLift] controller reset — height invalidated, needs home
[LIFT] Capabilities: lift_velocity_v1
[PicoLift] firmware capabilities: lift_velocity_v1
[LIFT] Python commands: up, down, stop, home, vel <signed mm/s>
[LIFT] Optional commands: up 200, down 200, status, power on, power off
[LIFT] Height: unknown (run home)
[LIFT] V_Compute: 28.968 V
[LIFT] V_Motors: 28.856 V
[YOR] lift: homing at startup; waiting up to 30s
[PicoLift] sent 'home'
[PicoLift] sent 'status'
[PicoLift] sent 'status'
[LIFT] Homing UP...
[LIFT] V_Compute: 28.981 V
[LIFT] V_Motors: 28.820 V
[LIFT] Height: unknown (run home)
[LIFT] Upper limit: clear
[LIFT] Lower limit: clear
[LIFT] Motion: UP
[LIFT] Velocity: 0.00 mm/s
[LIFT] Capabilities: lift_velocity_v1
[PicoLift] firmware capabilities: lift_velocity_v1
[LIFT] Height: unknown (run home)
[LIFT] Upper limit: clear
[LIFT] Lower limit: clear
[LIFT] Motion: UP
[LIFT] Velocity: 0.00 mm/s
[LIFT] Capabilities: lift_velocity_v1
[PicoLift] firmware capabilities: lift_velocity_v1
[LIFT] Height: unknown (run home)
[LIFT] Height: unknown (run home)
[LIFT] Height: unknown (run home)
[LIFT] Height: unknown (run home)
[LIFT] Height: unknown (run home)
[LIFT] Height: unknown (run home)
[LIFT] Height: unknown (run home)
[LIFT] Height: unknown (run home)
[LIFT] Height: unknown (run home)
[LIFT] Height: unknown (run home)
[LIFT] Height: unknown (run home)
[LIFT] Height: unknown (run home)
[LIFT] Height: unknown (run home)
[LIFT] Height: unknown (run home)
[LIFT] Height: unknown (run home)
[LIFT] Height: unknown (run home)
[LIFT] Height: unknown (run home)
[LIFT] Height: unknown (run home)
[PicoLift] sent 'status'
[LIFT] Upper limit: clear
[LIFT] Lower limit: clear
[LIFT] Motion: UP
[LIFT] Velocity: 0.00 mm/s
[LIFT] Capabilities: lift_velocity_v1
[PicoLift] firmware capabilities: lift_velocity_v1
[LIFT] Height: unknown (run home)
[LIFT] V_Compute: 28.946 V
[LIFT] V_Motors: 28.827 V
[LIFT] Height: unknown (run home)
[LIFT] Height: unknown (run home)
[LIFT] Height: unknown (run home)
[LIFT] Height: unknown (run home)
[LIFT] Height: unknown (run home)
[LIFT] Height: unknown (run home)
[LIFT] Height: unknown (run home)
[LIFT] Height: unknown (run home)
[LIFT] Height: unknown (run home)
[LIFT] Height: unknown (run home)
[LIFT] Height: unknown (run home)
[LIFT] Height: unknown (run home)
[LIFT] Height: unknown (run home)
[LIFT] Height: unknown (run home)
[LIFT] Height: unknown (run home)
[LIFT] Height: unknown (run home)
[LIFT] Height: unknown (run home)
[LIFT] Height: unknown (run home)
[PicoLift] sent 'status'
[LIFT] Upper limit: clear
[LIFT] Lower limit: clear
[LIFT] Motion: UP
[LIFT] Velocity: 0.00 mm/s
[LIFT] Capabilities: lift_velocity_v1
[PicoLift] firmware capabilities: lift_velocity_v1
[LIFT] Height: unknown (run home)
[LIFT] V_Compute: 28.989 V
[LIFT] V_Motors: 28.825 V
[LIFT] Height: unknown (run home)
[LIFT] Height: unknown (run home)
[LIFT] Height: unknown (run home)
[LIFT] Height: unknown (run home)
[LIFT] Height: unknown (run home)
[LIFT] Height: unknown (run home)
[LIFT] Height: unknown (run home)
[LIFT] Height: unknown (run home)
[LIFT] Height: unknown (run home)
[LIFT] Height: unknown (run home)
[LIFT] Height: unknown (run home)
[LIFT] Height: unknown (run home)
[LIFT] Height: unknown (run home)
[LIFT] Height: unknown (run home)
[LIFT] Height: unknown (run home)
[LIFT] Height: unknown (run home)
[LIFT] Height: unknown (run home)
[LIFT] Height: unknown (run home)
[PicoLift] sent 'status'
[LIFT] Upper limit: clear
[LIFT] Lower limit: clear
[LIFT] Motion: UP
[LIFT] Velocity: 0.00 mm/s
[LIFT] Capabilities: lift_velocity_v1
[PicoLift] firmware capabilities: lift_velocity_v1
[LIFT] Height: unknown (run home)
[LIFT] V_Compute: 28.969 V
[LIFT] V_Motors: 28.835 V
[LIFT] Height: unknown (run home)
[LIFT] Height: unknown (run home)
[LIFT] Height: unknown (run home)
[LIFT] Height: unknown (run home)
[LIFT] Height: unknown (run home)
[LIFT] Height: unknown (run home)
[LIFT] Height: unknown (run home)
[LIFT] Height: unknown (run home)
[LIFT] Height: unknown (run home)
[LIFT] Height: unknown (run home)
[LIFT] Height: unknown (run home)
[LIFT] Height: unknown (run home)
[LIFT] Height: unknown (run home)
[LIFT] Height: unknown (run home)
[LIFT] Height: unknown (run home)
[LIFT] Height: unknown (run home)
[LIFT] Height: unknown (run home)
[LIFT] Height: unknown (run home)
[PicoLift] sent 'status'
[LIFT] Upper limit: clear
[LIFT] Lower limit: clear
[LIFT] Motion: UP
[LIFT] Velocity: 0.00 mm/s
[LIFT] Capabilities: lift_velocity_v1
[PicoLift] firmware capabilities: lift_velocity_v1
[LIFT] Height: unknown (run home)
[LIFT] V_Compute: 28.970 V
[LIFT] V_Motors: 28.821 V
[LIFT] Height: unknown (run home)
[LIFT] Height: unknown (run home)
[LIFT] Height: unknown (run home)
[LIFT] Height: unknown (run home)
[LIFT] Height: unknown (run home)
[LIFT] Height: unknown (run home)
[LIFT] Height: unknown (run home)
[LIFT] Height: unknown (run home)
[LIFT] Height: unknown (run home)
[LIFT] Height: unknown (run home)
[LIFT] Height: unknown (run home)
[LIFT] Height: unknown (run home)
[LIFT] Height: unknown (run home)
[LIFT] Height: unknown (run home)
[LIFT] Height: unknown (run home)
[LIFT] Height: unknown (run home)
[LIFT] Height: unknown (run home)
[LIFT] Height: unknown (run home)
[PicoLift] sent 'status'
[LIFT] Upper limit: clear
[LIFT] Lower limit: clear
[LIFT] Motion: UP
[LIFT] Velocity: 0.00 mm/s
[LIFT] Capabilities: lift_velocity_v1
[PicoLift] firmware capabilities: lift_velocity_v1
[LIFT] Height: unknown (run home)
[LIFT] V_Compute: 28.966 V
[LIFT] V_Motors: 28.836 V
[LIFT] Height: unknown (run home)
[LIFT] Height: unknown (run home)
[LIFT] Height: unknown (run home)
[LIFT] Height: unknown (run home)
[LIFT] Height: unknown (run home)
[LIFT] Height: unknown (run home)
[LIFT] Height: unknown (run home)
[LIFT] Height: unknown (run home)
[LIFT] Height: unknown (run home)
[LIFT] Height: unknown (run home)
[LIFT] Height: unknown (run home)
[LIFT] Height: unknown (run home)
[LIFT] Height: unknown (run home)
[LIFT] Height: unknown (run home)
[LIFT] Height: unknown (run home)
[LIFT] Height: unknown (run home)
[LIFT] Height: unknown (run home)
[LIFT] Height: unknown (run home)
[PicoLift] sent 'status'
[LIFT] Upper limit: clear
[LIFT] Lower limit: clear
[LIFT] Motion: UP
[LIFT] Velocity: 0.00 mm/s
[LIFT] Capabilities: lift_velocity_v1
[PicoLift] firmware capabilities: lift_velocity_v1
[LIFT] Height: unknown (run home)
[LIFT] V_Compute: 28.996 V
[LIFT] V_Motors: 28.836 V
[LIFT] Height: unknown (run home)
[LIFT] Height: unknown (run home)
[LIFT] Height: unknown (run home)
[LIFT] Height: unknown (run home)
[LIFT] Height: unknown (run home)
[LIFT] Height: unknown (run home)
[LIFT] Height: unknown (run home)
[LIFT] Height: unknown (run home)
[LIFT] Height: unknown (run home)
[LIFT] Height: unknown (run home)
[LIFT] Height: unknown (run home)
[LIFT] Height: unknown (run home)
[LIFT] Height: unknown (run home)
[LIFT] Height: unknown (run home)
[LIFT] Height: unknown (run home)
[LIFT] Height: unknown (run home)
[LIFT] Height: unknown (run home)
[LIFT] Height: unknown (run home)
[PicoLift] sent 'status'
[LIFT] Upper limit: clear
[LIFT] Lower limit: clear
[LIFT] Motion: UP
[LIFT] Velocity: 0.00 mm/s
[LIFT] Capabilities: lift_velocity_v1
[PicoLift] firmware capabilities: lift_velocity_v1
[LIFT] Height: unknown (run home)
[LIFT] V_Compute: 28.964 V
[LIFT] V_Motors: 28.829 V
[LIFT] Height: unknown (run home)
[LIFT] Height: unknown (run home)
[LIFT] Height: unknown (run home)
[LIFT] Height: unknown (run home)
[LIFT] Height: unknown (run home)
[LIFT] Height: unknown (run home)
[LIFT] Height: unknown (run home)
[LIFT] Height: unknown (run home)
[LIFT] Height: unknown (run home)
[LIFT] Height: unknown (run home)
[LIFT] Height: unknown (run home)
[LIFT] Height: unknown (run home)
[LIFT] Height: unknown (run home)
[LIFT] Height: unknown (run home)
[LIFT] Height: unknown (run home)
[LIFT] Height: unknown (run home)
[LIFT] Height: unknown (run home)
[LIFT] Height: unknown (run home)
[PicoLift] sent 'status'
[LIFT] Upper limit: clear
[LIFT] Lower limit: clear
[LIFT] Motion: UP
[LIFT] Velocity: 0.00 mm/s
[LIFT] Capabilities: lift_velocity_v1
[PicoLift] firmware capabilities: lift_velocity_v1
[LIFT] Height: unknown (run home)
[LIFT] V_Compute: 28.968 V
[LIFT] V_Motors: 28.820 V
[LIFT] Height: unknown (run home)
[LIFT] Height: unknown (run home)
[LIFT] Height: unknown (run home)
[LIFT] Height: unknown (run home)
[LIFT] Height: unknown (run home)
[LIFT] Height: unknown (run home)
[LIFT] Height: unknown (run home)
[LIFT] Height: unknown (run home)
[LIFT] Height: unknown (run home)
[LIFT] Height: unknown (run home)
[LIFT] Height: unknown (run home)
[LIFT] Height: unknown (run home)
[LIFT] Height: unknown (run home)
[LIFT] Height: unknown (run home)
[LIFT] Height: unknown (run home)
[LIFT] Height: unknown (run home)
[LIFT] Height: unknown (run home)
[LIFT] Height: unknown (run home)
[PicoLift] sent 'status'
[LIFT] Upper limit: clear
[LIFT] Lower limit: clear
[LIFT] Motion: UP
[LIFT] Velocity: 0.00 mm/s
[LIFT] Capabilities: lift_velocity_v1
[PicoLift] firmware capabilities: lift_velocity_v1
[LIFT] Height: unknown (run home)
[LIFT] V_Compute: 28.965 V
[LIFT] V_Motors: 28.825 V
[LIFT] Height: unknown (run home)
[LIFT] Height: unknown (run home)
[LIFT] Height: unknown (run home)
[LIFT] Height: unknown (run home)
[LIFT] Height: unknown (run home)
[LIFT] Height: unknown (run home)
[LIFT] Height: unknown (run home)
[LIFT] Height: unknown (run home)
[LIFT] Height: unknown (run home)
[LIFT] Height: unknown (run home)
[LIFT] Height: unknown (run home)
[LIFT] Height: unknown (run home)
[LIFT] Height: unknown (run home)
[LIFT] Height: unknown (run home)
[LIFT] Height: unknown (run home)
[LIFT] Height: unknown (run home)
[LIFT] Height: unknown (run home)
[LIFT] Height: unknown (run home)
[PicoLift] sent 'status'
[LIFT] Upper limit: clear
[LIFT] Lower limit: clear
[LIFT] Motion: UP
[LIFT] Velocity: 0.00 mm/s
[LIFT] Capabilities: lift_velocity_v1
[PicoLift] firmware capabilities: lift_velocity_v1
[LIFT] Height: unknown (run home)
[LIFT] V_Compute: 28.966 V
[LIFT] V_Motors: 28.822 V
[LIFT] Height: unknown (run home)
[LIFT] Height: unknown (run home)
[LIFT] Height: unknown (run home)
[LIFT] Height: unknown (run home)
[LIFT] Height: unknown (run home)
[LIFT] Height: unknown (run home)
[LIFT] Height: unknown (run home)
[LIFT] Height: unknown (run home)
[LIFT] Height: unknown (run home)
[LIFT] Height: unknown (run home)
[LIFT] Height: unknown (run home)
[LIFT] Height: unknown (run home)
[LIFT] Height: unknown (run home)
[LIFT] Height: unknown (run home)
[LIFT] Height: unknown (run home)
[LIFT] Height: unknown (run home)
[LIFT] Height: unknown (run home)
[LIFT] Height: unknown (run home)
[PicoLift] sent 'status'
[LIFT] Upper limit: clear
[LIFT] Lower limit: clear
[LIFT] Motion: UP
[LIFT] Velocity: 0.00 mm/s
[LIFT] Capabilities: lift_velocity_v1
[PicoLift] firmware capabilities: lift_velocity_v1
[LIFT] Height: unknown (run home)
[LIFT] V_Compute: 28.961 V
[LIFT] V_Motors: 28.799 V
[LIFT] Height: unknown (run home)
[LIFT] Height: unknown (run home)
[LIFT] Height: unknown (run home)
[LIFT] Height: unknown (run home)
[LIFT] Height: unknown (run home)
[LIFT] Height: unknown (run home)
[LIFT] Height: unknown (run home)
[LIFT] Height: unknown (run home)
[LIFT] Height: unknown (run home)
[LIFT] Height: unknown (run home)
[LIFT] Height: unknown (run home)
[LIFT] Height: unknown (run home)
[LIFT] Height: unknown (run home)
[LIFT] Height: unknown (run home)
[LIFT] Height: unknown (run home)
[LIFT] Height: unknown (run home)
[LIFT] Height: unknown (run home)
[LIFT] Height: unknown (run home)
[PicoLift] sent 'status'
[LIFT] Upper limit: clear
[LIFT] Lower limit: clear
[LIFT] Motion: UP
[LIFT] Velocity: 0.00 mm/s
[LIFT] Capabilities: lift_velocity_v1
[PicoLift] firmware capabilities: lift_velocity_v1
[LIFT] Height: unknown (run home)
[LIFT] V_Compute: 28.946 V
[LIFT] V_Motors: 28.841 V
[LIFT] Height: unknown (run home)
[LIFT] Height: unknown (run home)
[LIFT] Height: unknown (run home)
[LIFT] Height: unknown (run home)
[LIFT] Height: unknown (run home)
[LIFT] Height: unknown (run home)
[LIFT] Height: unknown (run home)
[LIFT] Height: unknown (run home)
[LIFT] Height: unknown (run home)
[LIFT] Height: unknown (run home)
[LIFT] Height: unknown (run home)
[LIFT] Height: unknown (run home)
[LIFT] Height: unknown (run home)
[LIFT] Height: unknown (run home)
[LIFT] Height: unknown (run home)
[LIFT] Height: unknown (run home)
[LIFT] Height: unknown (run home)
[LIFT] Height: unknown (run home)
[PicoLift] sent 'status'
[LIFT] Upper limit: clear
[LIFT] Lower limit: clear
[LIFT] Motion: UP
[LIFT] Velocity: 0.00 mm/s
[LIFT] Capabilities: lift_velocity_v1
[PicoLift] firmware capabilities: lift_velocity_v1
[LIFT] Height: unknown (run home)
[LIFT] Height: unknown (run home)
[LIFT] V_Compute: 28.987 V
[LIFT] V_Motors: 28.819 V
[LIFT] Height: unknown (run home)
[LIFT] Height: unknown (run home)
[LIFT] Height: unknown (run home)
[LIFT] Height: unknown (run home)
[LIFT] Height: unknown (run home)
[LIFT] Height: unknown (run home)
[LIFT] Height: unknown (run home)
[LIFT] Height: unknown (run home)
[LIFT] Height: unknown (run home)
[LIFT] Height: unknown (run home)
[LIFT] Height: unknown (run home)
[LIFT] Height: unknown (run home)
[LIFT] Height: unknown (run home)
[LIFT] Height: unknown (run home)
[LIFT] Height: unknown (run home)
[LIFT] Height: unknown (run home)
[LIFT] Height: unknown (run home)
[PicoLift] sent 'status'
[LIFT] Upper limit: clear
[LIFT] Lower limit: clear
[LIFT] Motion: UP
[LIFT] Velocity: 0.00 mm/s
[LIFT] Capabilities: lift_velocity_v1
[PicoLift] firmware capabilities: lift_velocity_v1
[LIFT] Height: unknown (run home)
[LIFT] V_Compute: 28.956 V
[LIFT] V_Motors: 28.826 V
[LIFT] Height: unknown (run home)
[LIFT] Height: unknown (run home)
[LIFT] Height: unknown (run home)
[LIFT] Height: unknown (run home)
[LIFT] Height: unknown (run home)
[LIFT] Height: unknown (run home)
[LIFT] Height: unknown (run home)
[LIFT] Height: unknown (run home)
[LIFT] Height: unknown (run home)
[LIFT] Height: unknown (run home)
[LIFT] Height: unknown (run home)
[LIFT] Height: unknown (run home)
[LIFT] Height: unknown (run home)
[LIFT] Height: unknown (run home)
[LIFT] Height: unknown (run home)
[LIFT] Height: unknown (run home)
[LIFT] Height: unknown (run home)
[LIFT] Height: unknown (run home)
[PicoLift] sent 'status'
[LIFT] Upper limit: clear
[LIFT] Lower limit: clear
[LIFT] Motion: UP
[LIFT] Velocity: 0.00 mm/s
[LIFT] Capabilities: lift_velocity_v1
[PicoLift] firmware capabilities: lift_velocity_v1
[LIFT] Height: unknown (run home)
[LIFT] V_Compute: 28.946 V
[LIFT] V_Motors: 28.831 V
[LIFT] Height: unknown (run home)
[LIFT] Height: unknown (run home)
[LIFT] Height: unknown (run home)
[LIFT] Height: unknown (run home)
[LIFT] Height: unknown (run home)
[LIFT] Height: unknown (run home)
[LIFT] Height: unknown (run home)
[LIFT] Height: unknown (run home)
[LIFT] Height: unknown (run home)
[LIFT] Height: unknown (run home)
[LIFT] Height: unknown (run home)
[LIFT] Height: unknown (run home)
[LIFT] Height: unknown (run home)
[LIFT] Height: unknown (run home)
[LIFT] Height: unknown (run home)
[LIFT] Height: unknown (run home)
[LIFT] Height: unknown (run home)
[LIFT] Height: unknown (run home)
[PicoLift] sent 'status'
[LIFT] Height: unknown (run home)
[LIFT] Upper limit: clear
[LIFT] Lower limit: clear
[LIFT] Motion: UP
[LIFT] Velocity: 0.00 mm/s
[LIFT] Capabilities: lift_velocity_v1
[PicoLift] firmware capabilities: lift_velocity_v1
[LIFT] Height: unknown (run home)
[LIFT] V_Compute: 28.972 V
[LIFT] V_Motors: 28.822 V
[LIFT] Height: unknown (run home)
[LIFT] Height: unknown (run home)
[LIFT] Height: unknown (run home)
[LIFT] Height: unknown (run home)
[LIFT] Height: unknown (run home)
[LIFT] Height: unknown (run home)
[LIFT] Height: unknown (run home)
[LIFT] Height: unknown (run home)
[LIFT] Height: unknown (run home)
[LIFT] Height: unknown (run home)
[LIFT] Height: unknown (run home)
[LIFT] Height: unknown (run home)
[LIFT] Height: unknown (run home)
[LIFT] Height: unknown (run home)
[LIFT] Height: unknown (run home)
[LIFT] Height: unknown (run home)
[LIFT] Height: unknown (run home)
[PicoLift] sent 'status'
[LIFT] Height: unknown (run home)
[LIFT] Upper limit: clear
[LIFT] Lower limit: clear
[LIFT] Motion: UP
[LIFT] Velocity: 0.00 mm/s
[LIFT] Capabilities: lift_velocity_v1
[PicoLift] firmware capabilities: lift_velocity_v1
[LIFT] Height: unknown (run home)
[LIFT] V_Compute: 28.936 V
[LIFT] V_Motors: 28.827 V
[LIFT] Height: unknown (run home)
[LIFT] Height: unknown (run home)
[LIFT] Height: unknown (run home)
[LIFT] Height: unknown (run home)
[LIFT] Height: unknown (run home)
[LIFT] Height: unknown (run home)
[LIFT] Height: unknown (run home)
[LIFT] Height: unknown (run home)
[LIFT] Height: unknown (run home)
[LIFT] Height: unknown (run home)
[LIFT] Height: unknown (run home)
[LIFT] Height: unknown (run home)
[LIFT] Height: unknown (run home)
[LIFT] Height: unknown (run home)
[LIFT] Height: unknown (run home)
[LIFT] Height: unknown (run home)
[LIFT] Height: unknown (run home)
[PicoLift] sent 'status'
[LIFT] Height: unknown (run home)
[LIFT] Upper limit: clear
[LIFT] Lower limit: clear
[LIFT] Motion: UP
[LIFT] Velocity: 0.00 mm/s
[LIFT] Capabilities: lift_velocity_v1
[PicoLift] firmware capabilities: lift_velocity_v1
[LIFT] Height: unknown (run home)
[LIFT] V_Compute: 28.964 V
[LIFT] V_Motors: 28.825 V
[LIFT] Height: unknown (run home)
[LIFT] Height: unknown (run home)
[LIFT] Height: unknown (run home)
[LIFT] Height: unknown (run home)
[LIFT] Height: unknown (run home)
[LIFT] Height: unknown (run home)
[LIFT] Height: unknown (run home)
[LIFT] Height: unknown (run home)
[LIFT] Height: unknown (run home)
[LIFT] Height: unknown (run home)
[LIFT] Height: unknown (run home)
[LIFT] Height: unknown (run home)
[LIFT] Height: unknown (run home)
[LIFT] Height: unknown (run home)
[LIFT] Height: unknown (run home)
[LIFT] Height: unknown (run home)
[LIFT] Height: unknown (run home)
[PicoLift] sent 'status'
[LIFT] Height: unknown (run home)
[LIFT] Upper limit: clear
[LIFT] Lower limit: clear
[LIFT] Motion: UP
[LIFT] Velocity: 0.00 mm/s
[LIFT] Capabilities: lift_velocity_v1
[PicoLift] firmware capabilities: lift_velocity_v1
[LIFT] Height: unknown (run home)
[LIFT] V_Compute: 28.960 V
[LIFT] V_Motors: 28.819 V
[LIFT] Height: unknown (run home)
[LIFT] Height: unknown (run home)
[LIFT] Height: unknown (run home)
[LIFT] Height: unknown (run home)
[LIFT] Height: unknown (run home)
[LIFT] Height: unknown (run home)
[LIFT] Height: unknown (run home)
[LIFT] Height: unknown (run home)
[LIFT] Height: unknown (run home)
[LIFT] Height: unknown (run home)
[LIFT] Height: unknown (run home)
[LIFT] Height: unknown (run home)
[LIFT] Height: unknown (run home)
[LIFT] Height: unknown (run home)
[LIFT] Height: unknown (run home)
[LIFT] Height: unknown (run home)
[LIFT] Height: unknown (run home)
[PicoLift] sent 'status'
[LIFT] Height: unknown (run home)
[LIFT] Upper limit: clear
[LIFT] Lower limit: clear
[LIFT] Motion: UP
[LIFT] Velocity: 0.00 mm/s
[LIFT] Capabilities: lift_velocity_v1
[PicoLift] firmware capabilities: lift_velocity_v1
[LIFT] Height: unknown (run home)
[LIFT] V_Compute: 28.968 V
[LIFT] V_Motors: 28.849 V
[LIFT] Height: unknown (run home)
[LIFT] Height: unknown (run home)
[LIFT] Height: unknown (run home)
[LIFT] Height: unknown (run home)
[LIFT] Height: unknown (run home)
[LIFT] Height: unknown (run home)
[LIFT] Height: unknown (run home)
[LIFT] Height: unknown (run home)
[LIFT] Height: unknown (run home)
[LIFT] Height: unknown (run home)
[LIFT] Height: unknown (run home)
[LIFT] Height: unknown (run home)
[LIFT] Height: unknown (run home)
[LIFT] Height: unknown (run home)
[LIFT] Height: unknown (run home)
[LIFT] Height: unknown (run home)
[LIFT] Height: unknown (run home)
[PicoLift] sent 'status'
[LIFT] Height: unknown (run home)
[LIFT] Upper limit: clear
[LIFT] Lower limit: clear
[LIFT] Motion: UP
[LIFT] Velocity: 0.00 mm/s
[LIFT] Capabilities: lift_velocity_v1
[PicoLift] firmware capabilities: lift_velocity_v1
[LIFT] Height: unknown (run home)
[LIFT] V_Compute: 28.960 V
[LIFT] V_Motors: 28.826 V
[LIFT] Height: unknown (run home)
[LIFT] Height: unknown (run home)
[LIFT] Height: unknown (run home)
[LIFT] Height: unknown (run home)
[LIFT] Height: unknown (run home)
[LIFT] Height: unknown (run home)
[LIFT] Height: unknown (run home)
[LIFT] Height: unknown (run home)
[LIFT] Height: unknown (run home)
[LIFT] Height: unknown (run home)
[LIFT] Height: unknown (run home)
[LIFT] Height: unknown (run home)
[LIFT] Height: unknown (run home)
[LIFT] Height: unknown (run home)
[LIFT] Height: unknown (run home)
[LIFT] Height: unknown (run home)
[LIFT] Height: unknown (run home)
[PicoLift] sent 'status'
[LIFT] Height: unknown (run home)
[LIFT] Upper limit: clear
[LIFT] Lower limit: clear
[LIFT] Motion: UP
[LIFT] Velocity: 0.00 mm/s
[LIFT] Capabilities: lift_velocity_v1
[PicoLift] firmware capabilities: lift_velocity_v1
[LIFT] Height: unknown (run home)
[LIFT] V_Compute: 28.951 V
[LIFT] V_Motors: 28.811 V
[LIFT] Height: unknown (run home)
[LIFT] Height: unknown (run home)
[LIFT] Height: unknown (run home)
[LIFT] Height: unknown (run home)
[LIFT] Height: unknown (run home)
[LIFT] Height: unknown (run home)
[LIFT] Height: unknown (run home)
[LIFT] Height: unknown (run home)
[LIFT] Height: unknown (run home)
[LIFT] Height: unknown (run home)
[LIFT] Height: unknown (run home)
[LIFT] Height: unknown (run home)
[LIFT] Height: unknown (run home)
[LIFT] Height: unknown (run home)
[LIFT] Height: unknown (run home)
[LIFT] Height: unknown (run home)
[LIFT] Height: unknown (run home)
[PicoLift] sent 'status'
[LIFT] Height: unknown (run home)
[LIFT] Upper limit: clear
[LIFT] Lower limit: clear
[LIFT] Motion: UP
[LIFT] Velocity: 0.00 mm/s
[LIFT] Capabilities: lift_velocity_v1
[PicoLift] firmware capabilities: lift_velocity_v1
[LIFT] Height: unknown (run home)
[LIFT] V_Compute: 28.968 V
[LIFT] V_Motors: 28.824 V
[LIFT] Height: unknown (run home)
[LIFT] Height: unknown (run home)
[LIFT] Height: unknown (run home)
[LIFT] Height: unknown (run home)
[LIFT] Height: unknown (run home)
[LIFT] Height: unknown (run home)
[LIFT] Height: unknown (run home)
[LIFT] Height: unknown (run home)
[LIFT] Height: unknown (run home)
[LIFT] Height: unknown (run home)
[LIFT] Height: unknown (run home)
[LIFT] Height: unknown (run home)
[LIFT] Height: unknown (run home)
[LIFT] Height: unknown (run home)
[LIFT] Height: unknown (run home)
[LIFT] Height: unknown (run home)
[LIFT] Height: unknown (run home)
[PicoLift] sent 'status'
[LIFT] Height: unknown (run home)
[LIFT] Upper limit: clear
[LIFT] Lower limit: clear
[LIFT] Motion: UP
[LIFT] Velocity: 0.00 mm/s
[LIFT] Capabilities: lift_velocity_v1
[PicoLift] firmware capabilities: lift_velocity_v1
[LIFT] Height: unknown (run home)
[LIFT] V_Compute: 28.968 V
[LIFT] V_Motors: 28.844 V
[LIFT] Height: unknown (run home)
[LIFT] Height: unknown (run home)
[LIFT] Height: unknown (run home)
[LIFT] Height: unknown (run home)
[LIFT] Height: unknown (run home)
[LIFT] Height: unknown (run home)
[LIFT] Height: unknown (run home)
[LIFT] Height: unknown (run home)
[LIFT] Height: unknown (run home)
[LIFT] Height: unknown (run home)
[LIFT] Height: unknown (run home)
[LIFT] Height: unknown (run home)
[LIFT] Height: unknown (run home)
[LIFT] Height: unknown (run home)
[LIFT] Height: unknown (run home)
[LIFT] Height: unknown (run home)
[LIFT] Height: unknown (run home)
[LIFT] Height: unknown (run home)
[PicoLift] sent 'status'
[LIFT] Upper limit: clear
[LIFT] Lower limit: clear
[LIFT] Motion: UP
[LIFT] Velocity: 0.00 mm/s
[LIFT] Capabilities: lift_velocity_v1
[PicoLift] firmware capabilities: lift_velocity_v1
[LIFT] Height: unknown (run home)
[LIFT] V_Compute: 28.966 V
[LIFT] V_Motors: 28.847 V
[LIFT] Height: unknown (run home)
[LIFT] Height: unknown (run home)
[LIFT] Height: unknown (run home)
[LIFT] Height: unknown (run home)
[LIFT] Height: unknown (run home)
[LIFT] Height: unknown (run home)
[LIFT] Height: unknown (run home)
[LIFT] Height: unknown (run home)
[LIFT] Height: unknown (run home)
[LIFT] Height: unknown (run home)
[LIFT] Height: unknown (run home)
[LIFT] Home complete.
[PicoLift] sent 'status'
[PicoLift] sent 'status'
[YOR] lift: home complete at 0.9 m
[YOR] lift: moving to 450 mm from zero
[PicoLift] sent 'down 450.00'
[LIFT] Upper limit: ACTIVE
[LIFT] Lower limit: clear
[LIFT] Motion: IDLE
[LIFT] Velocity: 0.00 mm/s
[LIFT] Capabilities: lift_velocity_v1
[PicoLift] firmware capabilities: lift_velocity_v1
[LIFT] V_Compute: 28.964 V
[LIFT] V_Motors: 28.849 V
[LIFT] Upper limit: ACTIVE
[LIFT] Lower limit: clear
[LIFT] Motion: IDLE
[LIFT] Velocity: 0.00 mm/s
[LIFT] Capabilities: lift_velocity_v1
[PicoLift] firmware capabilities: lift_velocity_v1
[LIFT] Moving DOWN 450.00 mm
[LIFT] V_Compute: 28.944 V
[LIFT] V_Motors: 28.782 V
[LIFT] V_Compute: 28.958 V
[LIFT] V_Motors: 28.844 V
[LIFT] V_Compute: 28.959 V
[LIFT] V_Motors: 28.829 V
[LIFT] V_Compute: 28.959 V
[LIFT] V_Motors: 28.824 V
[LIFT] V_Compute: 28.956 V
[LIFT] V_Motors: 28.826 V
[LIFT] V_Compute: 28.944 V
[LIFT] V_Motors: 28.829 V
[LIFT] V_Compute: 28.956 V
[LIFT] V_Motors: 28.850 V
[LIFT] V_Compute: 28.970 V
[LIFT] V_Motors: 28.846 V
[LIFT] V_Compute: 28.965 V
[LIFT] V_Motors: 28.837 V
[LIFT] V_Compute: 28.964 V
[LIFT] V_Motors: 28.837 V
[LIFT] V_Compute: 28.968 V
[LIFT] V_Motors: 28.843 V
[LIFT] V_Compute: 28.961 V
[LIFT] V_Motors: 28.833 V
[LIFT] V_Compute: 28.961 V
[LIFT] V_Motors: 28.835 V
[LIFT] V_Compute: 28.958 V
[LIFT] V_Motors: 28.839 V
[LIFT] V_Compute: 28.951 V
[LIFT] V_Motors: 28.841 V
[LIFT] V_Compute: 28.966 V
[LIFT] V_Motors: 28.833 V
[LIFT] V_Compute: 28.966 V
[LIFT] V_Motors: 28.834 V
[LIFT] V_Compute: 28.960 V
[LIFT] V_Motors: 28.841 V
[PicoLift] sent 'stop'
[YOR] lift: startup position 0.451775 m
[LIFT] Motion stopped by user.
Warning: YOR already initialized
[LIFT] V_Compute: 28.966 V
[LIFT] V_Motors: 28.851 V
[LIFT] V_Compute: 28.961 V
[LIFT] V_Motors: 28.850 V
[LIFT] V_Compute: 28.972 V
[LIFT] V_Motors: 28.854 V
[LIFT] V_Compute: 28.965 V
[LIFT] V_Motors: 28.854 V
[LIFT] V_Compute: 28.966 V
[LIFT] V_Motors: 28.769 V
[LIFT] V_Compute: 28.961 V
[LIFT] V_Motors: 28.799 V
[LIFT] V_Compute: 28.956 V
[LIFT] V_Motors: 28.789 V
[LIFT] V_Compute: 28.944 V
[LIFT] V_Motors: 28.781 V
[LIFT] V_Compute: 28.959 V
[LIFT] V_Motors: 28.790 V
[LIFT] V_Compute: 28.961 V
[LIFT] V_Motors: 28.796 V
[LIFT] V_Compute: 28.962 V
[LIFT] V_Motors: 28.788 V
[LIFT] V_Compute: 28.969 V
[LIFT] V_Motors: 28.809 V
[LIFT] V_Compute: 28.962 V
[LIFT] V_Motors: 28.827 V
[LIFT] V_Compute: 28.965 V
[LIFT] V_Motors: 28.809 V
[LIFT] V_Compute: 28.961 V
[LIFT] V_Motors: 28.812 V
[LIFT] V_Compute: 28.964 V
[LIFT] V_Motors: 28.817 V
[LIFT] V_Compute: 28.964 V
[LIFT] V_Motors: 28.804 V
[LIFT] V_Compute: 28.966 V
[LIFT] V_Motors: 28.805 V
[LIFT] V_Compute: 28.964 V
[LIFT] V_Motors: 28.808 V
[LIFT] V_Compute: 28.966 V
[LIFT] V_Motors: 28.780 V
[LIFT] V_Compute: 28.966 V
[LIFT] V_Motors: 28.782 V
[LIFT] V_Compute: 28.966 V
[LIFT] V_Motors: 28.800 V
[LIFT] V_Compute: 28.958 V
[LIFT] V_Motors: 28.795 V
[LIFT] V_Compute: 28.964 V
[LIFT] V_Motors: 28.796 V
[LIFT] V_Compute: 28.968 V
[LIFT] V_Motors: 28.786 V
[LIFT] V_Compute: 28.970 V
[LIFT] V_Motors: 28.804 V
[LIFT] V_Compute: 28.961 V
[LIFT] V_Motors: 28.799 V
[LIFT] V_Compute: 28.958 V
[LIFT] V_Motors: 28.780 V
[LIFT] V_Compute: 28.962 V
[LIFT] V_Motors: 28.792 V
[LIFT] V_Compute: 28.966 V
[LIFT] V_Motors: 28.802 V
[LIFT] V_Compute: 28.965 V
[LIFT] V_Motors: 28.789 V
[LIFT] V_Compute: 28.971 V
[LIFT] V_Motors: 28.795 V
[LIFT] V_Compute: 28.959 V
[LIFT] V_Motors: 28.786 V
[LIFT] V_Compute: 28.958 V
[LIFT] V_Motors: 28.811 V
[LIFT] V_Compute: 28.961 V
[LIFT] V_Motors: 28.788 V
[LIFT] V_Compute: 28.964 V
[LIFT] V_Motors: 28.781 V
[LIFT] V_Compute: 28.962 V
[LIFT] V_Motors: 28.786 V
[LIFT] V_Compute: 28.968 V
[LIFT] V_Motors: 28.796 V
[LIFT] V_Compute: 28.956 V
[LIFT] V_Motors: 28.808 V
[LIFT] V_Compute: 28.962 V
[LIFT] V_Motors: 28.796 V
[LIFT] V_Compute: 28.964 V
[LIFT] V_Motors: 28.821 V
[LIFT] V_Compute: 28.958 V
[LIFT] V_Motors: 28.772 V
[LIFT] V_Compute: 28.958 V
[LIFT] V_Motors: 28.764 V
[LIFT] V_Compute: 28.965 V
[LIFT] V_Motors: 28.798 V
[LIFT] V_Compute: 28.962 V
[LIFT] V_Motors: 28.789 V
[LIFT] V_Compute: 28.964 V
[LIFT] V_Motors: 28.781 V
[LIFT] V_Compute: 28.961 V
[LIFT] V_Motors: 28.794 V
[LIFT] V_Compute: 28.961 V
[LIFT] V_Motors: 28.786 V
[LIFT] V_Compute: 28.959 V
[LIFT] V_Motors: 28.788 V
[LIFT] V_Compute: 28.968 V
[LIFT] V_Motors: 28.784 V
[LIFT] V_Compute: 28.956 V
[LIFT] V_Motors: 28.786 V
[LIFT] V_Compute: 28.962 V
[LIFT] V_Motors: 28.815 V
[LIFT] V_Compute: 28.966 V
[LIFT] V_Motors: 28.763 V
[LIFT] V_Compute: 28.964 V
[LIFT] V_Motors: 28.812 V
[LIFT] V_Compute: 28.964 V
[LIFT] V_Motors: 28.794 V
[LIFT] V_Compute: 28.966 V
[LIFT] V_Motors: 28.776 V
[LIFT] V_Compute: 28.962 V
[LIFT] V_Motors: 28.770 V
[LIFT] V_Compute: 28.960 V
[LIFT] V_Motors: 28.794 V
[LIFT] V_Compute: 28.962 V
[LIFT] V_Motors: 28.788 V
[LIFT] V_Compute: 28.969 V
[LIFT] V_Motors: 28.800 V
[LIFT] V_Compute: 28.962 V
[LIFT] V_Motors: 28.799 V
[LIFT] V_Compute: 28.961 V
[LIFT] V_Motors: 28.792 V
[LIFT] V_Compute: 28.965 V
[LIFT] V_Motors: 28.792 V
[LIFT] V_Compute: 28.960 V
[LIFT] V_Motors: 28.788 V
[LIFT] V_Compute: 28.966 V
[LIFT] V_Motors: 28.789 V
[LIFT] V_Compute: 28.966 V
[LIFT] V_Motors: 28.786 V
[LIFT] V_Compute: 28.966 V
[LIFT] V_Motors: 28.800 V
[LIFT] V_Compute: 28.955 V
[LIFT] V_Motors: 28.779 V
[LIFT] V_Compute: 28.961 V
[LIFT] V_Motors: 28.794 V
[LIFT] V_Compute: 28.960 V
[LIFT] V_Motors: 28.774 V
[LIFT] V_Compute: 28.960 V
[LIFT] V_Motors: 28.761 V
[LIFT] V_Compute: 28.969 V
[LIFT] V_Motors: 28.782 V
[LIFT] V_Compute: 28.950 V
[LIFT] V_Motors: 28.801 V
[LIFT] V_Compute: 28.958 V
[LIFT] V_Motors: 28.785 V
[LIFT] V_Compute: 28.962 V
[LIFT] V_Motors: 28.790 V
[LIFT] V_Compute: 28.968 V
[LIFT] V_Motors: 28.779 V
[LIFT] V_Compute: 28.961 V
[LIFT] V_Motors: 28.788 V
[LIFT] V_Compute: 28.965 V
[LIFT] V_Motors: 28.784 V
[LIFT] V_Compute: 28.946 V
[LIFT] V_Motors: 28.769 V
[LIFT] V_Compute: 28.958 V
[LIFT] V_Motors: 28.781 V
[LIFT] V_Compute: 28.965 V
[LIFT] V_Motors: 28.789 V
[LIFT] V_Compute: 28.972 V
[LIFT] V_Motors: 28.799 V
[LIFT] V_Compute: 28.965 V
[LIFT] V_Motors: 28.780 V
[LIFT] V_Compute: 28.969 V
[LIFT] V_Motors: 28.786 V
[LIFT] V_Compute: 28.968 V
[LIFT] V_Motors: 28.798 V
[LIFT] V_Compute: 28.964 V
[LIFT] V_Motors: 28.788 V
[LIFT] V_Compute: 28.966 V
[LIFT] V_Motors: 28.800 V
[LIFT] V_Compute: 28.968 V
[LIFT] V_Motors: 28.788 V
[LIFT] V_Compute: 28.961 V
[LIFT] V_Motors: 28.795 V
[LIFT] V_Compute: 28.968 V
[LIFT] V_Motors: 28.795 V
[LIFT] V_Compute: 28.964 V
[LIFT] V_Motors: 28.767 V
[LIFT] V_Compute: 28.958 V
[LIFT] V_Motors: 28.776 V
[LIFT] V_Compute: 28.960 V
[LIFT] V_Motors: 28.789 V
[LIFT] V_Compute: 28.965 V
[LIFT] V_Motors: 28.779 V
[LIFT] V_Compute: 28.962 V
[LIFT] V_Motors: 28.781 V
[LIFT] V_Compute: 28.946 V
[LIFT] V_Motors: 28.760 V
[LIFT] V_Compute: 28.958 V
[LIFT] V_Motors: 28.790 V
[LIFT] V_Compute: 28.951 V
[LIFT] V_Motors: 28.770 V
[LIFT] V_Compute: 28.955 V
[LIFT] V_Motors: 28.776 V
[LIFT] V_Compute: 28.962 V
[LIFT] V_Motors: 28.777 V
[LIFT] V_Compute: 28.964 V
[LIFT] V_Motors: 28.764 V
[LIFT] V_Compute: 28.966 V
[LIFT] V_Motors: 28.780 V
[LIFT] V_Compute: 28.961 V
[LIFT] V_Motors: 28.763 V
[LIFT] V_Compute: 28.951 V
[LIFT] V_Motors: 28.760 V
[LIFT] V_Compute: 28.962 V
[LIFT] V_Motors: 28.782 V
[LIFT] V_Compute: 28.960 V
[LIFT] V_Motors: 28.776 V
[LIFT] V_Compute: 28.969 V
[LIFT] V_Motors: 28.772 V
[LIFT] V_Compute: 28.958 V
[LIFT] V_Motors: 28.755 V
[LIFT] V_Compute: 28.964 V
[LIFT] V_Motors: 28.840 V
[LIFT] V_Compute: 28.956 V
[LIFT] V_Motors: 28.812 V
[LIFT] V_Compute: 28.968 V
[LIFT] V_Motors: 28.766 V
[LIFT] V_Compute: 28.956 V
[LIFT] V_Motors: 28.772 V
[LIFT] V_Compute: 28.960 V
[LIFT] V_Motors: 28.714 V
[LIFT] V_Compute: 28.965 V
[LIFT] V_Motors: 28.812 V
[LIFT] V_Compute: 28.955 V
[LIFT] V_Motors: 28.747 V
[LIFT] V_Compute: 28.961 V
[LIFT] V_Motors: 28.770 V
[LIFT] V_Compute: 28.964 V
[LIFT] V_Motors: 28.763 V
[LIFT] V_Compute: 28.961 V
[LIFT] V_Motors: 28.765 V
[LIFT] V_Compute: 28.962 V
[LIFT] V_Motors: 28.834 V
[LIFT] V_Compute: 28.965 V
[LIFT] V_Motors: 28.784 V
[LIFT] V_Compute: 28.971 V
[LIFT] V_Motors: 28.736 V
[LIFT] V_Compute: 28.960 V
[LIFT] V_Motors: 28.825 V
[LIFT] V_Compute: 28.965 V
[LIFT] V_Motors: 28.820 V
[LIFT] V_Compute: 28.964 V
[LIFT] V_Motors: 28.800 V
[LIFT] V_Compute: 28.964 V
[LIFT] V_Motors: 28.831 V
[LIFT] V_Compute: 28.962 V
[LIFT] V_Motors: 28.826 V
[LIFT] V_Compute: 28.966 V
[LIFT] V_Motors: 28.826 V
[LIFT] V_Compute: 28.965 V
[LIFT] V_Motors: 28.827 V
[LIFT] V_Compute: 28.958 V
[LIFT] V_Motors: 28.826 V
[LIFT] V_Compute: 28.961 V
[LIFT] V_Motors: 28.837 V
[LIFT] V_Compute: 28.968 V
[LIFT] V_Motors: 28.834 V
[LIFT] V_Compute: 28.966 V
[LIFT] V_Motors: 28.839 V
[LIFT] V_Compute: 28.966 V
[LIFT] V_Motors: 28.834 V
[LIFT] V_Compute: 28.958 V
[LIFT] V_Motors: 28.836 V
[LIFT] V_Compute: 28.961 V
[LIFT] V_Motors: 28.835 V
[LIFT] V_Compute: 28.964 V
[LIFT] V_Motors: 28.834 V
[LIFT] V_Compute: 28.960 V
[LIFT] V_Motors: 28.829 V
[LIFT] V_Compute: 28.956 V
[LIFT] V_Motors: 28.836 V
[LIFT] V_Compute: 28.966 V
[LIFT] V_Motors: 28.834 V
[LIFT] V_Compute: 28.960 V
[LIFT] V_Motors: 28.836 V
[LIFT] V_Compute: 28.966 V
[LIFT] V_Motors: 28.835 V
[LIFT] V_Compute: 28.960 V
[LIFT] V_Motors: 28.835 V
[LIFT] V_Compute: 28.964 V
[LIFT] V_Motors: 28.834 V
[LIFT] V_Compute: 28.961 V
[LIFT] V_Motors: 28.833 V
[LIFT] V_Compute: 28.961 V
[LIFT] V_Motors: 28.834 V
[LIFT] V_Compute: 28.965 V
[LIFT] V_Motors: 28.833 V
[LIFT] V_Compute: 28.949 V
[LIFT] V_Motors: 28.837 V
[LIFT] V_Compute: 28.962 V
[LIFT] V_Motors: 28.835 V
[LIFT] V_Compute: 28.958 V
[LIFT] V_Motors: 28.839 V
[LIFT] V_Compute: 28.956 V
[LIFT] V_Motors: 28.835 V
[LIFT] V_Compute: 28.958 V
[LIFT] V_Motors: 28.833 V
[LIFT] V_Compute: 28.962 V
[LIFT] V_Motors: 28.829 V
[LIFT] V_Compute: 28.954 V
[LIFT] V_Motors: 28.824 V
[LIFT] V_Compute: 28.946 V
[LIFT] V_Motors: 28.821 V
[LIFT] V_Compute: 28.955 V
[LIFT] V_Motors: 28.827 V
[LIFT] V_Compute: 28.951 V
[LIFT] V_Motors: 28.825 V
[LIFT] V_Compute: 28.947 V
[LIFT] V_Motors: 28.826 V
[LIFT] V_Compute: 28.949 V
[LIFT] V_Motors: 28.826 V
[LIFT] V_Compute: 28.949 V
[LIFT] V_Motors: 28.821 V
[LIFT] V_Compute: 28.951 V
[LIFT] V_Motors: 28.824 V
[LIFT] V_Compute: 28.950 V
[LIFT] V_Motors: 28.830 V
[LIFT] V_Compute: 28.952 V
[LIFT] V_Motors: 28.826 V
[LIFT] V_Compute: 28.952 V
[LIFT] V_Motors: 28.826 V
[LIFT] V_Compute: 28.950 V
[LIFT] V_Motors: 28.826 V
[LIFT] V_Compute: 28.951 V
[LIFT] V_Motors: 28.833 V
[LIFT] V_Compute: 28.952 V
[LIFT] V_Motors: 28.831 V
[LIFT] V_Compute: 28.950 V
[LIFT] V_Motors: 28.822 V
[LIFT] V_Compute: 28.952 V
[LIFT] V_Motors: 28.824 V
[LIFT] V_Compute: 28.942 V
[LIFT] V_Motors: 28.822 V
[LIFT] V_Compute: 28.951 V
[LIFT] V_Motors: 28.821 V
[LIFT] V_Compute: 28.945 V
[LIFT] V_Motors: 28.820 V
[LIFT] V_Compute: 28.950 V
[LIFT] V_Motors: 28.831 V
SLAM pose subscriber initialized
[LIFT] V_Compute: 28.949 V
[LIFT] V_Motors: 28.764 V
[LIFT] V_Compute: 28.950 V
[LIFT] V_Motors: 28.795 V
[YOR] follow_path: n=23 first=(0.134799987077713, -0.012100315093994674) last=(4.584799987077713, -0.7621003150939947)
[LIFT] V_Compute: 28.942 V
[LIFT] V_Motors: 28.792 V
[LIFT] V_Compute: 28.951 V
[LIFT] V_Motors: 28.782 V
[YOR] follow_path: n=20 first=(0.5347999870777129, -0.012100315093994674) last=(4.584799987077713, -0.7621003150939947)
[LIFT] V_Compute: 28.951 V
[LIFT] V_Motors: 28.792 V
[LIFT] V_Compute: 28.947 V
[LIFT] V_Motors: 28.799 V
[LIFT] V_Compute: 28.946 V
[LIFT] V_Motors: 28.784 V
[YOR] follow_path: n=20 first=(0.9347999870777131, -0.021499919891358132) last=(4.584799987077713, -0.7714999198913581)
[LIFT] V_Compute: 28.945 V
[LIFT] V_Motors: 28.790 V
[LIFT] V_Compute: 28.946 V
[LIFT] V_Motors: 28.786 V
[YOR] follow_path: n=18 first=(1.2847999870777131, -0.08380012512207102) last=(4.584799987077713, -0.7838001251220712)
[LIFT] V_Compute: 28.950 V
[LIFT] V_Motors: 28.769 V
[LIFT] V_Compute: 28.950 V
[LIFT] V_Motors: 28.784 V
[YOR] follow_path: n=16 first=(1.6347999870777132, -0.18380012512207067) last=(4.584799987077713, -0.7838001251220712)
[LIFT] V_Compute: 28.940 V
[LIFT] V_Motors: 28.782 V
[LIFT] V_Compute: 28.946 V
[LIFT] V_Motors: 28.799 V
[YOR] follow_path: n=14 first=(2.0347999870777134, -0.333800125122071) last=(4.584799987077713, -0.7838001251220712)
[LIFT] V_Compute: 28.947 V
[LIFT] V_Motors: 28.792 V
[LIFT] V_Compute: 28.955 V
[LIFT] V_Motors: 28.788 V
[YOR] follow_path: n=12 first=(2.384799987077713, -0.333800125122071) last=(4.584799987077713, -0.7838001251220712)
[LIFT] V_Compute: 28.949 V
[LIFT] V_Motors: 28.785 V
[LIFT] V_Compute: 28.951 V
[LIFT] V_Motors: 28.790 V
[YOR] follow_path: n=10 first=(2.7347999870777135, -0.38380012512207085) last=(4.584799987077713, -0.7838001251220712)
[LIFT] V_Compute: 28.949 V
[LIFT] V_Motors: 28.784 V
[LIFT] V_Compute: 28.946 V
[LIFT] V_Motors: 28.785 V
[YOR] follow_path: n=8 first=(3.084799987077713, -0.43380012512207067) last=(4.584799987077713, -0.7838001251220712)
[LIFT] V_Compute: 28.946 V
[LIFT] V_Motors: 28.781 V
[LIFT] V_Compute: 28.950 V
[LIFT] V_Motors: 28.790 V
[LIFT] V_Compute: 28.945 V
[LIFT] V_Motors: 28.790 V
[YOR] follow_path: n=6 first=(3.4847999870777135, -0.5338001251220712) last=(4.584799987077713, -0.7838001251220712)
[LIFT] V_Compute: 28.951 V
[LIFT] V_Motors: 28.784 V
[LIFT] V_Compute: 28.944 V
[LIFT] V_Motors: 28.788 V
[YOR] follow_path: n=5 first=(3.7847999870777134, -0.6338001251220708) last=(4.584799987077713, -0.7838001251220712)
[LIFT] V_Compute: 28.950 V
[LIFT] V_Motors: 28.784 V
[LIFT] V_Compute: 28.945 V
[LIFT] V_Motors: 28.786 V
[YOR] follow_path: n=4 first=(4.134799987077713, -0.6838001251220707) last=(4.584799987077713, -0.7838001251220712)
[LIFT] V_Compute: 28.950 V
[LIFT] V_Motors: 28.779 V
[LIFT] V_Compute: 28.950 V
[LIFT] V_Motors: 28.815 V
[LIFT] V_Compute: 28.942 V
[LIFT] V_Motors: 28.809 V
[LIFT] V_Compute: 28.947 V
[LIFT] V_Motors: 28.822 V
[YOR] follow_path: cleared
[LIFT] V_Compute: 28.944 V
[LIFT] V_Motors: 28.820 V
[LIFT] V_Compute: 28.942 V
[LIFT] V_Motors: 28.820 V
[LIFT] V_Compute: 28.946 V
[LIFT] V_Motors: 28.820 V
[LIFT] V_Compute: 28.951 V
[LIFT] V_Motors: 28.824 V
[LIFT] V_Compute: 28.945 V
[LIFT] V_Motors: 28.825 V
[LIFT] V_Compute: 28.942 V
[LIFT] V_Motors: 28.824 V
[LIFT] V_Compute: 28.952 V
[LIFT] V_Motors: 28.820 V
[LIFT] V_Compute: 28.946 V
[LIFT] V_Motors: 28.824 V
[LIFT] V_Compute: 28.931 V
[LIFT] V_Motors: 28.819 V
[LIFT] V_Compute: 28.942 V
[LIFT] V_Motors: 28.822 V
[LIFT] V_Compute: 28.942 V
[LIFT] V_Motors: 28.819 V
[LIFT] V_Compute: 28.942 V
[LIFT] V_Motors: 28.816 V
[LIFT] V_Compute: 28.941 V
[LIFT] V_Motors: 28.821 V
[LIFT] V_Compute: 28.941 V
[LIFT] V_Motors: 28.820 V
[LIFT] V_Compute: 28.941 V
[LIFT] V_Motors: 28.822 V
[LIFT] V_Compute: 28.947 V
[LIFT] V_Motors: 28.820 V
[LIFT] V_Compute: 28.952 V
[LIFT] V_Motors: 28.826 V
[LIFT] V_Compute: 28.946 V
[LIFT] V_Motors: 28.824 V
[LIFT] V_Compute: 28.940 V
[LIFT] V_Motors: 28.830 V
[LIFT] V_Compute: 28.947 V
[LIFT] V_Motors: 28.825 V
[LIFT] V_Compute: 28.942 V
[LIFT] V_Motors: 28.826 V
[LIFT] V_Compute: 28.945 V
[LIFT] V_Motors: 28.822 V
[LIFT] V_Compute: 28.940 V
[LIFT] V_Motors: 28.817 V
[LIFT] V_Compute: 28.944 V
[LIFT] V_Motors: 28.825 V
[LIFT] V_Compute: 28.945 V
[LIFT] V_Motors: 28.827 V
[LIFT] V_Compute: 28.945 V
[LIFT] V_Motors: 28.826 V
[LIFT] V_Compute: 28.947 V
[LIFT] V_Motors: 28.820 V
[LIFT] V_Compute: 28.941 V
[LIFT] V_Motors: 28.821 V
[LIFT] V_Compute: 28.944 V
[LIFT] V_Motors: 28.825 V
[LIFT] V_Compute: 28.941 V
[LIFT] V_Motors: 28.824 V
[LIFT] V_Compute: 28.945 V
[LIFT] V_Motors: 28.829 V
[LIFT] V_Compute: 28.940 V
[LIFT] V_Motors: 28.825 V
[LIFT] V_Compute: 28.941 V
[LIFT] V_Motors: 28.829 V
[LIFT] V_Compute: 28.945 V
[LIFT] V_Motors: 28.775 V
[LIFT] V_Compute: 28.940 V
[LIFT] V_Motors: 28.786 V
[YOR] follow_path: n=22 first=(4.2347999870777135, -0.7838001251220712) last=(-0.01520001292228701, 0.01619987487792951)
[LIFT] V_Compute: 28.946 V
[LIFT] V_Motors: 28.706 V
[LIFT] V_Compute: 28.946 V
[LIFT] V_Motors: 28.786 V
[YOR] follow_path: n=20 first=(3.9347999870777137, -0.7838001251220712) last=(-0.01520001292228701, 0.01619987487792951)
[LIFT] V_Compute: 28.944 V
[LIFT] V_Motors: 28.789 V
[LIFT] V_Compute: 28.940 V
[LIFT] V_Motors: 28.771 V
[LIFT] V_Compute: 28.952 V
[LIFT] V_Motors: 28.766 V
[YOR] follow_path: n=18 first=(3.4847999870777135, -0.7338001251220705) last=(-0.01520001292228701, 0.01619987487792951)
[LIFT] V_Compute: 28.951 V
[LIFT] V_Motors: 28.776 V
[LIFT] V_Compute: 28.941 V
[LIFT] V_Motors: 28.788 V
[YOR] follow_path: n=17 first=(3.1411000490188608, -0.6338001251220708) last=(-0.008899950981139604, 0.01619987487792951)
[LIFT] V_Compute: 28.940 V
[LIFT] V_Motors: 28.775 V
[LIFT] V_Compute: 28.944 V
[LIFT] V_Motors: 28.780 V
[YOR] follow_path: n=14 first=(2.7285001277923593, -0.4838001251220705) last=(-0.021499872207641157, 0.01619987487792951)
[LIFT] V_Compute: 28.940 V
[LIFT] V_Motors: 28.782 V
[LIFT] V_Compute: 28.937 V
[LIFT] V_Motors: 28.781 V
[YOR] follow_path: n=13 first=(2.3367001056671146, -0.43380012512207067) last=(-0.013299894332885476, 0.01619987487792951)
[LIFT] V_Compute: 28.946 V
[LIFT] V_Motors: 28.785 V
[LIFT] V_Compute: 28.935 V
[LIFT] V_Motors: 28.771 V
[YOR] follow_path: n=11 first=(1.9350000858306888, -0.43380012512207067) last=(-0.014999914169311346, 0.01619987487792951)
[LIFT] V_Compute: 28.945 V
[LIFT] V_Motors: 28.779 V
[LIFT] V_Compute: 28.945 V
[LIFT] V_Motors: 28.782 V
[YOR] follow_path: n=9 first=(1.6199999809265142, -0.3483001708984377) last=(0.019999980926513672, 0.001699829101561967)
[LIFT] V_Compute: 28.942 V
[LIFT] V_Motors: 28.761 V
[LIFT] V_Compute: 28.942 V
[LIFT] V_Motors: 28.775 V
[YOR] follow_path: n=7 first=(1.2089001655578615, -0.28570032119751065) last=(0.008900165557861328, 0.014299678802490057)
[LIFT] V_Compute: 28.937 V
[LIFT] V_Motors: 28.771 V
[LIFT] V_Compute: 28.935 V
[LIFT] V_Motors: 28.786 V
[YOR] follow_path: n=6 first=(0.837100172042847, -0.18570032119751012) last=(-0.01289982795715261, 0.014299678802490057)
[LIFT] V_Compute: 28.941 V
[LIFT] V_Motors: 28.791 V
[LIFT] V_Compute: 28.939 V
[LIFT] V_Motors: 28.795 V
[YOR] follow_path: n=4 first=(0.4626000404357917, -0.08380012512207102) last=(0.012600040435791549, 0.01619987487792951)
[LIFT] V_Compute: 28.944 V
[LIFT] V_Motors: 28.785 V
[LIFT] V_Compute: 28.945 V
[LIFT] V_Motors: 28.800 V
[LIFT] V_Compute: 28.944 V
[LIFT] V_Motors: 28.788 V
[LIFT] V_Compute: 28.940 V
[LIFT] V_Motors: 28.800 V
[LIFT] V_Compute: 28.936 V
[LIFT] V_Motors: 28.800 V
[LIFT] V_Compute: 28.940 V
[LIFT] V_Motors: 28.805 V
[LIFT] V_Compute: 28.937 V
[LIFT] V_Motors: 28.802 V
[LIFT] V_Compute: 28.946 V
[LIFT] V_Motors: 28.804 V
[LIFT] V_Compute: 28.941 V
[LIFT] V_Motors: 28.802 V
[LIFT] V_Compute: 28.937 V
[LIFT] V_Motors: 28.802 V
[LIFT] V_Compute: 28.934 V
[LIFT] V_Motors: 28.804 V
[LIFT] V_Compute: 28.944 V
[LIFT] V_Motors: 28.809 V
[LIFT] V_Compute: 28.936 V
[LIFT] V_Motors: 28.809 V
[YOR] follow_path: cleared
[LIFT] V_Compute: 28.945 V
[LIFT] V_Motors: 28.806 V
[LIFT] V_Compute: 28.941 V
[LIFT] V_Motors: 28.821 V
[LIFT] V_Compute: 28.944 V
[LIFT] V_Motors: 28.821 V
[LIFT] V_Compute: 28.935 V
[LIFT] V_Motors: 28.815 V
[LIFT] V_Compute: 28.941 V
[LIFT] V_Motors: 28.822 V
[LIFT] V_Compute: 28.945 V
[LIFT] V_Motors: 28.824 V
[LIFT] V_Compute: 28.941 V
[LIFT] V_Motors: 28.822 V
[LIFT] V_Compute: 28.937 V
[LIFT] V_Motors: 28.826 V
[LIFT] V_Compute: 28.936 V
[LIFT] V_Motors: 28.824 V
[LIFT] V_Compute: 28.936 V
[LIFT] V_Motors: 28.824 V
[LIFT] V_Compute: 28.939 V
[LIFT] V_Motors: 28.822 V
[LIFT] V_Compute: 28.937 V
[LIFT] V_Motors: 28.824 V
[LIFT] V_Compute: 28.950 V
[LIFT] V_Motors: 28.756 V
[LIFT] V_Compute: 28.950 V
[LIFT] V_Motors: 28.776 V
[YOR] follow_path: n=17 first=(-0.046899843215942205, 0.30499982833862216) last=(0.5531001567840583, 3.554999828338623)
[LIFT] V_Compute: 28.935 V
[LIFT] V_Motors: 28.772 V
[LIFT] V_Compute: 28.944 V
[LIFT] V_Motors: 28.788 V
[YOR] follow_path: n=16 first=(-0.09689984321594203, 0.6931997299194332) last=(0.5531001567840583, 3.5431997299194333)
[LIFT] V_Compute: 28.933 V
[LIFT] V_Motors: 28.784 V
[LIFT] V_Compute: 28.934 V
[LIFT] V_Motors: 28.761 V
[LIFT] V_Compute: 28.945 V
[LIFT] V_Motors: 28.776 V
[YOR] follow_path: n=14 first=(-0.046899843215942205, 1.0482996940612788) last=(0.5531001567840583, 3.5482996940612788)
[LIFT] V_Compute: 28.937 V
[LIFT] V_Motors: 28.798 V
[LIFT] V_Compute: 28.940 V
[LIFT] V_Motors: 28.779 V
[YOR] follow_path: n=12 first=(0.05310015678405833, 1.3840000152587884) last=(0.5531001567840583, 3.5340000152587887)
[LIFT] V_Compute: 28.946 V
[LIFT] V_Motors: 28.794 V
[LIFT] V_Compute: 28.933 V
[LIFT] V_Motors: 28.788 V
[YOR] follow_path: n=10 first=(0.15310015678405797, 1.7495997428894041) last=(0.5531001567840583, 3.549599742889404)
[LIFT] V_Compute: 28.940 V
[LIFT] V_Motors: 28.795 V
[LIFT] V_Compute: 28.939 V
[LIFT] V_Motors: 28.789 V
[YOR] follow_path: n=8 first=(0.2031001567840578, 2.152399921417236) last=(0.5531001567840583, 3.552399921417236)
[LIFT] V_Compute: 28.936 V
[LIFT] V_Motors: 28.785 V
[LIFT] V_Compute: 28.940 V
[LIFT] V_Motors: 28.786 V
[YOR] follow_path: n=6 first=(0.3031001567840583, 2.485699939727784) last=(0.5531001567840583, 3.5356999397277837)
[LIFT] V_Compute: 28.937 V
[LIFT] V_Motors: 28.781 V
[LIFT] V_Compute: 28.929 V
[LIFT] V_Motors: 28.771 V
[YOR] follow_path: n=4 first=(0.403100156784058, 2.8848999023437507) last=(0.5531001567840583, 3.53489990234375)
[LIFT] V_Compute: 28.940 V
[LIFT] V_Motors: 28.770 V
[LIFT] V_Compute: 28.941 V
[LIFT] V_Motors: 28.780 V
[LIFT] V_Compute: 28.935 V
[LIFT] V_Motors: 28.800 V
[LIFT] V_Compute: 28.936 V
[LIFT] V_Motors: 28.814 V
[LIFT] V_Compute: 28.931 V
[LIFT] V_Motors: 28.817 V
[LIFT] V_Compute: 28.937 V
[LIFT] V_Motors: 28.812 V
[YOR] follow_path: cleared
[LIFT] V_Compute: 28.944 V
[LIFT] V_Motors: 28.820 V
[LIFT] V_Compute: 28.944 V
[LIFT] V_Motors: 28.820 V
[LIFT] V_Compute: 28.944 V
[LIFT] V_Motors: 28.820 V
[LIFT] V_Compute: 28.936 V
[LIFT] V_Motors: 28.820 V
[LIFT] V_Compute: 28.941 V
[LIFT] V_Motors: 28.816 V
[LIFT] V_Compute: 28.944 V
[LIFT] V_Motors: 28.815 V
[LIFT] V_Compute: 28.942 V
[LIFT] V_Motors: 28.781 V
[LIFT] V_Compute: 28.941 V
[LIFT] V_Motors: 28.777 V
[YOR] follow_path: n=14 first=(0.5031001567840585, 3.7567996978759766) last=(0.8031001567840583, 6.406799697875977)
[LIFT] V_Compute: 28.937 V
[LIFT] V_Motors: 28.780 V
[LIFT] V_Compute: 28.937 V
[LIFT] V_Motors: 28.782 V
[LIFT] V_Compute: 28.925 V
[LIFT] V_Motors: 28.791 V
[YOR] follow_path: n=12 first=(0.5531001567840583, 4.143199348449707) last=(0.8031001567840583, 6.393199348449707)
[LIFT] V_Compute: 28.937 V
[LIFT] V_Motors: 28.774 V
[LIFT] V_Compute: 28.939 V
[LIFT] V_Motors: 28.780 V
[YOR] follow_path: n=10 first=(0.5531001567840583, 4.5699001312255865) last=(0.8031001567840583, 6.369900131225586)
[LIFT] V_Compute: 28.940 V
[LIFT] V_Motors: 28.782 V
[LIFT] V_Compute: 28.933 V
[LIFT] V_Motors: 28.780 V
[YOR] follow_path: n=8 first=(0.5531001567840583, 4.950499343872071) last=(0.8031001567840583, 6.400499343872071)
[LIFT] V_Compute: 28.949 V
[LIFT] V_Motors: 28.776 V
[LIFT] V_Compute: 28.937 V
[LIFT] V_Motors: 28.781 V
[YOR] follow_path: n=6 first=(0.6031001567840582, 5.285599327087403) last=(0.8031001567840583, 6.3855993270874025)
[LIFT] V_Compute: 28.935 V
[LIFT] V_Motors: 28.772 V
[LIFT] V_Compute: 28.936 V
[LIFT] V_Motors: 28.777 V
[YOR] follow_path: n=4 first=(0.6031001567840582, 5.689999389648438) last=(0.8031001567840583, 6.3899993896484375)
[LIFT] V_Compute: 28.935 V
[LIFT] V_Motors: 28.767 V
[LIFT] V_Compute: 28.936 V
[LIFT] V_Motors: 28.782 V
[LIFT] V_Compute: 28.945 V
[LIFT] V_Motors: 28.781 V
[LIFT] V_Compute: 28.936 V
[LIFT] V_Motors: 28.795 V
[LIFT] V_Compute: 28.939 V
[LIFT] V_Motors: 28.805 V
[LIFT] V_Compute: 28.933 V
[LIFT] V_Motors: 28.801 V
[YOR] follow_path: cleared
[LIFT] V_Compute: 28.939 V
[LIFT] V_Motors: 28.815 V
[LIFT] V_Compute: 28.937 V
[LIFT] V_Motors: 28.816 V
[LIFT] V_Compute: 28.949 V
[LIFT] V_Motors: 28.817 V
[LIFT] V_Compute: 28.942 V
[LIFT] V_Motors: 28.819 V
[LIFT] V_Compute: 28.942 V
[LIFT] V_Motors: 28.824 V
[LIFT] V_Compute: 28.941 V
[LIFT] V_Motors: 28.816 V
[LIFT] V_Compute: 28.937 V
[LIFT] V_Motors: 28.819 V
[LIFT] V_Compute: 28.926 V
[LIFT] V_Motors: 28.756 V
[LIFT] V_Compute: 28.923 V
[LIFT] V_Motors: 28.779 V
[YOR] follow_path: n=17 first=(0.7531001567840585, 6.6326997756958015) last=(0.7031001567840578, 10.132699775695801)
[LIFT] V_Compute: 28.927 V
[LIFT] V_Motors: 28.761 V
[LIFT] V_Compute: 28.937 V
[LIFT] V_Motors: 28.790 V
[YOR] follow_path: n=16 first=(0.7531001567840585, 6.968499946594239) last=(0.7031001567840578, 10.11849994659424)
[LIFT] V_Compute: 28.936 V
[LIFT] V_Motors: 28.780 V
[LIFT] V_Compute: 28.929 V
[LIFT] V_Motors: 28.771 V
[YOR] follow_path: n=14 first=(0.7531001567840585, 7.355499267578125) last=(0.7031001567840578, 10.105499267578125)
[LIFT] V_Compute: 28.926 V
[LIFT] V_Motors: 28.777 V
[LIFT] V_Compute: 28.942 V
[LIFT] V_Motors: 28.780 V
[YOR] follow_path: n=13 first=(0.7531001567840585, 7.6986993789672855) last=(0.7031001567840578, 10.148699378967287)
[LIFT] V_Compute: 28.937 V
[LIFT] V_Motors: 28.775 V
[LIFT] V_Compute: 28.930 V
[LIFT] V_Motors: 28.776 V
[LIFT] V_Compute: 28.929 V
[LIFT] V_Motors: 28.770 V
[YOR] follow_path: n=10 first=(0.8031001567840583, 8.097599601745607) last=(0.7031001567840578, 10.147599601745606)
[LIFT] V_Compute: 28.924 V
[LIFT] V_Motors: 28.760 V
[LIFT] V_Compute: 28.939 V
[LIFT] V_Motors: 28.782 V
[YOR] follow_path: n=8 first=(0.7531001567840585, 8.53040008544922) last=(0.7031001567840578, 10.130400085449219)
[LIFT] V_Compute: 28.925 V
[LIFT] V_Motors: 28.746 V
[LIFT] V_Compute: 28.927 V
[LIFT] V_Motors: 28.770 V
[YOR] follow_path: n=7 first=(0.7531001567840585, 8.866599845886231) last=(0.7031001567840578, 10.116599845886231)
[LIFT] V_Compute: 28.934 V
[LIFT] V_Motors: 28.769 V
[LIFT] V_Compute: 28.939 V
[LIFT] V_Motors: 28.776 V
[YOR] follow_path: n=6 first=(0.7531001567840585, 9.2335994720459) last=(0.7031001567840578, 10.133599472045898)
[LIFT] V_Compute: 28.934 V
[LIFT] V_Motors: 28.772 V
[LIFT] V_Compute: 28.923 V
[LIFT] V_Motors: 28.774 V
[YOR] follow_path: n=4 first=(0.7031001567840578, 9.626899719238281) last=(0.7031001567840578, 10.126899719238281)
[LIFT] V_Compute: 28.934 V
[LIFT] V_Motors: 28.771 V
[LIFT] V_Compute: 28.934 V
[LIFT] V_Motors: 28.809 V
[LIFT] V_Compute: 28.931 V
[LIFT] V_Motors: 28.801 V
[LIFT] V_Compute: 28.927 V
[LIFT] V_Motors: 28.798 V
[LIFT] V_Compute: 28.931 V
[LIFT] V_Motors: 28.794 V
[YOR] follow_path: cleared
[LIFT] V_Compute: 28.931 V
[LIFT] V_Motors: 28.805 V
[LIFT] V_Compute: 28.942 V
[LIFT] V_Motors: 28.819 V
[LIFT] V_Compute: 28.933 V
[LIFT] V_Motors: 28.816 V
[LIFT] V_Compute: 28.939 V
[LIFT] V_Motors: 28.816 V
[LIFT] V_Compute: 28.940 V
[LIFT] V_Motors: 28.809 V
[LIFT] V_Compute: 28.940 V
[LIFT] V_Motors: 28.820 V
[LIFT] V_Compute: 28.929 V
[LIFT] V_Motors: 28.817 V
[LIFT] V_Compute: 28.934 V
[LIFT] V_Motors: 28.779 V
[LIFT] V_Compute: 28.923 V
[LIFT] V_Motors: 28.776 V
[YOR] follow_path: n=19 first=(0.7031001567840578, 10.371099281311036) last=(1.0031001567840585, 14.071099281311035)
[LIFT] V_Compute: 28.935 V
[LIFT] V_Motors: 28.785 V
[LIFT] V_Compute: 28.930 V
[LIFT] V_Motors: 28.769 V
[YOR] follow_path: n=17 first=(0.7531001567840585, 10.74349937438965) last=(1.0031001567840585, 14.09349937438965)
[LIFT] V_Compute: 28.940 V
[LIFT] V_Motors: 28.812 V
[LIFT] V_Compute: 28.931 V
[LIFT] V_Motors: 28.764 V
[YOR] follow_path: n=16 first=(0.7531001567840585, 11.120299148559571) last=(1.0031001567840585, 14.07029914855957)
[LIFT] V_Compute: 28.940 V
[LIFT] V_Motors: 28.811 V
[LIFT] V_Compute: 28.914 V
[LIFT] V_Motors: 28.759 V
[YOR] follow_path: n=14 first=(0.7531001567840585, 11.432699966430665) last=(1.0031001567840585, 14.082699966430665)
[LIFT] V_Compute: 28.930 V
[LIFT] V_Motors: 28.781 V
[LIFT] V_Compute: 28.934 V
[LIFT] V_Motors: 28.757 V
[YOR] follow_path: n=12 first=(0.8031001567840583, 11.80269889831543) last=(1.0031001567840585, 14.102698898315431)
[LIFT] V_Compute: 28.931 V
[LIFT] V_Motors: 28.765 V
[LIFT] V_Compute: 28.919 V
[LIFT] V_Motors: 28.746 V
[LIFT] V_Compute: 28.941 V
[LIFT] V_Motors: 28.775 V
[YOR] follow_path: n=10 first=(0.8031001567840583, 12.26629867553711) last=(1.1031001567840582, 13.91629867553711)
[LIFT] V_Compute: 28.929 V
[LIFT] V_Motors: 28.754 V
[LIFT] V_Compute: 28.934 V
[LIFT] V_Motors: 28.779 V
[YOR] follow_path: n=8 first=(0.8531001567840582, 12.590900039672853) last=(1.153100156784058, 13.94090003967285)
[LIFT] V_Compute: 28.930 V
[LIFT] V_Motors: 28.756 V
[LIFT] V_Compute: 28.930 V
[LIFT] V_Motors: 28.772 V
[YOR] follow_path: n=6 first=(0.9531001567840578, 12.968200302124025) last=(1.1031001567840582, 13.918200302124024)
[LIFT] V_Compute: 28.926 V
[LIFT] V_Motors: 28.770 V
[LIFT] V_Compute: 28.929 V
[LIFT] V_Motors: 28.776 V
[YOR] follow_path: n=5 first=(1.0031001567840585, 13.32149887084961) last=(1.0031001567840585, 14.07149887084961)
[LIFT] V_Compute: 28.929 V
[LIFT] V_Motors: 28.761 V
[LIFT] V_Compute: 28.940 V
[LIFT] V_Motors: 28.775 V
[YOR] follow_path: n=4 first=(1.0031001567840585, 13.526798629760743) last=(1.0031001567840585, 14.076798629760741)
[LIFT] V_Compute: 28.935 V
[LIFT] V_Motors: 28.741 V
[LIFT] V_Compute: 28.927 V
[LIFT] V_Motors: 28.769 V
[LIFT] V_Compute: 28.923 V
[LIFT] V_Motors: 28.801 V
[LIFT] V_Compute: 28.935 V
[LIFT] V_Motors: 28.800 V
[LIFT] V_Compute: 28.927 V
[LIFT] V_Motors: 28.808 V
[YOR] follow_path: cleared
[LIFT] V_Compute: 28.935 V
[LIFT] V_Motors: 28.809 V
[LIFT] V_Compute: 28.931 V
[LIFT] V_Motors: 28.802 V
[LIFT] V_Compute: 28.941 V
[LIFT] V_Motors: 28.817 V
[LIFT] V_Compute: 28.935 V
[LIFT] V_Motors: 28.808 V
[LIFT] V_Compute: 28.936 V
[LIFT] V_Motors: 28.810 V
[LIFT] V_Compute: 28.933 V
[LIFT] V_Motors: 28.811 V
[LIFT] V_Compute: 28.941 V
[LIFT] V_Motors: 28.812 V
[LIFT] V_Compute: 28.927 V
[LIFT] V_Motors: 28.810 V
[LIFT] V_Compute: 28.937 V
[LIFT] V_Motors: 28.816 V
[LIFT] V_Compute: 28.933 V
[LIFT] V_Motors: 28.811 V
[LIFT] V_Compute: 28.936 V
[LIFT] V_Motors: 28.816 V
[LIFT] V_Compute: 28.935 V
[LIFT] V_Motors: 28.812 V
[LIFT] V_Compute: 28.930 V
[LIFT] V_Motors: 28.760 V
[LIFT] V_Compute: 28.939 V
[LIFT] V_Motors: 28.759 V
[YOR] follow_path: n=18 first=(0.956300067901612, 14.375699615478517) last=(1.0063000679016119, 18.025699615478516)
[LIFT] V_Compute: 28.935 V
[LIFT] V_Motors: 28.767 V
[LIFT] V_Compute: 28.926 V
[LIFT] V_Motors: 28.774 V
[YOR] follow_path: n=16 first=(0.9171999931335453, 14.750799560546875) last=(1.0171999931335458, 18.050799560546874)
[LIFT] V_Compute: 28.926 V
[LIFT] V_Motors: 28.759 V
[LIFT] V_Compute: 28.921 V
[LIFT] V_Motors: 28.775 V
[YOR] follow_path: n=14 first=(0.9171999931335453, 15.14399871826172) last=(1.0171999931335458, 18.04399871826172)
[LIFT] V_Compute: 28.935 V
[LIFT] V_Motors: 28.781 V
[LIFT] V_Compute: 28.936 V
[LIFT] V_Motors: 28.760 V
[LIFT] V_Compute: 28.930 V
[LIFT] V_Motors: 28.769 V
[YOR] follow_path: n=13 first=(0.9171999931335453, 15.513399124145508) last=(1.0171999931335458, 18.06339912414551)
[LIFT] V_Compute: 28.937 V
[LIFT] V_Motors: 28.769 V
[LIFT] V_Compute: 28.934 V
[LIFT] V_Motors: 28.779 V
[YOR] follow_path: n=11 first=(0.9171999931335453, 15.892699813842775) last=(1.0171999931335458, 18.042699813842773)
[LIFT] V_Compute: 28.925 V
[LIFT] V_Motors: 28.776 V
[LIFT] V_Compute: 28.936 V
[LIFT] V_Motors: 28.790 V
[YOR] follow_path: n=10 first=(0.9171999931335453, 16.260999298095705) last=(1.0171999931335458, 18.0609992980957)
[LIFT] V_Compute: 28.910 V
[LIFT] V_Motors: 28.769 V
[LIFT] V_Compute: 28.940 V
[LIFT] V_Motors: 28.774 V
[YOR] follow_path: n=8 first=(0.9171999931335453, 16.65150032043457) last=(1.0171999931335458, 18.05150032043457)
[LIFT] V_Compute: 28.930 V
[LIFT] V_Motors: 28.770 V
[LIFT] V_Compute: 28.937 V
[LIFT] V_Motors: 28.777 V
[YOR] follow_path: n=6 first=(0.9171999931335453, 17.036199188232423) last=(1.0171999931335458, 18.036199188232423)
[LIFT] V_Compute: 28.927 V
[LIFT] V_Motors: 28.776 V
[LIFT] V_Compute: 28.927 V
[LIFT] V_Motors: 28.771 V
[YOR] follow_path: n=4 first=(0.9171999931335453, 17.38859977722168) last=(1.0171999931335458, 18.03859977722168)
[LIFT] V_Compute: 28.917 V
[LIFT] V_Motors: 28.756 V
[LIFT] V_Compute: 28.933 V
[LIFT] V_Motors: 28.780 V
[LIFT] V_Compute: 28.925 V
[LIFT] V_Motors: 28.796 V
[LIFT] V_Compute: 28.925 V
[LIFT] V_Motors: 28.799 V
[LIFT] V_Compute: 28.930 V
[LIFT] V_Motors: 28.800 V
[LIFT] V_Compute: 28.930 V
[LIFT] V_Motors: 28.804 V
[YOR] follow_path: cleared
[LIFT] V_Compute: 28.934 V
[LIFT] V_Motors: 28.806 V
[LIFT] V_Compute: 28.933 V
[LIFT] V_Motors: 28.809 V
[LIFT] V_Compute: 28.931 V
[LIFT] V_Motors: 28.806 V
[LIFT] V_Compute: 28.941 V
[LIFT] V_Motors: 28.808 V
[LIFT] V_Compute: 28.929 V
[LIFT] V_Motors: 28.809 V
[LIFT] V_Compute: 28.925 V
[LIFT] V_Motors: 28.811 V
[LIFT] V_Compute: 28.933 V
[LIFT] V_Motors: 28.757 V
[LIFT] V_Compute: 28.925 V
[LIFT] V_Motors: 28.770 V
[YOR] follow_path: n=13 first=(0.9754001617431642, 18.26039848327637) last=(1.0754001617431648, 20.810398483276366)
[LIFT] V_Compute: 28.930 V
[LIFT] V_Motors: 28.767 V
[LIFT] V_Compute: 28.931 V
[LIFT] V_Motors: 28.771 V
[YOR] follow_path: n=11 first=(0.9571001052856447, 18.672798919677735) last=(1.0571001052856452, 20.772798919677733)
[LIFT] V_Compute: 28.930 V
[LIFT] V_Motors: 28.789 V
[LIFT] V_Compute: 28.931 V
[LIFT] V_Motors: 28.767 V
[LIFT] V_Compute: 28.935 V
[LIFT] V_Motors: 28.765 V
[YOR] follow_path: n=9 first=(0.9571001052856447, 19.092100143432617) last=(1.0571001052856452, 20.792100143432616)
[LIFT] V_Compute: 28.930 V
[LIFT] V_Motors: 28.780 V
[LIFT] V_Compute: 28.910 V
[LIFT] V_Motors: 28.771 V
[YOR] follow_path: n=8 first=(0.9571001052856447, 19.476699829101562) last=(1.0571001052856452, 20.776699829101563)
[LIFT] V_Compute: 28.933 V
[LIFT] V_Motors: 28.781 V
[LIFT] V_Compute: 28.923 V
[LIFT] V_Motors: 28.769 V
[YOR] follow_path: n=6 first=(1.0571001052856452, 19.80149917602539) last=(1.0571001052856452, 20.80149917602539)
[LIFT] V_Compute: 28.935 V
[LIFT] V_Motors: 28.764 V
[LIFT] V_Compute: 28.931 V
[LIFT] V_Motors: 28.766 V
[YOR] follow_path: n=4 first=(1.0571001052856452, 20.201099395751953) last=(1.0571001052856452, 20.801099395751955)
[LIFT] V_Compute: 28.934 V
[LIFT] V_Motors: 28.760 V
[LIFT] V_Compute: 28.927 V
[LIFT] V_Motors: 28.769 V
[LIFT] V_Compute: 28.935 V
[LIFT] V_Motors: 28.777 V
[LIFT] V_Compute: 28.921 V
[LIFT] V_Motors: 28.791 V
[LIFT] V_Compute: 28.934 V
[LIFT] V_Motors: 28.796 V
[YOR] follow_path: cleared
[LIFT] V_Compute: 28.930 V
[LIFT] V_Motors: 28.801 V
[LIFT] V_Compute: 28.935 V
[LIFT] V_Motors: 28.810 V
[LIFT] V_Compute: 28.921 V
[LIFT] V_Motors: 28.800 V
[LIFT] V_Compute: 28.934 V
[LIFT] V_Motors: 28.816 V
[LIFT] V_Compute: 28.926 V
[LIFT] V_Motors: 28.811 V
[LIFT] V_Compute: 28.936 V
[LIFT] V_Motors: 28.812 V
[LIFT] V_Compute: 28.923 V
[LIFT] V_Motors: 28.796 V
[LIFT] V_Compute: 28.935 V
[LIFT] V_Motors: 28.814 V
[LIFT] V_Compute: 28.931 V
[LIFT] V_Motors: 28.811 V
[LIFT] V_Compute: 28.931 V
[LIFT] V_Motors: 28.811 V
[LIFT] V_Compute: 28.925 V
[LIFT] V_Motors: 28.808 V
[LIFT] V_Compute: 28.931 V
[LIFT] V_Motors: 28.811 V
[LIFT] V_Compute: 28.930 V
[LIFT] V_Motors: 28.809 V
[LIFT] V_Compute: 28.933 V
[LIFT] V_Motors: 28.808 V
[LIFT] V_Compute: 28.931 V
[LIFT] V_Motors: 28.810 V
[LIFT] V_Compute: 28.907 V
[LIFT] V_Motors: 28.799 V
[LIFT] V_Compute: 28.919 V
[LIFT] V_Motors: 28.805 V
[LIFT] V_Compute: 28.933 V
[LIFT] V_Motors: 28.810 V
[LIFT] V_Compute: 28.924 V
[LIFT] V_Motors: 28.804 V
[LIFT] V_Compute: 28.935 V
[LIFT] V_Motors: 28.812 V
[LIFT] V_Compute: 28.921 V
[LIFT] V_Motors: 28.808 V
[LIFT] V_Compute: 28.933 V
[LIFT] V_Motors: 28.811 V
[LIFT] V_Compute: 28.916 V
[LIFT] V_Motors: 28.806 V
[LIFT] V_Compute: 28.925 V
[LIFT] V_Motors: 28.814 V
[LIFT] V_Compute: 28.927 V
[LIFT] V_Motors: 28.802 V
[LIFT] V_Compute: 28.931 V
[LIFT] V_Motors: 28.810 V
[LIFT] V_Compute: 28.925 V
[LIFT] V_Motors: 28.802 V
[LIFT] V_Compute: 28.929 V
[LIFT] V_Motors: 28.809 V
[LIFT] V_Compute: 28.925 V
[LIFT] V_Motors: 28.810 V
[LIFT] V_Compute: 28.924 V
[LIFT] V_Motors: 28.812 V
[LIFT] V_Compute: 28.933 V
[LIFT] V_Motors: 28.811 V
[LIFT] V_Compute: 28.926 V
[LIFT] V_Motors: 28.811 V
[LIFT] V_Compute: 28.929 V
[LIFT] V_Motors: 28.806 V
[LIFT] V_Compute: 28.933 V
[LIFT] V_Motors: 28.815 V
[LIFT] V_Compute: 28.931 V
[LIFT] V_Motors: 28.814 V
[LIFT] V_Compute: 28.926 V
[LIFT] V_Motors: 28.810 V
[LIFT] V_Compute: 28.914 V
[LIFT] V_Motors: 28.808 V
[LIFT] V_Compute: 28.931 V
[LIFT] V_Motors: 28.812 V
[LIFT] V_Compute: 28.929 V
[LIFT] V_Motors: 28.805 V
[LIFT] V_Compute: 28.929 V
[LIFT] V_Motors: 28.811 V
[LIFT] V_Compute: 28.924 V
[LIFT] V_Motors: 28.810 V
[LIFT] V_Compute: 28.923 V
[LIFT] V_Motors: 28.808 V
[LIFT] V_Compute: 28.926 V
[LIFT] V_Motors: 28.808 V
[LIFT] V_Compute: 28.921 V
[LIFT] V_Motors: 28.817 V
[LIFT] V_Compute: 28.930 V
[LIFT] V_Motors: 28.814 V
[LIFT] V_Compute: 28.925 V
[LIFT] V_Motors: 28.814 V
[LIFT] V_Compute: 28.927 V
[LIFT] V_Motors: 28.808 V
[LIFT] V_Compute: 28.935 V
[LIFT] V_Motors: 28.817 V
[LIFT] V_Compute: 28.923 V
[LIFT] V_Motors: 28.810 V
[LIFT] V_Compute: 28.939 V
[LIFT] V_Motors: 28.819 V
[LIFT] V_Compute: 28.920 V
[LIFT] V_Motors: 28.811 V
[LIFT] V_Compute: 28.933 V
[LIFT] V_Motors: 28.815 V
[LIFT] V_Compute: 28.920 V
[LIFT] V_Motors: 28.806 V
[LIFT] V_Compute: 28.926 V
[LIFT] V_Motors: 28.810 V
[LIFT] V_Compute: 28.915 V
[LIFT] V_Motors: 28.804 V
[LIFT] V_Compute: 28.930 V
[LIFT] V_Motors: 28.819 V
[LIFT] V_Compute: 28.915 V
[LIFT] V_Motors: 28.814 V
[LIFT] V_Compute: 28.930 V
[LIFT] V_Motors: 28.816 V
[LIFT] V_Compute: 28.923 V
[LIFT] V_Motors: 28.811 V
[LIFT] V_Compute: 28.926 V
[LIFT] V_Motors: 28.814 V
[LIFT] V_Compute: 28.920 V
[LIFT] V_Motors: 28.811 V
[LIFT] V_Compute: 28.927 V
[LIFT] V_Motors: 28.817 V
[LIFT] V_Compute: 28.921 V
[LIFT] V_Motors: 28.805 V
[LIFT] V_Compute: 28.925 V
[LIFT] V_Motors: 28.817 V
[LIFT] V_Compute: 28.920 V
[LIFT] V_Motors: 28.809 V
[LIFT] V_Compute: 28.924 V
[LIFT] V_Motors: 28.812 V
[LIFT] V_Compute: 28.924 V
[LIFT] V_Motors: 28.809 V
[LIFT] V_Compute: 28.923 V
[LIFT] V_Motors: 28.808 V
[LIFT] V_Compute: 28.933 V
[LIFT] V_Motors: 28.810 V
[LIFT] V_Compute: 28.926 V
[LIFT] V_Motors: 28.811 V
[LIFT] V_Compute: 28.915 V
[LIFT] V_Motors: 28.811 V
[LIFT] V_Compute: 28.926 V
[LIFT] V_Motors: 28.820 V
[LIFT] V_Compute: 28.916 V
[LIFT] V_Motors: 28.809 V
[LIFT] V_Compute: 28.916 V
[LIFT] V_Motors: 28.809 V
[LIFT] V_Compute: 28.925 V
[LIFT] V_Motors: 28.806 V
[LIFT] V_Compute: 28.927 V
[LIFT] V_Motors: 28.814 V
[LIFT] V_Compute: 28.925 V
[LIFT] V_Motors: 28.814 V
[LIFT] V_Compute: 28.931 V
[LIFT] V_Motors: 28.817 V
[LIFT] V_Compute: 28.917 V
[LIFT] V_Motors: 28.815 V
[LIFT] V_Compute: 28.924 V
[LIFT] V_Motors: 28.821 V
[LIFT] V_Compute: 28.923 V
[LIFT] V_Motors: 28.814 V
[LIFT] V_Compute: 28.923 V
[LIFT] V_Motors: 28.814 V
[LIFT] V_Compute: 28.917 V
[LIFT] V_Motors: 28.810 V
[LIFT] V_Compute: 28.929 V
[LIFT] V_Motors: 28.814 V
[LIFT] V_Compute: 28.925 V
[LIFT] V_Motors: 28.809 V
[LIFT] V_Compute: 28.919 V
[LIFT] V_Motors: 28.812 V
[LIFT] V_Compute: 28.923 V
[LIFT] V_Motors: 28.806 V
[LIFT] V_Compute: 28.923 V
[LIFT] V_Motors: 28.811 V
[LIFT] V_Compute: 28.920 V
[LIFT] V_Motors: 28.817 V
[LIFT] V_Compute: 28.929 V
[LIFT] V_Motors: 28.812 V
[LIFT] V_Compute: 28.931 V
[LIFT] V_Motors: 28.815 V
[LIFT] V_Compute: 28.926 V
[LIFT] V_Motors: 28.815 V
[LIFT] V_Compute: 28.931 V
[LIFT] V_Motors: 28.810 V
[LIFT] V_Compute: 28.925 V
[LIFT] V_Motors: 28.817 V
[LIFT] V_Compute: 28.921 V
[LIFT] V_Motors: 28.816 V
[LIFT] V_Compute: 28.920 V
[LIFT] V_Motors: 28.812 V
[LIFT] V_Compute: 28.931 V
[LIFT] V_Motors: 28.808 V
[LIFT] V_Compute: 28.924 V
[LIFT] V_Motors: 28.809 V
[LIFT] V_Compute: 28.916 V
[LIFT] V_Motors: 28.808 V
[LIFT] V_Compute: 28.927 V
[LIFT] V_Motors: 28.819 V
[LIFT] V_Compute: 28.923 V
[LIFT] V_Motors: 28.815 V
[LIFT] V_Compute: 28.924 V
[LIFT] V_Motors: 28.812 V
[LIFT] V_Compute: 28.934 V
[LIFT] V_Motors: 28.814 V
[LIFT] V_Compute: 28.924 V
[LIFT] V_Motors: 28.811 V
[LIFT] V_Compute: 28.931 V
[LIFT] V_Motors: 28.817 V
[LIFT] V_Compute: 28.927 V
[LIFT] V_Motors: 28.815 V
[LIFT] V_Compute: 28.933 V
[LIFT] V_Motors: 28.812 V
[LIFT] V_Compute: 28.926 V
[LIFT] V_Motors: 28.816 V
[LIFT] V_Compute: 28.926 V
[LIFT] V_Motors: 28.810 V
[LIFT] V_Compute: 28.927 V
[LIFT] V_Motors: 28.814 V
[LIFT] V_Compute: 28.926 V
[LIFT] V_Motors: 28.815 V
[LIFT] V_Compute: 28.920 V
[LIFT] V_Motors: 28.817 V
[LIFT] V_Compute: 28.920 V
[LIFT] V_Motors: 28.810 V
[LIFT] V_Compute: 28.916 V
[LIFT] V_Motors: 28.809 V
[LIFT] V_Compute: 28.924 V
[LIFT] V_Motors: 28.814 V
[LIFT] V_Compute: 28.919 V
[LIFT] V_Motors: 28.809 V
[LIFT] V_Compute: 28.924 V
[LIFT] V_Motors: 28.811 V
[LIFT] V_Compute: 28.924 V
[LIFT] V_Motors: 28.817 V
[LIFT] V_Compute: 28.924 V
[LIFT] V_Motors: 28.814 V
[LIFT] V_Compute: 28.929 V
[LIFT] V_Motors: 28.817 V
[LIFT] V_Compute: 28.924 V
[LIFT] V_Motors: 28.808 V
[LIFT] V_Compute: 28.931 V
[LIFT] V_Motors: 28.812 V
[LIFT] V_Compute: 28.926 V
[LIFT] V_Motors: 28.805 V
[LIFT] V_Compute: 28.927 V
[LIFT] V_Motors: 28.815 V
[LIFT] V_Compute: 28.921 V
[LIFT] V_Motors: 28.815 V
[LIFT] V_Compute: 28.921 V
[LIFT] V_Motors: 28.819 V
[LIFT] V_Compute: 28.926 V
[LIFT] V_Motors: 28.808 V
[LIFT] V_Compute: 28.924 V
[LIFT] V_Motors: 28.812 V
[LIFT] V_Compute: 28.923 V
[LIFT] V_Motors: 28.811 V
[LIFT] V_Compute: 28.920 V
[LIFT] V_Motors: 28.810 V
[LIFT] V_Compute: 28.925 V
[LIFT] V_Motors: 28.806 V
[LIFT] V_Compute: 28.931 V
[LIFT] V_Motors: 28.817 V
[LIFT] V_Compute: 28.919 V
[LIFT] V_Motors: 28.812 V
[LIFT] V_Compute: 28.920 V
[LIFT] V_Motors: 28.815 V
[LIFT] V_Compute: 28.919 V
[LIFT] V_Motors: 28.812 V
[LIFT] V_Compute: 28.929 V
[LIFT] V_Motors: 28.811 V
[LIFT] V_Compute: 28.925 V
[LIFT] V_Motors: 28.811 V
[LIFT] V_Compute: 28.933 V
[LIFT] V_Motors: 28.811 V
[LIFT] V_Compute: 28.933 V
[LIFT] V_Motors: 28.816 V
[LIFT] V_Compute: 28.931 V
[LIFT] V_Motors: 28.811 V
[LIFT] V_Compute: 28.919 V
[LIFT] V_Motors: 28.812 V
[LIFT] V_Compute: 28.926 V
[LIFT] V_Motors: 28.770 V
[LIFT] V_Compute: 28.935 V
[LIFT] V_Motors: 28.775 V
[LIFT] V_Compute: 28.927 V
[LIFT] V_Motors: 28.779 V
[YOR] follow_path: n=107 first=(1.0571001052856452, 20.51739921569824) last=(2.2571001052856454, 23.06739921569824)
[LIFT] V_Compute: 28.914 V
[LIFT] V_Motors: 28.751 V
[LIFT] V_Compute: 28.921 V
[LIFT] V_Motors: 28.770 V
[LIFT] V_Compute: 28.919 V
[LIFT] V_Motors: 28.775 V
[LIFT] V_Compute: 28.924 V
[LIFT] V_Motors: 28.765 V
[LIFT] V_Compute: 28.919 V
[LIFT] V_Motors: 28.774 V
[YOR] follow_path: n=115 first=(1.107100105285645, 20.217399215698244) last=(2.2571001052856454, 23.06739921569824)
[LIFT] V_Compute: 28.917 V
[LIFT] V_Motors: 28.751 V
[YOR] follow_path: n=111 first=(0.9071001052856449, 19.51739921569824) last=(2.2071001052856447, 23.367399215698242)
[LIFT] V_Compute: 28.920 V
[LIFT] V_Motors: 28.739 V
[YOR] follow_path: n=110 first=(0.9571001052856447, 19.31739921569824) last=(2.2071001052856447, 23.367399215698242)
[LIFT] V_Compute: 28.919 V
[LIFT] V_Motors: 28.744 V
[LIFT] V_Compute: 28.910 V
[LIFT] V_Motors: 28.751 V
[LIFT] V_Compute: 28.924 V
[LIFT] V_Motors: 28.766 V
[LIFT] V_Compute: 28.910 V
[LIFT] V_Motors: 28.774 V
[LIFT] V_Compute: 28.915 V
[LIFT] V_Motors: 28.784 V
[LIFT] V_Compute: 28.920 V
[LIFT] V_Motors: 28.774 V
[LIFT] V_Compute: 28.916 V
[LIFT] V_Motors: 28.776 V
[LIFT] V_Compute: 28.923 V
[LIFT] V_Motors: 28.772 V
[LIFT] V_Compute: 28.924 V
[LIFT] V_Motors: 28.796 V
[LIFT] V_Compute: 28.926 V
[LIFT] V_Motors: 28.792 V
[LIFT] V_Compute: 28.926 V
[LIFT] V_Motors: 28.756 V
[YOR] follow_path: cleared
[LIFT] V_Compute: 28.923 V
[LIFT] V_Motors: 28.805 V
[LIFT] V_Compute: 28.926 V
[LIFT] V_Motors: 28.811 V
[LIFT] V_Compute: 28.923 V
[LIFT] V_Motors: 28.804 V
[LIFT] V_Compute: 28.915 V
[LIFT] V_Motors: 28.802 V
[LIFT] V_Compute: 28.929 V
[LIFT] V_Motors: 28.815 V
[LIFT] V_Compute: 28.924 V
[LIFT] V_Motors: 28.809 V
[LIFT] V_Compute: 28.921 V
[LIFT] V_Motors: 28.811 V
[LIFT] V_Compute: 28.920 V
[LIFT] V_Motors: 28.808 V
[LIFT] V_Compute: 28.917 V
[LIFT] V_Motors: 28.809 V
[LIFT] V_Compute: 28.921 V
[LIFT] V_Motors: 28.811 V
[LIFT] V_Compute: 28.925 V
[LIFT] V_Motors: 28.809 V
[LIFT] V_Compute: 28.919 V
[LIFT] V_Motors: 28.809 V
[LIFT] V_Compute: 28.913 V
[LIFT] V_Motors: 28.804 V
[LIFT] V_Compute: 28.924 V
[LIFT] V_Motors: 28.808 V
[LIFT] V_Compute: 28.913 V
[LIFT] V_Motors: 28.811 V
[LIFT] V_Compute: 28.920 V
[LIFT] V_Motors: 28.808 V
[LIFT] V_Compute: 28.933 V
[LIFT] V_Motors: 28.814 V
[LIFT] V_Compute: 28.926 V
[LIFT] V_Motors: 28.811 V
[LIFT] V_Compute: 28.924 V
[LIFT] V_Motors: 28.812 V
[LIFT] V_Compute: 28.924 V
[LIFT] V_Motors: 28.814 V
[LIFT] V_Compute: 28.920 V
[LIFT] V_Motors: 28.810 V
[LIFT] V_Compute: 28.920 V
[LIFT] V_Motors: 28.815 V
[LIFT] V_Compute: 28.920 V
[LIFT] V_Motors: 28.809 V
[LIFT] V_Compute: 28.929 V
[LIFT] V_Motors: 28.812 V
[LIFT] V_Compute: 28.907 V
[LIFT] V_Motors: 28.795 V
[LIFT] V_Compute: 28.925 V
[LIFT] V_Motors: 28.816 V
[LIFT] V_Compute: 28.921 V
[LIFT] V_Motors: 28.808 V
[LIFT] V_Compute: 28.921 V
[LIFT] V_Motors: 28.811 V
[LIFT] V_Compute: 28.914 V
[LIFT] V_Motors: 28.810 V
[LIFT] V_Compute: 28.926 V
[LIFT] V_Motors: 28.760 V
[LIFT] V_Compute: 28.917 V
[LIFT] V_Motors: 28.776 V
[YOR] follow_path: n=15 first=(0.9671999931335451, 17.76739921569824) last=(1.0671999931335456, 20.76739921569824)
[LIFT] V_Compute: 28.919 V
[LIFT] V_Motors: 28.772 V
[LIFT] V_Compute: 28.906 V
[LIFT] V_Motors: 28.755 V
[LIFT] V_Compute: 28.923 V
[LIFT] V_Motors: 28.774 V
[YOR] follow_path: n=13 first=(0.9690000534057619, 18.217399215698244) last=(1.0690000534057624, 20.76739921569824)
[LIFT] V_Compute: 28.925 V
[LIFT] V_Motors: 28.751 V
[LIFT] V_Compute: 28.919 V
[LIFT] V_Motors: 28.775 V
[YOR] follow_path: n=12 first=(1.0205000877380375, 18.51739921569824) last=(1.0705000877380373, 20.76739921569824)
[LIFT] V_Compute: 28.930 V
[LIFT] V_Motors: 28.765 V
[LIFT] V_Compute: 28.911 V
[LIFT] V_Motors: 28.767 V
[YOR] follow_path: n=10 first=(1.0571001052856452, 19.01739921569824) last=(1.0571001052856452, 20.76739921569824)
[LIFT] V_Compute: 28.921 V
[LIFT] V_Motors: 28.763 V
[LIFT] V_Compute: 28.930 V
[LIFT] V_Motors: 28.745 V
[YOR] follow_path: n=8 first=(1.107100105285645, 19.367399215698242) last=(1.0571001052856452, 20.76739921569824)
[LIFT] V_Compute: 28.921 V
[LIFT] V_Motors: 28.747 V
[LIFT] V_Compute: 28.929 V
[LIFT] V_Motors: 28.764 V
[YOR] follow_path: n=6 first=(1.107100105285645, 19.617399215698242) last=(1.0571001052856452, 20.76739921569824)
[LIFT] V_Compute: 28.913 V
[LIFT] V_Motors: 28.754 V
[LIFT] V_Compute: 28.914 V
[LIFT] V_Motors: 28.770 V
[YOR] follow_path: n=4 first=(1.107100105285645, 20.01739921569824) last=(1.0571001052856452, 20.76739921569824)
[LIFT] V_Compute: 28.926 V
[LIFT] V_Motors: 28.764 V
[LIFT] V_Compute: 28.916 V
[LIFT] V_Motors: 28.763 V
[YOR] follow_path: n=2 first=(1.0571001052856452, 20.417399215698243) last=(1.0571001052856452, 20.76739921569824)
[LIFT] V_Compute: 28.919 V
[LIFT] V_Motors: 28.777 V
[LIFT] V_Compute: 28.929 V
[LIFT] V_Motors: 28.801 V
[LIFT] V_Compute: 28.923 V
[LIFT] V_Motors: 28.800 V
[LIFT] V_Compute: 28.925 V
[LIFT] V_Motors: 28.796 V
[YOR] follow_path: cleared
[LIFT] V_Compute: 28.923 V
[LIFT] V_Motors: 28.808 V
[LIFT] V_Compute: 28.925 V
[LIFT] V_Motors: 28.799 V
[LIFT] V_Compute: 28.915 V
[LIFT] V_Motors: 28.798 V
[LIFT] V_Compute: 28.926 V
[LIFT] V_Motors: 28.802 V
[LIFT] V_Compute: 28.925 V
[LIFT] V_Motors: 28.805 V
[LIFT] V_Compute: 28.927 V
[LIFT] V_Motors: 28.802 V
[LIFT] V_Compute: 28.926 V
[LIFT] V_Motors: 28.808 V
[LIFT] V_Compute: 28.914 V
[LIFT] V_Motors: 28.810 V
[LIFT] V_Compute: 28.917 V
[LIFT] V_Motors: 28.811 V
[LIFT] V_Compute: 28.915 V
[LIFT] V_Motors: 28.800 V
[LIFT] V_Compute: 28.916 V
[LIFT] V_Motors: 28.770 V
[LIFT] V_Compute: 28.914 V
[LIFT] V_Motors: 28.775 V
[LIFT] V_Compute: 28.910 V
[LIFT] V_Motors: 28.796 V
[LIFT] V_Compute: 28.927 V
[LIFT] V_Motors: 28.796 V
[LIFT] V_Compute: 28.915 V
[LIFT] V_Motors: 28.800 V
[LIFT] V_Compute: 28.919 V
[LIFT] V_Motors: 28.802 V
[YOR] follow_path: cleared
[LIFT] V_Compute: 28.921 V
[LIFT] V_Motors: 28.801 V
[LIFT] V_Compute: 28.927 V
[LIFT] V_Motors: 28.804 V
[LIFT] V_Compute: 28.926 V
[LIFT] V_Motors: 28.809 V
[LIFT] V_Compute: 28.923 V
[LIFT] V_Motors: 28.806 V
[LIFT] V_Compute: 28.913 V
[LIFT] V_Motors: 28.796 V
[LIFT] V_Compute: 28.929 V
[LIFT] V_Motors: 28.809 V
[LIFT] V_Compute: 28.923 V
[LIFT] V_Motors: 28.806 V
[LIFT] V_Compute: 28.923 V
[LIFT] V_Motors: 28.810 V
[LIFT] V_Compute: 28.920 V
[LIFT] V_Motors: 28.810 V
[LIFT] V_Compute: 28.924 V
[LIFT] V_Motors: 28.806 V
[LIFT] V_Compute: 28.925 V
[LIFT] V_Motors: 28.805 V
[LIFT] V_Compute: 28.917 V
[LIFT] V_Motors: 28.808 V
[LIFT] V_Compute: 28.919 V
[LIFT] V_Motors: 28.805 V
[LIFT] V_Compute: 28.911 V
[LIFT] V_Motors: 28.804 V
[LIFT] V_Compute: 28.925 V
[LIFT] V_Motors: 28.808 V
[LIFT] V_Compute: 28.919 V
[LIFT] V_Motors: 28.808 V
[LIFT] V_Compute: 28.915 V
[LIFT] V_Motors: 28.806 V
[LIFT] V_Compute: 28.917 V
[LIFT] V_Motors: 28.810 V
[LIFT] V_Compute: 28.926 V
[LIFT] V_Motors: 28.806 V
[LIFT] V_Compute: 28.921 V
[LIFT] V_Motors: 28.812 V
[LIFT] V_Compute: 28.926 V
[LIFT] V_Motors: 28.809 V
[LIFT] V_Compute: 28.921 V
[LIFT] V_Motors: 28.805 V
[LIFT] V_Compute: 28.924 V
[LIFT] V_Motors: 28.806 V
[LIFT] V_Compute: 28.925 V
[LIFT] V_Motors: 28.802 V
[LIFT] V_Compute: 28.929 V
[LIFT] V_Motors: 28.806 V
[LIFT] V_Compute: 28.923 V
[LIFT] V_Motors: 28.805 V
[LIFT] V_Compute: 28.919 V
[LIFT] V_Motors: 28.810 V
[LIFT] V_Compute: 28.924 V
[LIFT] V_Motors: 28.805 V
[LIFT] V_Compute: 28.925 V
[LIFT] V_Motors: 28.805 V
[LIFT] V_Compute: 28.919 V
[LIFT] V_Motors: 28.799 V
[LIFT] V_Compute: 28.925 V
[LIFT] V_Motors: 28.811 V
[LIFT] V_Compute: 28.926 V
[LIFT] V_Motors: 28.809 V
[LIFT] V_Compute: 28.923 V
[LIFT] V_Motors: 28.811 V
[LIFT] V_Compute: 28.924 V
[LIFT] V_Motors: 28.810 V
[LIFT] V_Compute: 28.924 V
[LIFT] V_Motors: 28.804 V
[LIFT] V_Compute: 28.926 V
[LIFT] V_Motors: 28.810 V
[LIFT] V_Compute: 28.926 V
[LIFT] V_Motors: 28.805 V
[LIFT] V_Compute: 28.925 V
[LIFT] V_Motors: 28.804 V
[LIFT] V_Compute: 28.911 V
[LIFT] V_Motors: 28.804 V
[LIFT] V_Compute: 28.915 V
[LIFT] V_Motors: 28.806 V
[LIFT] V_Compute: 28.925 V
[LIFT] V_Motors: 28.808 V
[LIFT] V_Compute: 28.916 V
[LIFT] V_Motors: 28.809 V
[LIFT] V_Compute: 28.923 V
[LIFT] V_Motors: 28.806 V
[LIFT] V_Compute: 28.924 V
[LIFT] V_Motors: 28.811 V
[LIFT] V_Compute: 28.926 V
[LIFT] V_Motors: 28.808 V
[LIFT] V_Compute: 28.924 V
[LIFT] V_Motors: 28.805 V
[LIFT] V_Compute: 28.915 V
[LIFT] V_Motors: 28.799 V
[LIFT] V_Compute: 28.920 V
[LIFT] V_Motors: 28.809 V
[LIFT] V_Compute: 28.927 V
[LIFT] V_Motors: 28.812 V
[LIFT] V_Compute: 28.929 V
[LIFT] V_Motors: 28.810 V
[LIFT] V_Compute: 28.923 V
[LIFT] V_Motors: 28.775 V
[LIFT] V_Compute: 28.924 V
[LIFT] V_Motors: 28.790 V
[LIFT] V_Compute: 28.921 V
[LIFT] V_Motors: 28.779 V
[LIFT] V_Compute: 28.916 V
[LIFT] V_Motors: 28.776 V
[LIFT] V_Compute: 28.910 V
[LIFT] V_Motors: 28.781 V
[LIFT] V_Compute: 28.924 V
[LIFT] V_Motors: 28.788 V
[LIFT] V_Compute: 28.926 V
[LIFT] V_Motors: 28.785 V
[LIFT] V_Compute: 28.930 V
[LIFT] V_Motors: 28.769 V
[LIFT] V_Compute: 28.919 V
[LIFT] V_Motors: 28.770 V
[LIFT] V_Compute: 28.920 V
[LIFT] V_Motors: 28.774 V
[LIFT] V_Compute: 28.925 V
[LIFT] V_Motors: 28.769 V
[LIFT] V_Compute: 28.925 V
[LIFT] V_Motors: 28.775 V
[LIFT] V_Compute: 28.925 V
[LIFT] V_Motors: 28.804 V
[LIFT] V_Compute: 28.926 V
[LIFT] V_Motors: 28.802 V
[LIFT] V_Compute: 28.915 V
[LIFT] V_Motors: 28.780 V
[LIFT] V_Compute: 28.927 V
[LIFT] V_Motors: 28.749 V
[LIFT] V_Compute: 28.921 V
[LIFT] V_Motors: 28.761 V
[LIFT] V_Compute: 28.919 V
[LIFT] V_Motors: 28.769 V
[LIFT] V_Compute: 28.927 V
[LIFT] V_Motors: 28.771 V
[LIFT] V_Compute: 28.930 V
[LIFT] V_Motors: 28.759 V
[LIFT] V_Compute: 28.923 V
[LIFT] V_Motors: 28.741 V
[LIFT] V_Compute: 28.926 V
[LIFT] V_Motors: 28.763 V
[LIFT] V_Compute: 28.929 V
[LIFT] V_Motors: 28.750 V
[LIFT] V_Compute: 28.929 V
[LIFT] V_Motors: 28.770 V
[LIFT] V_Compute: 28.925 V
[LIFT] V_Motors: 28.753 V
[LIFT] V_Compute: 28.909 V
[LIFT] V_Motors: 28.750 V
[LIFT] V_Compute: 28.925 V
[LIFT] V_Motors: 28.771 V
[LIFT] V_Compute: 28.920 V
[LIFT] V_Motors: 28.802 V
[LIFT] V_Compute: 28.920 V
[LIFT] V_Motors: 28.799 V
[LIFT] V_Compute: 28.925 V
[LIFT] V_Motors: 28.802 V
[LIFT] V_Compute: 28.923 V
[LIFT] V_Motors: 28.801 V
[LIFT] V_Compute: 28.923 V
[LIFT] V_Motors: 28.808 V
[LIFT] V_Compute: 28.921 V
[LIFT] V_Motors: 28.799 V
[LIFT] V_Compute: 28.926 V
[LIFT] V_Motors: 28.800 V
[LIFT] V_Compute: 28.917 V
[LIFT] V_Motors: 28.802 V
[LIFT] V_Compute: 28.923 V
[LIFT] V_Motors: 28.802 V
[LIFT] V_Compute: 28.925 V
[LIFT] V_Motors: 28.808 V
[LIFT] V_Compute: 28.914 V
[LIFT] V_Motors: 28.754 V
[LIFT] V_Compute: 28.924 V
[LIFT] V_Motors: 28.730 V
[LIFT] V_Compute: 28.929 V
[LIFT] V_Motors: 28.737 V
[LIFT] V_Compute: 28.925 V
[LIFT] V_Motors: 28.740 V
[LIFT] V_Compute: 28.924 V
[LIFT] V_Motors: 28.739 V
[LIFT] V_Compute: 28.924 V
[LIFT] V_Motors: 28.745 V
[LIFT] V_Compute: 28.926 V
[LIFT] V_Motors: 28.741 V
[LIFT] V_Compute: 28.919 V
[LIFT] V_Motors: 28.736 V
[LIFT] V_Compute: 28.926 V
[LIFT] V_Motors: 28.757 V
[LIFT] V_Compute: 28.914 V
[LIFT] V_Motors: 28.751 V
[LIFT] V_Compute: 28.929 V
[LIFT] V_Motors: 28.749 V
[LIFT] V_Compute: 28.924 V
[LIFT] V_Motors: 28.745 V
[LIFT] V_Compute: 28.924 V
[LIFT] V_Motors: 28.750 V
[LIFT] V_Compute: 28.923 V
[LIFT] V_Motors: 28.746 V
[LIFT] V_Compute: 28.921 V
[LIFT] V_Motors: 28.741 V
[LIFT] V_Compute: 28.927 V
[LIFT] V_Motors: 28.751 V
[LIFT] V_Compute: 28.923 V
[LIFT] V_Motors: 28.744 V
[LIFT] V_Compute: 28.915 V
[LIFT] V_Motors: 28.749 V
[LIFT] V_Compute: 28.919 V
[LIFT] V_Motors: 28.729 V
[LIFT] V_Compute: 28.920 V
[LIFT] V_Motors: 28.736 V
[LIFT] V_Compute: 28.921 V
[LIFT] V_Motors: 28.757 V
[LIFT] V_Compute: 28.920 V
[LIFT] V_Motors: 28.740 V
[LIFT] V_Compute: 28.923 V
[LIFT] V_Motors: 28.749 V
[LIFT] V_Compute: 28.923 V
[LIFT] V_Motors: 28.732 V
[LIFT] V_Compute: 28.930 V
[LIFT] V_Motors: 28.737 V
[LIFT] V_Compute: 28.929 V
[LIFT] V_Motors: 28.724 V
[LIFT] V_Compute: 28.917 V
[LIFT] V_Motors: 28.737 V
[LIFT] V_Compute: 28.914 V
[LIFT] V_Motors: 28.750 V
[LIFT] V_Compute: 28.926 V
[LIFT] V_Motors: 28.729 V
[LIFT] V_Compute: 28.925 V
[LIFT] V_Motors: 28.745 V
[LIFT] V_Compute: 28.919 V
[LIFT] V_Motors: 28.725 V
[LIFT] V_Compute: 28.925 V
[LIFT] V_Motors: 28.729 V
[LIFT] V_Compute: 28.924 V
[LIFT] V_Motors: 28.765 V
[LIFT] V_Compute: 28.923 V
[LIFT] V_Motors: 28.704 V
[LIFT] V_Compute: 28.923 V
[LIFT] V_Motors: 28.740 V
[LIFT] V_Compute: 28.921 V
[LIFT] V_Motors: 28.749 V
[LIFT] V_Compute: 28.927 V
[LIFT] V_Motors: 28.746 V
[LIFT] V_Compute: 28.916 V
[LIFT] V_Motors: 28.755 V
[LIFT] V_Compute: 28.915 V
[LIFT] V_Motors: 28.785 V
[LIFT] V_Compute: 28.920 V
[LIFT] V_Motors: 28.790 V
[LIFT] V_Compute: 28.925 V
[LIFT] V_Motors: 28.796 V
[LIFT] V_Compute: 28.920 V
[LIFT] V_Motors: 28.790 V
[LIFT] V_Compute: 28.921 V
[LIFT] V_Motors: 28.789 V
[LIFT] V_Compute: 28.919 V
[LIFT] V_Motors: 28.795 V
[LIFT] V_Compute: 28.921 V
[LIFT] V_Motors: 28.791 V
[LIFT] V_Compute: 28.917 V
[LIFT] V_Motors: 28.792 V
[LIFT] V_Compute: 28.920 V
[LIFT] V_Motors: 28.794 V
[LIFT] V_Compute: 28.905 V
[LIFT] V_Motors: 28.777 V
[LIFT] V_Compute: 28.924 V
[LIFT] V_Motors: 28.798 V
[LIFT] V_Compute: 28.921 V
[LIFT] V_Motors: 28.795 V
[LIFT] V_Compute: 28.923 V
[LIFT] V_Motors: 28.796 V
[LIFT] V_Compute: 28.923 V
[LIFT] V_Motors: 28.799 V
[LIFT] V_Compute: 28.926 V
[LIFT] V_Motors: 28.796 V
[LIFT] V_Compute: 28.917 V
[LIFT] V_Motors: 28.799 V
[LIFT] V_Compute: 28.926 V
[LIFT] V_Motors: 28.801 V
[LIFT] V_Compute: 28.924 V
[LIFT] V_Motors: 28.800 V
[LIFT] V_Compute: 28.924 V
[LIFT] V_Motors: 28.799 V
[LIFT] V_Compute: 28.920 V
[LIFT] V_Motors: 28.796 V
[LIFT] V_Compute: 28.920 V
[LIFT] V_Motors: 28.798 V
[LIFT] V_Compute: 28.910 V
[LIFT] V_Motors: 28.804 V
[LIFT] V_Compute: 28.924 V
[LIFT] V_Motors: 28.796 V
[LIFT] V_Compute: 28.924 V
[LIFT] V_Motors: 28.801 V
[LIFT] V_Compute: 28.924 V
[LIFT] V_Motors: 28.794 V
[LIFT] V_Compute: 28.924 V
[LIFT] V_Motors: 28.799 V
[LIFT] V_Compute: 28.917 V
[LIFT] V_Motors: 28.798 V
[LIFT] V_Compute: 28.921 V
[LIFT] V_Motors: 28.799 V
[LIFT] V_Compute: 28.921 V
[LIFT] V_Motors: 28.802 V
[LIFT] V_Compute: 28.926 V
[LIFT] V_Motors: 28.799 V
[LIFT] V_Compute: 28.920 V
[LIFT] V_Motors: 28.800 V
[LIFT] V_Compute: 28.916 V
[LIFT] V_Motors: 28.791 V
[LIFT] V_Compute: 28.924 V
[LIFT] V_Motors: 28.802 V
[LIFT] V_Compute: 28.920 V
[LIFT] V_Motors: 28.800 V
[LIFT] V_Compute: 28.925 V
[LIFT] V_Motors: 28.805 V
[LIFT] V_Compute: 28.919 V
[LIFT] V_Motors: 28.804 V
[LIFT] V_Compute: 28.923 V
[LIFT] V_Motors: 28.804 V
[LIFT] V_Compute: 28.920 V
[LIFT] V_Motors: 28.796 V
[LIFT] V_Compute: 28.916 V
[LIFT] V_Motors: 28.805 V
[LIFT] V_Compute: 28.911 V
[LIFT] V_Motors: 28.794 V
[LIFT] V_Compute: 28.923 V
[LIFT] V_Motors: 28.799 V
[LIFT] V_Compute: 28.920 V
[LIFT] V_Motors: 28.801 V
[LIFT] V_Compute: 28.926 V
[LIFT] V_Motors: 28.750 V
[LIFT] V_Compute: 28.924 V
[LIFT] V_Motors: 28.795 V
[LIFT] V_Compute: 28.924 V
[LIFT] V_Motors: 28.767 V
[LIFT] V_Compute: 28.925 V
[LIFT] V_Motors: 28.765 V
[LIFT] V_Compute: 28.916 V
[LIFT] V_Motors: 28.756 V
[LIFT] V_Compute: 28.921 V
[LIFT] V_Motors: 28.744 V
[LIFT] V_Compute: 28.916 V
[LIFT] V_Motors: 28.763 V
[LIFT] V_Compute: 28.907 V
[LIFT] V_Motors: 28.767 V
[LIFT] V_Compute: 28.915 V
[LIFT] V_Motors: 28.760 V
[LIFT] V_Compute: 28.921 V
[LIFT] V_Motors: 28.767 V
[LIFT] V_Compute: 28.920 V
[LIFT] V_Motors: 28.763 V
[LIFT] V_Compute: 28.926 V
[LIFT] V_Motors: 28.761 V
[LIFT] V_Compute: 28.919 V
[LIFT] V_Motors: 28.756 V
[LIFT] V_Compute: 28.919 V
[LIFT] V_Motors: 28.759 V
[LIFT] V_Compute: 28.916 V
[LIFT] V_Motors: 28.755 V
[LIFT] V_Compute: 28.920 V
[LIFT] V_Motors: 28.745 V
[LIFT] V_Compute: 28.925 V
[LIFT] V_Motors: 28.737 V
[LIFT] V_Compute: 28.909 V
[LIFT] V_Motors: 28.745 V
[LIFT] V_Compute: 28.917 V
[LIFT] V_Motors: 28.776 V
[LIFT] V_Compute: 28.917 V
[LIFT] V_Motors: 28.795 V
[LIFT] V_Compute: 28.923 V
[LIFT] V_Motors: 28.789 V
[LIFT] V_Compute: 28.916 V
[LIFT] V_Motors: 28.784 V
[LIFT] V_Compute: 28.916 V
[LIFT] V_Motors: 28.792 V
[LIFT] V_Compute: 28.921 V
[LIFT] V_Motors: 28.795 V
[LIFT] V_Compute: 28.924 V
[LIFT] V_Motors: 28.792 V
[LIFT] V_Compute: 28.923 V
[LIFT] V_Motors: 28.798 V
[LIFT] V_Compute: 28.915 V
[LIFT] V_Motors: 28.795 V
[LIFT] V_Compute: 28.913 V
[LIFT] V_Motors: 28.796 V
[LIFT] V_Compute: 28.917 V
[LIFT] V_Motors: 28.794 V
[LIFT] V_Compute: 28.919 V
[LIFT] V_Motors: 28.795 V
[LIFT] V_Compute: 28.924 V
[LIFT] V_Motors: 28.799 V
[LIFT] V_Compute: 28.923 V
[LIFT] V_Motors: 28.805 V
[LIFT] V_Compute: 28.920 V
[LIFT] V_Motors: 28.801 V
[LIFT] V_Compute: 28.923 V
[LIFT] V_Motors: 28.799 V
[LIFT] V_Compute: 28.924 V
[LIFT] V_Motors: 28.800 V
[LIFT] V_Compute: 28.917 V
[LIFT] V_Motors: 28.801 V
[LIFT] V_Compute: 28.914 V
[LIFT] V_Motors: 28.798 V
[LIFT] V_Compute: 28.902 V
[LIFT] V_Motors: 28.791 V
[LIFT] V_Compute: 28.917 V
[LIFT] V_Motors: 28.796 V
[LIFT] V_Compute: 28.915 V
[LIFT] V_Motors: 28.788 V
[LIFT] V_Compute: 28.921 V
[LIFT] V_Motors: 28.799 V
[LIFT] V_Compute: 28.929 V
[LIFT] V_Motors: 28.804 V
[LIFT] V_Compute: 28.917 V
[LIFT] V_Motors: 28.753 V
[LIFT] V_Compute: 28.919 V
[LIFT] V_Motors: 28.746 V
[LIFT] V_Compute: 28.913 V
[LIFT] V_Motors: 28.756 V
[LIFT] V_Compute: 28.920 V
[LIFT] V_Motors: 28.750 V
[LIFT] V_Compute: 28.910 V
[LIFT] V_Motors: 28.728 V
[LIFT] V_Compute: 28.917 V
[LIFT] V_Motors: 28.745 V
[LIFT] V_Compute: 28.920 V
[LIFT] V_Motors: 28.741 V
[LIFT] V_Compute: 28.919 V
[LIFT] V_Motors: 28.751 V
[LIFT] V_Compute: 28.921 V
[LIFT] V_Motors: 28.735 V
[LIFT] V_Compute: 28.915 V
[LIFT] V_Motors: 28.743 V
[LIFT] V_Compute: 28.921 V
[LIFT] V_Motors: 28.740 V
[LIFT] V_Compute: 28.917 V
[LIFT] V_Motors: 28.739 V
[LIFT] V_Compute: 28.920 V
[LIFT] V_Motors: 28.743 V
[LIFT] V_Compute: 28.920 V
[LIFT] V_Motors: 28.736 V
[LIFT] V_Compute: 28.914 V
[LIFT] V_Motors: 28.740 V
[LIFT] V_Compute: 28.906 V
[LIFT] V_Motors: 28.725 V
[LIFT] V_Compute: 28.924 V
[LIFT] V_Motors: 28.754 V
[LIFT] V_Compute: 28.926 V
[LIFT] V_Motors: 28.740 V
[LIFT] V_Compute: 28.917 V
[LIFT] V_Motors: 28.740 V
[LIFT] V_Compute: 28.914 V
[LIFT] V_Motors: 28.730 V
[LIFT] V_Compute: 28.919 V
[LIFT] V_Motors: 28.744 V
[LIFT] V_Compute: 28.920 V
[LIFT] V_Motors: 28.736 V
[LIFT] V_Compute: 28.910 V
[LIFT] V_Motors: 28.725 V
[LIFT] V_Compute: 28.919 V
[LIFT] V_Motors: 28.737 V
[LIFT] V_Compute: 28.923 V
[LIFT] V_Motors: 28.736 V
[LIFT] V_Compute: 28.913 V
[LIFT] V_Motors: 28.798 V
[LIFT] V_Compute: 28.920 V
[LIFT] V_Motors: 28.776 V
[LIFT] V_Compute: 28.913 V
[LIFT] V_Motors: 28.782 V
[LIFT] V_Compute: 28.919 V
[LIFT] V_Motors: 28.794 V
[LIFT] V_Compute: 28.921 V
[LIFT] V_Motors: 28.788 V
[LIFT] V_Compute: 28.921 V
[LIFT] V_Motors: 28.786 V
[LIFT] V_Compute: 28.920 V
[LIFT] V_Motors: 28.791 V
[LIFT] V_Compute: 28.924 V
[LIFT] V_Motors: 28.790 V
[LIFT] V_Compute: 28.900 V
[LIFT] V_Motors: 28.777 V
[LIFT] V_Compute: 28.921 V
[LIFT] V_Motors: 28.796 V
[LIFT] V_Compute: 28.915 V
[LIFT] V_Motors: 28.792 V
[LIFT] V_Compute: 28.917 V
[LIFT] V_Motors: 28.795 V
[LIFT] V_Compute: 28.920 V
[LIFT] V_Motors: 28.795 V
[LIFT] V_Compute: 28.911 V
[LIFT] V_Motors: 28.790 V
[LIFT] V_Compute: 28.916 V
[LIFT] V_Motors: 28.788 V
[LIFT] V_Compute: 28.923 V
[LIFT] V_Motors: 28.795 V
[LIFT] V_Compute: 28.921 V
[LIFT] V_Motors: 28.795 V
[LIFT] V_Compute: 28.915 V
[LIFT] V_Motors: 28.802 V
[LIFT] V_Compute: 28.921 V
[LIFT] V_Motors: 28.791 V
[LIFT] V_Compute: 28.920 V
[LIFT] V_Motors: 28.790 V
[LIFT] V_Compute: 28.901 V
[LIFT] V_Motors: 28.788 V
[LIFT] V_Compute: 28.923 V
[LIFT] V_Motors: 28.790 V
[LIFT] V_Compute: 28.910 V
[LIFT] V_Motors: 28.791 V
[LIFT] V_Compute: 28.920 V
[LIFT] V_Motors: 28.798 V
[LIFT] V_Compute: 28.917 V
[LIFT] V_Motors: 28.794 V
[LIFT] V_Compute: 28.910 V
[LIFT] V_Motors: 28.792 V
[LIFT] V_Compute: 28.921 V
[LIFT] V_Motors: 28.796 V
[LIFT] V_Compute: 28.919 V
[LIFT] V_Motors: 28.801 V
[LIFT] V_Compute: 28.923 V
[LIFT] V_Motors: 28.799 V
[LIFT] V_Compute: 28.920 V
[LIFT] V_Motors: 28.798 V
[LIFT] V_Compute: 28.913 V
[LIFT] V_Motors: 28.790 V
[LIFT] V_Compute: 28.920 V
[LIFT] V_Motors: 28.801 V
[LIFT] V_Compute: 28.919 V
[LIFT] V_Motors: 28.796 V
[LIFT] V_Compute: 28.919 V
[LIFT] V_Motors: 28.800 V
[LIFT] V_Compute: 28.923 V
[LIFT] V_Motors: 28.798 V
[LIFT] V_Compute: 28.917 V
[LIFT] V_Motors: 28.802 V
[LIFT] V_Compute: 28.923 V
[LIFT] V_Motors: 28.796 V
[LIFT] V_Compute: 28.919 V
[LIFT] V_Motors: 28.802 V
[LIFT] V_Compute: 28.920 V
[LIFT] V_Motors: 28.799 V
[LIFT] V_Compute: 28.924 V
[LIFT] V_Motors: 28.801 V
[LIFT] V_Compute: 28.916 V
[LIFT] V_Motors: 28.794 V
[LIFT] V_Compute: 28.919 V
[LIFT] V_Motors: 28.798 V
[LIFT] V_Compute: 28.917 V
[LIFT] V_Motors: 28.796 V
[LIFT] V_Compute: 28.917 V
[LIFT] V_Motors: 28.796 V
[LIFT] V_Compute: 28.927 V
[LIFT] V_Motors: 28.739 V
[LIFT] V_Compute: 28.914 V
[LIFT] V_Motors: 28.765 V
[LIFT] V_Compute: 28.921 V
[LIFT] V_Motors: 28.759 V
[LIFT] V_Compute: 28.919 V
[LIFT] V_Motors: 28.746 V
[LIFT] V_Compute: 28.915 V
[LIFT] V_Motors: 28.746 V
[LIFT] V_Compute: 28.919 V
[LIFT] V_Motors: 28.718 V
[LIFT] V_Compute: 28.901 V
[LIFT] V_Motors: 28.771 V
[LIFT] V_Compute: 28.921 V
[LIFT] V_Motors: 28.743 V
[LIFT] V_Compute: 28.920 V
[LIFT] V_Motors: 28.744 V
[LIFT] V_Compute: 28.921 V
[LIFT] V_Motors: 28.737 V
[LIFT] V_Compute: 28.917 V
[LIFT] V_Motors: 28.715 V
[YOR] follow_path: n=86 first=(10.053100156784058, 12.776298522949219) last=(0.003100156784057617, -0.02370147705078196)
[LIFT] V_Compute: 28.921 V
[LIFT] V_Motors: 28.721 V
[LIFT] V_Compute: 28.924 V
[LIFT] V_Motors: 28.722 V
[LIFT] V_Compute: 28.919 V
[LIFT] V_Motors: 28.719 V
[LIFT] V_Compute: 28.916 V
[LIFT] V_Motors: 28.714 V
[LIFT] V_Compute: 28.921 V
[LIFT] V_Motors: 28.728 V
[LIFT] V_Compute: 28.910 V
[LIFT] V_Motors: 28.741 V
[LIFT] V_Compute: 28.916 V
[LIFT] V_Motors: 28.720 V
[LIFT] V_Compute: 28.909 V
[LIFT] V_Motors: 28.725 V
[LIFT] V_Compute: 28.920 V
[LIFT] V_Motors: 28.700 V
[LIFT] V_Compute: 28.917 V
[LIFT] V_Motors: 28.721 V
[LIFT] V_Compute: 28.920 V
[LIFT] V_Motors: 28.735 V
[LIFT] V_Compute: 28.919 V
[LIFT] V_Motors: 28.731 V
[LIFT] V_Compute: 28.915 V
[LIFT] V_Motors: 28.725 V
[LIFT] V_Compute: 28.917 V
[LIFT] V_Motors: 28.736 V
[LIFT] V_Compute: 28.919 V
[LIFT] V_Motors: 28.736 V
[LIFT] V_Compute: 28.910 V
[LIFT] V_Motors: 28.735 V
[LIFT] V_Compute: 28.911 V
[LIFT] V_Motors: 28.715 V
[LIFT] V_Compute: 28.923 V
[LIFT] V_Motors: 28.730 V
[LIFT] V_Compute: 28.913 V
[LIFT] V_Motors: 28.715 V
[YOR] follow_path: n=85 first=(9.753100156784058, 12.226298522949218) last=(0.003100156784057617, -0.02370147705078196)
[LIFT] V_Compute: 28.920 V
[LIFT] V_Motors: 28.714 V
[LIFT] V_Compute: 28.916 V
[LIFT] V_Motors: 28.732 V
[LIFT] V_Compute: 28.914 V
[LIFT] V_Motors: 28.743 V
[LIFT] V_Compute: 28.915 V
[LIFT] V_Motors: 28.705 V
[LIFT] V_Compute: 28.920 V
[LIFT] V_Motors: 28.712 V
[LIFT] V_Compute: 28.919 V
[LIFT] V_Motors: 28.730 V
[LIFT] V_Compute: 28.909 V
[LIFT] V_Motors: 28.730 V
[LIFT] V_Compute: 28.917 V
[LIFT] V_Motors: 28.720 V
[LIFT] V_Compute: 28.914 V
[LIFT] V_Motors: 28.720 V
[LIFT] V_Compute: 28.915 V
[LIFT] V_Motors: 28.744 V
[LIFT] V_Compute: 28.917 V
[LIFT] V_Motors: 28.722 V
[LIFT] V_Compute: 28.917 V
[LIFT] V_Motors: 28.722 V
[LIFT] V_Compute: 28.914 V
[LIFT] V_Motors: 28.737 V
[YOR] follow_path: n=65 first=(10.203100156784057, 7.854198837280274) last=(0.003100156784057617, 0.004198837280274148)
[LIFT] V_Compute: 28.913 V
[LIFT] V_Motors: 28.716 V
[LIFT] V_Compute: 28.910 V
[LIFT] V_Motors: 28.709 V
[LIFT] V_Compute: 28.911 V
[LIFT] V_Motors: 28.731 V
[LIFT] V_Compute: 28.905 V
[LIFT] V_Motors: 28.728 V
[LIFT] V_Compute: 28.916 V
[LIFT] V_Motors: 28.730 V
[LIFT] V_Compute: 28.914 V
[LIFT] V_Motors: 28.732 V
[LIFT] V_Compute: 28.916 V
[LIFT] V_Motors: 28.710 V
[LIFT] V_Compute: 28.915 V
[LIFT] V_Motors: 28.751 V
[LIFT] V_Compute: 28.915 V
[LIFT] V_Motors: 28.781 V
[LIFT] V_Compute: 28.923 V
[LIFT] V_Motors: 28.781 V
[LIFT] V_Compute: 28.917 V
[LIFT] V_Motors: 28.788 V
[LIFT] V_Compute: 28.917 V
[LIFT] V_Motors: 28.786 V
[LIFT] V_Compute: 28.921 V
[LIFT] V_Motors: 28.786 V
[YOR] follow_path: n=61 first=(10.003100156784058, 4.91569938659668) last=(0.003100156784057617, 0.015699386596679688)
[LIFT] V_Compute: 28.911 V
[LIFT] V_Motors: 28.728 V
[LIFT] V_Compute: 28.917 V
[LIFT] V_Motors: 28.759 V
[LIFT] V_Compute: 28.919 V
[LIFT] V_Motors: 28.755 V
[LIFT] V_Compute: 28.916 V
[LIFT] V_Motors: 28.756 V
[LIFT] V_Compute: 28.919 V
[LIFT] V_Motors: 28.754 V
[LIFT] V_Compute: 28.915 V
[LIFT] V_Motors: 28.760 V
[LIFT] V_Compute: 28.913 V
[LIFT] V_Motors: 28.763 V
[YOR] follow_path: cleared
[LIFT] V_Compute: 28.920 V
[LIFT] V_Motors: 28.766 V
[LIFT] V_Compute: 28.919 V
[LIFT] V_Motors: 28.786 V
[LIFT] V_Compute: 28.915 V
[LIFT] V_Motors: 28.788 V
[LIFT] V_Compute: 28.907 V
[LIFT] V_Motors: 28.777 V
[LIFT] V_Compute: 28.917 V
[LIFT] V_Motors: 28.786 V
[LIFT] V_Compute: 28.921 V
[LIFT] V_Motors: 28.791 V
[LIFT] V_Compute: 28.920 V
[LIFT] V_Motors: 28.792 V
[LIFT] V_Compute: 28.910 V
[LIFT] V_Motors: 28.784 V
[LIFT] V_Compute: 28.923 V
[LIFT] V_Motors: 28.785 V
[LIFT] V_Compute: 28.920 V
[LIFT] V_Motors: 28.789 V
[LIFT] V_Compute: 28.914 V
[LIFT] V_Motors: 28.781 V
[LIFT] V_Compute: 28.914 V
[LIFT] V_Motors: 28.790 V
[LIFT] V_Compute: 28.915 V
[LIFT] V_Motors: 28.785 V
[LIFT] V_Compute: 28.904 V
[LIFT] V_Motors: 28.779 V
[LIFT] V_Compute: 28.914 V
[LIFT] V_Motors: 28.739 V
[LIFT] V_Compute: 28.914 V
[LIFT] V_Motors: 28.740 V
[LIFT] V_Compute: 28.909 V
[LIFT] V_Motors: 28.761 V
[LIFT] V_Compute: 28.913 V
[LIFT] V_Motors: 28.749 V
[LIFT] V_Compute: 28.907 V
[LIFT] V_Motors: 28.744 V
[LIFT] V_Compute: 28.919 V
[LIFT] V_Motors: 28.751 V
[LIFT] V_Compute: 28.914 V
[LIFT] V_Motors: 28.749 V
[LIFT] V_Compute: 28.920 V
[LIFT] V_Motors: 28.746 V
[LIFT] V_Compute: 28.909 V
[LIFT] V_Motors: 28.755 V
[LIFT] V_Compute: 28.902 V
[LIFT] V_Motors: 28.744 V
[LIFT] V_Compute: 28.911 V
[LIFT] V_Motors: 28.739 V
[LIFT] V_Compute: 28.915 V
[LIFT] V_Motors: 28.754 V
[YOR] follow_path: n=61 first=(10.15310015678406, 3.7015003204345707) last=(0.003100156784057617, 0.001500320434569602)
[LIFT] V_Compute: 28.917 V
[LIFT] V_Motors: 28.774 V
[LIFT] V_Compute: 28.915 V
[LIFT] V_Motors: 28.784 V
[LIFT] V_Compute: 28.919 V
[LIFT] V_Motors: 28.788 V
[LIFT] V_Compute: 28.915 V
[LIFT] V_Motors: 28.786 V
[LIFT] V_Compute: 28.917 V
[LIFT] V_Motors: 28.784 V
[LIFT] V_Compute: 28.917 V
[LIFT] V_Motors: 28.781 V
[LIFT] V_Compute: 28.901 V
[LIFT] V_Motors: 28.669 V
[LIFT] V_Compute: 28.907 V
[LIFT] V_Motors: 28.730 V
[LIFT] V_Compute: 28.907 V
[LIFT] V_Motors: 28.736 V
[LIFT] V_Compute: 28.916 V
[LIFT] V_Motors: 28.745 V
[LIFT] V_Compute: 28.916 V
[LIFT] V_Motors: 28.730 V
[LIFT] V_Compute: 28.911 V
[LIFT] V_Motors: 28.732 V
[YOR] follow_path: n=61 first=(10.303100156784058, 2.997200393676758) last=(0.003100156784057617, -0.0027996063232436086)
[LIFT] V_Compute: 28.906 V
[LIFT] V_Motors: 28.729 V
[LIFT] V_Compute: 28.919 V
[LIFT] V_Motors: 28.740 V
[LIFT] V_Compute: 28.920 V
[LIFT] V_Motors: 28.756 V
[LIFT] V_Compute: 28.915 V
[LIFT] V_Motors: 28.761 V
[LIFT] V_Compute: 28.923 V
[LIFT] V_Motors: 28.740 V
[LIFT] V_Compute: 28.904 V
[LIFT] V_Motors: 28.730 V
[LIFT] V_Compute: 28.914 V
[LIFT] V_Motors: 28.743 V
[LIFT] V_Compute: 28.923 V
[LIFT] V_Motors: 28.745 V
[LIFT] V_Compute: 28.915 V
[LIFT] V_Motors: 28.645 V
[LIFT] V_Compute: 28.914 V
[LIFT] V_Motors: 28.741 V
[LIFT] V_Compute: 28.914 V
[LIFT] V_Motors: 28.732 V
[LIFT] V_Compute: 28.914 V
[LIFT] V_Motors: 28.736 V
[LIFT] V_Compute: 28.919 V
[LIFT] V_Motors: 28.730 V
[YOR] follow_path: n=61 first=(10.303100156784058, 3.713400268554688) last=(0.003100156784057617, 0.01340026855468679)
[LIFT] V_Compute: 28.915 V
[LIFT] V_Motors: 28.670 V
[LIFT] V_Compute: 28.916 V
[LIFT] V_Motors: 28.740 V
[LIFT] V_Compute: 28.909 V
[LIFT] V_Motors: 28.736 V
[LIFT] V_Compute: 28.915 V
[LIFT] V_Motors: 28.782 V
[LIFT] V_Compute: 28.913 V
[LIFT] V_Motors: 28.777 V
[LIFT] V_Compute: 28.917 V
[LIFT] V_Motors: 28.782 V
[LIFT] V_Compute: 28.913 V
[LIFT] V_Motors: 28.720 V
[LIFT] V_Compute: 28.905 V
[LIFT] V_Motors: 28.736 V
[LIFT] V_Compute: 28.902 V
[LIFT] V_Motors: 28.722 V
[LIFT] V_Compute: 28.904 V
[LIFT] V_Motors: 28.774 V
[LIFT] V_Compute: 28.916 V
[LIFT] V_Motors: 28.777 V
[LIFT] V_Compute: 28.916 V
[LIFT] V_Motors: 28.782 V
[LIFT] V_Compute: 28.904 V
[LIFT] V_Motors: 28.777 V
[YOR] follow_path: n=60 first=(10.303100156784058, 3.6370986938476566) last=(0.003100156784057617, -0.01290130615234375)
[LIFT] V_Compute: 28.914 V
[LIFT] V_Motors: 28.756 V
[LIFT] V_Compute: 28.913 V
[LIFT] V_Motors: 28.775 V
[LIFT] V_Compute: 28.915 V
[LIFT] V_Motors: 28.775 V
[LIFT] V_Compute: 28.916 V
[LIFT] V_Motors: 28.774 V
[LIFT] V_Compute: 28.917 V
[LIFT] V_Motors: 28.776 V
[LIFT] V_Compute: 28.919 V
[LIFT] V_Motors: 28.772 V
[LIFT] V_Compute: 28.913 V
[LIFT] V_Motors: 28.776 V
[LIFT] V_Compute: 28.915 V
[LIFT] V_Motors: 28.728 V
[LIFT] V_Compute: 28.914 V
[LIFT] V_Motors: 28.741 V
[LIFT] V_Compute: 28.907 V
[LIFT] V_Motors: 28.728 V
[LIFT] V_Compute: 28.905 V
[LIFT] V_Motors: 28.730 V
[LIFT] V_Compute: 28.913 V
[LIFT] V_Motors: 28.736 V
[YOR] follow_path: n=60 first=(10.303100156784058, 3.5738986968994144) last=(0.003100156784057617, 0.02389869689941193)
[LIFT] V_Compute: 28.910 V
[LIFT] V_Motors: 28.679 V
[LIFT] V_Compute: 28.907 V
[LIFT] V_Motors: 28.735 V
[LIFT] V_Compute: 28.910 V
[LIFT] V_Motors: 28.745 V
[LIFT] V_Compute: 28.910 V
[LIFT] V_Motors: 28.756 V
[LIFT] V_Compute: 28.916 V
[LIFT] V_Motors: 28.751 V
[LIFT] V_Compute: 28.906 V
[LIFT] V_Motors: 28.753 V
[LIFT] V_Compute: 28.905 V
[LIFT] V_Motors: 28.753 V
[LIFT] V_Compute: 28.904 V
[LIFT] V_Motors: 28.747 V
[YOR] follow_path: cleared
[LIFT] V_Compute: 28.916 V
[LIFT] V_Motors: 28.767 V
[LIFT] V_Compute: 28.902 V
[LIFT] V_Motors: 28.769 V
[LIFT] V_Compute: 28.913 V
[LIFT] V_Motors: 28.781 V
[LIFT] V_Compute: 28.913 V
[LIFT] V_Motors: 28.782 V
[LIFT] V_Compute: 28.911 V
[LIFT] V_Motors: 28.786 V
[LIFT] V_Compute: 28.909 V
[LIFT] V_Motors: 28.784 V
[LIFT] V_Compute: 28.914 V
[LIFT] V_Motors: 28.779 V
[LIFT] V_Compute: 28.909 V
[LIFT] V_Motors: 28.785 V
[LIFT] V_Compute: 28.911 V
[LIFT] V_Motors: 28.786 V
[LIFT] V_Compute: 28.902 V
[LIFT] V_Motors: 28.775 V
[LIFT] V_Compute: 28.911 V
[LIFT] V_Motors: 28.788 V
[LIFT] V_Compute: 28.915 V
[LIFT] V_Motors: 28.786 V
[LIFT] V_Compute: 28.917 V
[LIFT] V_Motors: 28.786 V
[LIFT] V_Compute: 28.915 V
[LIFT] V_Motors: 28.785 V
[LIFT] V_Compute: 28.911 V
[LIFT] V_Motors: 28.780 V
[LIFT] V_Compute: 28.907 V
[LIFT] V_Motors: 28.781 V
[LIFT] V_Compute: 28.910 V
[LIFT] V_Motors: 28.790 V
[LIFT] V_Compute: 28.914 V
[LIFT] V_Motors: 28.782 V
[LIFT] V_Compute: 28.906 V
[LIFT] V_Motors: 28.790 V
[LIFT] V_Compute: 28.916 V
[LIFT] V_Motors: 28.786 V
[LIFT] V_Compute: 28.907 V
[LIFT] V_Motors: 28.790 V
[LIFT] V_Compute: 28.910 V
[LIFT] V_Motors: 28.782 V
[LIFT] V_Compute: 28.905 V
[LIFT] V_Motors: 28.781 V
[LIFT] V_Compute: 28.913 V
[LIFT] V_Motors: 28.777 V
[LIFT] V_Compute: 28.906 V
[LIFT] V_Motors: 28.780 V
[LIFT] V_Compute: 28.915 V
[LIFT] V_Motors: 28.788 V
[LIFT] V_Compute: 28.902 V
[LIFT] V_Motors: 28.780 V
